npm warn Unknown env config "devdir". This will stop working in the next major version of npm. See `npm help npmrc` for supported config options.
2026-08-03T16:57:08.277Z LH:ChromeLauncher Found existing Chrome already running using port 9224, using that.
2026-08-03T16:57:08.576Z LH:status Connecting to browser
2026-08-03T16:57:08.581Z LH:status Navigating to about:blank
2026-08-03T16:57:08.585Z LH:status Benchmarking machine
2026-08-03T16:57:09.589Z LH:status Host device pixel ratio
2026-08-03T16:57:09.590Z LH:status Preparing target for navigation mode
2026-08-03T16:57:09.602Z LH:status Preparing network conditions
2026-08-03T16:57:09.643Z LH:status Navigating to http://127.0.0.1:3000/category/womens-fashion
2026-08-03T16:57:12.674Z LH:status Getting artifact: DevtoolsLog
2026-08-03T16:57:12.675Z LH:status Getting artifact: Trace
2026-08-03T16:57:12.675Z LH:status Getting artifact: Accessibility
2026-08-03T16:57:12.797Z LH:status Getting artifact: AnchorElements
2026-08-03T16:57:12.814Z LH:status Getting artifact: ConsoleMessages
2026-08-03T16:57:12.814Z LH:status Getting artifact: CSSUsage
2026-08-03T16:57:12.988Z LH:status Getting artifact: Doctype
2026-08-03T16:57:12.989Z LH:status Getting artifact: Inputs
2026-08-03T16:57:12.991Z LH:status Getting artifact: ImageElements
2026-08-03T16:57:13.115Z LH:status Getting artifact: InspectorIssues
2026-08-03T16:57:13.115Z LH:status Getting artifact: JsUsage
2026-08-03T16:57:13.116Z LH:status Getting artifact: LinkElements
2026-08-03T16:57:13.120Z LH:status Getting artifact: MainDocumentContent
2026-08-03T16:57:13.123Z LH:status Getting artifact: MetaElements
2026-08-03T16:57:13.125Z LH:status Getting artifact: NetworkUserAgent
2026-08-03T16:57:13.125Z LH:status Getting artifact: RobotsTxt
2026-08-03T16:57:13.133Z LH:status Getting artifact: Scripts
2026-08-03T16:57:13.133Z LH:status Getting artifact: SourceMaps
2026-08-03T16:57:13.133Z LH:status Getting artifact: Stacks
2026-08-03T16:57:13.133Z LH:status Collect stacks
2026-08-03T16:57:13.140Z LH:status Getting artifact: Stylesheets
2026-08-03T16:57:13.208Z LH:status Getting artifact: TraceElements
2026-08-03T16:57:13.219Z LH:status Trace Engine total
2026-08-03T16:57:13.219Z LH:status Trace Engine parse
2026-08-03T16:57:13.219Z LH:status Trace Engine parse:handleEvent
2026-08-03T16:57:13.262Z LH:status Trace Engine parse:Meta:finalize
2026-08-03T16:57:13.264Z LH:status Trace Engine parse:AnimationFrames:finalize
2026-08-03T16:57:13.265Z LH:status Trace Engine parse:Animations:finalize
2026-08-03T16:57:13.268Z LH:status Trace Engine parse:Samples:finalize
2026-08-03T16:57:13.269Z LH:status Trace Engine parse:AuctionWorklets:finalize
2026-08-03T16:57:13.270Z LH:status Trace Engine parse:NetworkRequests:finalize
2026-08-03T16:57:13.274Z LH:status Trace Engine parse:Renderer:finalize
2026-08-03T16:57:13.281Z LH:status Trace Engine parse:Flows:finalize
2026-08-03T16:57:13.284Z LH:status Trace Engine parse:AsyncJSCalls:finalize
2026-08-03T16:57:13.285Z LH:status Trace Engine parse:DOMStats:finalize
2026-08-03T16:57:13.287Z LH:status Trace Engine parse:UserTimings:finalize
2026-08-03T16:57:13.288Z LH:status Trace Engine parse:ExtensionTraceData:finalize
2026-08-03T16:57:13.289Z LH:status Trace Engine parse:LayerTree:finalize
2026-08-03T16:57:13.291Z LH:status Trace Engine parse:Frames:finalize
2026-08-03T16:57:13.294Z LH:status Trace Engine parse:GPU:finalize
2026-08-03T16:57:13.296Z LH:status Trace Engine parse:ImagePainting:finalize
2026-08-03T16:57:13.297Z LH:status Trace Engine parse:Initiators:finalize
2026-08-03T16:57:13.298Z LH:status Trace Engine parse:Invalidations:finalize
2026-08-03T16:57:13.300Z LH:status Trace Engine parse:PageLoadMetrics:finalize
2026-08-03T16:57:13.301Z LH:status Trace Engine parse:LargestImagePaint:finalize
2026-08-03T16:57:13.303Z LH:status Trace Engine parse:LargestTextPaint:finalize
2026-08-03T16:57:13.304Z LH:status Trace Engine parse:Screenshots:finalize
2026-08-03T16:57:13.306Z LH:status Trace Engine parse:LayoutShifts:finalize
2026-08-03T16:57:13.307Z LH:status Trace Engine parse:Memory:finalize
2026-08-03T16:57:13.308Z LH:status Trace Engine parse:PageFrames:finalize
2026-08-03T16:57:13.310Z LH:status Trace Engine parse:Scripts:finalize
2026-08-03T16:57:13.311Z LH:status Trace Engine parse:SelectorStats:finalize
2026-08-03T16:57:13.312Z LH:status Trace Engine parse:UserInteractions:finalize
2026-08-03T16:57:13.314Z LH:status Trace Engine parse:Workers:finalize
2026-08-03T16:57:13.315Z LH:status Trace Engine parse:Warnings:finalize
2026-08-03T16:57:13.316Z LH:status Trace Engine parse:handler.data()
2026-08-03T16:57:13.317Z LH:status Trace Engine insights
2026-08-03T16:57:13.317Z LH:status Trace Engine insights:CLSCulprits
2026-08-03T16:57:13.318Z LH:status Trace Engine insights:Cache
2026-08-03T16:57:13.318Z LH:status Trace Engine insights:CharacterSet
2026-08-03T16:57:13.318Z LH:status Trace Engine insights:DOMSize
2026-08-03T16:57:13.318Z LH:status Trace Engine insights:DocumentLatency
2026-08-03T16:57:13.319Z LH:status Trace Engine insights:DuplicatedJavaScript
2026-08-03T16:57:13.319Z LH:status Trace Engine insights:FontDisplay
2026-08-03T16:57:13.319Z LH:status Trace Engine insights:ForcedReflow
2026-08-03T16:57:13.319Z LH:status Trace Engine insights:INPBreakdown
2026-08-03T16:57:13.320Z LH:status Trace Engine insights:ImageDelivery
2026-08-03T16:57:13.320Z LH:status Trace Engine insights:LCPBreakdown
2026-08-03T16:57:13.320Z LH:status Trace Engine insights:LCPDiscovery
2026-08-03T16:57:13.320Z LH:status Trace Engine insights:LegacyJavaScript
2026-08-03T16:57:13.320Z LH:status Trace Engine insights:ModernHTTP
2026-08-03T16:57:13.321Z LH:status Trace Engine insights:NetworkDependencyTree
2026-08-03T16:57:13.321Z LH:status Trace Engine insights:RenderBlocking
2026-08-03T16:57:13.321Z LH:status Trace Engine insights:SlowCSSSelector
2026-08-03T16:57:13.322Z LH:status Trace Engine insights:ThirdParties
2026-08-03T16:57:13.325Z LH:status Trace Engine insights:Viewport
2026-08-03T16:57:13.325Z LH:status Trace Engine insights:createLanternContext
2026-08-03T16:57:13.345Z LH:status Trace Engine insights:CLSCulprits
2026-08-03T16:57:13.346Z LH:status Trace Engine insights:Cache
2026-08-03T16:57:13.347Z LH:status Trace Engine insights:CharacterSet
2026-08-03T16:57:13.347Z LH:status Trace Engine insights:DOMSize
2026-08-03T16:57:13.347Z LH:status Trace Engine insights:DocumentLatency
2026-08-03T16:57:13.348Z LH:status Trace Engine insights:DuplicatedJavaScript
2026-08-03T16:57:13.348Z LH:status Trace Engine insights:FontDisplay
2026-08-03T16:57:13.348Z LH:status Trace Engine insights:ForcedReflow
2026-08-03T16:57:13.348Z LH:status Trace Engine insights:INPBreakdown
2026-08-03T16:57:13.348Z LH:status Trace Engine insights:ImageDelivery
2026-08-03T16:57:13.348Z LH:status Trace Engine insights:LCPBreakdown
2026-08-03T16:57:13.349Z LH:status Trace Engine insights:LCPDiscovery
2026-08-03T16:57:13.349Z LH:status Trace Engine insights:LegacyJavaScript
2026-08-03T16:57:13.392Z LH:status Trace Engine insights:ModernHTTP
2026-08-03T16:57:13.394Z LH:status Trace Engine insights:NetworkDependencyTree
2026-08-03T16:57:13.396Z LH:status Trace Engine insights:RenderBlocking
2026-08-03T16:57:13.396Z LH:status Trace Engine insights:SlowCSSSelector
2026-08-03T16:57:13.396Z LH:status Trace Engine insights:ThirdParties
2026-08-03T16:57:13.404Z LH:status Trace Engine insights:Viewport
2026-08-03T16:57:13.426Z LH:method <= browser ERR:error DOM.resolveNode 
2026-08-03T16:57:13.427Z LH:method <= browser ERR:error DOM.resolveNode 
2026-08-03T16:57:13.428Z LH:method <= browser ERR:error DOM.resolveNode 
2026-08-03T16:57:13.429Z LH:method <= browser ERR:error DOM.resolveNode 
2026-08-03T16:57:13.429Z LH:method <= browser ERR:error DOM.resolveNode 
2026-08-03T16:57:13.430Z LH:method <= browser ERR:error DOM.resolveNode 
2026-08-03T16:57:13.431Z LH:method <= browser ERR:error DOM.resolveNode 
2026-08-03T16:57:13.431Z LH:method <= browser ERR:error DOM.resolveNode 
2026-08-03T16:57:13.432Z LH:method <= browser ERR:error DOM.resolveNode 
2026-08-03T16:57:13.433Z LH:method <= browser ERR:error DOM.resolveNode 
2026-08-03T16:57:13.433Z LH:method <= browser ERR:error DOM.resolveNode 
2026-08-03T16:57:13.434Z LH:method <= browser ERR:error DOM.resolveNode 
2026-08-03T16:57:13.435Z LH:method <= browser ERR:error DOM.resolveNode 
2026-08-03T16:57:13.435Z LH:method <= browser ERR:error DOM.resolveNode 
2026-08-03T16:57:13.436Z LH:method <= browser ERR:error DOM.resolveNode 
2026-08-03T16:57:13.437Z LH:method <= browser ERR:error DOM.resolveNode 
2026-08-03T16:57:13.437Z LH:method <= browser ERR:error DOM.resolveNode 
2026-08-03T16:57:13.438Z LH:method <= browser ERR:error DOM.resolveNode 
2026-08-03T16:57:13.439Z LH:method <= browser ERR:error DOM.resolveNode 
2026-08-03T16:57:13.440Z LH:method <= browser ERR:error DOM.resolveNode 
2026-08-03T16:57:13.440Z LH:method <= browser ERR:error DOM.resolveNode 
2026-08-03T16:57:13.441Z LH:method <= browser ERR:error DOM.resolveNode 
2026-08-03T16:57:13.441Z LH:method <= browser ERR:error DOM.resolveNode 
2026-08-03T16:57:13.442Z LH:method <= browser ERR:error DOM.resolveNode 
2026-08-03T16:57:13.443Z LH:method <= browser ERR:error DOM.resolveNode 
2026-08-03T16:57:13.443Z LH:method <= browser ERR:error DOM.resolveNode 
2026-08-03T16:57:13.444Z LH:method <= browser ERR:error DOM.resolveNode 
2026-08-03T16:57:13.445Z LH:method <= browser ERR:error DOM.resolveNode 
2026-08-03T16:57:13.445Z LH:method <= browser ERR:error DOM.resolveNode 
2026-08-03T16:57:13.446Z LH:method <= browser ERR:error DOM.resolveNode 
2026-08-03T16:57:13.447Z LH:method <= browser ERR:error DOM.resolveNode 
2026-08-03T16:57:13.447Z LH:method <= browser ERR:error DOM.resolveNode 
2026-08-03T16:57:13.448Z LH:method <= browser ERR:error DOM.resolveNode 
2026-08-03T16:57:13.448Z LH:method <= browser ERR:error DOM.resolveNode 
2026-08-03T16:57:13.449Z LH:method <= browser ERR:error DOM.resolveNode 
2026-08-03T16:57:13.450Z LH:method <= browser ERR:error DOM.resolveNode 
2026-08-03T16:57:13.450Z LH:method <= browser ERR:error DOM.resolveNode 
2026-08-03T16:57:13.451Z LH:method <= browser ERR:error DOM.resolveNode 
2026-08-03T16:57:13.452Z LH:method <= browser ERR:error DOM.resolveNode 
2026-08-03T16:57:13.453Z LH:method <= browser ERR:error DOM.resolveNode 
2026-08-03T16:57:13.453Z LH:method <= browser ERR:error DOM.resolveNode 
2026-08-03T16:57:13.454Z LH:method <= browser ERR:error DOM.resolveNode 
2026-08-03T16:57:13.454Z LH:method <= browser ERR:error DOM.resolveNode 
2026-08-03T16:57:13.455Z LH:method <= browser ERR:error DOM.resolveNode 
2026-08-03T16:57:13.456Z LH:method <= browser ERR:error DOM.resolveNode 
2026-08-03T16:57:13.456Z LH:method <= browser ERR:error DOM.resolveNode 
2026-08-03T16:57:13.457Z LH:method <= browser ERR:error DOM.resolveNode 
2026-08-03T16:57:13.458Z LH:method <= browser ERR:error DOM.resolveNode 
2026-08-03T16:57:13.458Z LH:method <= browser ERR:error DOM.resolveNode 
2026-08-03T16:57:13.459Z LH:method <= browser ERR:error DOM.resolveNode 
2026-08-03T16:57:13.460Z LH:method <= browser ERR:error DOM.resolveNode 
2026-08-03T16:57:13.460Z LH:method <= browser ERR:error DOM.resolveNode 
2026-08-03T16:57:13.461Z LH:method <= browser ERR:error DOM.resolveNode 
2026-08-03T16:57:13.462Z LH:method <= browser ERR:error DOM.resolveNode 
2026-08-03T16:57:13.462Z LH:method <= browser ERR:error DOM.resolveNode 
2026-08-03T16:57:13.463Z LH:method <= browser ERR:error DOM.resolveNode 
2026-08-03T16:57:13.463Z LH:method <= browser ERR:error DOM.resolveNode 
2026-08-03T16:57:13.464Z LH:method <= browser ERR:error DOM.resolveNode 
2026-08-03T16:57:13.465Z LH:method <= browser ERR:error DOM.resolveNode 
2026-08-03T16:57:13.466Z LH:method <= browser ERR:error DOM.resolveNode 
2026-08-03T16:57:13.466Z LH:method <= browser ERR:error DOM.resolveNode 
2026-08-03T16:57:13.467Z LH:method <= browser ERR:error DOM.resolveNode 
2026-08-03T16:57:13.468Z LH:method <= browser ERR:error DOM.resolveNode 
2026-08-03T16:57:13.468Z LH:method <= browser ERR:error DOM.resolveNode 
2026-08-03T16:57:13.469Z LH:method <= browser ERR:error DOM.resolveNode 
2026-08-03T16:57:13.470Z LH:method <= browser ERR:error DOM.resolveNode 
2026-08-03T16:57:13.470Z LH:method <= browser ERR:error DOM.resolveNode 
2026-08-03T16:57:13.471Z LH:method <= browser ERR:error DOM.resolveNode 
2026-08-03T16:57:13.471Z LH:method <= browser ERR:error DOM.resolveNode 
2026-08-03T16:57:13.472Z LH:method <= browser ERR:error DOM.resolveNode 
2026-08-03T16:57:13.473Z LH:method <= browser ERR:error DOM.resolveNode 
2026-08-03T16:57:13.473Z LH:method <= browser ERR:error DOM.resolveNode 
2026-08-03T16:57:13.474Z LH:method <= browser ERR:error DOM.resolveNode 
2026-08-03T16:57:13.475Z LH:method <= browser ERR:error DOM.resolveNode 
2026-08-03T16:57:13.478Z LH:method <= browser ERR:error DOM.resolveNode 
2026-08-03T16:57:13.481Z LH:method <= browser ERR:error DOM.resolveNode 
2026-08-03T16:57:13.481Z LH:method <= browser ERR:error DOM.resolveNode 
2026-08-03T16:57:13.482Z LH:method <= browser ERR:error DOM.resolveNode 
2026-08-03T16:57:13.483Z LH:method <= browser ERR:error DOM.resolveNode 
2026-08-03T16:57:13.483Z LH:method <= browser ERR:error DOM.resolveNode 
2026-08-03T16:57:13.484Z LH:method <= browser ERR:error DOM.resolveNode 
2026-08-03T16:57:13.484Z LH:method <= browser ERR:error DOM.resolveNode 
2026-08-03T16:57:13.485Z LH:method <= browser ERR:error DOM.resolveNode 
2026-08-03T16:57:13.486Z LH:method <= browser ERR:error DOM.resolveNode 
2026-08-03T16:57:13.486Z LH:method <= browser ERR:error DOM.resolveNode 
2026-08-03T16:57:13.487Z LH:method <= browser ERR:error DOM.resolveNode 
2026-08-03T16:57:13.488Z LH:method <= browser ERR:error DOM.resolveNode 
2026-08-03T16:57:13.488Z LH:method <= browser ERR:error DOM.resolveNode 
2026-08-03T16:57:13.489Z LH:method <= browser ERR:error DOM.resolveNode 
2026-08-03T16:57:13.489Z LH:method <= browser ERR:error DOM.resolveNode 
2026-08-03T16:57:13.490Z LH:method <= browser ERR:error DOM.resolveNode 
2026-08-03T16:57:13.490Z LH:status Getting artifact: ViewportDimensions
2026-08-03T16:57:13.491Z LH:status Getting artifact: FullPageScreenshot
2026-08-03T16:57:14.575Z LH:status Getting artifact: BFCacheFailures
2026-08-03T16:57:14.822Z LH:status Analyzing and running audits...
2026-08-03T16:57:14.823Z LH:status Auditing: Uses HTTPS
2026-08-03T16:57:14.824Z LH:status Auditing: Redirects HTTP traffic to HTTPS
2026-08-03T16:57:14.824Z LH:status Auditing: First Contentful Paint
2026-08-03T16:57:14.831Z LH:status Auditing: Largest Contentful Paint
2026-08-03T16:57:14.835Z LH:status Auditing: Speed Index
2026-08-03T16:57:14.878Z LH:status Auditing: Screenshot Thumbnails
2026-08-03T16:57:14.879Z LH:status Auditing: Final Screenshot
2026-08-03T16:57:14.879Z LH:status Auditing: Total Blocking Time
2026-08-03T16:57:14.882Z LH:status Auditing: Max Potential First Input Delay
2026-08-03T16:57:14.885Z LH:status Auditing: Cumulative Layout Shift
2026-08-03T16:57:14.886Z LH:status Auditing: No browser errors logged to the console
2026-08-03T16:57:14.887Z LH:status Auditing: Initial server response time was short
2026-08-03T16:57:14.888Z LH:status Auditing: Time to Interactive
2026-08-03T16:57:14.889Z LH:status Auditing: User Timing marks and measures
2026-08-03T16:57:14.891Z LH:status Auditing: Avoid multiple page redirects
2026-08-03T16:57:14.892Z LH:status Auditing: Displays images with correct aspect ratio
2026-08-03T16:57:14.893Z LH:status Auditing: Serves images with appropriate resolution
2026-08-03T16:57:14.894Z LH:status Auditing: Avoids deprecated APIs
2026-08-03T16:57:14.894Z LH:status Auditing: Avoids third-party cookies
2026-08-03T16:57:14.895Z LH:status Auditing: Minimizes main-thread work
2026-08-03T16:57:14.903Z LH:status Auditing: JavaScript execution time
2026-08-03T16:57:14.907Z LH:status Auditing: Diagnostics
2026-08-03T16:57:14.908Z LH:status Auditing: Network Requests
2026-08-03T16:57:14.910Z LH:status Auditing: Network Round Trip Times
2026-08-03T16:57:14.911Z LH:status Auditing: Server Backend Latencies
2026-08-03T16:57:14.911Z LH:status Auditing: Tasks
2026-08-03T16:57:14.912Z LH:status Auditing: Metrics
2026-08-03T16:57:14.914Z LH:status Auditing: Resources Summary
2026-08-03T16:57:14.915Z LH:status Auditing: Avoid large layout shifts
2026-08-03T16:57:14.915Z LH:status Auditing: Avoid long main-thread tasks
2026-08-03T16:57:14.917Z LH:status Auditing: Avoid non-composited animations
2026-08-03T16:57:14.918Z LH:status Auditing: Image elements have explicit `width` and `height`
2026-08-03T16:57:14.918Z LH:status Auditing: Page has valid source maps
2026-08-03T16:57:14.919Z LH:status Auditing: Ensure CSP is effective against XSS attacks
2026-08-03T16:57:14.922Z LH:status Auditing: Use a strong HSTS policy
2026-08-03T16:57:14.922Z LH:status Auditing: Ensure proper origin isolation with COOP
2026-08-03T16:57:14.923Z LH:status Auditing: Mitigate clickjacking with XFO or CSP
2026-08-03T16:57:14.923Z LH:status Auditing: Mitigate DOM-based XSS with Trusted Types
2026-08-03T16:57:14.924Z LH:status Auditing: Script Treemap Data
2026-08-03T16:57:14.939Z LH:status Auditing: `[accesskey]` values are unique
2026-08-03T16:57:14.940Z LH:status Auditing: `[aria-*]` attributes match their roles
2026-08-03T16:57:14.941Z LH:status Auditing: Uses ARIA roles only on compatible elements
2026-08-03T16:57:14.943Z LH:status Auditing: `button`, `link`, and `menuitem` elements have accessible names
2026-08-03T16:57:14.943Z LH:status Auditing: ARIA attributes are used as specified for the element's role
2026-08-03T16:57:14.944Z LH:status Auditing: Deprecated ARIA roles were not used
2026-08-03T16:57:14.946Z LH:status Auditing: Elements with `role="dialog"` or `role="alertdialog"` have accessible names.
2026-08-03T16:57:14.947Z LH:status Auditing: `[aria-hidden="true"]` is not present on the document `<body>`
2026-08-03T16:57:14.948Z LH:status Auditing: `[aria-hidden="true"]` elements do not contain focusable descendents
2026-08-03T16:57:14.949Z LH:status Auditing: ARIA input fields have accessible names
2026-08-03T16:57:14.950Z LH:status Auditing: ARIA `meter` elements have accessible names
2026-08-03T16:57:14.950Z LH:status Auditing: ARIA `progressbar` elements have accessible names
2026-08-03T16:57:14.951Z LH:status Auditing: Elements use only permitted ARIA attributes
2026-08-03T16:57:14.952Z LH:status Auditing: `[role]`s have all required `[aria-*]` attributes
2026-08-03T16:57:14.953Z LH:status Auditing: Elements with an ARIA `[role]` that require children to contain a specific `[role]` have all required children.
2026-08-03T16:57:14.954Z LH:status Auditing: `[role]`s are contained by their required parent element
2026-08-03T16:57:14.954Z LH:status Auditing: `[role]` values are valid
2026-08-03T16:57:14.956Z LH:status Auditing: Elements with the `role=text` attribute do not have focusable descendents.
2026-08-03T16:57:14.956Z LH:status Auditing: ARIA toggle fields have accessible names
2026-08-03T16:57:14.957Z LH:status Auditing: ARIA `tooltip` elements have accessible names
2026-08-03T16:57:14.958Z LH:status Auditing: ARIA `treeitem` elements have accessible names
2026-08-03T16:57:14.958Z LH:status Auditing: `[aria-*]` attributes have valid values
2026-08-03T16:57:14.959Z LH:status Auditing: `[aria-*]` attributes are valid and not misspelled
2026-08-03T16:57:14.961Z LH:status Auditing: Buttons have an accessible name
2026-08-03T16:57:14.962Z LH:status Auditing: The page contains a heading, skip link, or landmark region
2026-08-03T16:57:14.963Z LH:status Auditing: Background and foreground colors have a sufficient contrast ratio
2026-08-03T16:57:14.964Z LH:status Auditing: `<dl>`'s contain only properly-ordered `<dt>` and `<dd>` groups, `<script>`, `<template>` or `<div>` elements.
2026-08-03T16:57:14.965Z LH:status Auditing: Definition list items are wrapped in `<dl>` elements
2026-08-03T16:57:14.966Z LH:status Auditing: Document has a `<title>` element
2026-08-03T16:57:14.972Z LH:status Auditing: ARIA IDs are unique
2026-08-03T16:57:14.972Z LH:status Auditing: All heading elements contain content.
2026-08-03T16:57:14.973Z LH:status Auditing: No form fields have multiple labels
2026-08-03T16:57:14.974Z LH:status Auditing: `<frame>` or `<iframe>` elements have a title
2026-08-03T16:57:14.974Z LH:status Auditing: Heading elements appear in a sequentially-descending order
2026-08-03T16:57:14.975Z LH:status Auditing: `<html>` element has a `[lang]` attribute
2026-08-03T16:57:14.977Z LH:status Auditing: `<html>` element has a valid value for its `[lang]` attribute
2026-08-03T16:57:14.978Z LH:status Auditing: `<html>` element has an `[xml:lang]` attribute with the same base language as the `[lang]` attribute.
2026-08-03T16:57:14.979Z LH:status Auditing: Identical links have the same purpose.
2026-08-03T16:57:14.980Z LH:status Auditing: Image elements have `[alt]` attributes
2026-08-03T16:57:14.981Z LH:status Auditing: Image elements do not have `[alt]` attributes that are redundant text.
2026-08-03T16:57:14.982Z LH:status Auditing: Input buttons have discernible text.
2026-08-03T16:57:14.983Z LH:status Auditing: `<input type="image">` elements have `[alt]` text
2026-08-03T16:57:14.983Z LH:status Auditing: Elements with visible text labels have matching accessible names.
2026-08-03T16:57:14.985Z LH:status Auditing: Form elements have associated labels
2026-08-03T16:57:14.986Z LH:status Auditing: Document has a main landmark.
2026-08-03T16:57:14.987Z LH:status Auditing: Links have a discernible name
2026-08-03T16:57:14.988Z LH:status Auditing: Links are distinguishable without relying on color.
2026-08-03T16:57:14.989Z LH:status Auditing: Lists contain only `<li>` elements and script supporting elements (`<script>` and `<template>`).
2026-08-03T16:57:14.990Z LH:status Auditing: List items (`<li>`) are contained within `<ul>`, `<ol>` or `<menu>` parent elements
2026-08-03T16:57:14.992Z LH:status Auditing: The document does not use `<meta http-equiv="refresh">`
2026-08-03T16:57:14.993Z LH:status Auditing: `[user-scalable="no"]` is not used in the `<meta name="viewport">` element and the `[maximum-scale]` attribute is not less than 5.
2026-08-03T16:57:14.994Z LH:status Auditing: `<object>` elements have alternate text
2026-08-03T16:57:14.995Z LH:status Auditing: Select elements have associated label elements.
2026-08-03T16:57:14.996Z LH:status Auditing: Skip links are focusable.
2026-08-03T16:57:14.997Z LH:status Auditing: No element has a `[tabindex]` value greater than 0
2026-08-03T16:57:14.998Z LH:status Auditing: Tables have different content in the summary attribute and `<caption>`.
2026-08-03T16:57:14.999Z LH:status Auditing: Tables use `<caption>` instead of cells with the `[colspan]` attribute to indicate a caption.
2026-08-03T16:57:15.000Z LH:status Auditing: Touch targets have sufficient size and spacing.
2026-08-03T16:57:15.001Z LH:status Auditing: `<td>` elements in a large `<table>` have one or more table headers.
2026-08-03T16:57:15.002Z LH:status Auditing: Cells in a `<table>` element that use the `[headers]` attribute refer to table cells within the same table.
2026-08-03T16:57:15.003Z LH:status Auditing: `<th>` elements and elements with `[role="columnheader"/"rowheader"]` have data cells they describe.
2026-08-03T16:57:15.004Z LH:status Auditing: `[lang]` attributes have a valid value
2026-08-03T16:57:15.005Z LH:status Auditing: `<video>` elements contain a `<track>` element with `[kind="captions"]`
2026-08-03T16:57:15.006Z LH:status Auditing: Custom controls have associated labels
2026-08-03T16:57:15.007Z LH:status Auditing: Custom controls have ARIA roles
2026-08-03T16:57:15.007Z LH:status Auditing: User focus is not accidentally trapped in a region
2026-08-03T16:57:15.007Z LH:status Auditing: Interactive controls are keyboard focusable
2026-08-03T16:57:15.007Z LH:status Auditing: Interactive elements indicate their purpose and state
2026-08-03T16:57:15.007Z LH:status Auditing: The page has a logical tab order
2026-08-03T16:57:15.007Z LH:status Auditing: The user's focus is directed to new content added to the page
2026-08-03T16:57:15.007Z LH:status Auditing: Offscreen content is hidden from assistive technology
2026-08-03T16:57:15.007Z LH:status Auditing: HTML5 landmark elements are used to improve navigation
2026-08-03T16:57:15.007Z LH:status Auditing: Visual order on the page follows DOM order
2026-08-03T16:57:15.007Z LH:status Auditing: `autocomplete` attributes are used correctly
2026-08-03T16:57:15.008Z LH:status Auditing: Elements with `role="none"` or `role="presentation"` do not have conflicts
2026-08-03T16:57:15.009Z LH:status Auditing: SVG elements with an `img` role have an accessible text alternative
2026-08-03T16:57:15.010Z LH:status Auditing: Avoids enormous network payloads
2026-08-03T16:57:15.010Z LH:status Auditing: Minify CSS
2026-08-03T16:57:15.035Z LH:status Auditing: Minify JavaScript
2026-08-03T16:57:15.063Z LH:status Auditing: Reduce unused CSS
2026-08-03T16:57:15.065Z LH:status Auditing: Reduce unused JavaScript
2026-08-03T16:57:15.068Z LH:status Auditing: Page has the HTML doctype
2026-08-03T16:57:15.069Z LH:status Auditing: Properly defines charset
2026-08-03T16:57:15.069Z LH:status Auditing: Avoids requesting the geolocation permission on page load
2026-08-03T16:57:15.070Z LH:status Auditing: No issues in the `Issues` panel in Chrome Devtools
2026-08-03T16:57:15.070Z LH:status Auditing: Detected JavaScript libraries
2026-08-03T16:57:15.071Z LH:status Auditing: Avoids requesting the notification permission on page load
2026-08-03T16:57:15.071Z LH:status Auditing: Allows users to paste into input fields
2026-08-03T16:57:15.072Z LH:status Auditing: Baseline Features
2026-08-03T16:57:15.073Z LH:status Auditing: Document has a meta description
2026-08-03T16:57:15.074Z LH:status Auditing: Page has successful HTTP status code
2026-08-03T16:57:15.074Z LH:status Auditing: Links have descriptive text
2026-08-03T16:57:15.075Z LH:status Auditing: Links are crawlable
2026-08-03T16:57:15.076Z LH:status Auditing: Page isn’t blocked from indexing
2026-08-03T16:57:15.077Z LH:status Auditing: robots.txt is valid
2026-08-03T16:57:15.077Z LH:status Auditing: Document has a valid `hreflang`
2026-08-03T16:57:15.078Z LH:status Auditing: Document has a valid `rel=canonical`
2026-08-03T16:57:15.079Z LH:status Auditing: Structured data is valid
2026-08-03T16:57:15.079Z LH:status Auditing: Page didn't prevent back/forward cache restoration
2026-08-03T16:57:15.079Z LH:status Auditing: Use efficient cache lifetimes
2026-08-03T16:57:15.080Z LH:status Auditing: Layout shift culprits
2026-08-03T16:57:15.081Z LH:status Auditing: Document request latency
2026-08-03T16:57:15.081Z LH:status Auditing: Optimize DOM size
2026-08-03T16:57:15.082Z LH:status Auditing: Duplicated JavaScript
2026-08-03T16:57:15.082Z LH:status Auditing: Font display
2026-08-03T16:57:15.083Z LH:status Auditing: Forced reflow
2026-08-03T16:57:15.083Z LH:status Auditing: Improve image delivery
2026-08-03T16:57:15.084Z LH:status Auditing: INP breakdown
2026-08-03T16:57:15.084Z LH:status Auditing: LCP breakdown
2026-08-03T16:57:15.085Z LH:status Auditing: LCP request discovery
2026-08-03T16:57:15.086Z LH:status Auditing: Legacy JavaScript
2026-08-03T16:57:15.086Z LH:status Auditing: Modern HTTP
2026-08-03T16:57:15.087Z LH:status Auditing: Network dependency tree
2026-08-03T16:57:15.087Z LH:status Auditing: Render-blocking requests
2026-08-03T16:57:15.088Z LH:status Auditing: 3rd parties
2026-08-03T16:57:15.093Z LH:status Auditing: Optimize viewport for mobile
2026-08-03T16:57:15.093Z LH:status Generating results...
2026-08-03T16:57:15.109Z LH:Printer json output written to /home/mihai/ROVEXO/docs/releases/rc4/evidence/lighthouse/category-desktop-rc4b.report.json
2026-08-03T16:57:15.110Z LH:Printer html output written to /home/mihai/ROVEXO/docs/releases/rc4/evidence/lighthouse/category-desktop-rc4b.report.html
2026-08-03T16:57:15.110Z LH:CLI Protip: Run lighthouse with `--view` to immediately open the HTML report in your browser
