npm warn Unknown env config "devdir". This will stop working in the next major version of npm. See `npm help npmrc` for supported config options.
2026-08-03T16:43:02.634Z LH:ChromeLauncher Found existing Chrome already running using port 9222, using that.
2026-08-03T16:43:02.928Z LH:status Connecting to browser
2026-08-03T16:43:02.934Z LH:status Navigating to about:blank
2026-08-03T16:43:02.938Z LH:status Benchmarking machine
2026-08-03T16:43:03.943Z LH:status Host device pixel ratio
2026-08-03T16:43:03.944Z LH:status Preparing target for navigation mode
2026-08-03T16:43:03.957Z LH:status Preparing network conditions
2026-08-03T16:43:03.979Z LH:status Navigating to http://127.0.0.1:3000/categories
2026-08-03T16:43:08.079Z LH:status Getting artifact: DevtoolsLog
2026-08-03T16:43:08.079Z LH:status Getting artifact: Trace
2026-08-03T16:43:08.079Z LH:status Getting artifact: Accessibility
2026-08-03T16:43:08.225Z LH:status Getting artifact: AnchorElements
2026-08-03T16:43:08.241Z LH:status Getting artifact: ConsoleMessages
2026-08-03T16:43:08.241Z LH:status Getting artifact: CSSUsage
2026-08-03T16:43:08.456Z LH:status Getting artifact: Doctype
2026-08-03T16:43:08.457Z LH:status Getting artifact: Inputs
2026-08-03T16:43:08.459Z LH:status Getting artifact: ImageElements
2026-08-03T16:43:09.085Z LH:status Getting artifact: InspectorIssues
2026-08-03T16:43:09.085Z LH:status Getting artifact: JsUsage
2026-08-03T16:43:09.085Z LH:status Getting artifact: LinkElements
2026-08-03T16:43:09.089Z LH:status Getting artifact: MainDocumentContent
2026-08-03T16:43:09.095Z LH:status Getting artifact: MetaElements
2026-08-03T16:43:09.098Z LH:status Getting artifact: NetworkUserAgent
2026-08-03T16:43:09.098Z LH:status Getting artifact: RobotsTxt
2026-08-03T16:43:09.106Z LH:status Getting artifact: Scripts
2026-08-03T16:43:09.106Z LH:status Getting artifact: SourceMaps
2026-08-03T16:43:09.106Z LH:status Getting artifact: Stacks
2026-08-03T16:43:09.106Z LH:status Collect stacks
2026-08-03T16:43:09.113Z LH:status Getting artifact: Stylesheets
2026-08-03T16:43:09.177Z LH:status Getting artifact: TraceElements
2026-08-03T16:43:09.188Z LH:status Trace Engine total
2026-08-03T16:43:09.188Z LH:status Trace Engine parse
2026-08-03T16:43:09.188Z LH:status Trace Engine parse:handleEvent
2026-08-03T16:43:09.232Z LH:status Trace Engine parse:Meta:finalize
2026-08-03T16:43:09.234Z LH:status Trace Engine parse:AnimationFrames:finalize
2026-08-03T16:43:09.235Z LH:status Trace Engine parse:Animations:finalize
2026-08-03T16:43:09.237Z LH:status Trace Engine parse:Samples:finalize
2026-08-03T16:43:09.238Z LH:status Trace Engine parse:AuctionWorklets:finalize
2026-08-03T16:43:09.240Z LH:status Trace Engine parse:NetworkRequests:finalize
2026-08-03T16:43:09.243Z LH:status Trace Engine parse:Renderer:finalize
2026-08-03T16:43:09.251Z LH:status Trace Engine parse:Flows:finalize
2026-08-03T16:43:09.254Z LH:status Trace Engine parse:AsyncJSCalls:finalize
2026-08-03T16:43:09.255Z LH:status Trace Engine parse:DOMStats:finalize
2026-08-03T16:43:09.257Z LH:status Trace Engine parse:UserTimings:finalize
2026-08-03T16:43:09.258Z LH:status Trace Engine parse:ExtensionTraceData:finalize
2026-08-03T16:43:09.259Z LH:status Trace Engine parse:LayerTree:finalize
2026-08-03T16:43:09.261Z LH:status Trace Engine parse:Frames:finalize
2026-08-03T16:43:09.265Z LH:status Trace Engine parse:GPU:finalize
2026-08-03T16:43:09.266Z LH:status Trace Engine parse:ImagePainting:finalize
2026-08-03T16:43:09.268Z LH:status Trace Engine parse:Initiators:finalize
2026-08-03T16:43:09.269Z LH:status Trace Engine parse:Invalidations:finalize
2026-08-03T16:43:09.270Z LH:status Trace Engine parse:PageLoadMetrics:finalize
2026-08-03T16:43:09.272Z LH:status Trace Engine parse:LargestImagePaint:finalize
2026-08-03T16:43:09.274Z LH:status Trace Engine parse:LargestTextPaint:finalize
2026-08-03T16:43:09.275Z LH:status Trace Engine parse:Screenshots:finalize
2026-08-03T16:43:09.276Z LH:status Trace Engine parse:LayoutShifts:finalize
2026-08-03T16:43:09.278Z LH:status Trace Engine parse:Memory:finalize
2026-08-03T16:43:09.279Z LH:status Trace Engine parse:PageFrames:finalize
2026-08-03T16:43:09.280Z LH:status Trace Engine parse:Scripts:finalize
2026-08-03T16:43:09.282Z LH:status Trace Engine parse:SelectorStats:finalize
2026-08-03T16:43:09.283Z LH:status Trace Engine parse:UserInteractions:finalize
2026-08-03T16:43:09.285Z LH:status Trace Engine parse:Workers:finalize
2026-08-03T16:43:09.286Z LH:status Trace Engine parse:Warnings:finalize
2026-08-03T16:43:09.287Z LH:status Trace Engine parse:handler.data()
2026-08-03T16:43:09.288Z LH:status Trace Engine insights
2026-08-03T16:43:09.288Z LH:status Trace Engine insights:CLSCulprits
2026-08-03T16:43:09.288Z LH:status Trace Engine insights:Cache
2026-08-03T16:43:09.289Z LH:status Trace Engine insights:CharacterSet
2026-08-03T16:43:09.289Z LH:status Trace Engine insights:DOMSize
2026-08-03T16:43:09.289Z LH:status Trace Engine insights:DocumentLatency
2026-08-03T16:43:09.289Z LH:status Trace Engine insights:DuplicatedJavaScript
2026-08-03T16:43:09.290Z LH:status Trace Engine insights:FontDisplay
2026-08-03T16:43:09.290Z LH:status Trace Engine insights:ForcedReflow
2026-08-03T16:43:09.290Z LH:status Trace Engine insights:INPBreakdown
2026-08-03T16:43:09.290Z LH:status Trace Engine insights:ImageDelivery
2026-08-03T16:43:09.291Z LH:status Trace Engine insights:LCPBreakdown
2026-08-03T16:43:09.291Z LH:status Trace Engine insights:LCPDiscovery
2026-08-03T16:43:09.291Z LH:status Trace Engine insights:LegacyJavaScript
2026-08-03T16:43:09.292Z LH:status Trace Engine insights:ModernHTTP
2026-08-03T16:43:09.292Z LH:status Trace Engine insights:NetworkDependencyTree
2026-08-03T16:43:09.292Z LH:status Trace Engine insights:RenderBlocking
2026-08-03T16:43:09.292Z LH:status Trace Engine insights:SlowCSSSelector
2026-08-03T16:43:09.293Z LH:status Trace Engine insights:ThirdParties
2026-08-03T16:43:09.294Z LH:status Trace Engine insights:Viewport
2026-08-03T16:43:09.294Z LH:status Trace Engine insights:createLanternContext
2026-08-03T16:43:09.317Z LH:status Trace Engine insights:CLSCulprits
2026-08-03T16:43:09.317Z LH:status Trace Engine insights:Cache
2026-08-03T16:43:09.318Z LH:status Trace Engine insights:CharacterSet
2026-08-03T16:43:09.318Z LH:status Trace Engine insights:DOMSize
2026-08-03T16:43:09.318Z LH:status Trace Engine insights:DocumentLatency
2026-08-03T16:43:09.319Z LH:status Trace Engine insights:DuplicatedJavaScript
2026-08-03T16:43:09.319Z LH:status Trace Engine insights:FontDisplay
2026-08-03T16:43:09.319Z LH:status Trace Engine insights:ForcedReflow
2026-08-03T16:43:09.319Z LH:status Trace Engine insights:INPBreakdown
2026-08-03T16:43:09.319Z LH:status Trace Engine insights:ImageDelivery
2026-08-03T16:43:09.319Z LH:status Trace Engine insights:LCPBreakdown
2026-08-03T16:43:09.319Z LH:status Trace Engine insights:LCPDiscovery
2026-08-03T16:43:09.319Z LH:status Trace Engine insights:LegacyJavaScript
2026-08-03T16:43:09.359Z LH:status Trace Engine insights:ModernHTTP
2026-08-03T16:43:09.361Z LH:status Trace Engine insights:NetworkDependencyTree
2026-08-03T16:43:09.362Z LH:status Trace Engine insights:RenderBlocking
2026-08-03T16:43:09.363Z LH:status Trace Engine insights:SlowCSSSelector
2026-08-03T16:43:09.363Z LH:status Trace Engine insights:ThirdParties
2026-08-03T16:43:09.368Z LH:status Trace Engine insights:Viewport
2026-08-03T16:43:09.414Z LH:method <= browser ERR:error DOM.resolveNode 
2026-08-03T16:43:09.415Z LH:method <= browser ERR:error DOM.resolveNode 
2026-08-03T16:43:09.416Z LH:method <= browser ERR:error DOM.resolveNode 
2026-08-03T16:43:09.416Z LH:method <= browser ERR:error DOM.resolveNode 
2026-08-03T16:43:09.417Z LH:method <= browser ERR:error DOM.resolveNode 
2026-08-03T16:43:09.418Z LH:method <= browser ERR:error DOM.resolveNode 
2026-08-03T16:43:09.418Z LH:method <= browser ERR:error DOM.resolveNode 
2026-08-03T16:43:09.419Z LH:method <= browser ERR:error DOM.resolveNode 
2026-08-03T16:43:09.419Z LH:method <= browser ERR:error DOM.resolveNode 
2026-08-03T16:43:09.420Z LH:method <= browser ERR:error DOM.resolveNode 
2026-08-03T16:43:09.421Z LH:method <= browser ERR:error DOM.resolveNode 
2026-08-03T16:43:09.421Z LH:method <= browser ERR:error DOM.resolveNode 
2026-08-03T16:43:09.422Z LH:method <= browser ERR:error DOM.resolveNode 
2026-08-03T16:43:09.423Z LH:method <= browser ERR:error DOM.resolveNode 
2026-08-03T16:43:09.424Z LH:method <= browser ERR:error DOM.resolveNode 
2026-08-03T16:43:09.424Z LH:method <= browser ERR:error DOM.resolveNode 
2026-08-03T16:43:09.425Z LH:method <= browser ERR:error DOM.resolveNode 
2026-08-03T16:43:09.425Z LH:method <= browser ERR:error DOM.resolveNode 
2026-08-03T16:43:09.426Z LH:method <= browser ERR:error DOM.resolveNode 
2026-08-03T16:43:09.427Z LH:method <= browser ERR:error DOM.resolveNode 
2026-08-03T16:43:09.427Z LH:method <= browser ERR:error DOM.resolveNode 
2026-08-03T16:43:09.428Z LH:method <= browser ERR:error DOM.resolveNode 
2026-08-03T16:43:09.428Z LH:method <= browser ERR:error DOM.resolveNode 
2026-08-03T16:43:09.429Z LH:method <= browser ERR:error DOM.resolveNode 
2026-08-03T16:43:09.430Z LH:method <= browser ERR:error DOM.resolveNode 
2026-08-03T16:43:09.430Z LH:method <= browser ERR:error DOM.resolveNode 
2026-08-03T16:43:09.431Z LH:method <= browser ERR:error DOM.resolveNode 
2026-08-03T16:43:09.432Z LH:method <= browser ERR:error DOM.resolveNode 
2026-08-03T16:43:09.432Z LH:method <= browser ERR:error DOM.resolveNode 
2026-08-03T16:43:09.433Z LH:method <= browser ERR:error DOM.resolveNode 
2026-08-03T16:43:09.434Z LH:method <= browser ERR:error DOM.resolveNode 
2026-08-03T16:43:09.434Z LH:method <= browser ERR:error DOM.resolveNode 
2026-08-03T16:43:09.435Z LH:method <= browser ERR:error DOM.resolveNode 
2026-08-03T16:43:09.435Z LH:method <= browser ERR:error DOM.resolveNode 
2026-08-03T16:43:09.436Z LH:method <= browser ERR:error DOM.resolveNode 
2026-08-03T16:43:09.437Z LH:method <= browser ERR:error DOM.resolveNode 
2026-08-03T16:43:09.438Z LH:method <= browser ERR:error DOM.resolveNode 
2026-08-03T16:43:09.438Z LH:method <= browser ERR:error DOM.resolveNode 
2026-08-03T16:43:09.439Z LH:method <= browser ERR:error DOM.resolveNode 
2026-08-03T16:43:09.440Z LH:method <= browser ERR:error DOM.resolveNode 
2026-08-03T16:43:09.440Z LH:method <= browser ERR:error DOM.resolveNode 
2026-08-03T16:43:09.441Z LH:method <= browser ERR:error DOM.resolveNode 
2026-08-03T16:43:09.441Z LH:method <= browser ERR:error DOM.resolveNode 
2026-08-03T16:43:09.442Z LH:method <= browser ERR:error DOM.resolveNode 
2026-08-03T16:43:09.443Z LH:method <= browser ERR:error DOM.resolveNode 
2026-08-03T16:43:09.443Z LH:method <= browser ERR:error DOM.resolveNode 
2026-08-03T16:43:09.444Z LH:method <= browser ERR:error DOM.resolveNode 
2026-08-03T16:43:09.445Z LH:method <= browser ERR:error DOM.resolveNode 
2026-08-03T16:43:09.445Z LH:method <= browser ERR:error DOM.resolveNode 
2026-08-03T16:43:09.446Z LH:method <= browser ERR:error DOM.resolveNode 
2026-08-03T16:43:09.446Z LH:method <= browser ERR:error DOM.resolveNode 
2026-08-03T16:43:09.447Z LH:method <= browser ERR:error DOM.resolveNode 
2026-08-03T16:43:09.448Z LH:method <= browser ERR:error DOM.resolveNode 
2026-08-03T16:43:09.448Z LH:status Getting artifact: ViewportDimensions
2026-08-03T16:43:09.449Z LH:status Getting artifact: FullPageScreenshot
2026-08-03T16:43:10.501Z LH:status Getting artifact: BFCacheFailures
2026-08-03T16:43:10.757Z LH:status Analyzing and running audits...
2026-08-03T16:43:10.757Z LH:status Auditing: Uses HTTPS
2026-08-03T16:43:10.758Z LH:status Auditing: Redirects HTTP traffic to HTTPS
2026-08-03T16:43:10.759Z LH:status Auditing: First Contentful Paint
2026-08-03T16:43:10.765Z LH:status Auditing: Largest Contentful Paint
2026-08-03T16:43:10.767Z LH:status Auditing: Speed Index
2026-08-03T16:43:10.789Z LH:status Auditing: Screenshot Thumbnails
2026-08-03T16:43:10.790Z LH:status Auditing: Final Screenshot
2026-08-03T16:43:10.791Z LH:status Auditing: Total Blocking Time
2026-08-03T16:43:10.794Z LH:status Auditing: Max Potential First Input Delay
2026-08-03T16:43:10.797Z LH:status Auditing: Cumulative Layout Shift
2026-08-03T16:43:10.798Z LH:status Auditing: No browser errors logged to the console
2026-08-03T16:43:10.799Z LH:status Auditing: Initial server response time was short
2026-08-03T16:43:10.800Z LH:status Auditing: Time to Interactive
2026-08-03T16:43:10.801Z LH:status Auditing: User Timing marks and measures
2026-08-03T16:43:10.802Z LH:status Auditing: Avoid multiple page redirects
2026-08-03T16:43:10.803Z LH:status Auditing: Displays images with correct aspect ratio
2026-08-03T16:43:10.804Z LH:status Auditing: Serves images with appropriate resolution
2026-08-03T16:43:10.805Z LH:status Auditing: Avoids deprecated APIs
2026-08-03T16:43:10.805Z LH:status Auditing: Avoids third-party cookies
2026-08-03T16:43:10.806Z LH:status Auditing: Minimizes main-thread work
2026-08-03T16:43:10.821Z LH:status Auditing: JavaScript execution time
2026-08-03T16:43:10.825Z LH:status Auditing: Diagnostics
2026-08-03T16:43:10.826Z LH:status Auditing: Network Requests
2026-08-03T16:43:10.828Z LH:status Auditing: Network Round Trip Times
2026-08-03T16:43:10.828Z LH:status Auditing: Server Backend Latencies
2026-08-03T16:43:10.829Z LH:status Auditing: Tasks
2026-08-03T16:43:10.829Z LH:status Auditing: Metrics
2026-08-03T16:43:10.831Z LH:status Auditing: Resources Summary
2026-08-03T16:43:10.832Z LH:status Auditing: Avoid large layout shifts
2026-08-03T16:43:10.832Z LH:status Auditing: Avoid long main-thread tasks
2026-08-03T16:43:10.836Z LH:status Auditing: Avoid non-composited animations
2026-08-03T16:43:10.836Z LH:status Auditing: Image elements have explicit `width` and `height`
2026-08-03T16:43:10.837Z LH:status Auditing: Page has valid source maps
2026-08-03T16:43:10.838Z LH:status Auditing: Ensure CSP is effective against XSS attacks
2026-08-03T16:43:10.840Z LH:status Auditing: Use a strong HSTS policy
2026-08-03T16:43:10.841Z LH:status Auditing: Ensure proper origin isolation with COOP
2026-08-03T16:43:10.841Z LH:status Auditing: Mitigate clickjacking with XFO or CSP
2026-08-03T16:43:10.842Z LH:status Auditing: Mitigate DOM-based XSS with Trusted Types
2026-08-03T16:43:10.842Z LH:status Auditing: Script Treemap Data
2026-08-03T16:43:10.856Z LH:status Auditing: `[accesskey]` values are unique
2026-08-03T16:43:10.857Z LH:status Auditing: `[aria-*]` attributes match their roles
2026-08-03T16:43:10.858Z LH:status Auditing: Uses ARIA roles only on compatible elements
2026-08-03T16:43:10.860Z LH:status Auditing: `button`, `link`, and `menuitem` elements have accessible names
2026-08-03T16:43:10.860Z LH:status Auditing: ARIA attributes are used as specified for the element's role
2026-08-03T16:43:10.861Z LH:status Auditing: Deprecated ARIA roles were not used
2026-08-03T16:43:10.862Z LH:status Auditing: Elements with `role="dialog"` or `role="alertdialog"` have accessible names.
2026-08-03T16:43:10.864Z LH:status Auditing: `[aria-hidden="true"]` is not present on the document `<body>`
2026-08-03T16:43:10.865Z LH:status Auditing: `[aria-hidden="true"]` elements do not contain focusable descendents
2026-08-03T16:43:10.866Z LH:status Auditing: ARIA input fields have accessible names
2026-08-03T16:43:10.866Z LH:status Auditing: ARIA `meter` elements have accessible names
2026-08-03T16:43:10.867Z LH:status Auditing: ARIA `progressbar` elements have accessible names
2026-08-03T16:43:10.867Z LH:status Auditing: Elements use only permitted ARIA attributes
2026-08-03T16:43:10.868Z LH:status Auditing: `[role]`s have all required `[aria-*]` attributes
2026-08-03T16:43:10.869Z LH:status Auditing: Elements with an ARIA `[role]` that require children to contain a specific `[role]` have all required children.
2026-08-03T16:43:10.870Z LH:status Auditing: `[role]`s are contained by their required parent element
2026-08-03T16:43:10.870Z LH:status Auditing: `[role]` values are valid
2026-08-03T16:43:10.871Z LH:status Auditing: Elements with the `role=text` attribute do not have focusable descendents.
2026-08-03T16:43:10.872Z LH:status Auditing: ARIA toggle fields have accessible names
2026-08-03T16:43:10.873Z LH:status Auditing: ARIA `tooltip` elements have accessible names
2026-08-03T16:43:10.873Z LH:status Auditing: ARIA `treeitem` elements have accessible names
2026-08-03T16:43:10.874Z LH:status Auditing: `[aria-*]` attributes have valid values
2026-08-03T16:43:10.875Z LH:status Auditing: `[aria-*]` attributes are valid and not misspelled
2026-08-03T16:43:10.876Z LH:status Auditing: Buttons have an accessible name
2026-08-03T16:43:10.877Z LH:status Auditing: The page contains a heading, skip link, or landmark region
2026-08-03T16:43:10.878Z LH:status Auditing: Background and foreground colors have a sufficient contrast ratio
2026-08-03T16:43:10.880Z LH:status Auditing: `<dl>`'s contain only properly-ordered `<dt>` and `<dd>` groups, `<script>`, `<template>` or `<div>` elements.
2026-08-03T16:43:10.880Z LH:status Auditing: Definition list items are wrapped in `<dl>` elements
2026-08-03T16:43:10.881Z LH:status Auditing: Document has a `<title>` element
2026-08-03T16:43:10.882Z LH:status Auditing: ARIA IDs are unique
2026-08-03T16:43:10.883Z LH:status Auditing: All heading elements contain content.
2026-08-03T16:43:10.884Z LH:status Auditing: No form fields have multiple labels
2026-08-03T16:43:10.884Z LH:status Auditing: `<frame>` or `<iframe>` elements have a title
2026-08-03T16:43:10.885Z LH:status Auditing: Heading elements appear in a sequentially-descending order
2026-08-03T16:43:10.886Z LH:status Auditing: `<html>` element has a `[lang]` attribute
2026-08-03T16:43:10.887Z LH:status Auditing: `<html>` element has a valid value for its `[lang]` attribute
2026-08-03T16:43:10.888Z LH:status Auditing: `<html>` element has an `[xml:lang]` attribute with the same base language as the `[lang]` attribute.
2026-08-03T16:43:10.889Z LH:status Auditing: Identical links have the same purpose.
2026-08-03T16:43:10.890Z LH:status Auditing: Image elements have `[alt]` attributes
2026-08-03T16:43:10.891Z LH:status Auditing: Image elements do not have `[alt]` attributes that are redundant text.
2026-08-03T16:43:10.892Z LH:status Auditing: Input buttons have discernible text.
2026-08-03T16:43:10.893Z LH:status Auditing: `<input type="image">` elements have `[alt]` text
2026-08-03T16:43:10.893Z LH:status Auditing: Elements with visible text labels have matching accessible names.
2026-08-03T16:43:10.894Z LH:status Auditing: Form elements have associated labels
2026-08-03T16:43:10.895Z LH:status Auditing: Document has a main landmark.
2026-08-03T16:43:10.896Z LH:status Auditing: Links have a discernible name
2026-08-03T16:43:10.897Z LH:status Auditing: Links are distinguishable without relying on color.
2026-08-03T16:43:10.904Z LH:status Auditing: Lists contain only `<li>` elements and script supporting elements (`<script>` and `<template>`).
2026-08-03T16:43:10.905Z LH:status Auditing: List items (`<li>`) are contained within `<ul>`, `<ol>` or `<menu>` parent elements
2026-08-03T16:43:10.906Z LH:status Auditing: The document does not use `<meta http-equiv="refresh">`
2026-08-03T16:43:10.907Z LH:status Auditing: `[user-scalable="no"]` is not used in the `<meta name="viewport">` element and the `[maximum-scale]` attribute is not less than 5.
2026-08-03T16:43:10.909Z LH:status Auditing: `<object>` elements have alternate text
2026-08-03T16:43:10.909Z LH:status Auditing: Select elements have associated label elements.
2026-08-03T16:43:10.910Z LH:status Auditing: Skip links are focusable.
2026-08-03T16:43:10.911Z LH:status Auditing: No element has a `[tabindex]` value greater than 0
2026-08-03T16:43:10.913Z LH:status Auditing: Tables have different content in the summary attribute and `<caption>`.
2026-08-03T16:43:10.914Z LH:status Auditing: Tables use `<caption>` instead of cells with the `[colspan]` attribute to indicate a caption.
2026-08-03T16:43:10.915Z LH:status Auditing: Touch targets have sufficient size and spacing.
2026-08-03T16:43:10.916Z LH:status Auditing: `<td>` elements in a large `<table>` have one or more table headers.
2026-08-03T16:43:10.917Z LH:status Auditing: Cells in a `<table>` element that use the `[headers]` attribute refer to table cells within the same table.
2026-08-03T16:43:10.918Z LH:status Auditing: `<th>` elements and elements with `[role="columnheader"/"rowheader"]` have data cells they describe.
2026-08-03T16:43:10.919Z LH:status Auditing: `[lang]` attributes have a valid value
2026-08-03T16:43:10.920Z LH:status Auditing: `<video>` elements contain a `<track>` element with `[kind="captions"]`
2026-08-03T16:43:10.921Z LH:status Auditing: Custom controls have associated labels
2026-08-03T16:43:10.922Z LH:status Auditing: Custom controls have ARIA roles
2026-08-03T16:43:10.922Z LH:status Auditing: User focus is not accidentally trapped in a region
2026-08-03T16:43:10.922Z LH:status Auditing: Interactive controls are keyboard focusable
2026-08-03T16:43:10.922Z LH:status Auditing: Interactive elements indicate their purpose and state
2026-08-03T16:43:10.922Z LH:status Auditing: The page has a logical tab order
2026-08-03T16:43:10.922Z LH:status Auditing: The user's focus is directed to new content added to the page
2026-08-03T16:43:10.922Z LH:status Auditing: Offscreen content is hidden from assistive technology
2026-08-03T16:43:10.922Z LH:status Auditing: HTML5 landmark elements are used to improve navigation
2026-08-03T16:43:10.922Z LH:status Auditing: Visual order on the page follows DOM order
2026-08-03T16:43:10.922Z LH:status Auditing: `autocomplete` attributes are used correctly
2026-08-03T16:43:10.923Z LH:status Auditing: Elements with `role="none"` or `role="presentation"` do not have conflicts
2026-08-03T16:43:10.924Z LH:status Auditing: SVG elements with an `img` role have an accessible text alternative
2026-08-03T16:43:10.925Z LH:status Auditing: Avoids enormous network payloads
2026-08-03T16:43:10.926Z LH:status Auditing: Minify CSS
2026-08-03T16:43:10.951Z LH:status Auditing: Minify JavaScript
2026-08-03T16:43:10.975Z LH:status Auditing: Reduce unused CSS
2026-08-03T16:43:10.976Z LH:status Auditing: Reduce unused JavaScript
2026-08-03T16:43:10.979Z LH:status Auditing: Page has the HTML doctype
2026-08-03T16:43:10.980Z LH:status Auditing: Properly defines charset
2026-08-03T16:43:10.980Z LH:status Auditing: Avoids requesting the geolocation permission on page load
2026-08-03T16:43:10.981Z LH:status Auditing: No issues in the `Issues` panel in Chrome Devtools
2026-08-03T16:43:10.981Z LH:status Auditing: Detected JavaScript libraries
2026-08-03T16:43:10.982Z LH:status Auditing: Avoids requesting the notification permission on page load
2026-08-03T16:43:10.982Z LH:status Auditing: Allows users to paste into input fields
2026-08-03T16:43:10.983Z LH:status Auditing: Baseline Features
2026-08-03T16:43:10.984Z LH:status Auditing: Document has a meta description
2026-08-03T16:43:10.985Z LH:status Auditing: Page has successful HTTP status code
2026-08-03T16:43:10.986Z LH:status Auditing: Links have descriptive text
2026-08-03T16:43:10.986Z LH:status Auditing: Links are crawlable
2026-08-03T16:43:10.987Z LH:status Auditing: Page isn’t blocked from indexing
2026-08-03T16:43:10.988Z LH:status Auditing: robots.txt is valid
2026-08-03T16:43:10.989Z LH:status Auditing: Document has a valid `hreflang`
2026-08-03T16:43:10.990Z LH:status Auditing: Document has a valid `rel=canonical`
2026-08-03T16:43:10.990Z LH:status Auditing: Structured data is valid
2026-08-03T16:43:10.991Z LH:status Auditing: Page didn't prevent back/forward cache restoration
2026-08-03T16:43:10.991Z LH:status Auditing: Use efficient cache lifetimes
2026-08-03T16:43:10.993Z LH:status Auditing: Layout shift culprits
2026-08-03T16:43:10.993Z LH:status Auditing: Document request latency
2026-08-03T16:43:10.994Z LH:status Auditing: Optimize DOM size
2026-08-03T16:43:10.994Z LH:status Auditing: Duplicated JavaScript
2026-08-03T16:43:10.995Z LH:status Auditing: Font display
2026-08-03T16:43:10.995Z LH:status Auditing: Forced reflow
2026-08-03T16:43:10.996Z LH:status Auditing: Improve image delivery
2026-08-03T16:43:10.997Z LH:status Auditing: INP breakdown
2026-08-03T16:43:10.997Z LH:status Auditing: LCP breakdown
2026-08-03T16:43:10.998Z LH:status Auditing: LCP request discovery
2026-08-03T16:43:10.998Z LH:status Auditing: Legacy JavaScript
2026-08-03T16:43:11.000Z LH:status Auditing: Modern HTTP
2026-08-03T16:43:11.000Z LH:status Auditing: Network dependency tree
2026-08-03T16:43:11.001Z LH:status Auditing: Render-blocking requests
2026-08-03T16:43:11.001Z LH:status Auditing: 3rd parties
2026-08-03T16:43:11.007Z LH:status Auditing: Optimize viewport for mobile
2026-08-03T16:43:11.007Z LH:status Generating results...
2026-08-03T16:43:11.038Z LH:Printer json output written to /home/mihai/ROVEXO/docs/releases/rc4/evidence/lighthouse/categories-mobile.report.json
2026-08-03T16:43:11.040Z LH:Printer html output written to /home/mihai/ROVEXO/docs/releases/rc4/evidence/lighthouse/categories-mobile.report.html
2026-08-03T16:43:11.040Z LH:CLI Protip: Run lighthouse with `--view` to immediately open the HTML report in your browser
