npm warn Unknown env config "devdir". This will stop working in the next major version of npm. See `npm help npmrc` for supported config options.
2026-08-03T16:43:16.509Z LH:ChromeLauncher Found existing Chrome already running using port 9222, using that.
2026-08-03T16:43:16.789Z LH:status Connecting to browser
2026-08-03T16:43:16.795Z LH:status Navigating to about:blank
2026-08-03T16:43:16.798Z LH:status Benchmarking machine
2026-08-03T16:43:17.802Z LH:status Host device pixel ratio
2026-08-03T16:43:17.803Z LH:status Preparing target for navigation mode
2026-08-03T16:43:17.816Z LH:status Preparing network conditions
2026-08-03T16:43:17.829Z LH:status Navigating to http://127.0.0.1:3000/category/womens-fashion
2026-08-03T16:43:20.995Z LH:status Getting artifact: DevtoolsLog
2026-08-03T16:43:20.995Z LH:status Getting artifact: Trace
2026-08-03T16:43:20.995Z LH:status Getting artifact: Accessibility
2026-08-03T16:43:21.121Z LH:status Getting artifact: AnchorElements
2026-08-03T16:43:21.137Z LH:status Getting artifact: ConsoleMessages
2026-08-03T16:43:21.137Z LH:status Getting artifact: CSSUsage
2026-08-03T16:43:21.310Z LH:status Getting artifact: Doctype
2026-08-03T16:43:21.311Z LH:status Getting artifact: Inputs
2026-08-03T16:43:21.313Z LH:status Getting artifact: ImageElements
2026-08-03T16:43:21.439Z LH:status Getting artifact: InspectorIssues
2026-08-03T16:43:21.439Z LH:status Getting artifact: JsUsage
2026-08-03T16:43:21.439Z LH:status Getting artifact: LinkElements
2026-08-03T16:43:21.443Z LH:status Getting artifact: MainDocumentContent
2026-08-03T16:43:21.447Z LH:status Getting artifact: MetaElements
2026-08-03T16:43:21.449Z LH:status Getting artifact: NetworkUserAgent
2026-08-03T16:43:21.449Z LH:status Getting artifact: RobotsTxt
2026-08-03T16:43:20.166Z LH:status Getting artifact: Scripts
2026-08-03T16:43:20.166Z LH:status Getting artifact: SourceMaps
2026-08-03T16:43:20.167Z LH:status Getting artifact: Stacks
2026-08-03T16:43:20.167Z LH:status Collect stacks
2026-08-03T16:43:20.174Z LH:status Getting artifact: Stylesheets
2026-08-03T16:43:20.249Z LH:status Getting artifact: TraceElements
2026-08-03T16:43:20.261Z LH:status Trace Engine total
2026-08-03T16:43:20.262Z LH:status Trace Engine parse
2026-08-03T16:43:20.262Z LH:status Trace Engine parse:handleEvent
2026-08-03T16:43:20.314Z LH:status Trace Engine parse:Meta:finalize
2026-08-03T16:43:20.317Z LH:status Trace Engine parse:AnimationFrames:finalize
2026-08-03T16:43:20.318Z LH:status Trace Engine parse:Animations:finalize
2026-08-03T16:43:20.320Z LH:status Trace Engine parse:Samples:finalize
2026-08-03T16:43:20.321Z LH:status Trace Engine parse:AuctionWorklets:finalize
2026-08-03T16:43:20.322Z LH:status Trace Engine parse:NetworkRequests:finalize
2026-08-03T16:43:20.325Z LH:status Trace Engine parse:Renderer:finalize
2026-08-03T16:43:20.338Z LH:status Trace Engine parse:Flows:finalize
2026-08-03T16:43:20.345Z LH:status Trace Engine parse:AsyncJSCalls:finalize
2026-08-03T16:43:20.347Z LH:status Trace Engine parse:DOMStats:finalize
2026-08-03T16:43:20.348Z LH:status Trace Engine parse:UserTimings:finalize
2026-08-03T16:43:20.349Z LH:status Trace Engine parse:ExtensionTraceData:finalize
2026-08-03T16:43:20.351Z LH:status Trace Engine parse:LayerTree:finalize
2026-08-03T16:43:20.352Z LH:status Trace Engine parse:Frames:finalize
2026-08-03T16:43:20.356Z LH:status Trace Engine parse:GPU:finalize
2026-08-03T16:43:20.357Z LH:status Trace Engine parse:ImagePainting:finalize
2026-08-03T16:43:20.359Z LH:status Trace Engine parse:Initiators:finalize
2026-08-03T16:43:20.361Z LH:status Trace Engine parse:Invalidations:finalize
2026-08-03T16:43:20.362Z LH:status Trace Engine parse:PageLoadMetrics:finalize
2026-08-03T16:43:20.364Z LH:status Trace Engine parse:LargestImagePaint:finalize
2026-08-03T16:43:20.366Z LH:status Trace Engine parse:LargestTextPaint:finalize
2026-08-03T16:43:20.367Z LH:status Trace Engine parse:Screenshots:finalize
2026-08-03T16:43:20.369Z LH:status Trace Engine parse:LayoutShifts:finalize
2026-08-03T16:43:20.370Z LH:status Trace Engine parse:Memory:finalize
2026-08-03T16:43:20.372Z LH:status Trace Engine parse:PageFrames:finalize
2026-08-03T16:43:20.373Z LH:status Trace Engine parse:Scripts:finalize
2026-08-03T16:43:20.374Z LH:status Trace Engine parse:SelectorStats:finalize
2026-08-03T16:43:20.376Z LH:status Trace Engine parse:UserInteractions:finalize
2026-08-03T16:43:20.377Z LH:status Trace Engine parse:Workers:finalize
2026-08-03T16:43:20.379Z LH:status Trace Engine parse:Warnings:finalize
2026-08-03T16:43:20.380Z LH:status Trace Engine parse:handler.data()
2026-08-03T16:43:20.380Z LH:status Trace Engine insights
2026-08-03T16:43:20.381Z LH:status Trace Engine insights:CLSCulprits
2026-08-03T16:43:20.381Z LH:status Trace Engine insights:Cache
2026-08-03T16:43:20.381Z LH:status Trace Engine insights:CharacterSet
2026-08-03T16:43:20.382Z LH:status Trace Engine insights:DOMSize
2026-08-03T16:43:20.382Z LH:status Trace Engine insights:DocumentLatency
2026-08-03T16:43:20.382Z LH:status Trace Engine insights:DuplicatedJavaScript
2026-08-03T16:43:20.383Z LH:status Trace Engine insights:FontDisplay
2026-08-03T16:43:20.383Z LH:status Trace Engine insights:ForcedReflow
2026-08-03T16:43:20.383Z LH:status Trace Engine insights:INPBreakdown
2026-08-03T16:43:20.383Z LH:status Trace Engine insights:ImageDelivery
2026-08-03T16:43:20.383Z LH:status Trace Engine insights:LCPBreakdown
2026-08-03T16:43:20.383Z LH:status Trace Engine insights:LCPDiscovery
2026-08-03T16:43:20.384Z LH:status Trace Engine insights:LegacyJavaScript
2026-08-03T16:43:20.384Z LH:status Trace Engine insights:ModernHTTP
2026-08-03T16:43:20.384Z LH:status Trace Engine insights:NetworkDependencyTree
2026-08-03T16:43:20.384Z LH:status Trace Engine insights:RenderBlocking
2026-08-03T16:43:20.384Z LH:status Trace Engine insights:SlowCSSSelector
2026-08-03T16:43:20.385Z LH:status Trace Engine insights:ThirdParties
2026-08-03T16:43:20.386Z LH:status Trace Engine insights:Viewport
2026-08-03T16:43:20.386Z LH:status Trace Engine insights:createLanternContext
2026-08-03T16:43:20.406Z LH:status Trace Engine insights:CLSCulprits
2026-08-03T16:43:20.407Z LH:status Trace Engine insights:Cache
2026-08-03T16:43:20.408Z LH:status Trace Engine insights:CharacterSet
2026-08-03T16:43:20.408Z LH:status Trace Engine insights:DOMSize
2026-08-03T16:43:20.408Z LH:status Trace Engine insights:DocumentLatency
2026-08-03T16:43:20.408Z LH:status Trace Engine insights:DuplicatedJavaScript
2026-08-03T16:43:20.409Z LH:status Trace Engine insights:FontDisplay
2026-08-03T16:43:20.409Z LH:status Trace Engine insights:ForcedReflow
2026-08-03T16:43:20.409Z LH:status Trace Engine insights:INPBreakdown
2026-08-03T16:43:20.409Z LH:status Trace Engine insights:ImageDelivery
2026-08-03T16:43:20.412Z LH:status Trace Engine insights:LCPBreakdown
2026-08-03T16:43:20.412Z LH:status Trace Engine insights:LCPDiscovery
2026-08-03T16:43:20.412Z LH:status Trace Engine insights:LegacyJavaScript
2026-08-03T16:43:20.449Z LH:status Trace Engine insights:ModernHTTP
2026-08-03T16:43:20.451Z LH:status Trace Engine insights:NetworkDependencyTree
2026-08-03T16:43:20.453Z LH:status Trace Engine insights:RenderBlocking
2026-08-03T16:43:20.453Z LH:status Trace Engine insights:SlowCSSSelector
2026-08-03T16:43:20.453Z LH:status Trace Engine insights:ThirdParties
2026-08-03T16:43:20.458Z LH:status Trace Engine insights:Viewport
2026-08-03T16:43:20.483Z LH:method <= browser ERR:error DOM.resolveNode 
2026-08-03T16:43:20.483Z LH:method <= browser ERR:error DOM.resolveNode 
2026-08-03T16:43:20.484Z LH:method <= browser ERR:error DOM.resolveNode 
2026-08-03T16:43:20.485Z LH:method <= browser ERR:error DOM.resolveNode 
2026-08-03T16:43:20.485Z LH:method <= browser ERR:error DOM.resolveNode 
2026-08-03T16:43:20.486Z LH:method <= browser ERR:error DOM.resolveNode 
2026-08-03T16:43:20.487Z LH:method <= browser ERR:error DOM.resolveNode 
2026-08-03T16:43:20.488Z LH:method <= browser ERR:error DOM.resolveNode 
2026-08-03T16:43:20.488Z LH:method <= browser ERR:error DOM.resolveNode 
2026-08-03T16:43:20.489Z LH:method <= browser ERR:error DOM.resolveNode 
2026-08-03T16:43:20.490Z LH:method <= browser ERR:error DOM.resolveNode 
2026-08-03T16:43:20.490Z LH:method <= browser ERR:error DOM.resolveNode 
2026-08-03T16:43:20.491Z LH:method <= browser ERR:error DOM.resolveNode 
2026-08-03T16:43:20.492Z LH:method <= browser ERR:error DOM.resolveNode 
2026-08-03T16:43:20.492Z LH:method <= browser ERR:error DOM.resolveNode 
2026-08-03T16:43:20.493Z LH:method <= browser ERR:error DOM.resolveNode 
2026-08-03T16:43:20.493Z LH:method <= browser ERR:error DOM.resolveNode 
2026-08-03T16:43:20.494Z LH:method <= browser ERR:error DOM.resolveNode 
2026-08-03T16:43:20.495Z LH:method <= browser ERR:error DOM.resolveNode 
2026-08-03T16:43:20.496Z LH:method <= browser ERR:error DOM.resolveNode 
2026-08-03T16:43:20.496Z LH:method <= browser ERR:error DOM.resolveNode 
2026-08-03T16:43:20.497Z LH:method <= browser ERR:error DOM.resolveNode 
2026-08-03T16:43:20.498Z LH:method <= browser ERR:error DOM.resolveNode 
2026-08-03T16:43:20.498Z LH:method <= browser ERR:error DOM.resolveNode 
2026-08-03T16:43:20.499Z LH:method <= browser ERR:error DOM.resolveNode 
2026-08-03T16:43:20.499Z LH:method <= browser ERR:error DOM.resolveNode 
2026-08-03T16:43:20.500Z LH:method <= browser ERR:error DOM.resolveNode 
2026-08-03T16:43:20.501Z LH:method <= browser ERR:error DOM.resolveNode 
2026-08-03T16:43:20.501Z LH:method <= browser ERR:error DOM.resolveNode 
2026-08-03T16:43:20.502Z LH:method <= browser ERR:error DOM.resolveNode 
2026-08-03T16:43:20.503Z LH:method <= browser ERR:error DOM.resolveNode 
2026-08-03T16:43:20.503Z LH:method <= browser ERR:error DOM.resolveNode 
2026-08-03T16:43:20.504Z LH:method <= browser ERR:error DOM.resolveNode 
2026-08-03T16:43:20.505Z LH:method <= browser ERR:error DOM.resolveNode 
2026-08-03T16:43:20.505Z LH:method <= browser ERR:error DOM.resolveNode 
2026-08-03T16:43:20.506Z LH:method <= browser ERR:error DOM.resolveNode 
2026-08-03T16:43:20.507Z LH:method <= browser ERR:error DOM.resolveNode 
2026-08-03T16:43:20.507Z LH:method <= browser ERR:error DOM.resolveNode 
2026-08-03T16:43:20.508Z LH:method <= browser ERR:error DOM.resolveNode 
2026-08-03T16:43:20.508Z LH:method <= browser ERR:error DOM.resolveNode 
2026-08-03T16:43:20.509Z LH:method <= browser ERR:error DOM.resolveNode 
2026-08-03T16:43:20.510Z LH:method <= browser ERR:error DOM.resolveNode 
2026-08-03T16:43:20.511Z LH:method <= browser ERR:error DOM.resolveNode 
2026-08-03T16:43:20.511Z LH:method <= browser ERR:error DOM.resolveNode 
2026-08-03T16:43:20.512Z LH:method <= browser ERR:error DOM.resolveNode 
2026-08-03T16:43:20.512Z LH:method <= browser ERR:error DOM.resolveNode 
2026-08-03T16:43:20.513Z LH:method <= browser ERR:error DOM.resolveNode 
2026-08-03T16:43:20.514Z LH:method <= browser ERR:error DOM.resolveNode 
2026-08-03T16:43:20.514Z LH:method <= browser ERR:error DOM.resolveNode 
2026-08-03T16:43:20.515Z LH:method <= browser ERR:error DOM.resolveNode 
2026-08-03T16:43:20.516Z LH:method <= browser ERR:error DOM.resolveNode 
2026-08-03T16:43:20.517Z LH:method <= browser ERR:error DOM.resolveNode 
2026-08-03T16:43:20.517Z LH:method <= browser ERR:error DOM.resolveNode 
2026-08-03T16:43:20.518Z LH:method <= browser ERR:error DOM.resolveNode 
2026-08-03T16:43:20.519Z LH:method <= browser ERR:error DOM.resolveNode 
2026-08-03T16:43:20.519Z LH:method <= browser ERR:error DOM.resolveNode 
2026-08-03T16:43:20.520Z LH:method <= browser ERR:error DOM.resolveNode 
2026-08-03T16:43:20.520Z LH:method <= browser ERR:error DOM.resolveNode 
2026-08-03T16:43:20.521Z LH:method <= browser ERR:error DOM.resolveNode 
2026-08-03T16:43:20.522Z LH:method <= browser ERR:error DOM.resolveNode 
2026-08-03T16:43:20.522Z LH:method <= browser ERR:error DOM.resolveNode 
2026-08-03T16:43:20.523Z LH:method <= browser ERR:error DOM.resolveNode 
2026-08-03T16:43:20.524Z LH:method <= browser ERR:error DOM.resolveNode 
2026-08-03T16:43:20.525Z LH:method <= browser ERR:error DOM.resolveNode 
2026-08-03T16:43:20.525Z LH:method <= browser ERR:error DOM.resolveNode 
2026-08-03T16:43:20.526Z LH:method <= browser ERR:error DOM.resolveNode 
2026-08-03T16:43:20.527Z LH:method <= browser ERR:error DOM.resolveNode 
2026-08-03T16:43:20.527Z LH:method <= browser ERR:error DOM.resolveNode 
2026-08-03T16:43:20.528Z LH:method <= browser ERR:error DOM.resolveNode 
2026-08-03T16:43:20.528Z LH:method <= browser ERR:error DOM.resolveNode 
2026-08-03T16:43:20.529Z LH:method <= browser ERR:error DOM.resolveNode 
2026-08-03T16:43:20.530Z LH:method <= browser ERR:error DOM.resolveNode 
2026-08-03T16:43:20.530Z LH:method <= browser ERR:error DOM.resolveNode 
2026-08-03T16:43:20.531Z LH:method <= browser ERR:error DOM.resolveNode 
2026-08-03T16:43:20.535Z LH:method <= browser ERR:error DOM.resolveNode 
2026-08-03T16:43:20.537Z LH:method <= browser ERR:error DOM.resolveNode 
2026-08-03T16:43:20.538Z LH:method <= browser ERR:error DOM.resolveNode 
2026-08-03T16:43:20.539Z LH:method <= browser ERR:error DOM.resolveNode 
2026-08-03T16:43:20.539Z LH:method <= browser ERR:error DOM.resolveNode 
2026-08-03T16:43:20.540Z LH:method <= browser ERR:error DOM.resolveNode 
2026-08-03T16:43:20.541Z LH:method <= browser ERR:error DOM.resolveNode 
2026-08-03T16:43:20.541Z LH:method <= browser ERR:error DOM.resolveNode 
2026-08-03T16:43:20.542Z LH:method <= browser ERR:error DOM.resolveNode 
2026-08-03T16:43:20.542Z LH:method <= browser ERR:error DOM.resolveNode 
2026-08-03T16:43:20.543Z LH:method <= browser ERR:error DOM.resolveNode 
2026-08-03T16:43:20.543Z LH:method <= browser ERR:error DOM.resolveNode 
2026-08-03T16:43:20.544Z LH:method <= browser ERR:error DOM.resolveNode 
2026-08-03T16:43:20.545Z LH:method <= browser ERR:error DOM.resolveNode 
2026-08-03T16:43:20.546Z LH:method <= browser ERR:error DOM.resolveNode 
2026-08-03T16:43:20.546Z LH:method <= browser ERR:error DOM.resolveNode 
2026-08-03T16:43:20.547Z LH:method <= browser ERR:error DOM.resolveNode 
2026-08-03T16:43:20.547Z LH:status Getting artifact: ViewportDimensions
2026-08-03T16:43:20.548Z LH:status Getting artifact: FullPageScreenshot
2026-08-03T16:43:21.627Z LH:status Getting artifact: BFCacheFailures
2026-08-03T16:43:21.882Z LH:status Analyzing and running audits...
2026-08-03T16:43:21.883Z LH:status Auditing: Uses HTTPS
2026-08-03T16:43:21.884Z LH:status Auditing: Redirects HTTP traffic to HTTPS
2026-08-03T16:43:21.885Z LH:status Auditing: First Contentful Paint
2026-08-03T16:43:21.891Z LH:status Auditing: Largest Contentful Paint
2026-08-03T16:43:21.894Z LH:status Auditing: Speed Index
2026-08-03T16:43:21.926Z LH:status Auditing: Screenshot Thumbnails
2026-08-03T16:43:21.926Z LH:status Auditing: Final Screenshot
2026-08-03T16:43:21.927Z LH:status Auditing: Total Blocking Time
2026-08-03T16:43:21.930Z LH:status Auditing: Max Potential First Input Delay
2026-08-03T16:43:21.932Z LH:status Auditing: Cumulative Layout Shift
2026-08-03T16:43:21.932Z LH:status Auditing: No browser errors logged to the console
2026-08-03T16:43:21.934Z LH:status Auditing: Initial server response time was short
2026-08-03T16:43:21.935Z LH:status Auditing: Time to Interactive
2026-08-03T16:43:21.936Z LH:status Auditing: User Timing marks and measures
2026-08-03T16:43:21.937Z LH:status Auditing: Avoid multiple page redirects
2026-08-03T16:43:21.938Z LH:status Auditing: Displays images with correct aspect ratio
2026-08-03T16:43:21.939Z LH:status Auditing: Serves images with appropriate resolution
2026-08-03T16:43:21.939Z LH:status Auditing: Avoids deprecated APIs
2026-08-03T16:43:21.940Z LH:status Auditing: Avoids third-party cookies
2026-08-03T16:43:21.941Z LH:status Auditing: Minimizes main-thread work
2026-08-03T16:43:21.950Z LH:status Auditing: JavaScript execution time
2026-08-03T16:43:21.954Z LH:status Auditing: Diagnostics
2026-08-03T16:43:21.956Z LH:status Auditing: Network Requests
2026-08-03T16:43:21.957Z LH:status Auditing: Network Round Trip Times
2026-08-03T16:43:21.958Z LH:status Auditing: Server Backend Latencies
2026-08-03T16:43:21.959Z LH:status Auditing: Tasks
2026-08-03T16:43:21.959Z LH:status Auditing: Metrics
2026-08-03T16:43:21.961Z LH:status Auditing: Resources Summary
2026-08-03T16:43:21.962Z LH:status Auditing: Avoid large layout shifts
2026-08-03T16:43:21.963Z LH:status Auditing: Avoid long main-thread tasks
2026-08-03T16:43:21.966Z LH:status Auditing: Avoid non-composited animations
2026-08-03T16:43:21.967Z LH:status Auditing: Image elements have explicit `width` and `height`
2026-08-03T16:43:21.967Z LH:status Auditing: Page has valid source maps
2026-08-03T16:43:21.968Z LH:status Auditing: Ensure CSP is effective against XSS attacks
2026-08-03T16:43:21.971Z LH:status Auditing: Use a strong HSTS policy
2026-08-03T16:43:21.972Z LH:status Auditing: Ensure proper origin isolation with COOP
2026-08-03T16:43:21.973Z LH:status Auditing: Mitigate clickjacking with XFO or CSP
2026-08-03T16:43:21.973Z LH:status Auditing: Mitigate DOM-based XSS with Trusted Types
2026-08-03T16:43:21.974Z LH:status Auditing: Script Treemap Data
2026-08-03T16:43:21.989Z LH:status Auditing: `[accesskey]` values are unique
2026-08-03T16:43:21.990Z LH:status Auditing: `[aria-*]` attributes match their roles
2026-08-03T16:43:21.992Z LH:status Auditing: Uses ARIA roles only on compatible elements
2026-08-03T16:43:21.993Z LH:status Auditing: `button`, `link`, and `menuitem` elements have accessible names
2026-08-03T16:43:21.994Z LH:status Auditing: ARIA attributes are used as specified for the element's role
2026-08-03T16:43:21.995Z LH:status Auditing: Deprecated ARIA roles were not used
2026-08-03T16:43:21.996Z LH:status Auditing: Elements with `role="dialog"` or `role="alertdialog"` have accessible names.
2026-08-03T16:43:21.998Z LH:status Auditing: `[aria-hidden="true"]` is not present on the document `<body>`
2026-08-03T16:43:21.999Z LH:status Auditing: `[aria-hidden="true"]` elements do not contain focusable descendents
2026-08-03T16:43:22.001Z LH:status Auditing: ARIA input fields have accessible names
2026-08-03T16:43:22.001Z LH:status Auditing: ARIA `meter` elements have accessible names
2026-08-03T16:43:22.002Z LH:status Auditing: ARIA `progressbar` elements have accessible names
2026-08-03T16:43:22.002Z LH:status Auditing: Elements use only permitted ARIA attributes
2026-08-03T16:43:22.003Z LH:status Auditing: `[role]`s have all required `[aria-*]` attributes
2026-08-03T16:43:22.004Z LH:status Auditing: Elements with an ARIA `[role]` that require children to contain a specific `[role]` have all required children.
2026-08-03T16:43:22.005Z LH:status Auditing: `[role]`s are contained by their required parent element
2026-08-03T16:43:22.005Z LH:status Auditing: `[role]` values are valid
2026-08-03T16:43:22.007Z LH:status Auditing: Elements with the `role=text` attribute do not have focusable descendents.
2026-08-03T16:43:22.008Z LH:status Auditing: ARIA toggle fields have accessible names
2026-08-03T16:43:22.008Z LH:status Auditing: ARIA `tooltip` elements have accessible names
2026-08-03T16:43:22.009Z LH:status Auditing: ARIA `treeitem` elements have accessible names
2026-08-03T16:43:22.010Z LH:status Auditing: `[aria-*]` attributes have valid values
2026-08-03T16:43:22.011Z LH:status Auditing: `[aria-*]` attributes are valid and not misspelled
2026-08-03T16:43:22.016Z LH:status Auditing: Buttons have an accessible name
2026-08-03T16:43:22.018Z LH:status Auditing: The page contains a heading, skip link, or landmark region
2026-08-03T16:43:22.019Z LH:status Auditing: Background and foreground colors have a sufficient contrast ratio
2026-08-03T16:43:22.021Z LH:status Auditing: `<dl>`'s contain only properly-ordered `<dt>` and `<dd>` groups, `<script>`, `<template>` or `<div>` elements.
2026-08-03T16:43:22.022Z LH:status Auditing: Definition list items are wrapped in `<dl>` elements
2026-08-03T16:43:22.023Z LH:status Auditing: Document has a `<title>` element
2026-08-03T16:43:22.024Z LH:status Auditing: ARIA IDs are unique
2026-08-03T16:43:22.024Z LH:status Auditing: All heading elements contain content.
2026-08-03T16:43:22.025Z LH:status Auditing: No form fields have multiple labels
2026-08-03T16:43:22.026Z LH:status Auditing: `<frame>` or `<iframe>` elements have a title
2026-08-03T16:43:22.027Z LH:status Auditing: Heading elements appear in a sequentially-descending order
2026-08-03T16:43:22.028Z LH:status Auditing: `<html>` element has a `[lang]` attribute
2026-08-03T16:43:22.029Z LH:status Auditing: `<html>` element has a valid value for its `[lang]` attribute
2026-08-03T16:43:22.031Z LH:status Auditing: `<html>` element has an `[xml:lang]` attribute with the same base language as the `[lang]` attribute.
2026-08-03T16:43:22.032Z LH:status Auditing: Identical links have the same purpose.
2026-08-03T16:43:22.033Z LH:status Auditing: Image elements have `[alt]` attributes
2026-08-03T16:43:22.034Z LH:status Auditing: Image elements do not have `[alt]` attributes that are redundant text.
2026-08-03T16:43:22.035Z LH:status Auditing: Input buttons have discernible text.
2026-08-03T16:43:22.036Z LH:status Auditing: `<input type="image">` elements have `[alt]` text
2026-08-03T16:43:22.037Z LH:status Auditing: Elements with visible text labels have matching accessible names.
2026-08-03T16:43:22.038Z LH:status Auditing: Form elements have associated labels
2026-08-03T16:43:22.039Z LH:status Auditing: Document has a main landmark.
2026-08-03T16:43:22.041Z LH:status Auditing: Links have a discernible name
2026-08-03T16:43:22.042Z LH:status Auditing: Links are distinguishable without relying on color.
2026-08-03T16:43:22.044Z LH:status Auditing: Lists contain only `<li>` elements and script supporting elements (`<script>` and `<template>`).
2026-08-03T16:43:22.045Z LH:status Auditing: List items (`<li>`) are contained within `<ul>`, `<ol>` or `<menu>` parent elements
2026-08-03T16:43:22.047Z LH:status Auditing: The document does not use `<meta http-equiv="refresh">`
2026-08-03T16:43:22.047Z LH:status Auditing: `[user-scalable="no"]` is not used in the `<meta name="viewport">` element and the `[maximum-scale]` attribute is not less than 5.
2026-08-03T16:43:22.049Z LH:status Auditing: `<object>` elements have alternate text
2026-08-03T16:43:22.050Z LH:status Auditing: Select elements have associated label elements.
2026-08-03T16:43:22.052Z LH:status Auditing: Skip links are focusable.
2026-08-03T16:43:22.053Z LH:status Auditing: No element has a `[tabindex]` value greater than 0
2026-08-03T16:43:22.054Z LH:status Auditing: Tables have different content in the summary attribute and `<caption>`.
2026-08-03T16:43:22.055Z LH:status Auditing: Tables use `<caption>` instead of cells with the `[colspan]` attribute to indicate a caption.
2026-08-03T16:43:22.057Z LH:status Auditing: Touch targets have sufficient size and spacing.
2026-08-03T16:43:22.059Z LH:status Auditing: `<td>` elements in a large `<table>` have one or more table headers.
2026-08-03T16:43:22.060Z LH:status Auditing: Cells in a `<table>` element that use the `[headers]` attribute refer to table cells within the same table.
2026-08-03T16:43:22.062Z LH:status Auditing: `<th>` elements and elements with `[role="columnheader"/"rowheader"]` have data cells they describe.
2026-08-03T16:43:22.063Z LH:status Auditing: `[lang]` attributes have a valid value
2026-08-03T16:43:22.065Z LH:status Auditing: `<video>` elements contain a `<track>` element with `[kind="captions"]`
2026-08-03T16:43:22.066Z LH:status Auditing: Custom controls have associated labels
2026-08-03T16:43:22.066Z LH:status Auditing: Custom controls have ARIA roles
2026-08-03T16:43:22.067Z LH:status Auditing: User focus is not accidentally trapped in a region
2026-08-03T16:43:22.067Z LH:status Auditing: Interactive controls are keyboard focusable
2026-08-03T16:43:22.067Z LH:status Auditing: Interactive elements indicate their purpose and state
2026-08-03T16:43:22.067Z LH:status Auditing: The page has a logical tab order
2026-08-03T16:43:22.067Z LH:status Auditing: The user's focus is directed to new content added to the page
2026-08-03T16:43:22.067Z LH:status Auditing: Offscreen content is hidden from assistive technology
2026-08-03T16:43:22.067Z LH:status Auditing: HTML5 landmark elements are used to improve navigation
2026-08-03T16:43:22.067Z LH:status Auditing: Visual order on the page follows DOM order
2026-08-03T16:43:22.067Z LH:status Auditing: `autocomplete` attributes are used correctly
2026-08-03T16:43:22.068Z LH:status Auditing: Elements with `role="none"` or `role="presentation"` do not have conflicts
2026-08-03T16:43:22.069Z LH:status Auditing: SVG elements with an `img` role have an accessible text alternative
2026-08-03T16:43:22.070Z LH:status Auditing: Avoids enormous network payloads
2026-08-03T16:43:22.071Z LH:status Auditing: Minify CSS
2026-08-03T16:43:22.094Z LH:status Auditing: Minify JavaScript
2026-08-03T16:43:22.117Z LH:status Auditing: Reduce unused CSS
2026-08-03T16:43:22.119Z LH:status Auditing: Reduce unused JavaScript
2026-08-03T16:43:22.122Z LH:status Auditing: Page has the HTML doctype
2026-08-03T16:43:22.123Z LH:status Auditing: Properly defines charset
2026-08-03T16:43:22.123Z LH:status Auditing: Avoids requesting the geolocation permission on page load
2026-08-03T16:43:22.124Z LH:status Auditing: No issues in the `Issues` panel in Chrome Devtools
2026-08-03T16:43:22.125Z LH:status Auditing: Detected JavaScript libraries
2026-08-03T16:43:22.125Z LH:status Auditing: Avoids requesting the notification permission on page load
2026-08-03T16:43:22.125Z LH:status Auditing: Allows users to paste into input fields
2026-08-03T16:43:22.126Z LH:status Auditing: Baseline Features
2026-08-03T16:43:22.128Z LH:status Auditing: Document has a meta description
2026-08-03T16:43:22.128Z LH:status Auditing: Page has successful HTTP status code
2026-08-03T16:43:22.129Z LH:status Auditing: Links have descriptive text
2026-08-03T16:43:22.129Z LH:status Auditing: Links are crawlable
2026-08-03T16:43:22.130Z LH:status Auditing: Page isn’t blocked from indexing
2026-08-03T16:43:22.135Z LH:status Auditing: robots.txt is valid
2026-08-03T16:43:22.136Z LH:status Auditing: Document has a valid `hreflang`
2026-08-03T16:43:22.136Z LH:status Auditing: Document has a valid `rel=canonical`
2026-08-03T16:43:22.137Z LH:status Auditing: Structured data is valid
2026-08-03T16:43:22.138Z LH:status Auditing: Page didn't prevent back/forward cache restoration
2026-08-03T16:43:22.138Z LH:status Auditing: Use efficient cache lifetimes
2026-08-03T16:43:22.139Z LH:status Auditing: Layout shift culprits
2026-08-03T16:43:22.140Z LH:status Auditing: Document request latency
2026-08-03T16:43:22.140Z LH:status Auditing: Optimize DOM size
2026-08-03T16:43:22.141Z LH:status Auditing: Duplicated JavaScript
2026-08-03T16:43:22.141Z LH:status Auditing: Font display
2026-08-03T16:43:22.142Z LH:status Auditing: Forced reflow
2026-08-03T16:43:22.142Z LH:status Auditing: Improve image delivery
2026-08-03T16:43:22.143Z LH:status Auditing: INP breakdown
2026-08-03T16:43:22.144Z LH:status Auditing: LCP breakdown
2026-08-03T16:43:22.145Z LH:status Auditing: LCP request discovery
2026-08-03T16:43:22.146Z LH:status Auditing: Legacy JavaScript
2026-08-03T16:43:22.146Z LH:status Auditing: Modern HTTP
2026-08-03T16:43:22.147Z LH:status Auditing: Network dependency tree
2026-08-03T16:43:22.148Z LH:status Auditing: Render-blocking requests
2026-08-03T16:43:22.148Z LH:status Auditing: 3rd parties
2026-08-03T16:43:22.153Z LH:status Auditing: Optimize viewport for mobile
2026-08-03T16:43:22.154Z LH:status Generating results...
2026-08-03T16:43:22.172Z LH:Printer json output written to /home/mihai/ROVEXO/docs/releases/rc4/evidence/lighthouse/category-mobile.report.json
2026-08-03T16:43:22.174Z LH:Printer html output written to /home/mihai/ROVEXO/docs/releases/rc4/evidence/lighthouse/category-mobile.report.html
2026-08-03T16:43:22.174Z LH:CLI Protip: Run lighthouse with `--view` to immediately open the HTML report in your browser
