npm warn Unknown env config "devdir". This will stop working in the next major version of npm. See `npm help npmrc` for supported config options.
2026-08-03T16:56:43.624Z LH:ChromeLauncher Found existing Chrome already running using port 9224, using that.
2026-08-03T16:56:43.906Z LH:status Connecting to browser
2026-08-03T16:56:43.911Z LH:status Navigating to about:blank
2026-08-03T16:56:43.915Z LH:status Benchmarking machine
2026-08-03T16:56:44.919Z LH:status Host device pixel ratio
2026-08-03T16:56:44.921Z LH:status Preparing target for navigation mode
2026-08-03T16:56:44.933Z LH:status Preparing network conditions
2026-08-03T16:56:44.953Z LH:status Navigating to http://127.0.0.1:3000/category/womens-fashion
2026-08-03T16:56:46.689Z LH:status Getting artifact: DevtoolsLog
2026-08-03T16:56:46.689Z LH:status Getting artifact: Trace
2026-08-03T16:56:46.689Z LH:status Getting artifact: Accessibility
2026-08-03T16:56:46.812Z LH:status Getting artifact: AnchorElements
2026-08-03T16:56:46.829Z LH:status Getting artifact: ConsoleMessages
2026-08-03T16:56:46.829Z LH:status Getting artifact: CSSUsage
2026-08-03T16:56:47.012Z LH:status Getting artifact: Doctype
2026-08-03T16:56:47.013Z LH:status Getting artifact: Inputs
2026-08-03T16:56:47.015Z LH:status Getting artifact: ImageElements
2026-08-03T16:56:47.151Z LH:status Getting artifact: InspectorIssues
2026-08-03T16:56:47.151Z LH:status Getting artifact: JsUsage
2026-08-03T16:56:47.151Z LH:status Getting artifact: LinkElements
2026-08-03T16:56:47.155Z LH:status Getting artifact: MainDocumentContent
2026-08-03T16:56:47.159Z LH:status Getting artifact: MetaElements
2026-08-03T16:56:47.161Z LH:status Getting artifact: NetworkUserAgent
2026-08-03T16:56:47.161Z LH:status Getting artifact: RobotsTxt
2026-08-03T16:56:47.169Z LH:status Getting artifact: Scripts
2026-08-03T16:56:47.169Z LH:status Getting artifact: SourceMaps
2026-08-03T16:56:47.169Z LH:status Getting artifact: Stacks
2026-08-03T16:56:47.170Z LH:status Collect stacks
2026-08-03T16:56:47.177Z LH:status Getting artifact: Stylesheets
2026-08-03T16:56:47.246Z LH:status Getting artifact: TraceElements
2026-08-03T16:56:47.257Z LH:status Trace Engine total
2026-08-03T16:56:47.258Z LH:status Trace Engine parse
2026-08-03T16:56:47.258Z LH:status Trace Engine parse:handleEvent
2026-08-03T16:56:47.300Z LH:status Trace Engine parse:Meta:finalize
2026-08-03T16:56:47.302Z LH:status Trace Engine parse:AnimationFrames:finalize
2026-08-03T16:56:47.303Z LH:status Trace Engine parse:Animations:finalize
2026-08-03T16:56:47.306Z LH:status Trace Engine parse:Samples:finalize
2026-08-03T16:56:47.308Z LH:status Trace Engine parse:AuctionWorklets:finalize
2026-08-03T16:56:47.309Z LH:status Trace Engine parse:NetworkRequests:finalize
2026-08-03T16:56:47.312Z LH:status Trace Engine parse:Renderer:finalize
2026-08-03T16:56:47.321Z LH:status Trace Engine parse:Flows:finalize
2026-08-03T16:56:47.324Z LH:status Trace Engine parse:AsyncJSCalls:finalize
2026-08-03T16:56:47.324Z LH:status Trace Engine parse:DOMStats:finalize
2026-08-03T16:56:47.325Z LH:status Trace Engine parse:UserTimings:finalize
2026-08-03T16:56:47.326Z LH:status Trace Engine parse:ExtensionTraceData:finalize
2026-08-03T16:56:47.327Z LH:status Trace Engine parse:LayerTree:finalize
2026-08-03T16:56:47.328Z LH:status Trace Engine parse:Frames:finalize
2026-08-03T16:56:47.332Z LH:status Trace Engine parse:GPU:finalize
2026-08-03T16:56:47.336Z LH:status Trace Engine parse:ImagePainting:finalize
2026-08-03T16:56:47.337Z LH:status Trace Engine parse:Initiators:finalize
2026-08-03T16:56:47.339Z LH:status Trace Engine parse:Invalidations:finalize
2026-08-03T16:56:47.341Z LH:status Trace Engine parse:PageLoadMetrics:finalize
2026-08-03T16:56:47.342Z LH:status Trace Engine parse:LargestImagePaint:finalize
2026-08-03T16:56:47.344Z LH:status Trace Engine parse:LargestTextPaint:finalize
2026-08-03T16:56:47.345Z LH:status Trace Engine parse:Screenshots:finalize
2026-08-03T16:56:47.346Z LH:status Trace Engine parse:LayoutShifts:finalize
2026-08-03T16:56:47.348Z LH:status Trace Engine parse:Memory:finalize
2026-08-03T16:56:47.349Z LH:status Trace Engine parse:PageFrames:finalize
2026-08-03T16:56:47.350Z LH:status Trace Engine parse:Scripts:finalize
2026-08-03T16:56:47.352Z LH:status Trace Engine parse:SelectorStats:finalize
2026-08-03T16:56:47.353Z LH:status Trace Engine parse:UserInteractions:finalize
2026-08-03T16:56:47.354Z LH:status Trace Engine parse:Workers:finalize
2026-08-03T16:56:47.356Z LH:status Trace Engine parse:Warnings:finalize
2026-08-03T16:56:47.357Z LH:status Trace Engine parse:handler.data()
2026-08-03T16:56:47.358Z LH:status Trace Engine insights
2026-08-03T16:56:47.358Z LH:status Trace Engine insights:CLSCulprits
2026-08-03T16:56:47.359Z LH:status Trace Engine insights:Cache
2026-08-03T16:56:47.359Z LH:status Trace Engine insights:CharacterSet
2026-08-03T16:56:47.359Z LH:status Trace Engine insights:DOMSize
2026-08-03T16:56:47.359Z LH:status Trace Engine insights:DocumentLatency
2026-08-03T16:56:47.360Z LH:status Trace Engine insights:DuplicatedJavaScript
2026-08-03T16:56:47.360Z LH:status Trace Engine insights:FontDisplay
2026-08-03T16:56:47.360Z LH:status Trace Engine insights:ForcedReflow
2026-08-03T16:56:47.360Z LH:status Trace Engine insights:INPBreakdown
2026-08-03T16:56:47.360Z LH:status Trace Engine insights:ImageDelivery
2026-08-03T16:56:47.361Z LH:status Trace Engine insights:LCPBreakdown
2026-08-03T16:56:47.361Z LH:status Trace Engine insights:LCPDiscovery
2026-08-03T16:56:47.361Z LH:status Trace Engine insights:LegacyJavaScript
2026-08-03T16:56:47.361Z LH:status Trace Engine insights:ModernHTTP
2026-08-03T16:56:47.361Z LH:status Trace Engine insights:NetworkDependencyTree
2026-08-03T16:56:47.362Z LH:status Trace Engine insights:RenderBlocking
2026-08-03T16:56:47.362Z LH:status Trace Engine insights:SlowCSSSelector
2026-08-03T16:56:47.362Z LH:status Trace Engine insights:ThirdParties
2026-08-03T16:56:47.363Z LH:status Trace Engine insights:Viewport
2026-08-03T16:56:47.364Z LH:status Trace Engine insights:createLanternContext
2026-08-03T16:56:47.387Z LH:status Trace Engine insights:CLSCulprits
2026-08-03T16:56:47.387Z LH:status Trace Engine insights:Cache
2026-08-03T16:56:47.388Z LH:status Trace Engine insights:CharacterSet
2026-08-03T16:56:47.388Z LH:status Trace Engine insights:DOMSize
2026-08-03T16:56:47.388Z LH:status Trace Engine insights:DocumentLatency
2026-08-03T16:56:47.389Z LH:status Trace Engine insights:DuplicatedJavaScript
2026-08-03T16:56:47.389Z LH:status Trace Engine insights:FontDisplay
2026-08-03T16:56:47.389Z LH:status Trace Engine insights:ForcedReflow
2026-08-03T16:56:47.389Z LH:status Trace Engine insights:INPBreakdown
2026-08-03T16:56:47.389Z LH:status Trace Engine insights:ImageDelivery
2026-08-03T16:56:47.392Z LH:status Trace Engine insights:LCPBreakdown
2026-08-03T16:56:47.392Z LH:status Trace Engine insights:LCPDiscovery
2026-08-03T16:56:47.392Z LH:status Trace Engine insights:LegacyJavaScript
2026-08-03T16:56:47.432Z LH:status Trace Engine insights:ModernHTTP
2026-08-03T16:56:47.434Z LH:status Trace Engine insights:NetworkDependencyTree
2026-08-03T16:56:47.435Z LH:status Trace Engine insights:RenderBlocking
2026-08-03T16:56:47.435Z LH:status Trace Engine insights:SlowCSSSelector
2026-08-03T16:56:47.436Z LH:status Trace Engine insights:ThirdParties
2026-08-03T16:56:47.441Z LH:status Trace Engine insights:Viewport
2026-08-03T16:56:47.466Z LH:method <= browser ERR:error DOM.resolveNode 
2026-08-03T16:56:47.467Z LH:method <= browser ERR:error DOM.resolveNode 
2026-08-03T16:56:47.468Z LH:method <= browser ERR:error DOM.resolveNode 
2026-08-03T16:56:47.468Z LH:method <= browser ERR:error DOM.resolveNode 
2026-08-03T16:56:47.469Z LH:method <= browser ERR:error DOM.resolveNode 
2026-08-03T16:56:47.470Z LH:method <= browser ERR:error DOM.resolveNode 
2026-08-03T16:56:47.470Z LH:method <= browser ERR:error DOM.resolveNode 
2026-08-03T16:56:47.471Z LH:method <= browser ERR:error DOM.resolveNode 
2026-08-03T16:56:47.472Z LH:method <= browser ERR:error DOM.resolveNode 
2026-08-03T16:56:47.473Z LH:method <= browser ERR:error DOM.resolveNode 
2026-08-03T16:56:47.473Z LH:method <= browser ERR:error DOM.resolveNode 
2026-08-03T16:56:47.474Z LH:method <= browser ERR:error DOM.resolveNode 
2026-08-03T16:56:47.475Z LH:method <= browser ERR:error DOM.resolveNode 
2026-08-03T16:56:47.475Z LH:method <= browser ERR:error DOM.resolveNode 
2026-08-03T16:56:47.476Z LH:method <= browser ERR:error DOM.resolveNode 
2026-08-03T16:56:47.477Z LH:method <= browser ERR:error DOM.resolveNode 
2026-08-03T16:56:47.477Z LH:method <= browser ERR:error DOM.resolveNode 
2026-08-03T16:56:47.478Z LH:method <= browser ERR:error DOM.resolveNode 
2026-08-03T16:56:47.478Z LH:method <= browser ERR:error DOM.resolveNode 
2026-08-03T16:56:47.479Z LH:method <= browser ERR:error DOM.resolveNode 
2026-08-03T16:56:47.480Z LH:method <= browser ERR:error DOM.resolveNode 
2026-08-03T16:56:47.481Z LH:method <= browser ERR:error DOM.resolveNode 
2026-08-03T16:56:47.481Z LH:method <= browser ERR:error DOM.resolveNode 
2026-08-03T16:56:47.482Z LH:method <= browser ERR:error DOM.resolveNode 
2026-08-03T16:56:47.483Z LH:method <= browser ERR:error DOM.resolveNode 
2026-08-03T16:56:47.483Z LH:method <= browser ERR:error DOM.resolveNode 
2026-08-03T16:56:47.484Z LH:method <= browser ERR:error DOM.resolveNode 
2026-08-03T16:56:47.485Z LH:method <= browser ERR:error DOM.resolveNode 
2026-08-03T16:56:47.485Z LH:method <= browser ERR:error DOM.resolveNode 
2026-08-03T16:56:47.486Z LH:method <= browser ERR:error DOM.resolveNode 
2026-08-03T16:56:47.486Z LH:method <= browser ERR:error DOM.resolveNode 
2026-08-03T16:56:47.487Z LH:method <= browser ERR:error DOM.resolveNode 
2026-08-03T16:56:47.488Z LH:method <= browser ERR:error DOM.resolveNode 
2026-08-03T16:56:47.489Z LH:method <= browser ERR:error DOM.resolveNode 
2026-08-03T16:56:47.489Z LH:method <= browser ERR:error DOM.resolveNode 
2026-08-03T16:56:47.490Z LH:method <= browser ERR:error DOM.resolveNode 
2026-08-03T16:56:47.491Z LH:method <= browser ERR:error DOM.resolveNode 
2026-08-03T16:56:47.491Z LH:method <= browser ERR:error DOM.resolveNode 
2026-08-03T16:56:47.492Z LH:method <= browser ERR:error DOM.resolveNode 
2026-08-03T16:56:47.492Z LH:method <= browser ERR:error DOM.resolveNode 
2026-08-03T16:56:47.493Z LH:method <= browser ERR:error DOM.resolveNode 
2026-08-03T16:56:47.494Z LH:method <= browser ERR:error DOM.resolveNode 
2026-08-03T16:56:47.495Z LH:method <= browser ERR:error DOM.resolveNode 
2026-08-03T16:56:47.496Z LH:method <= browser ERR:error DOM.resolveNode 
2026-08-03T16:56:47.496Z LH:method <= browser ERR:error DOM.resolveNode 
2026-08-03T16:56:47.497Z LH:method <= browser ERR:error DOM.resolveNode 
2026-08-03T16:56:47.498Z LH:method <= browser ERR:error DOM.resolveNode 
2026-08-03T16:56:47.498Z LH:method <= browser ERR:error DOM.resolveNode 
2026-08-03T16:56:47.499Z LH:method <= browser ERR:error DOM.resolveNode 
2026-08-03T16:56:47.500Z LH:method <= browser ERR:error DOM.resolveNode 
2026-08-03T16:56:47.500Z LH:method <= browser ERR:error DOM.resolveNode 
2026-08-03T16:56:47.501Z LH:method <= browser ERR:error DOM.resolveNode 
2026-08-03T16:56:47.502Z LH:method <= browser ERR:error DOM.resolveNode 
2026-08-03T16:56:47.502Z LH:method <= browser ERR:error DOM.resolveNode 
2026-08-03T16:56:47.503Z LH:method <= browser ERR:error DOM.resolveNode 
2026-08-03T16:56:47.504Z LH:method <= browser ERR:error DOM.resolveNode 
2026-08-03T16:56:47.504Z LH:method <= browser ERR:error DOM.resolveNode 
2026-08-03T16:56:47.505Z LH:method <= browser ERR:error DOM.resolveNode 
2026-08-03T16:56:47.506Z LH:method <= browser ERR:error DOM.resolveNode 
2026-08-03T16:56:47.506Z LH:method <= browser ERR:error DOM.resolveNode 
2026-08-03T16:56:47.507Z LH:method <= browser ERR:error DOM.resolveNode 
2026-08-03T16:56:47.507Z LH:method <= browser ERR:error DOM.resolveNode 
2026-08-03T16:56:47.508Z LH:method <= browser ERR:error DOM.resolveNode 
2026-08-03T16:56:47.509Z LH:method <= browser ERR:error DOM.resolveNode 
2026-08-03T16:56:47.509Z LH:method <= browser ERR:error DOM.resolveNode 
2026-08-03T16:56:47.510Z LH:method <= browser ERR:error DOM.resolveNode 
2026-08-03T16:56:47.511Z LH:method <= browser ERR:error DOM.resolveNode 
2026-08-03T16:56:47.511Z LH:method <= browser ERR:error DOM.resolveNode 
2026-08-03T16:56:47.512Z LH:method <= browser ERR:error DOM.resolveNode 
2026-08-03T16:56:47.513Z LH:method <= browser ERR:error DOM.resolveNode 
2026-08-03T16:56:47.513Z LH:method <= browser ERR:error DOM.resolveNode 
2026-08-03T16:56:47.514Z LH:method <= browser ERR:error DOM.resolveNode 
2026-08-03T16:56:47.515Z LH:method <= browser ERR:error DOM.resolveNode 
2026-08-03T16:56:47.515Z LH:method <= browser ERR:error DOM.resolveNode 
2026-08-03T16:56:47.519Z LH:method <= browser ERR:error DOM.resolveNode 
2026-08-03T16:56:47.521Z LH:method <= browser ERR:error DOM.resolveNode 
2026-08-03T16:56:47.522Z LH:method <= browser ERR:error DOM.resolveNode 
2026-08-03T16:56:47.523Z LH:method <= browser ERR:error DOM.resolveNode 
2026-08-03T16:56:47.523Z LH:method <= browser ERR:error DOM.resolveNode 
2026-08-03T16:56:47.524Z LH:method <= browser ERR:error DOM.resolveNode 
2026-08-03T16:56:47.525Z LH:method <= browser ERR:error DOM.resolveNode 
2026-08-03T16:56:47.526Z LH:method <= browser ERR:error DOM.resolveNode 
2026-08-03T16:56:47.526Z LH:method <= browser ERR:error DOM.resolveNode 
2026-08-03T16:56:47.527Z LH:method <= browser ERR:error DOM.resolveNode 
2026-08-03T16:56:47.527Z LH:method <= browser ERR:error DOM.resolveNode 
2026-08-03T16:56:47.528Z LH:method <= browser ERR:error DOM.resolveNode 
2026-08-03T16:56:47.529Z LH:method <= browser ERR:error DOM.resolveNode 
2026-08-03T16:56:47.529Z LH:method <= browser ERR:error DOM.resolveNode 
2026-08-03T16:56:47.530Z LH:method <= browser ERR:error DOM.resolveNode 
2026-08-03T16:56:47.531Z LH:method <= browser ERR:error DOM.resolveNode 
2026-08-03T16:56:47.532Z LH:method <= browser ERR:error DOM.resolveNode 
2026-08-03T16:56:47.532Z LH:status Getting artifact: ViewportDimensions
2026-08-03T16:56:47.533Z LH:status Getting artifact: FullPageScreenshot
2026-08-03T16:56:48.609Z LH:status Getting artifact: BFCacheFailures
2026-08-03T16:56:48.868Z LH:status Analyzing and running audits...
2026-08-03T16:56:48.869Z LH:status Auditing: Uses HTTPS
2026-08-03T16:56:48.870Z LH:status Auditing: Redirects HTTP traffic to HTTPS
2026-08-03T16:56:48.871Z LH:status Auditing: First Contentful Paint
2026-08-03T16:56:48.877Z LH:status Auditing: Largest Contentful Paint
2026-08-03T16:56:48.880Z LH:status Auditing: Speed Index
2026-08-03T16:56:48.911Z LH:status Auditing: Screenshot Thumbnails
2026-08-03T16:56:48.911Z LH:status Auditing: Final Screenshot
2026-08-03T16:56:48.912Z LH:status Auditing: Total Blocking Time
2026-08-03T16:56:48.915Z LH:status Auditing: Max Potential First Input Delay
2026-08-03T16:56:48.917Z LH:status Auditing: Cumulative Layout Shift
2026-08-03T16:56:48.918Z LH:status Auditing: No browser errors logged to the console
2026-08-03T16:56:48.919Z LH:status Auditing: Initial server response time was short
2026-08-03T16:56:48.920Z LH:status Auditing: Time to Interactive
2026-08-03T16:56:48.920Z LH:status Auditing: User Timing marks and measures
2026-08-03T16:56:48.921Z LH:status Auditing: Avoid multiple page redirects
2026-08-03T16:56:48.922Z LH:status Auditing: Displays images with correct aspect ratio
2026-08-03T16:56:48.923Z LH:status Auditing: Serves images with appropriate resolution
2026-08-03T16:56:48.924Z LH:status Auditing: Avoids deprecated APIs
2026-08-03T16:56:48.925Z LH:status Auditing: Avoids third-party cookies
2026-08-03T16:56:48.925Z LH:status Auditing: Minimizes main-thread work
2026-08-03T16:56:48.933Z LH:status Auditing: JavaScript execution time
2026-08-03T16:56:48.938Z LH:status Auditing: Diagnostics
2026-08-03T16:56:48.939Z LH:status Auditing: Network Requests
2026-08-03T16:56:48.941Z LH:status Auditing: Network Round Trip Times
2026-08-03T16:56:48.941Z LH:status Auditing: Server Backend Latencies
2026-08-03T16:56:48.942Z LH:status Auditing: Tasks
2026-08-03T16:56:48.942Z LH:status Auditing: Metrics
2026-08-03T16:56:48.944Z LH:status Auditing: Resources Summary
2026-08-03T16:56:48.945Z LH:status Auditing: Avoid large layout shifts
2026-08-03T16:56:48.945Z LH:status Auditing: Avoid long main-thread tasks
2026-08-03T16:56:48.948Z LH:status Auditing: Avoid non-composited animations
2026-08-03T16:56:48.949Z LH:status Auditing: Image elements have explicit `width` and `height`
2026-08-03T16:56:48.950Z LH:status Auditing: Page has valid source maps
2026-08-03T16:56:48.950Z LH:status Auditing: Ensure CSP is effective against XSS attacks
2026-08-03T16:56:48.953Z LH:status Auditing: Use a strong HSTS policy
2026-08-03T16:56:48.953Z LH:status Auditing: Ensure proper origin isolation with COOP
2026-08-03T16:56:48.954Z LH:status Auditing: Mitigate clickjacking with XFO or CSP
2026-08-03T16:56:48.955Z LH:status Auditing: Mitigate DOM-based XSS with Trusted Types
2026-08-03T16:56:48.955Z LH:status Auditing: Script Treemap Data
2026-08-03T16:56:48.971Z LH:status Auditing: `[accesskey]` values are unique
2026-08-03T16:56:48.971Z LH:status Auditing: `[aria-*]` attributes match their roles
2026-08-03T16:56:48.973Z LH:status Auditing: Uses ARIA roles only on compatible elements
2026-08-03T16:56:48.974Z LH:status Auditing: `button`, `link`, and `menuitem` elements have accessible names
2026-08-03T16:56:48.974Z LH:status Auditing: ARIA attributes are used as specified for the element's role
2026-08-03T16:56:48.976Z LH:status Auditing: Deprecated ARIA roles were not used
2026-08-03T16:56:48.977Z LH:status Auditing: Elements with `role="dialog"` or `role="alertdialog"` have accessible names.
2026-08-03T16:56:48.978Z LH:status Auditing: `[aria-hidden="true"]` is not present on the document `<body>`
2026-08-03T16:56:48.979Z LH:status Auditing: `[aria-hidden="true"]` elements do not contain focusable descendents
2026-08-03T16:56:48.980Z LH:status Auditing: ARIA input fields have accessible names
2026-08-03T16:56:48.981Z LH:status Auditing: ARIA `meter` elements have accessible names
2026-08-03T16:56:48.981Z LH:status Auditing: ARIA `progressbar` elements have accessible names
2026-08-03T16:56:48.982Z LH:status Auditing: Elements use only permitted ARIA attributes
2026-08-03T16:56:48.983Z LH:status Auditing: `[role]`s have all required `[aria-*]` attributes
2026-08-03T16:56:48.984Z LH:status Auditing: Elements with an ARIA `[role]` that require children to contain a specific `[role]` have all required children.
2026-08-03T16:56:48.985Z LH:status Auditing: `[role]`s are contained by their required parent element
2026-08-03T16:56:48.985Z LH:status Auditing: `[role]` values are valid
2026-08-03T16:56:48.986Z LH:status Auditing: Elements with the `role=text` attribute do not have focusable descendents.
2026-08-03T16:56:48.987Z LH:status Auditing: ARIA toggle fields have accessible names
2026-08-03T16:56:48.988Z LH:status Auditing: ARIA `tooltip` elements have accessible names
2026-08-03T16:56:48.988Z LH:status Auditing: ARIA `treeitem` elements have accessible names
2026-08-03T16:56:48.989Z LH:status Auditing: `[aria-*]` attributes have valid values
2026-08-03T16:56:48.990Z LH:status Auditing: `[aria-*]` attributes are valid and not misspelled
2026-08-03T16:56:48.991Z LH:status Auditing: Buttons have an accessible name
2026-08-03T16:56:48.996Z LH:status Auditing: The page contains a heading, skip link, or landmark region
2026-08-03T16:56:48.997Z LH:status Auditing: Background and foreground colors have a sufficient contrast ratio
2026-08-03T16:56:48.999Z LH:status Auditing: `<dl>`'s contain only properly-ordered `<dt>` and `<dd>` groups, `<script>`, `<template>` or `<div>` elements.
2026-08-03T16:56:49.000Z LH:status Auditing: Definition list items are wrapped in `<dl>` elements
2026-08-03T16:56:49.000Z LH:status Auditing: Document has a `<title>` element
2026-08-03T16:56:49.002Z LH:status Auditing: ARIA IDs are unique
2026-08-03T16:56:49.002Z LH:status Auditing: All heading elements contain content.
2026-08-03T16:56:49.003Z LH:status Auditing: No form fields have multiple labels
2026-08-03T16:56:49.004Z LH:status Auditing: `<frame>` or `<iframe>` elements have a title
2026-08-03T16:56:49.004Z LH:status Auditing: Heading elements appear in a sequentially-descending order
2026-08-03T16:56:49.005Z LH:status Auditing: `<html>` element has a `[lang]` attribute
2026-08-03T16:56:49.006Z LH:status Auditing: `<html>` element has a valid value for its `[lang]` attribute
2026-08-03T16:56:49.008Z LH:status Auditing: `<html>` element has an `[xml:lang]` attribute with the same base language as the `[lang]` attribute.
2026-08-03T16:56:49.009Z LH:status Auditing: Identical links have the same purpose.
2026-08-03T16:56:49.010Z LH:status Auditing: Image elements have `[alt]` attributes
2026-08-03T16:56:49.011Z LH:status Auditing: Image elements do not have `[alt]` attributes that are redundant text.
2026-08-03T16:56:49.011Z LH:status Auditing: Input buttons have discernible text.
2026-08-03T16:56:49.012Z LH:status Auditing: `<input type="image">` elements have `[alt]` text
2026-08-03T16:56:49.013Z LH:status Auditing: Elements with visible text labels have matching accessible names.
2026-08-03T16:56:49.015Z LH:status Auditing: Form elements have associated labels
2026-08-03T16:56:49.016Z LH:status Auditing: Document has a main landmark.
2026-08-03T16:56:49.017Z LH:status Auditing: Links have a discernible name
2026-08-03T16:56:49.018Z LH:status Auditing: Links are distinguishable without relying on color.
2026-08-03T16:56:49.019Z LH:status Auditing: Lists contain only `<li>` elements and script supporting elements (`<script>` and `<template>`).
2026-08-03T16:56:49.021Z LH:status Auditing: List items (`<li>`) are contained within `<ul>`, `<ol>` or `<menu>` parent elements
2026-08-03T16:56:49.022Z LH:status Auditing: The document does not use `<meta http-equiv="refresh">`
2026-08-03T16:56:49.023Z LH:status Auditing: `[user-scalable="no"]` is not used in the `<meta name="viewport">` element and the `[maximum-scale]` attribute is not less than 5.
2026-08-03T16:56:49.024Z LH:status Auditing: `<object>` elements have alternate text
2026-08-03T16:56:49.025Z LH:status Auditing: Select elements have associated label elements.
2026-08-03T16:56:49.026Z LH:status Auditing: Skip links are focusable.
2026-08-03T16:56:49.027Z LH:status Auditing: No element has a `[tabindex]` value greater than 0
2026-08-03T16:56:49.028Z LH:status Auditing: Tables have different content in the summary attribute and `<caption>`.
2026-08-03T16:56:49.029Z LH:status Auditing: Tables use `<caption>` instead of cells with the `[colspan]` attribute to indicate a caption.
2026-08-03T16:56:49.031Z LH:status Auditing: Touch targets have sufficient size and spacing.
2026-08-03T16:56:49.032Z LH:status Auditing: `<td>` elements in a large `<table>` have one or more table headers.
2026-08-03T16:56:49.033Z LH:status Auditing: Cells in a `<table>` element that use the `[headers]` attribute refer to table cells within the same table.
2026-08-03T16:56:49.034Z LH:status Auditing: `<th>` elements and elements with `[role="columnheader"/"rowheader"]` have data cells they describe.
2026-08-03T16:56:49.035Z LH:status Auditing: `[lang]` attributes have a valid value
2026-08-03T16:56:49.037Z LH:status Auditing: `<video>` elements contain a `<track>` element with `[kind="captions"]`
2026-08-03T16:56:49.038Z LH:status Auditing: Custom controls have associated labels
2026-08-03T16:56:49.038Z LH:status Auditing: Custom controls have ARIA roles
2026-08-03T16:56:49.038Z LH:status Auditing: User focus is not accidentally trapped in a region
2026-08-03T16:56:49.038Z LH:status Auditing: Interactive controls are keyboard focusable
2026-08-03T16:56:49.038Z LH:status Auditing: Interactive elements indicate their purpose and state
2026-08-03T16:56:49.038Z LH:status Auditing: The page has a logical tab order
2026-08-03T16:56:49.038Z LH:status Auditing: The user's focus is directed to new content added to the page
2026-08-03T16:56:49.038Z LH:status Auditing: Offscreen content is hidden from assistive technology
2026-08-03T16:56:49.038Z LH:status Auditing: HTML5 landmark elements are used to improve navigation
2026-08-03T16:56:49.038Z LH:status Auditing: Visual order on the page follows DOM order
2026-08-03T16:56:49.038Z LH:status Auditing: `autocomplete` attributes are used correctly
2026-08-03T16:56:49.039Z LH:status Auditing: Elements with `role="none"` or `role="presentation"` do not have conflicts
2026-08-03T16:56:49.040Z LH:status Auditing: SVG elements with an `img` role have an accessible text alternative
2026-08-03T16:56:49.041Z LH:status Auditing: Avoids enormous network payloads
2026-08-03T16:56:49.042Z LH:status Auditing: Minify CSS
2026-08-03T16:56:49.061Z LH:status Auditing: Minify JavaScript
2026-08-03T16:56:49.084Z LH:status Auditing: Reduce unused CSS
2026-08-03T16:56:49.086Z LH:status Auditing: Reduce unused JavaScript
2026-08-03T16:56:49.089Z LH:status Auditing: Page has the HTML doctype
2026-08-03T16:56:49.090Z LH:status Auditing: Properly defines charset
2026-08-03T16:56:49.090Z LH:status Auditing: Avoids requesting the geolocation permission on page load
2026-08-03T16:56:49.091Z LH:status Auditing: No issues in the `Issues` panel in Chrome Devtools
2026-08-03T16:56:49.091Z LH:status Auditing: Detected JavaScript libraries
2026-08-03T16:56:49.092Z LH:status Auditing: Avoids requesting the notification permission on page load
2026-08-03T16:56:49.092Z LH:status Auditing: Allows users to paste into input fields
2026-08-03T16:56:49.093Z LH:status Auditing: Baseline Features
2026-08-03T16:56:49.094Z LH:status Auditing: Document has a meta description
2026-08-03T16:56:49.095Z LH:status Auditing: Page has successful HTTP status code
2026-08-03T16:56:49.095Z LH:status Auditing: Links have descriptive text
2026-08-03T16:56:49.096Z LH:status Auditing: Links are crawlable
2026-08-03T16:56:49.096Z LH:status Auditing: Page isn’t blocked from indexing
2026-08-03T16:56:49.098Z LH:status Auditing: robots.txt is valid
2026-08-03T16:56:49.098Z LH:status Auditing: Document has a valid `hreflang`
2026-08-03T16:56:49.099Z LH:status Auditing: Document has a valid `rel=canonical`
2026-08-03T16:56:49.103Z LH:status Auditing: Structured data is valid
2026-08-03T16:56:49.104Z LH:status Auditing: Page didn't prevent back/forward cache restoration
2026-08-03T16:56:49.104Z LH:status Auditing: Use efficient cache lifetimes
2026-08-03T16:56:49.105Z LH:status Auditing: Layout shift culprits
2026-08-03T16:56:49.105Z LH:status Auditing: Document request latency
2026-08-03T16:56:49.106Z LH:status Auditing: Optimize DOM size
2026-08-03T16:56:49.107Z LH:status Auditing: Duplicated JavaScript
2026-08-03T16:56:49.108Z LH:status Auditing: Font display
2026-08-03T16:56:49.109Z LH:status Auditing: Forced reflow
2026-08-03T16:56:49.109Z LH:status Auditing: Improve image delivery
2026-08-03T16:56:49.110Z LH:status Auditing: INP breakdown
2026-08-03T16:56:49.111Z LH:status Auditing: LCP breakdown
2026-08-03T16:56:49.111Z LH:status Auditing: LCP request discovery
2026-08-03T16:56:49.112Z LH:status Auditing: Legacy JavaScript
2026-08-03T16:56:49.113Z LH:status Auditing: Modern HTTP
2026-08-03T16:56:49.113Z LH:status Auditing: Network dependency tree
2026-08-03T16:56:49.114Z LH:status Auditing: Render-blocking requests
2026-08-03T16:56:49.115Z LH:status Auditing: 3rd parties
2026-08-03T16:56:49.120Z LH:status Auditing: Optimize viewport for mobile
2026-08-03T16:56:49.120Z LH:status Generating results...
2026-08-03T16:56:49.138Z LH:Printer json output written to /home/mihai/ROVEXO/docs/releases/rc4/evidence/lighthouse/category-mobile-rc4b.report.json
2026-08-03T16:56:49.139Z LH:Printer html output written to /home/mihai/ROVEXO/docs/releases/rc4/evidence/lighthouse/category-mobile-rc4b.report.html
2026-08-03T16:56:49.139Z LH:CLI Protip: Run lighthouse with `--view` to immediately open the HTML report in your browser
