npm warn Unknown env config "devdir". This will stop working in the next major version of npm. See `npm help npmrc` for supported config options.
2026-08-03T16:43:27.499Z LH:ChromeLauncher Found existing Chrome already running using port 9222, using that.
2026-08-03T16:43:27.788Z LH:status Connecting to browser
2026-08-03T16:43:27.794Z LH:status Navigating to about:blank
2026-08-03T16:43:27.798Z LH:status Benchmarking machine
2026-08-03T16:43:28.801Z LH:status Host device pixel ratio
2026-08-03T16:43:28.803Z LH:status Preparing target for navigation mode
2026-08-03T16:43:28.814Z LH:status Preparing network conditions
2026-08-03T16:43:28.852Z LH:status Navigating to http://127.0.0.1:3000/listing/marketplace-refund-item-1785774719350-msdg5shg
2026-08-03T16:43:35.530Z LH:status Getting artifact: DevtoolsLog
2026-08-03T16:43:35.530Z LH:status Getting artifact: Trace
2026-08-03T16:43:35.530Z LH:status Getting artifact: Accessibility
2026-08-03T16:43:35.696Z LH:status Getting artifact: AnchorElements
2026-08-03T16:43:35.707Z LH:status Getting artifact: ConsoleMessages
2026-08-03T16:43:35.707Z LH:status Getting artifact: CSSUsage
2026-08-03T16:43:35.888Z LH:status Getting artifact: Doctype
2026-08-03T16:43:35.890Z LH:status Getting artifact: Inputs
2026-08-03T16:43:35.892Z LH:status Getting artifact: ImageElements
2026-08-03T16:43:36.071Z LH:status Getting artifact: InspectorIssues
2026-08-03T16:43:36.072Z LH:status Getting artifact: JsUsage
2026-08-03T16:43:36.072Z LH:status Getting artifact: LinkElements
2026-08-03T16:43:36.076Z LH:status Getting artifact: MainDocumentContent
2026-08-03T16:43:36.083Z LH:status Getting artifact: MetaElements
2026-08-03T16:43:36.086Z LH:status Getting artifact: NetworkUserAgent
2026-08-03T16:43:36.086Z LH:status Getting artifact: RobotsTxt
2026-08-03T16:43:36.093Z LH:status Getting artifact: Scripts
2026-08-03T16:43:36.094Z LH:status Getting artifact: SourceMaps
2026-08-03T16:43:36.094Z LH:status Getting artifact: Stacks
2026-08-03T16:43:36.094Z LH:status Collect stacks
2026-08-03T16:43:36.101Z LH:status Getting artifact: Stylesheets
2026-08-03T16:43:36.182Z LH:status Getting artifact: TraceElements
2026-08-03T16:43:36.211Z LH:status Trace Engine total
2026-08-03T16:43:36.211Z LH:status Trace Engine parse
2026-08-03T16:43:36.212Z LH:status Trace Engine parse:handleEvent
2026-08-03T16:43:36.282Z LH:status Trace Engine parse:Meta:finalize
2026-08-03T16:43:36.284Z LH:status Trace Engine parse:AnimationFrames:finalize
2026-08-03T16:43:36.285Z LH:status Trace Engine parse:Animations:finalize
2026-08-03T16:43:36.288Z LH:status Trace Engine parse:Samples:finalize
2026-08-03T16:43:36.290Z LH:status Trace Engine parse:AuctionWorklets:finalize
2026-08-03T16:43:36.291Z LH:status Trace Engine parse:NetworkRequests:finalize
2026-08-03T16:43:36.294Z LH:status Trace Engine parse:Renderer:finalize
2026-08-03T16:43:36.305Z LH:status Trace Engine parse:Flows:finalize
2026-08-03T16:43:36.315Z LH:status Trace Engine parse:AsyncJSCalls:finalize
2026-08-03T16:43:36.317Z LH:status Trace Engine parse:DOMStats:finalize
2026-08-03T16:43:36.318Z LH:status Trace Engine parse:UserTimings:finalize
2026-08-03T16:43:36.319Z LH:status Trace Engine parse:ExtensionTraceData:finalize
2026-08-03T16:43:36.321Z LH:status Trace Engine parse:LayerTree:finalize
2026-08-03T16:43:36.323Z LH:status Trace Engine parse:Frames:finalize
2026-08-03T16:43:36.329Z LH:status Trace Engine parse:GPU:finalize
2026-08-03T16:43:36.331Z LH:status Trace Engine parse:ImagePainting:finalize
2026-08-03T16:43:36.333Z LH:status Trace Engine parse:Initiators:finalize
2026-08-03T16:43:36.334Z LH:status Trace Engine parse:Invalidations:finalize
2026-08-03T16:43:36.336Z LH:status Trace Engine parse:PageLoadMetrics:finalize
2026-08-03T16:43:36.337Z LH:status Trace Engine parse:LargestImagePaint:finalize
2026-08-03T16:43:36.339Z LH:status Trace Engine parse:LargestTextPaint:finalize
2026-08-03T16:43:36.340Z LH:status Trace Engine parse:Screenshots:finalize
2026-08-03T16:43:36.345Z LH:status Trace Engine parse:LayoutShifts:finalize
2026-08-03T16:43:36.347Z LH:status Trace Engine parse:Memory:finalize
2026-08-03T16:43:36.348Z LH:status Trace Engine parse:PageFrames:finalize
2026-08-03T16:43:36.349Z LH:status Trace Engine parse:Scripts:finalize
2026-08-03T16:43:36.351Z LH:status Trace Engine parse:SelectorStats:finalize
2026-08-03T16:43:36.352Z LH:status Trace Engine parse:UserInteractions:finalize
2026-08-03T16:43:36.353Z LH:status Trace Engine parse:Workers:finalize
2026-08-03T16:43:36.355Z LH:status Trace Engine parse:Warnings:finalize
2026-08-03T16:43:36.356Z LH:status Trace Engine parse:handler.data()
2026-08-03T16:43:36.356Z LH:status Trace Engine insights
2026-08-03T16:43:36.356Z LH:status Trace Engine insights:CLSCulprits
2026-08-03T16:43:36.357Z LH:status Trace Engine insights:Cache
2026-08-03T16:43:36.357Z LH:status Trace Engine insights:CharacterSet
2026-08-03T16:43:36.358Z LH:status Trace Engine insights:DOMSize
2026-08-03T16:43:36.358Z LH:status Trace Engine insights:DocumentLatency
2026-08-03T16:43:36.358Z LH:status Trace Engine insights:DuplicatedJavaScript
2026-08-03T16:43:36.358Z LH:status Trace Engine insights:FontDisplay
2026-08-03T16:43:36.359Z LH:status Trace Engine insights:ForcedReflow
2026-08-03T16:43:36.359Z LH:status Trace Engine insights:INPBreakdown
2026-08-03T16:43:36.359Z LH:status Trace Engine insights:ImageDelivery
2026-08-03T16:43:36.359Z LH:status Trace Engine insights:LCPBreakdown
2026-08-03T16:43:36.359Z LH:status Trace Engine insights:LCPDiscovery
2026-08-03T16:43:36.359Z LH:status Trace Engine insights:LegacyJavaScript
2026-08-03T16:43:36.360Z LH:status Trace Engine insights:ModernHTTP
2026-08-03T16:43:36.360Z LH:status Trace Engine insights:NetworkDependencyTree
2026-08-03T16:43:36.360Z LH:status Trace Engine insights:RenderBlocking
2026-08-03T16:43:36.360Z LH:status Trace Engine insights:SlowCSSSelector
2026-08-03T16:43:36.360Z LH:status Trace Engine insights:ThirdParties
2026-08-03T16:43:36.362Z LH:status Trace Engine insights:Viewport
2026-08-03T16:43:36.363Z LH:status Trace Engine insights:createLanternContext
2026-08-03T16:43:36.385Z LH:status Trace Engine insights:CLSCulprits
2026-08-03T16:43:36.386Z LH:status Trace Engine insights:Cache
2026-08-03T16:43:36.387Z LH:status Trace Engine insights:CharacterSet
2026-08-03T16:43:36.387Z LH:status Trace Engine insights:DOMSize
2026-08-03T16:43:36.387Z LH:status Trace Engine insights:DocumentLatency
2026-08-03T16:43:36.387Z LH:status Trace Engine insights:DuplicatedJavaScript
2026-08-03T16:43:36.388Z LH:status Trace Engine insights:FontDisplay
2026-08-03T16:43:36.388Z LH:status Trace Engine insights:ForcedReflow
2026-08-03T16:43:36.388Z LH:status Trace Engine insights:INPBreakdown
2026-08-03T16:43:36.388Z LH:status Trace Engine insights:ImageDelivery
2026-08-03T16:43:36.388Z LH:status Trace Engine insights:LCPBreakdown
2026-08-03T16:43:36.388Z LH:status Trace Engine insights:LCPDiscovery
2026-08-03T16:43:36.388Z LH:status Trace Engine insights:LegacyJavaScript
2026-08-03T16:43:36.429Z LH:status Trace Engine insights:ModernHTTP
2026-08-03T16:43:36.430Z LH:status Trace Engine insights:NetworkDependencyTree
2026-08-03T16:43:36.432Z LH:status Trace Engine insights:RenderBlocking
2026-08-03T16:43:36.432Z LH:status Trace Engine insights:SlowCSSSelector
2026-08-03T16:43:36.432Z LH:status Trace Engine insights:ThirdParties
2026-08-03T16:43:36.440Z LH:status Trace Engine insights:Viewport
2026-08-03T16:43:36.470Z LH:method <= browser ERR:error DOM.resolveNode 
2026-08-03T16:43:36.471Z LH:method <= browser ERR:error DOM.resolveNode 
2026-08-03T16:43:36.472Z LH:method <= browser ERR:error DOM.resolveNode 
2026-08-03T16:43:36.472Z LH:method <= browser ERR:error DOM.resolveNode 
2026-08-03T16:43:36.473Z LH:method <= browser ERR:error DOM.resolveNode 
2026-08-03T16:43:36.473Z LH:method <= browser ERR:error DOM.resolveNode 
2026-08-03T16:43:36.474Z LH:method <= browser ERR:error DOM.resolveNode 
2026-08-03T16:43:36.475Z LH:method <= browser ERR:error DOM.resolveNode 
2026-08-03T16:43:36.476Z LH:method <= browser ERR:error DOM.resolveNode 
2026-08-03T16:43:36.476Z LH:method <= browser ERR:error DOM.resolveNode 
2026-08-03T16:43:36.477Z LH:method <= browser ERR:error DOM.resolveNode 
2026-08-03T16:43:36.478Z LH:method <= browser ERR:error DOM.resolveNode 
2026-08-03T16:43:36.478Z LH:method <= browser ERR:error DOM.resolveNode 
2026-08-03T16:43:36.479Z LH:method <= browser ERR:error DOM.resolveNode 
2026-08-03T16:43:36.480Z LH:method <= browser ERR:error DOM.resolveNode 
2026-08-03T16:43:36.480Z LH:method <= browser ERR:error DOM.resolveNode 
2026-08-03T16:43:36.481Z LH:method <= browser ERR:error DOM.resolveNode 
2026-08-03T16:43:36.482Z LH:method <= browser ERR:error DOM.resolveNode 
2026-08-03T16:43:36.483Z LH:method <= browser ERR:error DOM.resolveNode 
2026-08-03T16:43:36.483Z LH:method <= browser ERR:error DOM.resolveNode 
2026-08-03T16:43:36.484Z LH:method <= browser ERR:error DOM.resolveNode 
2026-08-03T16:43:36.485Z LH:method <= browser ERR:error DOM.resolveNode 
2026-08-03T16:43:36.485Z LH:method <= browser ERR:error DOM.resolveNode 
2026-08-03T16:43:36.486Z LH:method <= browser ERR:error DOM.resolveNode 
2026-08-03T16:43:36.487Z LH:method <= browser ERR:error DOM.resolveNode 
2026-08-03T16:43:36.487Z LH:method <= browser ERR:error DOM.resolveNode 
2026-08-03T16:43:36.488Z LH:method <= browser ERR:error DOM.resolveNode 
2026-08-03T16:43:36.488Z LH:method <= browser ERR:error DOM.resolveNode 
2026-08-03T16:43:36.489Z LH:method <= browser ERR:error DOM.resolveNode 
2026-08-03T16:43:36.490Z LH:method <= browser ERR:error DOM.resolveNode 
2026-08-03T16:43:36.490Z LH:method <= browser ERR:error DOM.resolveNode 
2026-08-03T16:43:36.491Z LH:method <= browser ERR:error DOM.resolveNode 
2026-08-03T16:43:36.492Z LH:method <= browser ERR:error DOM.resolveNode 
2026-08-03T16:43:36.492Z LH:method <= browser ERR:error DOM.resolveNode 
2026-08-03T16:43:36.493Z LH:method <= browser ERR:error DOM.resolveNode 
2026-08-03T16:43:36.494Z LH:method <= browser ERR:error DOM.resolveNode 
2026-08-03T16:43:36.494Z LH:method <= browser ERR:error DOM.resolveNode 
2026-08-03T16:43:36.495Z LH:method <= browser ERR:error DOM.resolveNode 
2026-08-03T16:43:36.496Z LH:method <= browser ERR:error DOM.resolveNode 
2026-08-03T16:43:36.496Z LH:method <= browser ERR:error DOM.resolveNode 
2026-08-03T16:43:36.497Z LH:method <= browser ERR:error DOM.resolveNode 
2026-08-03T16:43:36.498Z LH:method <= browser ERR:error DOM.resolveNode 
2026-08-03T16:43:36.498Z LH:method <= browser ERR:error DOM.resolveNode 
2026-08-03T16:43:36.499Z LH:method <= browser ERR:error DOM.resolveNode 
2026-08-03T16:43:36.500Z LH:method <= browser ERR:error DOM.resolveNode 
2026-08-03T16:43:36.500Z LH:method <= browser ERR:error DOM.resolveNode 
2026-08-03T16:43:36.501Z LH:method <= browser ERR:error DOM.resolveNode 
2026-08-03T16:43:36.502Z LH:method <= browser ERR:error DOM.resolveNode 
2026-08-03T16:43:36.502Z LH:method <= browser ERR:error DOM.resolveNode 
2026-08-03T16:43:36.503Z LH:method <= browser ERR:error DOM.resolveNode 
2026-08-03T16:43:36.503Z LH:method <= browser ERR:error DOM.resolveNode 
2026-08-03T16:43:36.504Z LH:method <= browser ERR:error DOM.resolveNode 
2026-08-03T16:43:36.505Z LH:method <= browser ERR:error DOM.resolveNode 
2026-08-03T16:43:36.505Z LH:method <= browser ERR:error DOM.resolveNode 
2026-08-03T16:43:36.506Z LH:method <= browser ERR:error DOM.resolveNode 
2026-08-03T16:43:36.507Z LH:method <= browser ERR:error DOM.resolveNode 
2026-08-03T16:43:36.507Z LH:method <= browser ERR:error DOM.resolveNode 
2026-08-03T16:43:36.508Z LH:method <= browser ERR:error DOM.resolveNode 
2026-08-03T16:43:36.509Z LH:method <= browser ERR:error DOM.resolveNode 
2026-08-03T16:43:36.509Z LH:method <= browser ERR:error DOM.resolveNode 
2026-08-03T16:43:36.510Z LH:method <= browser ERR:error DOM.resolveNode 
2026-08-03T16:43:36.511Z LH:method <= browser ERR:error DOM.resolveNode 
2026-08-03T16:43:36.528Z LH:method <= browser ERR:error DOM.resolveNode 
2026-08-03T16:43:36.528Z LH:method <= browser ERR:error DOM.resolveNode 
2026-08-03T16:43:36.529Z LH:method <= browser ERR:error DOM.resolveNode 
2026-08-03T16:43:36.530Z LH:method <= browser ERR:error DOM.resolveNode 
2026-08-03T16:43:36.530Z LH:method <= browser ERR:error DOM.resolveNode 
2026-08-03T16:43:36.531Z LH:method <= browser ERR:error DOM.resolveNode 
2026-08-03T16:43:36.531Z LH:method <= browser ERR:error DOM.resolveNode 
2026-08-03T16:43:36.532Z LH:method <= browser ERR:error DOM.resolveNode 
2026-08-03T16:43:36.533Z LH:method <= browser ERR:error DOM.resolveNode 
2026-08-03T16:43:36.534Z LH:method <= browser ERR:error DOM.resolveNode 
2026-08-03T16:43:36.534Z LH:method <= browser ERR:error DOM.resolveNode 
2026-08-03T16:43:36.535Z LH:method <= browser ERR:error DOM.resolveNode 
2026-08-03T16:43:36.536Z LH:method <= browser ERR:error DOM.resolveNode 
2026-08-03T16:43:36.536Z LH:method <= browser ERR:error DOM.resolveNode 
2026-08-03T16:43:36.537Z LH:method <= browser ERR:error DOM.resolveNode 
2026-08-03T16:43:36.537Z LH:method <= browser ERR:error DOM.resolveNode 
2026-08-03T16:43:36.538Z LH:method <= browser ERR:error DOM.resolveNode 
2026-08-03T16:43:36.539Z LH:method <= browser ERR:error DOM.resolveNode 
2026-08-03T16:43:36.539Z LH:method <= browser ERR:error DOM.resolveNode 
2026-08-03T16:43:36.540Z LH:method <= browser ERR:error DOM.resolveNode 
2026-08-03T16:43:36.541Z LH:method <= browser ERR:error DOM.resolveNode 
2026-08-03T16:43:36.542Z LH:method <= browser ERR:error DOM.resolveNode 
2026-08-03T16:43:36.542Z LH:status Getting artifact: ViewportDimensions
2026-08-03T16:43:36.543Z LH:status Getting artifact: FullPageScreenshot
2026-08-03T16:43:37.636Z LH:status Getting artifact: BFCacheFailures
2026-08-03T16:43:37.888Z LH:status Analyzing and running audits...
2026-08-03T16:43:37.888Z LH:status Auditing: Uses HTTPS
2026-08-03T16:43:37.889Z LH:status Auditing: Redirects HTTP traffic to HTTPS
2026-08-03T16:43:37.890Z LH:status Auditing: First Contentful Paint
2026-08-03T16:43:37.900Z LH:status Auditing: Largest Contentful Paint
2026-08-03T16:43:37.902Z LH:status Auditing: Speed Index
2026-08-03T16:43:37.931Z LH:status Auditing: Screenshot Thumbnails
2026-08-03T16:43:37.932Z LH:status Auditing: Final Screenshot
2026-08-03T16:43:37.933Z LH:status Auditing: Total Blocking Time
2026-08-03T16:43:37.936Z LH:status Auditing: Max Potential First Input Delay
2026-08-03T16:43:37.939Z LH:status Auditing: Cumulative Layout Shift
2026-08-03T16:43:37.940Z LH:status Auditing: No browser errors logged to the console
2026-08-03T16:43:37.941Z LH:status Auditing: Initial server response time was short
2026-08-03T16:43:37.942Z LH:status Auditing: Time to Interactive
2026-08-03T16:43:37.942Z LH:status Auditing: User Timing marks and measures
2026-08-03T16:43:37.945Z LH:status Auditing: Avoid multiple page redirects
2026-08-03T16:43:37.947Z LH:status Auditing: Displays images with correct aspect ratio
2026-08-03T16:43:37.947Z LH:status Auditing: Serves images with appropriate resolution
2026-08-03T16:43:37.948Z LH:status Auditing: Avoids deprecated APIs
2026-08-03T16:43:37.949Z LH:status Auditing: Avoids third-party cookies
2026-08-03T16:43:37.950Z LH:status Auditing: Minimizes main-thread work
2026-08-03T16:43:37.973Z LH:status Auditing: JavaScript execution time
2026-08-03T16:43:37.982Z LH:status Auditing: Diagnostics
2026-08-03T16:43:37.983Z LH:status Auditing: Network Requests
2026-08-03T16:43:37.985Z LH:status Auditing: Network Round Trip Times
2026-08-03T16:43:37.986Z LH:status Auditing: Server Backend Latencies
2026-08-03T16:43:37.986Z LH:status Auditing: Tasks
2026-08-03T16:43:37.987Z LH:status Auditing: Metrics
2026-08-03T16:43:37.989Z LH:status Auditing: Resources Summary
2026-08-03T16:43:37.990Z LH:status Auditing: Avoid large layout shifts
2026-08-03T16:43:37.991Z LH:status Auditing: Avoid long main-thread tasks
2026-08-03T16:43:37.994Z LH:status Auditing: Avoid non-composited animations
2026-08-03T16:43:37.995Z LH:status Auditing: Image elements have explicit `width` and `height`
2026-08-03T16:43:37.996Z LH:status Auditing: Page has valid source maps
2026-08-03T16:43:37.996Z LH:status Auditing: Ensure CSP is effective against XSS attacks
2026-08-03T16:43:37.999Z LH:status Auditing: Use a strong HSTS policy
2026-08-03T16:43:37.999Z LH:status Auditing: Ensure proper origin isolation with COOP
2026-08-03T16:43:38.000Z LH:status Auditing: Mitigate clickjacking with XFO or CSP
2026-08-03T16:43:38.000Z LH:status Auditing: Mitigate DOM-based XSS with Trusted Types
2026-08-03T16:43:38.001Z LH:status Auditing: Script Treemap Data
2026-08-03T16:43:38.021Z LH:status Auditing: `[accesskey]` values are unique
2026-08-03T16:43:38.022Z LH:status Auditing: `[aria-*]` attributes match their roles
2026-08-03T16:43:38.023Z LH:status Auditing: Uses ARIA roles only on compatible elements
2026-08-03T16:43:38.024Z LH:status Auditing: `button`, `link`, and `menuitem` elements have accessible names
2026-08-03T16:43:38.025Z LH:status Auditing: ARIA attributes are used as specified for the element's role
2026-08-03T16:43:38.026Z LH:status Auditing: Deprecated ARIA roles were not used
2026-08-03T16:43:38.027Z LH:status Auditing: Elements with `role="dialog"` or `role="alertdialog"` have accessible names.
2026-08-03T16:43:38.028Z LH:status Auditing: `[aria-hidden="true"]` is not present on the document `<body>`
2026-08-03T16:43:38.029Z LH:status Auditing: `[aria-hidden="true"]` elements do not contain focusable descendents
2026-08-03T16:43:38.031Z LH:status Auditing: ARIA input fields have accessible names
2026-08-03T16:43:38.031Z LH:status Auditing: ARIA `meter` elements have accessible names
2026-08-03T16:43:38.031Z LH:status Auditing: ARIA `progressbar` elements have accessible names
2026-08-03T16:43:38.032Z LH:status Auditing: Elements use only permitted ARIA attributes
2026-08-03T16:43:38.033Z LH:status Auditing: `[role]`s have all required `[aria-*]` attributes
2026-08-03T16:43:38.034Z LH:status Auditing: Elements with an ARIA `[role]` that require children to contain a specific `[role]` have all required children.
2026-08-03T16:43:38.035Z LH:status Auditing: `[role]`s are contained by their required parent element
2026-08-03T16:43:38.035Z LH:status Auditing: `[role]` values are valid
2026-08-03T16:43:38.037Z LH:status Auditing: Elements with the `role=text` attribute do not have focusable descendents.
2026-08-03T16:43:38.037Z LH:status Auditing: ARIA toggle fields have accessible names
2026-08-03T16:43:38.038Z LH:status Auditing: ARIA `tooltip` elements have accessible names
2026-08-03T16:43:38.038Z LH:status Auditing: ARIA `treeitem` elements have accessible names
2026-08-03T16:43:38.039Z LH:status Auditing: `[aria-*]` attributes have valid values
2026-08-03T16:43:38.040Z LH:status Auditing: `[aria-*]` attributes are valid and not misspelled
2026-08-03T16:43:38.041Z LH:status Auditing: Buttons have an accessible name
2026-08-03T16:43:38.043Z LH:status Auditing: The page contains a heading, skip link, or landmark region
2026-08-03T16:43:38.044Z LH:status Auditing: Background and foreground colors have a sufficient contrast ratio
2026-08-03T16:43:38.045Z LH:status Auditing: `<dl>`'s contain only properly-ordered `<dt>` and `<dd>` groups, `<script>`, `<template>` or `<div>` elements.
2026-08-03T16:43:38.046Z LH:status Auditing: Definition list items are wrapped in `<dl>` elements
2026-08-03T16:43:38.046Z LH:status Auditing: Document has a `<title>` element
2026-08-03T16:43:38.048Z LH:status Auditing: ARIA IDs are unique
2026-08-03T16:43:38.049Z LH:status Auditing: All heading elements contain content.
2026-08-03T16:43:38.050Z LH:status Auditing: No form fields have multiple labels
2026-08-03T16:43:38.051Z LH:status Auditing: `<frame>` or `<iframe>` elements have a title
2026-08-03T16:43:38.052Z LH:status Auditing: Heading elements appear in a sequentially-descending order
2026-08-03T16:43:38.053Z LH:status Auditing: `<html>` element has a `[lang]` attribute
2026-08-03T16:43:38.054Z LH:status Auditing: `<html>` element has a valid value for its `[lang]` attribute
2026-08-03T16:43:38.055Z LH:status Auditing: `<html>` element has an `[xml:lang]` attribute with the same base language as the `[lang]` attribute.
2026-08-03T16:43:38.059Z LH:status Auditing: Identical links have the same purpose.
2026-08-03T16:43:38.060Z LH:status Auditing: Image elements have `[alt]` attributes
2026-08-03T16:43:38.061Z LH:status Auditing: Image elements do not have `[alt]` attributes that are redundant text.
2026-08-03T16:43:38.063Z LH:status Auditing: Input buttons have discernible text.
2026-08-03T16:43:38.063Z LH:status Auditing: `<input type="image">` elements have `[alt]` text
2026-08-03T16:43:38.064Z LH:status Auditing: Elements with visible text labels have matching accessible names.
2026-08-03T16:43:38.065Z LH:status Auditing: Form elements have associated labels
2026-08-03T16:43:38.066Z LH:status Auditing: Document has a main landmark.
2026-08-03T16:43:38.067Z LH:status Auditing: Links have a discernible name
2026-08-03T16:43:38.068Z LH:status Auditing: Links are distinguishable without relying on color.
2026-08-03T16:43:38.070Z LH:status Auditing: Lists contain only `<li>` elements and script supporting elements (`<script>` and `<template>`).
2026-08-03T16:43:38.071Z LH:status Auditing: List items (`<li>`) are contained within `<ul>`, `<ol>` or `<menu>` parent elements
2026-08-03T16:43:38.072Z LH:status Auditing: The document does not use `<meta http-equiv="refresh">`
2026-08-03T16:43:38.073Z LH:status Auditing: `[user-scalable="no"]` is not used in the `<meta name="viewport">` element and the `[maximum-scale]` attribute is not less than 5.
2026-08-03T16:43:38.074Z LH:status Auditing: `<object>` elements have alternate text
2026-08-03T16:43:38.075Z LH:status Auditing: Select elements have associated label elements.
2026-08-03T16:43:38.076Z LH:status Auditing: Skip links are focusable.
2026-08-03T16:43:38.077Z LH:status Auditing: No element has a `[tabindex]` value greater than 0
2026-08-03T16:43:38.078Z LH:status Auditing: Tables have different content in the summary attribute and `<caption>`.
2026-08-03T16:43:38.079Z LH:status Auditing: Tables use `<caption>` instead of cells with the `[colspan]` attribute to indicate a caption.
2026-08-03T16:43:38.080Z LH:status Auditing: Touch targets have sufficient size and spacing.
2026-08-03T16:43:38.081Z LH:status Auditing: `<td>` elements in a large `<table>` have one or more table headers.
2026-08-03T16:43:38.082Z LH:status Auditing: Cells in a `<table>` element that use the `[headers]` attribute refer to table cells within the same table.
2026-08-03T16:43:38.083Z LH:status Auditing: `<th>` elements and elements with `[role="columnheader"/"rowheader"]` have data cells they describe.
2026-08-03T16:43:38.084Z LH:status Auditing: `[lang]` attributes have a valid value
2026-08-03T16:43:38.085Z LH:status Auditing: `<video>` elements contain a `<track>` element with `[kind="captions"]`
2026-08-03T16:43:38.086Z LH:status Auditing: Custom controls have associated labels
2026-08-03T16:43:38.086Z LH:status Auditing: Custom controls have ARIA roles
2026-08-03T16:43:38.086Z LH:status Auditing: User focus is not accidentally trapped in a region
2026-08-03T16:43:38.086Z LH:status Auditing: Interactive controls are keyboard focusable
2026-08-03T16:43:38.086Z LH:status Auditing: Interactive elements indicate their purpose and state
2026-08-03T16:43:38.086Z LH:status Auditing: The page has a logical tab order
2026-08-03T16:43:38.087Z LH:status Auditing: The user's focus is directed to new content added to the page
2026-08-03T16:43:38.087Z LH:status Auditing: Offscreen content is hidden from assistive technology
2026-08-03T16:43:38.087Z LH:status Auditing: HTML5 landmark elements are used to improve navigation
2026-08-03T16:43:38.087Z LH:status Auditing: Visual order on the page follows DOM order
2026-08-03T16:43:38.087Z LH:status Auditing: `autocomplete` attributes are used correctly
2026-08-03T16:43:38.087Z LH:status Auditing: Elements with `role="none"` or `role="presentation"` do not have conflicts
2026-08-03T16:43:38.089Z LH:status Auditing: SVG elements with an `img` role have an accessible text alternative
2026-08-03T16:43:38.090Z LH:status Auditing: Avoids enormous network payloads
2026-08-03T16:43:38.091Z LH:status Auditing: Minify CSS
2026-08-03T16:43:38.108Z LH:status Auditing: Minify JavaScript
2026-08-03T16:43:38.138Z LH:status Auditing: Reduce unused CSS
2026-08-03T16:43:38.140Z LH:status Auditing: Reduce unused JavaScript
2026-08-03T16:43:38.143Z LH:status Auditing: Page has the HTML doctype
2026-08-03T16:43:38.144Z LH:status Auditing: Properly defines charset
2026-08-03T16:43:38.144Z LH:status Auditing: Avoids requesting the geolocation permission on page load
2026-08-03T16:43:38.145Z LH:status Auditing: No issues in the `Issues` panel in Chrome Devtools
2026-08-03T16:43:38.145Z LH:status Auditing: Detected JavaScript libraries
2026-08-03T16:43:38.146Z LH:status Auditing: Avoids requesting the notification permission on page load
2026-08-03T16:43:38.147Z LH:status Auditing: Allows users to paste into input fields
2026-08-03T16:43:38.147Z LH:status Auditing: Baseline Features
2026-08-03T16:43:38.150Z LH:status Auditing: Document has a meta description
2026-08-03T16:43:38.151Z LH:status Auditing: Page has successful HTTP status code
2026-08-03T16:43:38.151Z LH:status Auditing: Links have descriptive text
2026-08-03T16:43:38.152Z LH:status Auditing: Links are crawlable
2026-08-03T16:43:38.152Z LH:status Auditing: Page isn’t blocked from indexing
2026-08-03T16:43:38.154Z LH:status Auditing: robots.txt is valid
2026-08-03T16:43:38.155Z LH:status Auditing: Document has a valid `hreflang`
2026-08-03T16:43:38.155Z LH:status Auditing: Document has a valid `rel=canonical`
2026-08-03T16:43:38.156Z LH:status Auditing: Structured data is valid
2026-08-03T16:43:38.156Z LH:status Auditing: Page didn't prevent back/forward cache restoration
2026-08-03T16:43:38.157Z LH:status Auditing: Use efficient cache lifetimes
2026-08-03T16:43:38.157Z LH:status Auditing: Layout shift culprits
2026-08-03T16:43:38.158Z LH:status Auditing: Document request latency
2026-08-03T16:43:38.159Z LH:status Auditing: Optimize DOM size
2026-08-03T16:43:38.160Z LH:status Auditing: Duplicated JavaScript
2026-08-03T16:43:38.160Z LH:status Auditing: Font display
2026-08-03T16:43:38.161Z LH:status Auditing: Forced reflow
2026-08-03T16:43:38.162Z LH:status Auditing: Improve image delivery
2026-08-03T16:43:38.162Z LH:status Auditing: INP breakdown
2026-08-03T16:43:38.163Z LH:status Auditing: LCP breakdown
2026-08-03T16:43:38.164Z LH:status Auditing: LCP request discovery
2026-08-03T16:43:38.164Z LH:status Auditing: Legacy JavaScript
2026-08-03T16:43:38.165Z LH:status Auditing: Modern HTTP
2026-08-03T16:43:38.165Z LH:status Auditing: Network dependency tree
2026-08-03T16:43:38.166Z LH:status Auditing: Render-blocking requests
2026-08-03T16:43:38.167Z LH:status Auditing: 3rd parties
2026-08-03T16:43:38.177Z LH:status Auditing: Optimize viewport for mobile
2026-08-03T16:43:38.178Z LH:status Generating results...
2026-08-03T16:43:38.202Z LH:Printer json output written to /home/mihai/ROVEXO/docs/releases/rc4/evidence/lighthouse/listing-mobile.report.json
2026-08-03T16:43:38.204Z LH:Printer html output written to /home/mihai/ROVEXO/docs/releases/rc4/evidence/lighthouse/listing-mobile.report.html
2026-08-03T16:43:38.204Z LH:CLI Protip: Run lighthouse with `--view` to immediately open the HTML report in your browser
