npm warn Unknown env config "devdir". This will stop working in the next major version of npm. See `npm help npmrc` for supported config options.
2026-08-03T16:45:19.409Z LH:ChromeLauncher Found existing Chrome already running using port 9222, using that.
2026-08-03T16:45:19.696Z LH:status Connecting to browser
2026-08-03T16:45:19.701Z LH:status Navigating to about:blank
2026-08-03T16:45:19.705Z LH:status Benchmarking machine
2026-08-03T16:45:20.709Z LH:status Host device pixel ratio
2026-08-03T16:45:20.710Z LH:status Preparing target for navigation mode
2026-08-03T16:45:20.724Z LH:status Preparing network conditions
2026-08-03T16:45:20.741Z LH:status Navigating to http://127.0.0.1:3000/listing/marketplace-refund-item-1785774719350-msdg5shg
2026-08-03T16:45:24.220Z LH:status Getting artifact: DevtoolsLog
2026-08-03T16:45:24.220Z LH:status Getting artifact: Trace
2026-08-03T16:45:24.220Z LH:status Getting artifact: Accessibility
2026-08-03T16:45:24.373Z LH:status Getting artifact: AnchorElements
2026-08-03T16:45:24.384Z LH:status Getting artifact: ConsoleMessages
2026-08-03T16:45:24.384Z LH:status Getting artifact: CSSUsage
2026-08-03T16:45:24.565Z LH:status Getting artifact: Doctype
2026-08-03T16:45:24.566Z LH:status Getting artifact: Inputs
2026-08-03T16:45:24.568Z LH:status Getting artifact: ImageElements
2026-08-03T16:45:24.728Z LH:status Getting artifact: InspectorIssues
2026-08-03T16:45:24.728Z LH:status Getting artifact: JsUsage
2026-08-03T16:45:24.728Z LH:status Getting artifact: LinkElements
2026-08-03T16:45:24.733Z LH:status Getting artifact: MainDocumentContent
2026-08-03T16:45:24.739Z LH:status Getting artifact: MetaElements
2026-08-03T16:45:24.741Z LH:status Getting artifact: NetworkUserAgent
2026-08-03T16:45:24.741Z LH:status Getting artifact: RobotsTxt
2026-08-03T16:45:24.748Z LH:status Getting artifact: Scripts
2026-08-03T16:45:24.749Z LH:status Getting artifact: SourceMaps
2026-08-03T16:45:24.749Z LH:status Getting artifact: Stacks
2026-08-03T16:45:24.749Z LH:status Collect stacks
2026-08-03T16:45:24.756Z LH:status Getting artifact: Stylesheets
2026-08-03T16:45:24.821Z LH:status Getting artifact: TraceElements
2026-08-03T16:45:24.834Z LH:status Trace Engine total
2026-08-03T16:45:24.834Z LH:status Trace Engine parse
2026-08-03T16:45:24.834Z LH:status Trace Engine parse:handleEvent
2026-08-03T16:45:24.879Z LH:status Trace Engine parse:Meta:finalize
2026-08-03T16:45:24.882Z LH:status Trace Engine parse:AnimationFrames:finalize
2026-08-03T16:45:24.883Z LH:status Trace Engine parse:Animations:finalize
2026-08-03T16:45:24.885Z LH:status Trace Engine parse:Samples:finalize
2026-08-03T16:45:24.886Z LH:status Trace Engine parse:AuctionWorklets:finalize
2026-08-03T16:45:24.887Z LH:status Trace Engine parse:NetworkRequests:finalize
2026-08-03T16:45:24.890Z LH:status Trace Engine parse:Renderer:finalize
2026-08-03T16:45:24.900Z LH:status Trace Engine parse:Flows:finalize
2026-08-03T16:45:24.907Z LH:status Trace Engine parse:AsyncJSCalls:finalize
2026-08-03T16:45:24.909Z LH:status Trace Engine parse:DOMStats:finalize
2026-08-03T16:45:24.910Z LH:status Trace Engine parse:UserTimings:finalize
2026-08-03T16:45:24.911Z LH:status Trace Engine parse:ExtensionTraceData:finalize
2026-08-03T16:45:24.913Z LH:status Trace Engine parse:LayerTree:finalize
2026-08-03T16:45:24.914Z LH:status Trace Engine parse:Frames:finalize
2026-08-03T16:45:24.918Z LH:status Trace Engine parse:GPU:finalize
2026-08-03T16:45:24.919Z LH:status Trace Engine parse:ImagePainting:finalize
2026-08-03T16:45:24.921Z LH:status Trace Engine parse:Initiators:finalize
2026-08-03T16:45:24.922Z LH:status Trace Engine parse:Invalidations:finalize
2026-08-03T16:45:24.923Z LH:status Trace Engine parse:PageLoadMetrics:finalize
2026-08-03T16:45:24.925Z LH:status Trace Engine parse:LargestImagePaint:finalize
2026-08-03T16:45:24.926Z LH:status Trace Engine parse:LargestTextPaint:finalize
2026-08-03T16:45:24.927Z LH:status Trace Engine parse:Screenshots:finalize
2026-08-03T16:45:24.930Z LH:status Trace Engine parse:LayoutShifts:finalize
2026-08-03T16:45:24.932Z LH:status Trace Engine parse:Memory:finalize
2026-08-03T16:45:24.933Z LH:status Trace Engine parse:PageFrames:finalize
2026-08-03T16:45:24.934Z LH:status Trace Engine parse:Scripts:finalize
2026-08-03T16:45:24.936Z LH:status Trace Engine parse:SelectorStats:finalize
2026-08-03T16:45:24.937Z LH:status Trace Engine parse:UserInteractions:finalize
2026-08-03T16:45:24.939Z LH:status Trace Engine parse:Workers:finalize
2026-08-03T16:45:24.940Z LH:status Trace Engine parse:Warnings:finalize
2026-08-03T16:45:24.941Z LH:status Trace Engine parse:handler.data()
2026-08-03T16:45:24.942Z LH:status Trace Engine insights
2026-08-03T16:45:24.942Z LH:status Trace Engine insights:CLSCulprits
2026-08-03T16:45:24.942Z LH:status Trace Engine insights:Cache
2026-08-03T16:45:24.943Z LH:status Trace Engine insights:CharacterSet
2026-08-03T16:45:24.943Z LH:status Trace Engine insights:DOMSize
2026-08-03T16:45:24.943Z LH:status Trace Engine insights:DocumentLatency
2026-08-03T16:45:24.943Z LH:status Trace Engine insights:DuplicatedJavaScript
2026-08-03T16:45:24.944Z LH:status Trace Engine insights:FontDisplay
2026-08-03T16:45:24.944Z LH:status Trace Engine insights:ForcedReflow
2026-08-03T16:45:24.944Z LH:status Trace Engine insights:INPBreakdown
2026-08-03T16:45:24.944Z LH:status Trace Engine insights:ImageDelivery
2026-08-03T16:45:24.945Z LH:status Trace Engine insights:LCPBreakdown
2026-08-03T16:45:24.945Z LH:status Trace Engine insights:LCPDiscovery
2026-08-03T16:45:24.945Z LH:status Trace Engine insights:LegacyJavaScript
2026-08-03T16:45:24.945Z LH:status Trace Engine insights:ModernHTTP
2026-08-03T16:45:24.945Z LH:status Trace Engine insights:NetworkDependencyTree
2026-08-03T16:45:24.945Z LH:status Trace Engine insights:RenderBlocking
2026-08-03T16:45:24.945Z LH:status Trace Engine insights:SlowCSSSelector
2026-08-03T16:45:24.946Z LH:status Trace Engine insights:ThirdParties
2026-08-03T16:45:24.947Z LH:status Trace Engine insights:Viewport
2026-08-03T16:45:24.947Z LH:status Trace Engine insights:createLanternContext
2026-08-03T16:45:24.964Z LH:status Trace Engine insights:CLSCulprits
2026-08-03T16:45:24.965Z LH:status Trace Engine insights:Cache
2026-08-03T16:45:24.965Z LH:status Trace Engine insights:CharacterSet
2026-08-03T16:45:24.965Z LH:status Trace Engine insights:DOMSize
2026-08-03T16:45:24.966Z LH:status Trace Engine insights:DocumentLatency
2026-08-03T16:45:24.966Z LH:status Trace Engine insights:DuplicatedJavaScript
2026-08-03T16:45:24.966Z LH:status Trace Engine insights:FontDisplay
2026-08-03T16:45:24.966Z LH:status Trace Engine insights:ForcedReflow
2026-08-03T16:45:24.966Z LH:status Trace Engine insights:INPBreakdown
2026-08-03T16:45:24.966Z LH:status Trace Engine insights:ImageDelivery
2026-08-03T16:45:24.967Z LH:status Trace Engine insights:LCPBreakdown
2026-08-03T16:45:24.967Z LH:status Trace Engine insights:LCPDiscovery
2026-08-03T16:45:24.967Z LH:status Trace Engine insights:LegacyJavaScript
2026-08-03T16:45:25.006Z LH:status Trace Engine insights:ModernHTTP
2026-08-03T16:45:25.008Z LH:status Trace Engine insights:NetworkDependencyTree
2026-08-03T16:45:25.009Z LH:status Trace Engine insights:RenderBlocking
2026-08-03T16:45:25.010Z LH:status Trace Engine insights:SlowCSSSelector
2026-08-03T16:45:25.010Z LH:status Trace Engine insights:ThirdParties
2026-08-03T16:45:25.014Z LH:status Trace Engine insights:Viewport
2026-08-03T16:45:25.037Z LH:method <= browser ERR:error DOM.resolveNode 
2026-08-03T16:45:25.038Z LH:method <= browser ERR:error DOM.resolveNode 
2026-08-03T16:45:25.039Z LH:method <= browser ERR:error DOM.resolveNode 
2026-08-03T16:45:25.040Z LH:method <= browser ERR:error DOM.resolveNode 
2026-08-03T16:45:25.040Z LH:method <= browser ERR:error DOM.resolveNode 
2026-08-03T16:45:25.041Z LH:method <= browser ERR:error DOM.resolveNode 
2026-08-03T16:45:25.042Z LH:method <= browser ERR:error DOM.resolveNode 
2026-08-03T16:45:25.042Z LH:method <= browser ERR:error DOM.resolveNode 
2026-08-03T16:45:25.043Z LH:method <= browser ERR:error DOM.resolveNode 
2026-08-03T16:45:25.044Z LH:method <= browser ERR:error DOM.resolveNode 
2026-08-03T16:45:25.044Z LH:method <= browser ERR:error DOM.resolveNode 
2026-08-03T16:45:25.045Z LH:method <= browser ERR:error DOM.resolveNode 
2026-08-03T16:45:25.045Z LH:method <= browser ERR:error DOM.resolveNode 
2026-08-03T16:45:25.046Z LH:method <= browser ERR:error DOM.resolveNode 
2026-08-03T16:45:25.047Z LH:method <= browser ERR:error DOM.resolveNode 
2026-08-03T16:45:25.048Z LH:method <= browser ERR:error DOM.resolveNode 
2026-08-03T16:45:25.048Z LH:method <= browser ERR:error DOM.resolveNode 
2026-08-03T16:45:25.049Z LH:method <= browser ERR:error DOM.resolveNode 
2026-08-03T16:45:25.049Z LH:method <= browser ERR:error DOM.resolveNode 
2026-08-03T16:45:25.050Z LH:method <= browser ERR:error DOM.resolveNode 
2026-08-03T16:45:25.051Z LH:method <= browser ERR:error DOM.resolveNode 
2026-08-03T16:45:25.051Z LH:method <= browser ERR:error DOM.resolveNode 
2026-08-03T16:45:25.052Z LH:method <= browser ERR:error DOM.resolveNode 
2026-08-03T16:45:25.053Z LH:method <= browser ERR:error DOM.resolveNode 
2026-08-03T16:45:25.053Z LH:method <= browser ERR:error DOM.resolveNode 
2026-08-03T16:45:25.054Z LH:method <= browser ERR:error DOM.resolveNode 
2026-08-03T16:45:25.054Z LH:method <= browser ERR:error DOM.resolveNode 
2026-08-03T16:45:25.055Z LH:method <= browser ERR:error DOM.resolveNode 
2026-08-03T16:45:25.056Z LH:method <= browser ERR:error DOM.resolveNode 
2026-08-03T16:45:25.056Z LH:method <= browser ERR:error DOM.resolveNode 
2026-08-03T16:45:25.057Z LH:method <= browser ERR:error DOM.resolveNode 
2026-08-03T16:45:25.058Z LH:method <= browser ERR:error DOM.resolveNode 
2026-08-03T16:45:25.058Z LH:method <= browser ERR:error DOM.resolveNode 
2026-08-03T16:45:25.059Z LH:method <= browser ERR:error DOM.resolveNode 
2026-08-03T16:45:25.059Z LH:method <= browser ERR:error DOM.resolveNode 
2026-08-03T16:45:25.060Z LH:method <= browser ERR:error DOM.resolveNode 
2026-08-03T16:45:25.060Z LH:method <= browser ERR:error DOM.resolveNode 
2026-08-03T16:45:25.061Z LH:method <= browser ERR:error DOM.resolveNode 
2026-08-03T16:45:25.062Z LH:method <= browser ERR:error DOM.resolveNode 
2026-08-03T16:45:25.062Z LH:method <= browser ERR:error DOM.resolveNode 
2026-08-03T16:45:25.063Z LH:method <= browser ERR:error DOM.resolveNode 
2026-08-03T16:45:25.064Z LH:method <= browser ERR:error DOM.resolveNode 
2026-08-03T16:45:25.064Z LH:method <= browser ERR:error DOM.resolveNode 
2026-08-03T16:45:25.065Z LH:method <= browser ERR:error DOM.resolveNode 
2026-08-03T16:45:25.065Z LH:method <= browser ERR:error DOM.resolveNode 
2026-08-03T16:45:25.066Z LH:method <= browser ERR:error DOM.resolveNode 
2026-08-03T16:45:25.067Z LH:method <= browser ERR:error DOM.resolveNode 
2026-08-03T16:45:25.067Z LH:method <= browser ERR:error DOM.resolveNode 
2026-08-03T16:45:25.068Z LH:method <= browser ERR:error DOM.resolveNode 
2026-08-03T16:45:25.069Z LH:method <= browser ERR:error DOM.resolveNode 
2026-08-03T16:45:25.069Z LH:method <= browser ERR:error DOM.resolveNode 
2026-08-03T16:45:25.070Z LH:method <= browser ERR:error DOM.resolveNode 
2026-08-03T16:45:25.071Z LH:method <= browser ERR:error DOM.resolveNode 
2026-08-03T16:45:25.071Z LH:method <= browser ERR:error DOM.resolveNode 
2026-08-03T16:45:25.072Z LH:method <= browser ERR:error DOM.resolveNode 
2026-08-03T16:45:25.072Z LH:method <= browser ERR:error DOM.resolveNode 
2026-08-03T16:45:25.073Z LH:method <= browser ERR:error DOM.resolveNode 
2026-08-03T16:45:25.074Z LH:method <= browser ERR:error DOM.resolveNode 
2026-08-03T16:45:25.074Z LH:method <= browser ERR:error DOM.resolveNode 
2026-08-03T16:45:25.075Z LH:method <= browser ERR:error DOM.resolveNode 
2026-08-03T16:45:25.076Z LH:method <= browser ERR:error DOM.resolveNode 
2026-08-03T16:45:25.077Z LH:method <= browser ERR:error DOM.resolveNode 
2026-08-03T16:45:25.092Z LH:method <= browser ERR:error DOM.resolveNode 
2026-08-03T16:45:25.093Z LH:method <= browser ERR:error DOM.resolveNode 
2026-08-03T16:45:25.093Z LH:method <= browser ERR:error DOM.resolveNode 
2026-08-03T16:45:25.094Z LH:method <= browser ERR:error DOM.resolveNode 
2026-08-03T16:45:25.094Z LH:method <= browser ERR:error DOM.resolveNode 
2026-08-03T16:45:25.095Z LH:method <= browser ERR:error DOM.resolveNode 
2026-08-03T16:45:25.096Z LH:method <= browser ERR:error DOM.resolveNode 
2026-08-03T16:45:25.096Z LH:method <= browser ERR:error DOM.resolveNode 
2026-08-03T16:45:25.097Z LH:method <= browser ERR:error DOM.resolveNode 
2026-08-03T16:45:25.098Z LH:method <= browser ERR:error DOM.resolveNode 
2026-08-03T16:45:25.098Z LH:method <= browser ERR:error DOM.resolveNode 
2026-08-03T16:45:25.099Z LH:method <= browser ERR:error DOM.resolveNode 
2026-08-03T16:45:25.100Z LH:method <= browser ERR:error DOM.resolveNode 
2026-08-03T16:45:25.100Z LH:method <= browser ERR:error DOM.resolveNode 
2026-08-03T16:45:25.101Z LH:method <= browser ERR:error DOM.resolveNode 
2026-08-03T16:45:25.102Z LH:method <= browser ERR:error DOM.resolveNode 
2026-08-03T16:45:25.102Z LH:method <= browser ERR:error DOM.resolveNode 
2026-08-03T16:45:25.103Z LH:method <= browser ERR:error DOM.resolveNode 
2026-08-03T16:45:25.103Z LH:method <= browser ERR:error DOM.resolveNode 
2026-08-03T16:45:25.104Z LH:method <= browser ERR:error DOM.resolveNode 
2026-08-03T16:45:25.105Z LH:method <= browser ERR:error DOM.resolveNode 
2026-08-03T16:45:25.106Z LH:method <= browser ERR:error DOM.resolveNode 
2026-08-03T16:45:25.106Z LH:status Getting artifact: ViewportDimensions
2026-08-03T16:45:25.107Z LH:status Getting artifact: FullPageScreenshot
2026-08-03T16:45:26.704Z LH:status Getting artifact: BFCacheFailures
2026-08-03T16:45:26.963Z LH:status Analyzing and running audits...
2026-08-03T16:45:26.964Z LH:status Auditing: Uses HTTPS
2026-08-03T16:45:26.965Z LH:status Auditing: Redirects HTTP traffic to HTTPS
2026-08-03T16:45:26.966Z LH:status Auditing: First Contentful Paint
2026-08-03T16:45:26.972Z LH:status Auditing: Largest Contentful Paint
2026-08-03T16:45:26.974Z LH:status Auditing: Speed Index
2026-08-03T16:45:27.012Z LH:status Auditing: Screenshot Thumbnails
2026-08-03T16:45:27.013Z LH:status Auditing: Final Screenshot
2026-08-03T16:45:27.014Z LH:status Auditing: Total Blocking Time
2026-08-03T16:45:27.016Z LH:status Auditing: Max Potential First Input Delay
2026-08-03T16:45:27.018Z LH:status Auditing: Cumulative Layout Shift
2026-08-03T16:45:27.019Z LH:status Auditing: No browser errors logged to the console
2026-08-03T16:45:27.020Z LH:status Auditing: Initial server response time was short
2026-08-03T16:45:27.021Z LH:status Auditing: Time to Interactive
2026-08-03T16:45:27.022Z LH:status Auditing: User Timing marks and measures
2026-08-03T16:45:27.023Z LH:status Auditing: Avoid multiple page redirects
2026-08-03T16:45:27.024Z LH:status Auditing: Displays images with correct aspect ratio
2026-08-03T16:45:27.025Z LH:status Auditing: Serves images with appropriate resolution
2026-08-03T16:45:27.026Z LH:status Auditing: Avoids deprecated APIs
2026-08-03T16:45:27.026Z LH:status Auditing: Avoids third-party cookies
2026-08-03T16:45:27.027Z LH:status Auditing: Minimizes main-thread work
2026-08-03T16:45:27.034Z LH:status Auditing: JavaScript execution time
2026-08-03T16:45:27.038Z LH:status Auditing: Diagnostics
2026-08-03T16:45:27.039Z LH:status Auditing: Network Requests
2026-08-03T16:45:27.041Z LH:status Auditing: Network Round Trip Times
2026-08-03T16:45:27.041Z LH:status Auditing: Server Backend Latencies
2026-08-03T16:45:27.042Z LH:status Auditing: Tasks
2026-08-03T16:45:27.042Z LH:status Auditing: Metrics
2026-08-03T16:45:27.044Z LH:status Auditing: Resources Summary
2026-08-03T16:45:27.045Z LH:status Auditing: Avoid large layout shifts
2026-08-03T16:45:27.046Z LH:status Auditing: Avoid long main-thread tasks
2026-08-03T16:45:27.047Z LH:status Auditing: Avoid non-composited animations
2026-08-03T16:45:27.048Z LH:status Auditing: Image elements have explicit `width` and `height`
2026-08-03T16:45:27.048Z LH:status Auditing: Page has valid source maps
2026-08-03T16:45:27.049Z LH:status Auditing: Ensure CSP is effective against XSS attacks
2026-08-03T16:45:27.052Z LH:status Auditing: Use a strong HSTS policy
2026-08-03T16:45:27.052Z LH:status Auditing: Ensure proper origin isolation with COOP
2026-08-03T16:45:27.053Z LH:status Auditing: Mitigate clickjacking with XFO or CSP
2026-08-03T16:45:27.053Z LH:status Auditing: Mitigate DOM-based XSS with Trusted Types
2026-08-03T16:45:27.054Z LH:status Auditing: Script Treemap Data
2026-08-03T16:45:27.070Z LH:status Auditing: `[accesskey]` values are unique
2026-08-03T16:45:27.071Z LH:status Auditing: `[aria-*]` attributes match their roles
2026-08-03T16:45:27.072Z LH:status Auditing: Uses ARIA roles only on compatible elements
2026-08-03T16:45:27.074Z LH:status Auditing: `button`, `link`, and `menuitem` elements have accessible names
2026-08-03T16:45:27.074Z LH:status Auditing: ARIA attributes are used as specified for the element's role
2026-08-03T16:45:27.075Z LH:status Auditing: Deprecated ARIA roles were not used
2026-08-03T16:45:27.076Z LH:status Auditing: Elements with `role="dialog"` or `role="alertdialog"` have accessible names.
2026-08-03T16:45:27.078Z LH:status Auditing: `[aria-hidden="true"]` is not present on the document `<body>`
2026-08-03T16:45:27.079Z LH:status Auditing: `[aria-hidden="true"]` elements do not contain focusable descendents
2026-08-03T16:45:27.080Z LH:status Auditing: ARIA input fields have accessible names
2026-08-03T16:45:27.080Z LH:status Auditing: ARIA `meter` elements have accessible names
2026-08-03T16:45:27.081Z LH:status Auditing: ARIA `progressbar` elements have accessible names
2026-08-03T16:45:27.081Z LH:status Auditing: Elements use only permitted ARIA attributes
2026-08-03T16:45:27.082Z LH:status Auditing: `[role]`s have all required `[aria-*]` attributes
2026-08-03T16:45:27.084Z LH:status Auditing: Elements with an ARIA `[role]` that require children to contain a specific `[role]` have all required children.
2026-08-03T16:45:27.084Z LH:status Auditing: `[role]`s are contained by their required parent element
2026-08-03T16:45:27.085Z LH:status Auditing: `[role]` values are valid
2026-08-03T16:45:27.086Z LH:status Auditing: Elements with the `role=text` attribute do not have focusable descendents.
2026-08-03T16:45:27.086Z LH:status Auditing: ARIA toggle fields have accessible names
2026-08-03T16:45:27.087Z LH:status Auditing: ARIA `tooltip` elements have accessible names
2026-08-03T16:45:27.088Z LH:status Auditing: ARIA `treeitem` elements have accessible names
2026-08-03T16:45:27.088Z LH:status Auditing: `[aria-*]` attributes have valid values
2026-08-03T16:45:27.090Z LH:status Auditing: `[aria-*]` attributes are valid and not misspelled
2026-08-03T16:45:27.095Z LH:status Auditing: Buttons have an accessible name
2026-08-03T16:45:27.096Z LH:status Auditing: The page contains a heading, skip link, or landmark region
2026-08-03T16:45:27.097Z LH:status Auditing: Background and foreground colors have a sufficient contrast ratio
2026-08-03T16:45:27.098Z LH:status Auditing: `<dl>`'s contain only properly-ordered `<dt>` and `<dd>` groups, `<script>`, `<template>` or `<div>` elements.
2026-08-03T16:45:27.099Z LH:status Auditing: Definition list items are wrapped in `<dl>` elements
2026-08-03T16:45:27.100Z LH:status Auditing: Document has a `<title>` element
2026-08-03T16:45:27.101Z LH:status Auditing: ARIA IDs are unique
2026-08-03T16:45:27.103Z LH:status Auditing: All heading elements contain content.
2026-08-03T16:45:27.104Z LH:status Auditing: No form fields have multiple labels
2026-08-03T16:45:27.105Z LH:status Auditing: `<frame>` or `<iframe>` elements have a title
2026-08-03T16:45:27.105Z LH:status Auditing: Heading elements appear in a sequentially-descending order
2026-08-03T16:45:27.106Z LH:status Auditing: `<html>` element has a `[lang]` attribute
2026-08-03T16:45:27.108Z LH:status Auditing: `<html>` element has a valid value for its `[lang]` attribute
2026-08-03T16:45:27.109Z LH:status Auditing: `<html>` element has an `[xml:lang]` attribute with the same base language as the `[lang]` attribute.
2026-08-03T16:45:27.110Z LH:status Auditing: Identical links have the same purpose.
2026-08-03T16:45:27.111Z LH:status Auditing: Image elements have `[alt]` attributes
2026-08-03T16:45:27.112Z LH:status Auditing: Image elements do not have `[alt]` attributes that are redundant text.
2026-08-03T16:45:27.113Z LH:status Auditing: Input buttons have discernible text.
2026-08-03T16:45:27.114Z LH:status Auditing: `<input type="image">` elements have `[alt]` text
2026-08-03T16:45:27.115Z LH:status Auditing: Elements with visible text labels have matching accessible names.
2026-08-03T16:45:27.117Z LH:status Auditing: Form elements have associated labels
2026-08-03T16:45:27.117Z LH:status Auditing: Document has a main landmark.
2026-08-03T16:45:27.119Z LH:status Auditing: Links have a discernible name
2026-08-03T16:45:27.120Z LH:status Auditing: Links are distinguishable without relying on color.
2026-08-03T16:45:27.121Z LH:status Auditing: Lists contain only `<li>` elements and script supporting elements (`<script>` and `<template>`).
2026-08-03T16:45:27.122Z LH:status Auditing: List items (`<li>`) are contained within `<ul>`, `<ol>` or `<menu>` parent elements
2026-08-03T16:45:27.124Z LH:status Auditing: The document does not use `<meta http-equiv="refresh">`
2026-08-03T16:45:27.125Z LH:status Auditing: `[user-scalable="no"]` is not used in the `<meta name="viewport">` element and the `[maximum-scale]` attribute is not less than 5.
2026-08-03T16:45:27.126Z LH:status Auditing: `<object>` elements have alternate text
2026-08-03T16:45:27.127Z LH:status Auditing: Select elements have associated label elements.
2026-08-03T16:45:27.128Z LH:status Auditing: Skip links are focusable.
2026-08-03T16:45:27.128Z LH:status Auditing: No element has a `[tabindex]` value greater than 0
2026-08-03T16:45:27.129Z LH:status Auditing: Tables have different content in the summary attribute and `<caption>`.
2026-08-03T16:45:27.130Z LH:status Auditing: Tables use `<caption>` instead of cells with the `[colspan]` attribute to indicate a caption.
2026-08-03T16:45:27.132Z LH:status Auditing: Touch targets have sufficient size and spacing.
2026-08-03T16:45:27.133Z LH:status Auditing: `<td>` elements in a large `<table>` have one or more table headers.
2026-08-03T16:45:27.134Z LH:status Auditing: Cells in a `<table>` element that use the `[headers]` attribute refer to table cells within the same table.
2026-08-03T16:45:27.135Z LH:status Auditing: `<th>` elements and elements with `[role="columnheader"/"rowheader"]` have data cells they describe.
2026-08-03T16:45:27.136Z LH:status Auditing: `[lang]` attributes have a valid value
2026-08-03T16:45:27.137Z LH:status Auditing: `<video>` elements contain a `<track>` element with `[kind="captions"]`
2026-08-03T16:45:27.138Z LH:status Auditing: Custom controls have associated labels
2026-08-03T16:45:27.138Z LH:status Auditing: Custom controls have ARIA roles
2026-08-03T16:45:27.138Z LH:status Auditing: User focus is not accidentally trapped in a region
2026-08-03T16:45:27.138Z LH:status Auditing: Interactive controls are keyboard focusable
2026-08-03T16:45:27.138Z LH:status Auditing: Interactive elements indicate their purpose and state
2026-08-03T16:45:27.138Z LH:status Auditing: The page has a logical tab order
2026-08-03T16:45:27.138Z LH:status Auditing: The user's focus is directed to new content added to the page
2026-08-03T16:45:27.138Z LH:status Auditing: Offscreen content is hidden from assistive technology
2026-08-03T16:45:27.138Z LH:status Auditing: HTML5 landmark elements are used to improve navigation
2026-08-03T16:45:27.138Z LH:status Auditing: Visual order on the page follows DOM order
2026-08-03T16:45:27.139Z LH:status Auditing: `autocomplete` attributes are used correctly
2026-08-03T16:45:27.139Z LH:status Auditing: Elements with `role="none"` or `role="presentation"` do not have conflicts
2026-08-03T16:45:27.140Z LH:status Auditing: SVG elements with an `img` role have an accessible text alternative
2026-08-03T16:45:27.142Z LH:status Auditing: Avoids enormous network payloads
2026-08-03T16:45:27.142Z LH:status Auditing: Minify CSS
2026-08-03T16:45:27.171Z LH:status Auditing: Minify JavaScript
2026-08-03T16:45:27.200Z LH:status Auditing: Reduce unused CSS
2026-08-03T16:45:27.202Z LH:status Auditing: Reduce unused JavaScript
2026-08-03T16:45:27.205Z LH:status Auditing: Page has the HTML doctype
2026-08-03T16:45:27.205Z LH:status Auditing: Properly defines charset
2026-08-03T16:45:27.206Z LH:status Auditing: Avoids requesting the geolocation permission on page load
2026-08-03T16:45:27.206Z LH:status Auditing: No issues in the `Issues` panel in Chrome Devtools
2026-08-03T16:45:27.207Z LH:status Auditing: Detected JavaScript libraries
2026-08-03T16:45:27.207Z LH:status Auditing: Avoids requesting the notification permission on page load
2026-08-03T16:45:27.208Z LH:status Auditing: Allows users to paste into input fields
2026-08-03T16:45:27.208Z LH:status Auditing: Baseline Features
2026-08-03T16:45:27.210Z LH:status Auditing: Document has a meta description
2026-08-03T16:45:27.211Z LH:status Auditing: Page has successful HTTP status code
2026-08-03T16:45:27.211Z LH:status Auditing: Links have descriptive text
2026-08-03T16:45:27.212Z LH:status Auditing: Links are crawlable
2026-08-03T16:45:27.213Z LH:status Auditing: Page isn’t blocked from indexing
2026-08-03T16:45:27.214Z LH:status Auditing: robots.txt is valid
2026-08-03T16:45:27.214Z LH:status Auditing: Document has a valid `hreflang`
2026-08-03T16:45:27.215Z LH:status Auditing: Document has a valid `rel=canonical`
2026-08-03T16:45:27.216Z LH:status Auditing: Structured data is valid
2026-08-03T16:45:27.216Z LH:status Auditing: Page didn't prevent back/forward cache restoration
2026-08-03T16:45:27.216Z LH:status Auditing: Use efficient cache lifetimes
2026-08-03T16:45:27.217Z LH:status Auditing: Layout shift culprits
2026-08-03T16:45:27.218Z LH:status Auditing: Document request latency
2026-08-03T16:45:27.218Z LH:status Auditing: Optimize DOM size
2026-08-03T16:45:27.219Z LH:status Auditing: Duplicated JavaScript
2026-08-03T16:45:27.219Z LH:status Auditing: Font display
2026-08-03T16:45:27.220Z LH:status Auditing: Forced reflow
2026-08-03T16:45:27.220Z LH:status Auditing: Improve image delivery
2026-08-03T16:45:27.221Z LH:status Auditing: INP breakdown
2026-08-03T16:45:27.221Z LH:status Auditing: LCP breakdown
2026-08-03T16:45:27.222Z LH:status Auditing: LCP request discovery
2026-08-03T16:45:27.222Z LH:status Auditing: Legacy JavaScript
2026-08-03T16:45:27.223Z LH:status Auditing: Modern HTTP
2026-08-03T16:45:27.224Z LH:status Auditing: Network dependency tree
2026-08-03T16:45:27.225Z LH:status Auditing: Render-blocking requests
2026-08-03T16:45:27.225Z LH:status Auditing: 3rd parties
2026-08-03T16:45:27.229Z LH:status Auditing: Optimize viewport for mobile
2026-08-03T16:45:27.230Z LH:status Generating results...
2026-08-03T16:45:27.246Z LH:Printer json output written to /home/mihai/ROVEXO/docs/releases/rc4/evidence/lighthouse/listing-desktop.report.json
2026-08-03T16:45:27.248Z LH:Printer html output written to /home/mihai/ROVEXO/docs/releases/rc4/evidence/lighthouse/listing-desktop.report.html
2026-08-03T16:45:27.248Z LH:CLI Protip: Run lighthouse with `--view` to immediately open the HTML report in your browser
