npm warn Unknown env config "devdir". This will stop working in the next major version of npm. See `npm help npmrc` for supported config options.
2026-08-03T16:56:29.271Z LH:ChromeLauncher Found existing Chrome already running using port 9224, using that.
2026-08-03T16:56:29.561Z LH:status Connecting to browser
2026-08-03T16:56:29.566Z LH:status Navigating to about:blank
2026-08-03T16:56:29.570Z LH:status Benchmarking machine
2026-08-03T16:56:30.575Z LH:status Host device pixel ratio
2026-08-03T16:56:30.577Z LH:status Preparing target for navigation mode
2026-08-03T16:56:30.590Z LH:status Preparing network conditions
2026-08-03T16:56:30.615Z LH:status Navigating to http://127.0.0.1:3000/listing/marketplace-refund-item-1785774719350-msdg5shg
2026-08-03T16:56:35.711Z LH:status Getting artifact: DevtoolsLog
2026-08-03T16:56:35.711Z LH:status Getting artifact: Trace
2026-08-03T16:56:35.711Z LH:status Getting artifact: Accessibility
2026-08-03T16:56:35.877Z LH:status Getting artifact: AnchorElements
2026-08-03T16:56:35.889Z LH:status Getting artifact: ConsoleMessages
2026-08-03T16:56:35.889Z LH:status Getting artifact: CSSUsage
2026-08-03T16:56:36.058Z LH:status Getting artifact: Doctype
2026-08-03T16:56:36.059Z LH:status Getting artifact: Inputs
2026-08-03T16:56:36.061Z LH:status Getting artifact: ImageElements
2026-08-03T16:56:36.227Z LH:status Getting artifact: InspectorIssues
2026-08-03T16:56:36.228Z LH:status Getting artifact: JsUsage
2026-08-03T16:56:36.228Z LH:status Getting artifact: LinkElements
2026-08-03T16:56:36.233Z LH:status Getting artifact: MainDocumentContent
2026-08-03T16:56:36.239Z LH:status Getting artifact: MetaElements
2026-08-03T16:56:36.241Z LH:status Getting artifact: NetworkUserAgent
2026-08-03T16:56:36.241Z LH:status Getting artifact: RobotsTxt
2026-08-03T16:56:36.252Z LH:status Getting artifact: Scripts
2026-08-03T16:56:36.252Z LH:status Getting artifact: SourceMaps
2026-08-03T16:56:36.253Z LH:status Getting artifact: Stacks
2026-08-03T16:56:36.253Z LH:status Collect stacks
2026-08-03T16:56:36.260Z LH:status Getting artifact: Stylesheets
2026-08-03T16:56:36.331Z LH:status Getting artifact: TraceElements
2026-08-03T16:56:36.348Z LH:status Trace Engine total
2026-08-03T16:56:36.348Z LH:status Trace Engine parse
2026-08-03T16:56:36.349Z LH:status Trace Engine parse:handleEvent
2026-08-03T16:56:36.414Z LH:status Trace Engine parse:Meta:finalize
2026-08-03T16:56:36.418Z LH:status Trace Engine parse:AnimationFrames:finalize
2026-08-03T16:56:36.420Z LH:status Trace Engine parse:Animations:finalize
2026-08-03T16:56:36.423Z LH:status Trace Engine parse:Samples:finalize
2026-08-03T16:56:36.424Z LH:status Trace Engine parse:AuctionWorklets:finalize
2026-08-03T16:56:36.426Z LH:status Trace Engine parse:NetworkRequests:finalize
2026-08-03T16:56:36.429Z LH:status Trace Engine parse:Renderer:finalize
2026-08-03T16:56:36.438Z LH:status Trace Engine parse:Flows:finalize
2026-08-03T16:56:36.442Z LH:status Trace Engine parse:AsyncJSCalls:finalize
2026-08-03T16:56:36.443Z LH:status Trace Engine parse:DOMStats:finalize
2026-08-03T16:56:36.445Z LH:status Trace Engine parse:UserTimings:finalize
2026-08-03T16:56:36.446Z LH:status Trace Engine parse:ExtensionTraceData:finalize
2026-08-03T16:56:36.448Z LH:status Trace Engine parse:LayerTree:finalize
2026-08-03T16:56:36.449Z LH:status Trace Engine parse:Frames:finalize
2026-08-03T16:56:36.455Z LH:status Trace Engine parse:GPU:finalize
2026-08-03T16:56:36.456Z LH:status Trace Engine parse:ImagePainting:finalize
2026-08-03T16:56:36.458Z LH:status Trace Engine parse:Initiators:finalize
2026-08-03T16:56:36.459Z LH:status Trace Engine parse:Invalidations:finalize
2026-08-03T16:56:36.460Z LH:status Trace Engine parse:PageLoadMetrics:finalize
2026-08-03T16:56:36.462Z LH:status Trace Engine parse:LargestImagePaint:finalize
2026-08-03T16:56:36.463Z LH:status Trace Engine parse:LargestTextPaint:finalize
2026-08-03T16:56:36.465Z LH:status Trace Engine parse:Screenshots:finalize
2026-08-03T16:56:36.469Z LH:status Trace Engine parse:LayoutShifts:finalize
2026-08-03T16:56:36.471Z LH:status Trace Engine parse:Memory:finalize
2026-08-03T16:56:36.472Z LH:status Trace Engine parse:PageFrames:finalize
2026-08-03T16:56:36.473Z LH:status Trace Engine parse:Scripts:finalize
2026-08-03T16:56:36.475Z LH:status Trace Engine parse:SelectorStats:finalize
2026-08-03T16:56:36.476Z LH:status Trace Engine parse:UserInteractions:finalize
2026-08-03T16:56:36.477Z LH:status Trace Engine parse:Workers:finalize
2026-08-03T16:56:36.479Z LH:status Trace Engine parse:Warnings:finalize
2026-08-03T16:56:36.480Z LH:status Trace Engine parse:handler.data()
2026-08-03T16:56:36.480Z LH:status Trace Engine insights
2026-08-03T16:56:36.481Z LH:status Trace Engine insights:CLSCulprits
2026-08-03T16:56:36.481Z LH:status Trace Engine insights:Cache
2026-08-03T16:56:36.481Z LH:status Trace Engine insights:CharacterSet
2026-08-03T16:56:36.482Z LH:status Trace Engine insights:DOMSize
2026-08-03T16:56:36.482Z LH:status Trace Engine insights:DocumentLatency
2026-08-03T16:56:36.483Z LH:status Trace Engine insights:DuplicatedJavaScript
2026-08-03T16:56:36.483Z LH:status Trace Engine insights:FontDisplay
2026-08-03T16:56:36.483Z LH:status Trace Engine insights:ForcedReflow
2026-08-03T16:56:36.484Z LH:status Trace Engine insights:INPBreakdown
2026-08-03T16:56:36.484Z LH:status Trace Engine insights:ImageDelivery
2026-08-03T16:56:36.484Z LH:status Trace Engine insights:LCPBreakdown
2026-08-03T16:56:36.484Z LH:status Trace Engine insights:LCPDiscovery
2026-08-03T16:56:36.484Z LH:status Trace Engine insights:LegacyJavaScript
2026-08-03T16:56:36.484Z LH:status Trace Engine insights:ModernHTTP
2026-08-03T16:56:36.485Z LH:status Trace Engine insights:NetworkDependencyTree
2026-08-03T16:56:36.485Z LH:status Trace Engine insights:RenderBlocking
2026-08-03T16:56:36.485Z LH:status Trace Engine insights:SlowCSSSelector
2026-08-03T16:56:36.485Z LH:status Trace Engine insights:ThirdParties
2026-08-03T16:56:36.487Z LH:status Trace Engine insights:Viewport
2026-08-03T16:56:36.487Z LH:status Trace Engine insights:createLanternContext
2026-08-03T16:56:36.509Z LH:status Trace Engine insights:CLSCulprits
2026-08-03T16:56:36.510Z LH:status Trace Engine insights:Cache
2026-08-03T16:56:36.511Z LH:status Trace Engine insights:CharacterSet
2026-08-03T16:56:36.511Z LH:status Trace Engine insights:DOMSize
2026-08-03T16:56:36.511Z LH:status Trace Engine insights:DocumentLatency
2026-08-03T16:56:36.511Z LH:status Trace Engine insights:DuplicatedJavaScript
2026-08-03T16:56:36.512Z LH:status Trace Engine insights:FontDisplay
2026-08-03T16:56:36.512Z LH:status Trace Engine insights:ForcedReflow
2026-08-03T16:56:36.512Z LH:status Trace Engine insights:INPBreakdown
2026-08-03T16:56:36.512Z LH:status Trace Engine insights:ImageDelivery
2026-08-03T16:56:36.512Z LH:status Trace Engine insights:LCPBreakdown
2026-08-03T16:56:36.512Z LH:status Trace Engine insights:LCPDiscovery
2026-08-03T16:56:36.512Z LH:status Trace Engine insights:LegacyJavaScript
2026-08-03T16:56:36.554Z LH:status Trace Engine insights:ModernHTTP
2026-08-03T16:56:36.556Z LH:status Trace Engine insights:NetworkDependencyTree
2026-08-03T16:56:36.557Z LH:status Trace Engine insights:RenderBlocking
2026-08-03T16:56:36.558Z LH:status Trace Engine insights:SlowCSSSelector
2026-08-03T16:56:36.558Z LH:status Trace Engine insights:ThirdParties
2026-08-03T16:56:36.563Z LH:status Trace Engine insights:Viewport
2026-08-03T16:56:36.594Z LH:method <= browser ERR:error DOM.resolveNode 
2026-08-03T16:56:36.595Z LH:method <= browser ERR:error DOM.resolveNode 
2026-08-03T16:56:36.596Z LH:method <= browser ERR:error DOM.resolveNode 
2026-08-03T16:56:36.596Z LH:method <= browser ERR:error DOM.resolveNode 
2026-08-03T16:56:36.597Z LH:method <= browser ERR:error DOM.resolveNode 
2026-08-03T16:56:36.598Z LH:method <= browser ERR:error DOM.resolveNode 
2026-08-03T16:56:36.599Z LH:method <= browser ERR:error DOM.resolveNode 
2026-08-03T16:56:36.599Z LH:method <= browser ERR:error DOM.resolveNode 
2026-08-03T16:56:36.600Z LH:method <= browser ERR:error DOM.resolveNode 
2026-08-03T16:56:36.601Z LH:method <= browser ERR:error DOM.resolveNode 
2026-08-03T16:56:36.601Z LH:method <= browser ERR:error DOM.resolveNode 
2026-08-03T16:56:36.602Z LH:method <= browser ERR:error DOM.resolveNode 
2026-08-03T16:56:36.603Z LH:method <= browser ERR:error DOM.resolveNode 
2026-08-03T16:56:36.604Z LH:method <= browser ERR:error DOM.resolveNode 
2026-08-03T16:56:36.604Z LH:method <= browser ERR:error DOM.resolveNode 
2026-08-03T16:56:36.605Z LH:method <= browser ERR:error DOM.resolveNode 
2026-08-03T16:56:36.605Z LH:method <= browser ERR:error DOM.resolveNode 
2026-08-03T16:56:36.606Z LH:method <= browser ERR:error DOM.resolveNode 
2026-08-03T16:56:36.607Z LH:method <= browser ERR:error DOM.resolveNode 
2026-08-03T16:56:36.608Z LH:method <= browser ERR:error DOM.resolveNode 
2026-08-03T16:56:36.608Z LH:method <= browser ERR:error DOM.resolveNode 
2026-08-03T16:56:36.609Z LH:method <= browser ERR:error DOM.resolveNode 
2026-08-03T16:56:36.609Z LH:method <= browser ERR:error DOM.resolveNode 
2026-08-03T16:56:36.610Z LH:method <= browser ERR:error DOM.resolveNode 
2026-08-03T16:56:36.611Z LH:method <= browser ERR:error DOM.resolveNode 
2026-08-03T16:56:36.611Z LH:method <= browser ERR:error DOM.resolveNode 
2026-08-03T16:56:36.612Z LH:method <= browser ERR:error DOM.resolveNode 
2026-08-03T16:56:36.613Z LH:method <= browser ERR:error DOM.resolveNode 
2026-08-03T16:56:36.614Z LH:method <= browser ERR:error DOM.resolveNode 
2026-08-03T16:56:36.614Z LH:method <= browser ERR:error DOM.resolveNode 
2026-08-03T16:56:36.615Z LH:method <= browser ERR:error DOM.resolveNode 
2026-08-03T16:56:36.616Z LH:method <= browser ERR:error DOM.resolveNode 
2026-08-03T16:56:36.616Z LH:method <= browser ERR:error DOM.resolveNode 
2026-08-03T16:56:36.617Z LH:method <= browser ERR:error DOM.resolveNode 
2026-08-03T16:56:36.617Z LH:method <= browser ERR:error DOM.resolveNode 
2026-08-03T16:56:36.618Z LH:method <= browser ERR:error DOM.resolveNode 
2026-08-03T16:56:36.619Z LH:method <= browser ERR:error DOM.resolveNode 
2026-08-03T16:56:36.619Z LH:method <= browser ERR:error DOM.resolveNode 
2026-08-03T16:56:36.620Z LH:method <= browser ERR:error DOM.resolveNode 
2026-08-03T16:56:36.621Z LH:method <= browser ERR:error DOM.resolveNode 
2026-08-03T16:56:36.621Z LH:method <= browser ERR:error DOM.resolveNode 
2026-08-03T16:56:36.622Z LH:method <= browser ERR:error DOM.resolveNode 
2026-08-03T16:56:36.623Z LH:method <= browser ERR:error DOM.resolveNode 
2026-08-03T16:56:36.623Z LH:method <= browser ERR:error DOM.resolveNode 
2026-08-03T16:56:36.624Z LH:method <= browser ERR:error DOM.resolveNode 
2026-08-03T16:56:36.625Z LH:method <= browser ERR:error DOM.resolveNode 
2026-08-03T16:56:36.625Z LH:method <= browser ERR:error DOM.resolveNode 
2026-08-03T16:56:36.626Z LH:method <= browser ERR:error DOM.resolveNode 
2026-08-03T16:56:36.626Z LH:method <= browser ERR:error DOM.resolveNode 
2026-08-03T16:56:36.627Z LH:method <= browser ERR:error DOM.resolveNode 
2026-08-03T16:56:36.628Z LH:method <= browser ERR:error DOM.resolveNode 
2026-08-03T16:56:36.629Z LH:method <= browser ERR:error DOM.resolveNode 
2026-08-03T16:56:36.629Z LH:method <= browser ERR:error DOM.resolveNode 
2026-08-03T16:56:36.630Z LH:method <= browser ERR:error DOM.resolveNode 
2026-08-03T16:56:36.631Z LH:method <= browser ERR:error DOM.resolveNode 
2026-08-03T16:56:36.631Z LH:method <= browser ERR:error DOM.resolveNode 
2026-08-03T16:56:36.632Z LH:method <= browser ERR:error DOM.resolveNode 
2026-08-03T16:56:36.632Z LH:method <= browser ERR:error DOM.resolveNode 
2026-08-03T16:56:36.633Z LH:method <= browser ERR:error DOM.resolveNode 
2026-08-03T16:56:36.634Z LH:method <= browser ERR:error DOM.resolveNode 
2026-08-03T16:56:36.634Z LH:method <= browser ERR:error DOM.resolveNode 
2026-08-03T16:56:36.635Z LH:method <= browser ERR:error DOM.resolveNode 
2026-08-03T16:56:36.645Z LH:method <= browser ERR:error DOM.resolveNode 
2026-08-03T16:56:36.653Z LH:method <= browser ERR:error DOM.resolveNode 
2026-08-03T16:56:36.653Z LH:method <= browser ERR:error DOM.resolveNode 
2026-08-03T16:56:36.654Z LH:method <= browser ERR:error DOM.resolveNode 
2026-08-03T16:56:36.655Z LH:method <= browser ERR:error DOM.resolveNode 
2026-08-03T16:56:36.655Z LH:method <= browser ERR:error DOM.resolveNode 
2026-08-03T16:56:36.656Z LH:method <= browser ERR:error DOM.resolveNode 
2026-08-03T16:56:36.657Z LH:method <= browser ERR:error DOM.resolveNode 
2026-08-03T16:56:36.657Z LH:method <= browser ERR:error DOM.resolveNode 
2026-08-03T16:56:36.658Z LH:method <= browser ERR:error DOM.resolveNode 
2026-08-03T16:56:36.659Z LH:method <= browser ERR:error DOM.resolveNode 
2026-08-03T16:56:36.660Z LH:method <= browser ERR:error DOM.resolveNode 
2026-08-03T16:56:36.660Z LH:method <= browser ERR:error DOM.resolveNode 
2026-08-03T16:56:36.661Z LH:method <= browser ERR:error DOM.resolveNode 
2026-08-03T16:56:36.661Z LH:method <= browser ERR:error DOM.resolveNode 
2026-08-03T16:56:36.662Z LH:method <= browser ERR:error DOM.resolveNode 
2026-08-03T16:56:36.663Z LH:method <= browser ERR:error DOM.resolveNode 
2026-08-03T16:56:36.664Z LH:method <= browser ERR:error DOM.resolveNode 
2026-08-03T16:56:36.665Z LH:method <= browser ERR:error DOM.resolveNode 
2026-08-03T16:56:36.665Z LH:method <= browser ERR:error DOM.resolveNode 
2026-08-03T16:56:36.666Z LH:method <= browser ERR:error DOM.resolveNode 
2026-08-03T16:56:36.667Z LH:method <= browser ERR:error DOM.resolveNode 
2026-08-03T16:56:36.667Z LH:method <= browser ERR:error DOM.resolveNode 
2026-08-03T16:56:36.667Z LH:status Getting artifact: ViewportDimensions
2026-08-03T16:56:36.668Z LH:status Getting artifact: FullPageScreenshot
2026-08-03T16:56:37.771Z LH:status Getting artifact: BFCacheFailures
2026-08-03T16:56:38.033Z LH:status Analyzing and running audits...
2026-08-03T16:56:38.034Z LH:status Auditing: Uses HTTPS
2026-08-03T16:56:38.035Z LH:status Auditing: Redirects HTTP traffic to HTTPS
2026-08-03T16:56:38.036Z LH:status Auditing: First Contentful Paint
2026-08-03T16:56:38.046Z LH:status Auditing: Largest Contentful Paint
2026-08-03T16:56:38.049Z LH:status Auditing: Speed Index
2026-08-03T16:56:38.082Z LH:status Auditing: Screenshot Thumbnails
2026-08-03T16:56:38.082Z LH:status Auditing: Final Screenshot
2026-08-03T16:56:38.084Z LH:status Auditing: Total Blocking Time
2026-08-03T16:56:38.087Z LH:status Auditing: Max Potential First Input Delay
2026-08-03T16:56:38.090Z LH:status Auditing: Cumulative Layout Shift
2026-08-03T16:56:38.090Z LH:status Auditing: No browser errors logged to the console
2026-08-03T16:56:38.092Z LH:status Auditing: Initial server response time was short
2026-08-03T16:56:38.093Z LH:status Auditing: Time to Interactive
2026-08-03T16:56:38.094Z LH:status Auditing: User Timing marks and measures
2026-08-03T16:56:38.096Z LH:status Auditing: Avoid multiple page redirects
2026-08-03T16:56:38.097Z LH:status Auditing: Displays images with correct aspect ratio
2026-08-03T16:56:38.098Z LH:status Auditing: Serves images with appropriate resolution
2026-08-03T16:56:38.099Z LH:status Auditing: Avoids deprecated APIs
2026-08-03T16:56:38.099Z LH:status Auditing: Avoids third-party cookies
2026-08-03T16:56:38.101Z LH:status Auditing: Minimizes main-thread work
2026-08-03T16:56:38.117Z LH:status Auditing: JavaScript execution time
2026-08-03T16:56:38.125Z LH:status Auditing: Diagnostics
2026-08-03T16:56:38.125Z LH:status Auditing: Network Requests
2026-08-03T16:56:38.127Z LH:status Auditing: Network Round Trip Times
2026-08-03T16:56:38.128Z LH:status Auditing: Server Backend Latencies
2026-08-03T16:56:38.128Z LH:status Auditing: Tasks
2026-08-03T16:56:38.129Z LH:status Auditing: Metrics
2026-08-03T16:56:38.132Z LH:status Auditing: Resources Summary
2026-08-03T16:56:38.133Z LH:status Auditing: Avoid large layout shifts
2026-08-03T16:56:38.133Z LH:status Auditing: Avoid long main-thread tasks
2026-08-03T16:56:38.137Z LH:status Auditing: Avoid non-composited animations
2026-08-03T16:56:38.138Z LH:status Auditing: Image elements have explicit `width` and `height`
2026-08-03T16:56:38.138Z LH:status Auditing: Page has valid source maps
2026-08-03T16:56:38.139Z LH:status Auditing: Ensure CSP is effective against XSS attacks
2026-08-03T16:56:38.142Z LH:status Auditing: Use a strong HSTS policy
2026-08-03T16:56:38.142Z LH:status Auditing: Ensure proper origin isolation with COOP
2026-08-03T16:56:38.143Z LH:status Auditing: Mitigate clickjacking with XFO or CSP
2026-08-03T16:56:38.144Z LH:status Auditing: Mitigate DOM-based XSS with Trusted Types
2026-08-03T16:56:38.145Z LH:status Auditing: Script Treemap Data
2026-08-03T16:56:38.161Z LH:status Auditing: `[accesskey]` values are unique
2026-08-03T16:56:38.162Z LH:status Auditing: `[aria-*]` attributes match their roles
2026-08-03T16:56:38.163Z LH:status Auditing: Uses ARIA roles only on compatible elements
2026-08-03T16:56:38.164Z LH:status Auditing: `button`, `link`, and `menuitem` elements have accessible names
2026-08-03T16:56:38.164Z LH:status Auditing: ARIA attributes are used as specified for the element's role
2026-08-03T16:56:38.166Z LH:status Auditing: Deprecated ARIA roles were not used
2026-08-03T16:56:38.167Z LH:status Auditing: Elements with `role="dialog"` or `role="alertdialog"` have accessible names.
2026-08-03T16:56:38.169Z LH:status Auditing: `[aria-hidden="true"]` is not present on the document `<body>`
2026-08-03T16:56:38.170Z LH:status Auditing: `[aria-hidden="true"]` elements do not contain focusable descendents
2026-08-03T16:56:38.171Z LH:status Auditing: ARIA input fields have accessible names
2026-08-03T16:56:38.171Z LH:status Auditing: ARIA `meter` elements have accessible names
2026-08-03T16:56:38.172Z LH:status Auditing: ARIA `progressbar` elements have accessible names
2026-08-03T16:56:38.173Z LH:status Auditing: Elements use only permitted ARIA attributes
2026-08-03T16:56:38.174Z LH:status Auditing: `[role]`s have all required `[aria-*]` attributes
2026-08-03T16:56:38.175Z LH:status Auditing: Elements with an ARIA `[role]` that require children to contain a specific `[role]` have all required children.
2026-08-03T16:56:38.176Z LH:status Auditing: `[role]`s are contained by their required parent element
2026-08-03T16:56:38.176Z LH:status Auditing: `[role]` values are valid
2026-08-03T16:56:38.177Z LH:status Auditing: Elements with the `role=text` attribute do not have focusable descendents.
2026-08-03T16:56:38.178Z LH:status Auditing: ARIA toggle fields have accessible names
2026-08-03T16:56:38.179Z LH:status Auditing: ARIA `tooltip` elements have accessible names
2026-08-03T16:56:38.179Z LH:status Auditing: ARIA `treeitem` elements have accessible names
2026-08-03T16:56:38.180Z LH:status Auditing: `[aria-*]` attributes have valid values
2026-08-03T16:56:38.181Z LH:status Auditing: `[aria-*]` attributes are valid and not misspelled
2026-08-03T16:56:38.183Z LH:status Auditing: Buttons have an accessible name
2026-08-03T16:56:38.184Z LH:status Auditing: The page contains a heading, skip link, or landmark region
2026-08-03T16:56:38.185Z LH:status Auditing: Background and foreground colors have a sufficient contrast ratio
2026-08-03T16:56:38.186Z LH:status Auditing: `<dl>`'s contain only properly-ordered `<dt>` and `<dd>` groups, `<script>`, `<template>` or `<div>` elements.
2026-08-03T16:56:38.187Z LH:status Auditing: Definition list items are wrapped in `<dl>` elements
2026-08-03T16:56:38.188Z LH:status Auditing: Document has a `<title>` element
2026-08-03T16:56:38.189Z LH:status Auditing: ARIA IDs are unique
2026-08-03T16:56:38.190Z LH:status Auditing: All heading elements contain content.
2026-08-03T16:56:38.191Z LH:status Auditing: No form fields have multiple labels
2026-08-03T16:56:38.192Z LH:status Auditing: `<frame>` or `<iframe>` elements have a title
2026-08-03T16:56:38.193Z LH:status Auditing: Heading elements appear in a sequentially-descending order
2026-08-03T16:56:38.194Z LH:status Auditing: `<html>` element has a `[lang]` attribute
2026-08-03T16:56:38.196Z LH:status Auditing: `<html>` element has a valid value for its `[lang]` attribute
2026-08-03T16:56:38.197Z LH:status Auditing: `<html>` element has an `[xml:lang]` attribute with the same base language as the `[lang]` attribute.
2026-08-03T16:56:38.197Z LH:status Auditing: Identical links have the same purpose.
2026-08-03T16:56:38.199Z LH:status Auditing: Image elements have `[alt]` attributes
2026-08-03T16:56:38.200Z LH:status Auditing: Image elements do not have `[alt]` attributes that are redundant text.
2026-08-03T16:56:38.201Z LH:status Auditing: Input buttons have discernible text.
2026-08-03T16:56:38.202Z LH:status Auditing: `<input type="image">` elements have `[alt]` text
2026-08-03T16:56:38.203Z LH:status Auditing: Elements with visible text labels have matching accessible names.
2026-08-03T16:56:38.205Z LH:status Auditing: Form elements have associated labels
2026-08-03T16:56:38.205Z LH:status Auditing: Document has a main landmark.
2026-08-03T16:56:38.206Z LH:status Auditing: Links have a discernible name
2026-08-03T16:56:38.207Z LH:status Auditing: Links are distinguishable without relying on color.
2026-08-03T16:56:38.209Z LH:status Auditing: Lists contain only `<li>` elements and script supporting elements (`<script>` and `<template>`).
2026-08-03T16:56:38.210Z LH:status Auditing: List items (`<li>`) are contained within `<ul>`, `<ol>` or `<menu>` parent elements
2026-08-03T16:56:38.214Z LH:status Auditing: The document does not use `<meta http-equiv="refresh">`
2026-08-03T16:56:38.215Z LH:status Auditing: `[user-scalable="no"]` is not used in the `<meta name="viewport">` element and the `[maximum-scale]` attribute is not less than 5.
2026-08-03T16:56:38.216Z LH:status Auditing: `<object>` elements have alternate text
2026-08-03T16:56:38.217Z LH:status Auditing: Select elements have associated label elements.
2026-08-03T16:56:38.218Z LH:status Auditing: Skip links are focusable.
2026-08-03T16:56:38.219Z LH:status Auditing: No element has a `[tabindex]` value greater than 0
2026-08-03T16:56:38.220Z LH:status Auditing: Tables have different content in the summary attribute and `<caption>`.
2026-08-03T16:56:38.221Z LH:status Auditing: Tables use `<caption>` instead of cells with the `[colspan]` attribute to indicate a caption.
2026-08-03T16:56:38.222Z LH:status Auditing: Touch targets have sufficient size and spacing.
2026-08-03T16:56:38.223Z LH:status Auditing: `<td>` elements in a large `<table>` have one or more table headers.
2026-08-03T16:56:38.224Z LH:status Auditing: Cells in a `<table>` element that use the `[headers]` attribute refer to table cells within the same table.
2026-08-03T16:56:38.226Z LH:status Auditing: `<th>` elements and elements with `[role="columnheader"/"rowheader"]` have data cells they describe.
2026-08-03T16:56:38.227Z LH:status Auditing: `[lang]` attributes have a valid value
2026-08-03T16:56:38.227Z LH:status Auditing: `<video>` elements contain a `<track>` element with `[kind="captions"]`
2026-08-03T16:56:38.228Z LH:status Auditing: Custom controls have associated labels
2026-08-03T16:56:38.228Z LH:status Auditing: Custom controls have ARIA roles
2026-08-03T16:56:38.228Z LH:status Auditing: User focus is not accidentally trapped in a region
2026-08-03T16:56:38.228Z LH:status Auditing: Interactive controls are keyboard focusable
2026-08-03T16:56:38.229Z LH:status Auditing: Interactive elements indicate their purpose and state
2026-08-03T16:56:38.229Z LH:status Auditing: The page has a logical tab order
2026-08-03T16:56:38.229Z LH:status Auditing: The user's focus is directed to new content added to the page
2026-08-03T16:56:38.229Z LH:status Auditing: Offscreen content is hidden from assistive technology
2026-08-03T16:56:38.229Z LH:status Auditing: HTML5 landmark elements are used to improve navigation
2026-08-03T16:56:38.229Z LH:status Auditing: Visual order on the page follows DOM order
2026-08-03T16:56:38.229Z LH:status Auditing: `autocomplete` attributes are used correctly
2026-08-03T16:56:38.229Z LH:status Auditing: Elements with `role="none"` or `role="presentation"` do not have conflicts
2026-08-03T16:56:38.231Z LH:status Auditing: SVG elements with an `img` role have an accessible text alternative
2026-08-03T16:56:38.232Z LH:status Auditing: Avoids enormous network payloads
2026-08-03T16:56:38.233Z LH:status Auditing: Minify CSS
2026-08-03T16:56:38.250Z LH:status Auditing: Minify JavaScript
2026-08-03T16:56:38.282Z LH:status Auditing: Reduce unused CSS
2026-08-03T16:56:38.285Z LH:status Auditing: Reduce unused JavaScript
2026-08-03T16:56:38.288Z LH:status Auditing: Page has the HTML doctype
2026-08-03T16:56:38.288Z LH:status Auditing: Properly defines charset
2026-08-03T16:56:38.289Z LH:status Auditing: Avoids requesting the geolocation permission on page load
2026-08-03T16:56:38.289Z LH:status Auditing: No issues in the `Issues` panel in Chrome Devtools
2026-08-03T16:56:38.290Z LH:status Auditing: Detected JavaScript libraries
2026-08-03T16:56:38.290Z LH:status Auditing: Avoids requesting the notification permission on page load
2026-08-03T16:56:38.291Z LH:status Auditing: Allows users to paste into input fields
2026-08-03T16:56:38.291Z LH:status Auditing: Baseline Features
2026-08-03T16:56:38.293Z LH:status Auditing: Document has a meta description
2026-08-03T16:56:38.294Z LH:status Auditing: Page has successful HTTP status code
2026-08-03T16:56:38.294Z LH:status Auditing: Links have descriptive text
2026-08-03T16:56:38.295Z LH:status Auditing: Links are crawlable
2026-08-03T16:56:38.295Z LH:status Auditing: Page isn’t blocked from indexing
2026-08-03T16:56:38.297Z LH:status Auditing: robots.txt is valid
2026-08-03T16:56:38.297Z LH:status Auditing: Document has a valid `hreflang`
2026-08-03T16:56:38.298Z LH:status Auditing: Document has a valid `rel=canonical`
2026-08-03T16:56:38.298Z LH:status Auditing: Structured data is valid
2026-08-03T16:56:38.299Z LH:status Auditing: Page didn't prevent back/forward cache restoration
2026-08-03T16:56:38.299Z LH:status Auditing: Use efficient cache lifetimes
2026-08-03T16:56:38.300Z LH:status Auditing: Layout shift culprits
2026-08-03T16:56:38.300Z LH:status Auditing: Document request latency
2026-08-03T16:56:38.301Z LH:status Auditing: Optimize DOM size
2026-08-03T16:56:38.301Z LH:status Auditing: Duplicated JavaScript
2026-08-03T16:56:38.302Z LH:status Auditing: Font display
2026-08-03T16:56:38.302Z LH:status Auditing: Forced reflow
2026-08-03T16:56:38.303Z LH:status Auditing: Improve image delivery
2026-08-03T16:56:38.303Z LH:status Auditing: INP breakdown
2026-08-03T16:56:38.304Z LH:status Auditing: LCP breakdown
2026-08-03T16:56:38.304Z LH:status Auditing: LCP request discovery
2026-08-03T16:56:38.305Z LH:status Auditing: Legacy JavaScript
2026-08-03T16:56:38.306Z LH:status Auditing: Modern HTTP
2026-08-03T16:56:38.306Z LH:status Auditing: Network dependency tree
2026-08-03T16:56:38.307Z LH:status Auditing: Render-blocking requests
2026-08-03T16:56:38.307Z LH:status Auditing: 3rd parties
2026-08-03T16:56:38.314Z LH:status Auditing: Optimize viewport for mobile
2026-08-03T16:56:38.315Z LH:status Generating results...
2026-08-03T16:56:38.335Z LH:Printer json output written to /home/mihai/ROVEXO/docs/releases/rc4/evidence/lighthouse/listing-mobile-rc4b.report.json
2026-08-03T16:56:38.336Z LH:Printer html output written to /home/mihai/ROVEXO/docs/releases/rc4/evidence/lighthouse/listing-mobile-rc4b.report.html
2026-08-03T16:56:38.336Z LH:CLI Protip: Run lighthouse with `--view` to immediately open the HTML report in your browser
