npm warn Unknown env config "devdir". This will stop working in the next major version of npm. See `npm help npmrc` for supported config options.
2026-08-03T16:45:32.288Z LH:ChromeLauncher Found existing Chrome already running using port 9222, using that.
2026-08-03T16:45:32.581Z LH:status Connecting to browser
2026-08-03T16:45:32.586Z LH:status Navigating to about:blank
2026-08-03T16:45:32.590Z LH:status Benchmarking machine
2026-08-03T16:45:33.593Z LH:status Host device pixel ratio
2026-08-03T16:45:33.595Z LH:status Preparing target for navigation mode
2026-08-03T16:45:33.606Z LH:status Preparing network conditions
2026-08-03T16:45:33.641Z LH:status Navigating to http://127.0.0.1:3000/listing/marketplace-refund-item-1785774719350-msdg5shg
2026-08-03T16:45:37.917Z LH:status Getting artifact: DevtoolsLog
2026-08-03T16:45:37.917Z LH:status Getting artifact: Trace
2026-08-03T16:45:37.917Z LH:status Getting artifact: Accessibility
2026-08-03T16:45:38.073Z LH:status Getting artifact: AnchorElements
2026-08-03T16:45:38.084Z LH:status Getting artifact: ConsoleMessages
2026-08-03T16:45:38.084Z LH:status Getting artifact: CSSUsage
2026-08-03T16:45:38.262Z LH:status Getting artifact: Doctype
2026-08-03T16:45:38.263Z LH:status Getting artifact: Inputs
2026-08-03T16:45:38.266Z LH:status Getting artifact: ImageElements
2026-08-03T16:45:38.428Z LH:status Getting artifact: InspectorIssues
2026-08-03T16:45:38.428Z LH:status Getting artifact: JsUsage
2026-08-03T16:45:38.428Z LH:status Getting artifact: LinkElements
2026-08-03T16:45:38.433Z LH:status Getting artifact: MainDocumentContent
2026-08-03T16:45:38.440Z LH:status Getting artifact: MetaElements
2026-08-03T16:45:38.442Z LH:status Getting artifact: NetworkUserAgent
2026-08-03T16:45:38.442Z LH:status Getting artifact: RobotsTxt
2026-08-03T16:45:38.449Z LH:status Getting artifact: Scripts
2026-08-03T16:45:38.449Z LH:status Getting artifact: SourceMaps
2026-08-03T16:45:38.449Z LH:status Getting artifact: Stacks
2026-08-03T16:45:38.450Z LH:status Collect stacks
2026-08-03T16:45:38.456Z LH:status Getting artifact: Stylesheets
2026-08-03T16:45:38.523Z LH:status Getting artifact: TraceElements
2026-08-03T16:45:38.535Z LH:status Trace Engine total
2026-08-03T16:45:38.535Z LH:status Trace Engine parse
2026-08-03T16:45:38.535Z LH:status Trace Engine parse:handleEvent
2026-08-03T16:45:38.579Z LH:status Trace Engine parse:Meta:finalize
2026-08-03T16:45:38.581Z LH:status Trace Engine parse:AnimationFrames:finalize
2026-08-03T16:45:38.582Z LH:status Trace Engine parse:Animations:finalize
2026-08-03T16:45:38.585Z LH:status Trace Engine parse:Samples:finalize
2026-08-03T16:45:38.586Z LH:status Trace Engine parse:AuctionWorklets:finalize
2026-08-03T16:45:38.588Z LH:status Trace Engine parse:NetworkRequests:finalize
2026-08-03T16:45:38.591Z LH:status Trace Engine parse:Renderer:finalize
2026-08-03T16:45:38.599Z LH:status Trace Engine parse:Flows:finalize
2026-08-03T16:45:38.602Z LH:status Trace Engine parse:AsyncJSCalls:finalize
2026-08-03T16:45:38.603Z LH:status Trace Engine parse:DOMStats:finalize
2026-08-03T16:45:38.604Z LH:status Trace Engine parse:UserTimings:finalize
2026-08-03T16:45:38.605Z LH:status Trace Engine parse:ExtensionTraceData:finalize
2026-08-03T16:45:38.606Z LH:status Trace Engine parse:LayerTree:finalize
2026-08-03T16:45:38.607Z LH:status Trace Engine parse:Frames:finalize
2026-08-03T16:45:38.615Z LH:status Trace Engine parse:GPU:finalize
2026-08-03T16:45:38.616Z LH:status Trace Engine parse:ImagePainting:finalize
2026-08-03T16:45:38.618Z LH:status Trace Engine parse:Initiators:finalize
2026-08-03T16:45:38.619Z LH:status Trace Engine parse:Invalidations:finalize
2026-08-03T16:45:38.621Z LH:status Trace Engine parse:PageLoadMetrics:finalize
2026-08-03T16:45:38.622Z LH:status Trace Engine parse:LargestImagePaint:finalize
2026-08-03T16:45:38.624Z LH:status Trace Engine parse:LargestTextPaint:finalize
2026-08-03T16:45:38.625Z LH:status Trace Engine parse:Screenshots:finalize
2026-08-03T16:45:38.628Z LH:status Trace Engine parse:LayoutShifts:finalize
2026-08-03T16:45:38.630Z LH:status Trace Engine parse:Memory:finalize
2026-08-03T16:45:38.631Z LH:status Trace Engine parse:PageFrames:finalize
2026-08-03T16:45:38.632Z LH:status Trace Engine parse:Scripts:finalize
2026-08-03T16:45:38.634Z LH:status Trace Engine parse:SelectorStats:finalize
2026-08-03T16:45:38.635Z LH:status Trace Engine parse:UserInteractions:finalize
2026-08-03T16:45:38.637Z LH:status Trace Engine parse:Workers:finalize
2026-08-03T16:45:38.638Z LH:status Trace Engine parse:Warnings:finalize
2026-08-03T16:45:38.639Z LH:status Trace Engine parse:handler.data()
2026-08-03T16:45:38.639Z LH:status Trace Engine insights
2026-08-03T16:45:38.640Z LH:status Trace Engine insights:CLSCulprits
2026-08-03T16:45:38.640Z LH:status Trace Engine insights:Cache
2026-08-03T16:45:38.641Z LH:status Trace Engine insights:CharacterSet
2026-08-03T16:45:38.641Z LH:status Trace Engine insights:DOMSize
2026-08-03T16:45:38.641Z LH:status Trace Engine insights:DocumentLatency
2026-08-03T16:45:38.641Z LH:status Trace Engine insights:DuplicatedJavaScript
2026-08-03T16:45:38.642Z LH:status Trace Engine insights:FontDisplay
2026-08-03T16:45:38.642Z LH:status Trace Engine insights:ForcedReflow
2026-08-03T16:45:38.642Z LH:status Trace Engine insights:INPBreakdown
2026-08-03T16:45:38.642Z LH:status Trace Engine insights:ImageDelivery
2026-08-03T16:45:38.643Z LH:status Trace Engine insights:LCPBreakdown
2026-08-03T16:45:38.643Z LH:status Trace Engine insights:LCPDiscovery
2026-08-03T16:45:38.643Z LH:status Trace Engine insights:LegacyJavaScript
2026-08-03T16:45:38.643Z LH:status Trace Engine insights:ModernHTTP
2026-08-03T16:45:38.643Z LH:status Trace Engine insights:NetworkDependencyTree
2026-08-03T16:45:38.644Z LH:status Trace Engine insights:RenderBlocking
2026-08-03T16:45:38.644Z LH:status Trace Engine insights:SlowCSSSelector
2026-08-03T16:45:38.644Z LH:status Trace Engine insights:ThirdParties
2026-08-03T16:45:38.645Z LH:status Trace Engine insights:Viewport
2026-08-03T16:45:38.646Z LH:status Trace Engine insights:createLanternContext
2026-08-03T16:45:38.662Z LH:status Trace Engine insights:CLSCulprits
2026-08-03T16:45:38.663Z LH:status Trace Engine insights:Cache
2026-08-03T16:45:38.664Z LH:status Trace Engine insights:CharacterSet
2026-08-03T16:45:38.664Z LH:status Trace Engine insights:DOMSize
2026-08-03T16:45:38.664Z LH:status Trace Engine insights:DocumentLatency
2026-08-03T16:45:38.665Z LH:status Trace Engine insights:DuplicatedJavaScript
2026-08-03T16:45:38.665Z LH:status Trace Engine insights:FontDisplay
2026-08-03T16:45:38.665Z LH:status Trace Engine insights:ForcedReflow
2026-08-03T16:45:38.665Z LH:status Trace Engine insights:INPBreakdown
2026-08-03T16:45:38.665Z LH:status Trace Engine insights:ImageDelivery
2026-08-03T16:45:38.665Z LH:status Trace Engine insights:LCPBreakdown
2026-08-03T16:45:38.665Z LH:status Trace Engine insights:LCPDiscovery
2026-08-03T16:45:38.665Z LH:status Trace Engine insights:LegacyJavaScript
2026-08-03T16:45:38.709Z LH:status Trace Engine insights:ModernHTTP
2026-08-03T16:45:38.711Z LH:status Trace Engine insights:NetworkDependencyTree
2026-08-03T16:45:38.712Z LH:status Trace Engine insights:RenderBlocking
2026-08-03T16:45:38.712Z LH:status Trace Engine insights:SlowCSSSelector
2026-08-03T16:45:38.712Z LH:status Trace Engine insights:ThirdParties
2026-08-03T16:45:38.717Z LH:status Trace Engine insights:Viewport
2026-08-03T16:45:38.740Z LH:method <= browser ERR:error DOM.resolveNode 
2026-08-03T16:45:38.741Z LH:method <= browser ERR:error DOM.resolveNode 
2026-08-03T16:45:38.742Z LH:method <= browser ERR:error DOM.resolveNode 
2026-08-03T16:45:38.743Z LH:method <= browser ERR:error DOM.resolveNode 
2026-08-03T16:45:38.744Z LH:method <= browser ERR:error DOM.resolveNode 
2026-08-03T16:45:38.744Z LH:method <= browser ERR:error DOM.resolveNode 
2026-08-03T16:45:38.745Z LH:method <= browser ERR:error DOM.resolveNode 
2026-08-03T16:45:38.745Z LH:method <= browser ERR:error DOM.resolveNode 
2026-08-03T16:45:38.746Z LH:method <= browser ERR:error DOM.resolveNode 
2026-08-03T16:45:38.747Z LH:method <= browser ERR:error DOM.resolveNode 
2026-08-03T16:45:38.748Z LH:method <= browser ERR:error DOM.resolveNode 
2026-08-03T16:45:38.748Z LH:method <= browser ERR:error DOM.resolveNode 
2026-08-03T16:45:38.749Z LH:method <= browser ERR:error DOM.resolveNode 
2026-08-03T16:45:38.750Z LH:method <= browser ERR:error DOM.resolveNode 
2026-08-03T16:45:38.750Z LH:method <= browser ERR:error DOM.resolveNode 
2026-08-03T16:45:38.751Z LH:method <= browser ERR:error DOM.resolveNode 
2026-08-03T16:45:38.751Z LH:method <= browser ERR:error DOM.resolveNode 
2026-08-03T16:45:38.752Z LH:method <= browser ERR:error DOM.resolveNode 
2026-08-03T16:45:38.753Z LH:method <= browser ERR:error DOM.resolveNode 
2026-08-03T16:45:38.753Z LH:method <= browser ERR:error DOM.resolveNode 
2026-08-03T16:45:38.754Z LH:method <= browser ERR:error DOM.resolveNode 
2026-08-03T16:45:38.754Z LH:method <= browser ERR:error DOM.resolveNode 
2026-08-03T16:45:38.755Z LH:method <= browser ERR:error DOM.resolveNode 
2026-08-03T16:45:38.756Z LH:method <= browser ERR:error DOM.resolveNode 
2026-08-03T16:45:38.756Z LH:method <= browser ERR:error DOM.resolveNode 
2026-08-03T16:45:38.757Z LH:method <= browser ERR:error DOM.resolveNode 
2026-08-03T16:45:38.758Z LH:method <= browser ERR:error DOM.resolveNode 
2026-08-03T16:45:38.758Z LH:method <= browser ERR:error DOM.resolveNode 
2026-08-03T16:45:38.759Z LH:method <= browser ERR:error DOM.resolveNode 
2026-08-03T16:45:38.759Z LH:method <= browser ERR:error DOM.resolveNode 
2026-08-03T16:45:38.760Z LH:method <= browser ERR:error DOM.resolveNode 
2026-08-03T16:45:38.761Z LH:method <= browser ERR:error DOM.resolveNode 
2026-08-03T16:45:38.761Z LH:method <= browser ERR:error DOM.resolveNode 
2026-08-03T16:45:38.762Z LH:method <= browser ERR:error DOM.resolveNode 
2026-08-03T16:45:38.762Z LH:method <= browser ERR:error DOM.resolveNode 
2026-08-03T16:45:38.763Z LH:method <= browser ERR:error DOM.resolveNode 
2026-08-03T16:45:38.764Z LH:method <= browser ERR:error DOM.resolveNode 
2026-08-03T16:45:38.765Z LH:method <= browser ERR:error DOM.resolveNode 
2026-08-03T16:45:38.765Z LH:method <= browser ERR:error DOM.resolveNode 
2026-08-03T16:45:38.766Z LH:method <= browser ERR:error DOM.resolveNode 
2026-08-03T16:45:38.767Z LH:method <= browser ERR:error DOM.resolveNode 
2026-08-03T16:45:38.767Z LH:method <= browser ERR:error DOM.resolveNode 
2026-08-03T16:45:38.768Z LH:method <= browser ERR:error DOM.resolveNode 
2026-08-03T16:45:38.769Z LH:method <= browser ERR:error DOM.resolveNode 
2026-08-03T16:45:38.769Z LH:method <= browser ERR:error DOM.resolveNode 
2026-08-03T16:45:38.770Z LH:method <= browser ERR:error DOM.resolveNode 
2026-08-03T16:45:38.770Z LH:method <= browser ERR:error DOM.resolveNode 
2026-08-03T16:45:38.771Z LH:method <= browser ERR:error DOM.resolveNode 
2026-08-03T16:45:38.772Z LH:method <= browser ERR:error DOM.resolveNode 
2026-08-03T16:45:38.772Z LH:method <= browser ERR:error DOM.resolveNode 
2026-08-03T16:45:38.773Z LH:method <= browser ERR:error DOM.resolveNode 
2026-08-03T16:45:38.774Z LH:method <= browser ERR:error DOM.resolveNode 
2026-08-03T16:45:38.774Z LH:method <= browser ERR:error DOM.resolveNode 
2026-08-03T16:45:38.775Z LH:method <= browser ERR:error DOM.resolveNode 
2026-08-03T16:45:38.775Z LH:method <= browser ERR:error DOM.resolveNode 
2026-08-03T16:45:38.776Z LH:method <= browser ERR:error DOM.resolveNode 
2026-08-03T16:45:38.777Z LH:method <= browser ERR:error DOM.resolveNode 
2026-08-03T16:45:38.778Z LH:method <= browser ERR:error DOM.resolveNode 
2026-08-03T16:45:38.778Z LH:method <= browser ERR:error DOM.resolveNode 
2026-08-03T16:45:38.779Z LH:method <= browser ERR:error DOM.resolveNode 
2026-08-03T16:45:38.780Z LH:method <= browser ERR:error DOM.resolveNode 
2026-08-03T16:45:38.781Z LH:method <= browser ERR:error DOM.resolveNode 
2026-08-03T16:45:38.789Z LH:method <= browser ERR:error DOM.resolveNode 
2026-08-03T16:45:38.797Z LH:method <= browser ERR:error DOM.resolveNode 
2026-08-03T16:45:38.797Z LH:method <= browser ERR:error DOM.resolveNode 
2026-08-03T16:45:38.798Z LH:method <= browser ERR:error DOM.resolveNode 
2026-08-03T16:45:38.799Z LH:method <= browser ERR:error DOM.resolveNode 
2026-08-03T16:45:38.799Z LH:method <= browser ERR:error DOM.resolveNode 
2026-08-03T16:45:38.800Z LH:method <= browser ERR:error DOM.resolveNode 
2026-08-03T16:45:38.801Z LH:method <= browser ERR:error DOM.resolveNode 
2026-08-03T16:45:38.801Z LH:method <= browser ERR:error DOM.resolveNode 
2026-08-03T16:45:38.802Z LH:method <= browser ERR:error DOM.resolveNode 
2026-08-03T16:45:38.803Z LH:method <= browser ERR:error DOM.resolveNode 
2026-08-03T16:45:38.803Z LH:method <= browser ERR:error DOM.resolveNode 
2026-08-03T16:45:38.804Z LH:method <= browser ERR:error DOM.resolveNode 
2026-08-03T16:45:38.805Z LH:method <= browser ERR:error DOM.resolveNode 
2026-08-03T16:45:38.805Z LH:method <= browser ERR:error DOM.resolveNode 
2026-08-03T16:45:38.806Z LH:method <= browser ERR:error DOM.resolveNode 
2026-08-03T16:45:38.806Z LH:method <= browser ERR:error DOM.resolveNode 
2026-08-03T16:45:38.807Z LH:method <= browser ERR:error DOM.resolveNode 
2026-08-03T16:45:38.808Z LH:method <= browser ERR:error DOM.resolveNode 
2026-08-03T16:45:38.809Z LH:method <= browser ERR:error DOM.resolveNode 
2026-08-03T16:45:38.809Z LH:method <= browser ERR:error DOM.resolveNode 
2026-08-03T16:45:38.810Z LH:method <= browser ERR:error DOM.resolveNode 
2026-08-03T16:45:38.811Z LH:method <= browser ERR:error DOM.resolveNode 
2026-08-03T16:45:38.811Z LH:status Getting artifact: ViewportDimensions
2026-08-03T16:45:38.812Z LH:status Getting artifact: FullPageScreenshot
2026-08-03T16:45:40.335Z LH:status Getting artifact: BFCacheFailures
2026-08-03T16:45:40.581Z LH:status Analyzing and running audits...
2026-08-03T16:45:40.582Z LH:status Auditing: Uses HTTPS
2026-08-03T16:45:40.583Z LH:status Auditing: Redirects HTTP traffic to HTTPS
2026-08-03T16:45:40.583Z LH:status Auditing: First Contentful Paint
2026-08-03T16:45:40.591Z LH:status Auditing: Largest Contentful Paint
2026-08-03T16:45:40.593Z LH:status Auditing: Speed Index
2026-08-03T16:45:40.629Z LH:status Auditing: Screenshot Thumbnails
2026-08-03T16:45:40.629Z LH:status Auditing: Final Screenshot
2026-08-03T16:45:40.630Z LH:status Auditing: Total Blocking Time
2026-08-03T16:45:40.633Z LH:status Auditing: Max Potential First Input Delay
2026-08-03T16:45:40.635Z LH:status Auditing: Cumulative Layout Shift
2026-08-03T16:45:40.636Z LH:status Auditing: No browser errors logged to the console
2026-08-03T16:45:40.637Z LH:status Auditing: Initial server response time was short
2026-08-03T16:45:40.638Z LH:status Auditing: Time to Interactive
2026-08-03T16:45:40.639Z LH:status Auditing: User Timing marks and measures
2026-08-03T16:45:40.640Z LH:status Auditing: Avoid multiple page redirects
2026-08-03T16:45:40.641Z LH:status Auditing: Displays images with correct aspect ratio
2026-08-03T16:45:40.642Z LH:status Auditing: Serves images with appropriate resolution
2026-08-03T16:45:40.643Z LH:status Auditing: Avoids deprecated APIs
2026-08-03T16:45:40.644Z LH:status Auditing: Avoids third-party cookies
2026-08-03T16:45:40.644Z LH:status Auditing: Minimizes main-thread work
2026-08-03T16:45:40.651Z LH:status Auditing: JavaScript execution time
2026-08-03T16:45:40.655Z LH:status Auditing: Diagnostics
2026-08-03T16:45:40.656Z LH:status Auditing: Network Requests
2026-08-03T16:45:40.658Z LH:status Auditing: Network Round Trip Times
2026-08-03T16:45:40.658Z LH:status Auditing: Server Backend Latencies
2026-08-03T16:45:40.659Z LH:status Auditing: Tasks
2026-08-03T16:45:40.659Z LH:status Auditing: Metrics
2026-08-03T16:45:40.661Z LH:status Auditing: Resources Summary
2026-08-03T16:45:40.662Z LH:status Auditing: Avoid large layout shifts
2026-08-03T16:45:40.663Z LH:status Auditing: Avoid long main-thread tasks
2026-08-03T16:45:40.665Z LH:status Auditing: Avoid non-composited animations
2026-08-03T16:45:40.665Z LH:status Auditing: Image elements have explicit `width` and `height`
2026-08-03T16:45:40.666Z LH:status Auditing: Page has valid source maps
2026-08-03T16:45:40.666Z LH:status Auditing: Ensure CSP is effective against XSS attacks
2026-08-03T16:45:40.670Z LH:status Auditing: Use a strong HSTS policy
2026-08-03T16:45:40.671Z LH:status Auditing: Ensure proper origin isolation with COOP
2026-08-03T16:45:40.671Z LH:status Auditing: Mitigate clickjacking with XFO or CSP
2026-08-03T16:45:40.672Z LH:status Auditing: Mitigate DOM-based XSS with Trusted Types
2026-08-03T16:45:40.672Z LH:status Auditing: Script Treemap Data
2026-08-03T16:45:40.689Z LH:status Auditing: `[accesskey]` values are unique
2026-08-03T16:45:40.689Z LH:status Auditing: `[aria-*]` attributes match their roles
2026-08-03T16:45:40.691Z LH:status Auditing: Uses ARIA roles only on compatible elements
2026-08-03T16:45:40.692Z LH:status Auditing: `button`, `link`, and `menuitem` elements have accessible names
2026-08-03T16:45:40.692Z LH:status Auditing: ARIA attributes are used as specified for the element's role
2026-08-03T16:45:40.693Z LH:status Auditing: Deprecated ARIA roles were not used
2026-08-03T16:45:40.695Z LH:status Auditing: Elements with `role="dialog"` or `role="alertdialog"` have accessible names.
2026-08-03T16:45:40.696Z LH:status Auditing: `[aria-hidden="true"]` is not present on the document `<body>`
2026-08-03T16:45:40.697Z LH:status Auditing: `[aria-hidden="true"]` elements do not contain focusable descendents
2026-08-03T16:45:40.698Z LH:status Auditing: ARIA input fields have accessible names
2026-08-03T16:45:40.698Z LH:status Auditing: ARIA `meter` elements have accessible names
2026-08-03T16:45:40.699Z LH:status Auditing: ARIA `progressbar` elements have accessible names
2026-08-03T16:45:40.699Z LH:status Auditing: Elements use only permitted ARIA attributes
2026-08-03T16:45:40.700Z LH:status Auditing: `[role]`s have all required `[aria-*]` attributes
2026-08-03T16:45:40.702Z LH:status Auditing: Elements with an ARIA `[role]` that require children to contain a specific `[role]` have all required children.
2026-08-03T16:45:40.702Z LH:status Auditing: `[role]`s are contained by their required parent element
2026-08-03T16:45:40.703Z LH:status Auditing: `[role]` values are valid
2026-08-03T16:45:40.704Z LH:status Auditing: Elements with the `role=text` attribute do not have focusable descendents.
2026-08-03T16:45:40.704Z LH:status Auditing: ARIA toggle fields have accessible names
2026-08-03T16:45:40.705Z LH:status Auditing: ARIA `tooltip` elements have accessible names
2026-08-03T16:45:40.705Z LH:status Auditing: ARIA `treeitem` elements have accessible names
2026-08-03T16:45:40.706Z LH:status Auditing: `[aria-*]` attributes have valid values
2026-08-03T16:45:40.707Z LH:status Auditing: `[aria-*]` attributes are valid and not misspelled
2026-08-03T16:45:40.708Z LH:status Auditing: Buttons have an accessible name
2026-08-03T16:45:40.709Z LH:status Auditing: The page contains a heading, skip link, or landmark region
2026-08-03T16:45:40.711Z LH:status Auditing: Background and foreground colors have a sufficient contrast ratio
2026-08-03T16:45:40.716Z LH:status Auditing: `<dl>`'s contain only properly-ordered `<dt>` and `<dd>` groups, `<script>`, `<template>` or `<div>` elements.
2026-08-03T16:45:40.717Z LH:status Auditing: Definition list items are wrapped in `<dl>` elements
2026-08-03T16:45:40.717Z LH:status Auditing: Document has a `<title>` element
2026-08-03T16:45:40.719Z LH:status Auditing: ARIA IDs are unique
2026-08-03T16:45:40.720Z LH:status Auditing: All heading elements contain content.
2026-08-03T16:45:40.721Z LH:status Auditing: No form fields have multiple labels
2026-08-03T16:45:40.722Z LH:status Auditing: `<frame>` or `<iframe>` elements have a title
2026-08-03T16:45:40.723Z LH:status Auditing: Heading elements appear in a sequentially-descending order
2026-08-03T16:45:40.724Z LH:status Auditing: `<html>` element has a `[lang]` attribute
2026-08-03T16:45:40.725Z LH:status Auditing: `<html>` element has a valid value for its `[lang]` attribute
2026-08-03T16:45:40.726Z LH:status Auditing: `<html>` element has an `[xml:lang]` attribute with the same base language as the `[lang]` attribute.
2026-08-03T16:45:40.727Z LH:status Auditing: Identical links have the same purpose.
2026-08-03T16:45:40.728Z LH:status Auditing: Image elements have `[alt]` attributes
2026-08-03T16:45:40.730Z LH:status Auditing: Image elements do not have `[alt]` attributes that are redundant text.
2026-08-03T16:45:40.731Z LH:status Auditing: Input buttons have discernible text.
2026-08-03T16:45:40.732Z LH:status Auditing: `<input type="image">` elements have `[alt]` text
2026-08-03T16:45:40.733Z LH:status Auditing: Elements with visible text labels have matching accessible names.
2026-08-03T16:45:40.734Z LH:status Auditing: Form elements have associated labels
2026-08-03T16:45:40.735Z LH:status Auditing: Document has a main landmark.
2026-08-03T16:45:40.736Z LH:status Auditing: Links have a discernible name
2026-08-03T16:45:40.737Z LH:status Auditing: Links are distinguishable without relying on color.
2026-08-03T16:45:40.738Z LH:status Auditing: Lists contain only `<li>` elements and script supporting elements (`<script>` and `<template>`).
2026-08-03T16:45:40.739Z LH:status Auditing: List items (`<li>`) are contained within `<ul>`, `<ol>` or `<menu>` parent elements
2026-08-03T16:45:40.741Z LH:status Auditing: The document does not use `<meta http-equiv="refresh">`
2026-08-03T16:45:40.742Z LH:status Auditing: `[user-scalable="no"]` is not used in the `<meta name="viewport">` element and the `[maximum-scale]` attribute is not less than 5.
2026-08-03T16:45:40.743Z LH:status Auditing: `<object>` elements have alternate text
2026-08-03T16:45:40.744Z LH:status Auditing: Select elements have associated label elements.
2026-08-03T16:45:40.744Z LH:status Auditing: Skip links are focusable.
2026-08-03T16:45:40.745Z LH:status Auditing: No element has a `[tabindex]` value greater than 0
2026-08-03T16:45:40.746Z LH:status Auditing: Tables have different content in the summary attribute and `<caption>`.
2026-08-03T16:45:40.747Z LH:status Auditing: Tables use `<caption>` instead of cells with the `[colspan]` attribute to indicate a caption.
2026-08-03T16:45:40.748Z LH:status Auditing: Touch targets have sufficient size and spacing.
2026-08-03T16:45:40.750Z LH:status Auditing: `<td>` elements in a large `<table>` have one or more table headers.
2026-08-03T16:45:40.750Z LH:status Auditing: Cells in a `<table>` element that use the `[headers]` attribute refer to table cells within the same table.
2026-08-03T16:45:40.752Z LH:status Auditing: `<th>` elements and elements with `[role="columnheader"/"rowheader"]` have data cells they describe.
2026-08-03T16:45:40.753Z LH:status Auditing: `[lang]` attributes have a valid value
2026-08-03T16:45:40.754Z LH:status Auditing: `<video>` elements contain a `<track>` element with `[kind="captions"]`
2026-08-03T16:45:40.755Z LH:status Auditing: Custom controls have associated labels
2026-08-03T16:45:40.755Z LH:status Auditing: Custom controls have ARIA roles
2026-08-03T16:45:40.755Z LH:status Auditing: User focus is not accidentally trapped in a region
2026-08-03T16:45:40.755Z LH:status Auditing: Interactive controls are keyboard focusable
2026-08-03T16:45:40.755Z LH:status Auditing: Interactive elements indicate their purpose and state
2026-08-03T16:45:40.755Z LH:status Auditing: The page has a logical tab order
2026-08-03T16:45:40.755Z LH:status Auditing: The user's focus is directed to new content added to the page
2026-08-03T16:45:40.755Z LH:status Auditing: Offscreen content is hidden from assistive technology
2026-08-03T16:45:40.755Z LH:status Auditing: HTML5 landmark elements are used to improve navigation
2026-08-03T16:45:40.755Z LH:status Auditing: Visual order on the page follows DOM order
2026-08-03T16:45:40.755Z LH:status Auditing: `autocomplete` attributes are used correctly
2026-08-03T16:45:40.756Z LH:status Auditing: Elements with `role="none"` or `role="presentation"` do not have conflicts
2026-08-03T16:45:40.757Z LH:status Auditing: SVG elements with an `img` role have an accessible text alternative
2026-08-03T16:45:40.759Z LH:status Auditing: Avoids enormous network payloads
2026-08-03T16:45:40.759Z LH:status Auditing: Minify CSS
2026-08-03T16:45:40.788Z LH:status Auditing: Minify JavaScript
2026-08-03T16:45:40.818Z LH:status Auditing: Reduce unused CSS
2026-08-03T16:45:40.820Z LH:status Auditing: Reduce unused JavaScript
2026-08-03T16:45:40.822Z LH:status Auditing: Page has the HTML doctype
2026-08-03T16:45:40.823Z LH:status Auditing: Properly defines charset
2026-08-03T16:45:40.824Z LH:status Auditing: Avoids requesting the geolocation permission on page load
2026-08-03T16:45:40.824Z LH:status Auditing: No issues in the `Issues` panel in Chrome Devtools
2026-08-03T16:45:40.824Z LH:status Auditing: Detected JavaScript libraries
2026-08-03T16:45:40.825Z LH:status Auditing: Avoids requesting the notification permission on page load
2026-08-03T16:45:40.825Z LH:status Auditing: Allows users to paste into input fields
2026-08-03T16:45:40.826Z LH:status Auditing: Baseline Features
2026-08-03T16:45:40.828Z LH:status Auditing: Document has a meta description
2026-08-03T16:45:40.828Z LH:status Auditing: Page has successful HTTP status code
2026-08-03T16:45:40.829Z LH:status Auditing: Links have descriptive text
2026-08-03T16:45:40.829Z LH:status Auditing: Links are crawlable
2026-08-03T16:45:40.830Z LH:status Auditing: Page isn’t blocked from indexing
2026-08-03T16:45:40.831Z LH:status Auditing: robots.txt is valid
2026-08-03T16:45:40.832Z LH:status Auditing: Document has a valid `hreflang`
2026-08-03T16:45:40.832Z LH:status Auditing: Document has a valid `rel=canonical`
2026-08-03T16:45:40.833Z LH:status Auditing: Structured data is valid
2026-08-03T16:45:40.833Z LH:status Auditing: Page didn't prevent back/forward cache restoration
2026-08-03T16:45:40.834Z LH:status Auditing: Use efficient cache lifetimes
2026-08-03T16:45:40.835Z LH:status Auditing: Layout shift culprits
2026-08-03T16:45:40.835Z LH:status Auditing: Document request latency
2026-08-03T16:45:40.836Z LH:status Auditing: Optimize DOM size
2026-08-03T16:45:40.836Z LH:status Auditing: Duplicated JavaScript
2026-08-03T16:45:40.837Z LH:status Auditing: Font display
2026-08-03T16:45:40.837Z LH:status Auditing: Forced reflow
2026-08-03T16:45:40.838Z LH:status Auditing: Improve image delivery
2026-08-03T16:45:40.838Z LH:status Auditing: INP breakdown
2026-08-03T16:45:40.839Z LH:status Auditing: LCP breakdown
2026-08-03T16:45:40.839Z LH:status Auditing: LCP request discovery
2026-08-03T16:45:40.840Z LH:status Auditing: Legacy JavaScript
2026-08-03T16:45:40.841Z LH:status Auditing: Modern HTTP
2026-08-03T16:45:40.841Z LH:status Auditing: Network dependency tree
2026-08-03T16:45:40.842Z LH:status Auditing: Render-blocking requests
2026-08-03T16:45:40.843Z LH:status Auditing: 3rd parties
2026-08-03T16:45:40.847Z LH:status Auditing: Optimize viewport for mobile
2026-08-03T16:45:40.847Z LH:status Generating results...
2026-08-03T16:45:40.863Z LH:Printer json output written to /home/mihai/ROVEXO/docs/releases/rc4/evidence/lighthouse/product-desktop.report.json
2026-08-03T16:45:40.865Z LH:Printer html output written to /home/mihai/ROVEXO/docs/releases/rc4/evidence/lighthouse/product-desktop.report.html
2026-08-03T16:45:40.865Z LH:CLI Protip: Run lighthouse with `--view` to immediately open the HTML report in your browser
