npm warn Unknown env config "devdir". This will stop working in the next major version of npm. See `npm help npmrc` for supported config options.
2026-08-03T16:42:49.825Z LH:ChromeLauncher Found existing Chrome already running using port 9222, using that.
2026-08-03T16:42:50.107Z LH:status Connecting to browser
2026-08-03T16:42:50.112Z LH:status Navigating to about:blank
2026-08-03T16:42:50.116Z LH:status Benchmarking machine
2026-08-03T16:42:51.120Z LH:status Host device pixel ratio
2026-08-03T16:42:51.121Z LH:status Preparing target for navigation mode
2026-08-03T16:42:51.133Z LH:status Preparing network conditions
2026-08-03T16:42:51.147Z LH:status Navigating to http://127.0.0.1:3000/search
2026-08-03T16:42:54.936Z LH:status Getting artifact: DevtoolsLog
2026-08-03T16:42:54.936Z LH:status Getting artifact: Trace
2026-08-03T16:42:54.936Z LH:status Getting artifact: Accessibility
2026-08-03T16:42:55.070Z LH:status Getting artifact: AnchorElements
2026-08-03T16:42:55.086Z LH:status Getting artifact: ConsoleMessages
2026-08-03T16:42:55.086Z LH:status Getting artifact: CSSUsage
2026-08-03T16:42:55.283Z LH:status Getting artifact: Doctype
2026-08-03T16:42:55.284Z LH:status Getting artifact: Inputs
2026-08-03T16:42:55.287Z LH:status Getting artifact: ImageElements
2026-08-03T16:42:55.312Z LH:status Getting artifact: InspectorIssues
2026-08-03T16:42:55.313Z LH:status Getting artifact: JsUsage
2026-08-03T16:42:55.313Z LH:status Getting artifact: LinkElements
2026-08-03T16:42:55.317Z LH:status Getting artifact: MainDocumentContent
2026-08-03T16:42:55.320Z LH:status Getting artifact: MetaElements
2026-08-03T16:42:55.323Z LH:status Getting artifact: NetworkUserAgent
2026-08-03T16:42:55.323Z LH:status Getting artifact: RobotsTxt
2026-08-03T16:42:55.330Z LH:status Getting artifact: Scripts
2026-08-03T16:42:55.331Z LH:status Getting artifact: SourceMaps
2026-08-03T16:42:55.331Z LH:status Getting artifact: Stacks
2026-08-03T16:42:55.331Z LH:status Collect stacks
2026-08-03T16:42:55.338Z LH:status Getting artifact: Stylesheets
2026-08-03T16:42:55.404Z LH:status Getting artifact: TraceElements
2026-08-03T16:42:55.420Z LH:status Trace Engine total
2026-08-03T16:42:55.420Z LH:status Trace Engine parse
2026-08-03T16:42:55.421Z LH:status Trace Engine parse:handleEvent
2026-08-03T16:42:55.474Z LH:status Trace Engine parse:Meta:finalize
2026-08-03T16:42:55.479Z LH:status Trace Engine parse:AnimationFrames:finalize
2026-08-03T16:42:55.479Z LH:status Trace Engine parse:Animations:finalize
2026-08-03T16:42:55.482Z LH:status Trace Engine parse:Samples:finalize
2026-08-03T16:42:55.482Z LH:status Trace Engine parse:AuctionWorklets:finalize
2026-08-03T16:42:55.484Z LH:status Trace Engine parse:NetworkRequests:finalize
2026-08-03T16:42:55.486Z LH:status Trace Engine parse:Renderer:finalize
2026-08-03T16:42:55.499Z LH:status Trace Engine parse:Flows:finalize
2026-08-03T16:42:55.506Z LH:status Trace Engine parse:AsyncJSCalls:finalize
2026-08-03T16:42:55.509Z LH:status Trace Engine parse:DOMStats:finalize
2026-08-03T16:42:55.510Z LH:status Trace Engine parse:UserTimings:finalize
2026-08-03T16:42:55.511Z LH:status Trace Engine parse:ExtensionTraceData:finalize
2026-08-03T16:42:55.513Z LH:status Trace Engine parse:LayerTree:finalize
2026-08-03T16:42:55.515Z LH:status Trace Engine parse:Frames:finalize
2026-08-03T16:42:55.520Z LH:status Trace Engine parse:GPU:finalize
2026-08-03T16:42:55.521Z LH:status Trace Engine parse:ImagePainting:finalize
2026-08-03T16:42:55.523Z LH:status Trace Engine parse:Initiators:finalize
2026-08-03T16:42:55.524Z LH:status Trace Engine parse:Invalidations:finalize
2026-08-03T16:42:55.525Z LH:status Trace Engine parse:PageLoadMetrics:finalize
2026-08-03T16:42:55.527Z LH:status Trace Engine parse:LargestImagePaint:finalize
2026-08-03T16:42:55.528Z LH:status Trace Engine parse:LargestTextPaint:finalize
2026-08-03T16:42:55.530Z LH:status Trace Engine parse:Screenshots:finalize
2026-08-03T16:42:55.532Z LH:status Trace Engine parse:LayoutShifts:finalize
2026-08-03T16:42:55.534Z LH:status Trace Engine parse:Memory:finalize
2026-08-03T16:42:55.535Z LH:status Trace Engine parse:PageFrames:finalize
2026-08-03T16:42:55.536Z LH:status Trace Engine parse:Scripts:finalize
2026-08-03T16:42:55.537Z LH:status Trace Engine parse:SelectorStats:finalize
2026-08-03T16:42:55.539Z LH:status Trace Engine parse:UserInteractions:finalize
2026-08-03T16:42:55.540Z LH:status Trace Engine parse:Workers:finalize
2026-08-03T16:42:55.542Z LH:status Trace Engine parse:Warnings:finalize
2026-08-03T16:42:55.543Z LH:status Trace Engine parse:handler.data()
2026-08-03T16:42:55.543Z LH:status Trace Engine insights
2026-08-03T16:42:55.544Z LH:status Trace Engine insights:CLSCulprits
2026-08-03T16:42:55.544Z LH:status Trace Engine insights:Cache
2026-08-03T16:42:55.545Z LH:status Trace Engine insights:CharacterSet
2026-08-03T16:42:55.545Z LH:status Trace Engine insights:DOMSize
2026-08-03T16:42:55.545Z LH:status Trace Engine insights:DocumentLatency
2026-08-03T16:42:55.546Z LH:status Trace Engine insights:DuplicatedJavaScript
2026-08-03T16:42:55.546Z LH:status Trace Engine insights:FontDisplay
2026-08-03T16:42:55.546Z LH:status Trace Engine insights:ForcedReflow
2026-08-03T16:42:55.546Z LH:status Trace Engine insights:INPBreakdown
2026-08-03T16:42:55.546Z LH:status Trace Engine insights:ImageDelivery
2026-08-03T16:42:55.547Z LH:status Trace Engine insights:LCPBreakdown
2026-08-03T16:42:55.547Z LH:status Trace Engine insights:LCPDiscovery
2026-08-03T16:42:55.547Z LH:status Trace Engine insights:LegacyJavaScript
2026-08-03T16:42:55.547Z LH:status Trace Engine insights:ModernHTTP
2026-08-03T16:42:55.547Z LH:status Trace Engine insights:NetworkDependencyTree
2026-08-03T16:42:55.548Z LH:status Trace Engine insights:RenderBlocking
2026-08-03T16:42:55.548Z LH:status Trace Engine insights:SlowCSSSelector
2026-08-03T16:42:55.548Z LH:status Trace Engine insights:ThirdParties
2026-08-03T16:42:55.550Z LH:status Trace Engine insights:Viewport
2026-08-03T16:42:55.550Z LH:status Trace Engine insights:createLanternContext
2026-08-03T16:42:55.571Z LH:status Trace Engine insights:CLSCulprits
2026-08-03T16:42:55.572Z LH:status Trace Engine insights:Cache
2026-08-03T16:42:55.572Z LH:status Trace Engine insights:CharacterSet
2026-08-03T16:42:55.572Z LH:status Trace Engine insights:DOMSize
2026-08-03T16:42:55.572Z LH:status Trace Engine insights:DocumentLatency
2026-08-03T16:42:55.573Z LH:status Trace Engine insights:DuplicatedJavaScript
2026-08-03T16:42:55.573Z LH:status Trace Engine insights:FontDisplay
2026-08-03T16:42:55.573Z LH:status Trace Engine insights:ForcedReflow
2026-08-03T16:42:55.573Z LH:status Trace Engine insights:INPBreakdown
2026-08-03T16:42:55.573Z LH:status Trace Engine insights:ImageDelivery
2026-08-03T16:42:55.573Z LH:status Trace Engine insights:LCPBreakdown
2026-08-03T16:42:55.573Z LH:status Trace Engine insights:LCPDiscovery
2026-08-03T16:42:55.574Z LH:status Trace Engine insights:LegacyJavaScript
2026-08-03T16:42:55.610Z LH:status Trace Engine insights:ModernHTTP
2026-08-03T16:42:55.612Z LH:status Trace Engine insights:NetworkDependencyTree
2026-08-03T16:42:55.613Z LH:status Trace Engine insights:RenderBlocking
2026-08-03T16:42:55.614Z LH:status Trace Engine insights:SlowCSSSelector
2026-08-03T16:42:55.614Z LH:status Trace Engine insights:ThirdParties
2026-08-03T16:42:55.619Z LH:status Trace Engine insights:Viewport
2026-08-03T16:42:55.643Z LH:method <= browser ERR:error DOM.resolveNode 
2026-08-03T16:42:55.643Z LH:method <= browser ERR:error DOM.resolveNode 
2026-08-03T16:42:55.644Z LH:method <= browser ERR:error DOM.resolveNode 
2026-08-03T16:42:55.645Z LH:method <= browser ERR:error DOM.resolveNode 
2026-08-03T16:42:55.645Z LH:method <= browser ERR:error DOM.resolveNode 
2026-08-03T16:42:55.646Z LH:method <= browser ERR:error DOM.resolveNode 
2026-08-03T16:42:55.647Z LH:method <= browser ERR:error DOM.resolveNode 
2026-08-03T16:42:55.647Z LH:method <= browser ERR:error DOM.resolveNode 
2026-08-03T16:42:55.648Z LH:method <= browser ERR:error DOM.resolveNode 
2026-08-03T16:42:55.649Z LH:method <= browser ERR:error DOM.resolveNode 
2026-08-03T16:42:55.650Z LH:method <= browser ERR:error DOM.resolveNode 
2026-08-03T16:42:55.650Z LH:method <= browser ERR:error DOM.resolveNode 
2026-08-03T16:42:55.651Z LH:method <= browser ERR:error DOM.resolveNode 
2026-08-03T16:42:55.652Z LH:method <= browser ERR:error DOM.resolveNode 
2026-08-03T16:42:55.652Z LH:method <= browser ERR:error DOM.resolveNode 
2026-08-03T16:42:55.653Z LH:method <= browser ERR:error DOM.resolveNode 
2026-08-03T16:42:55.653Z LH:method <= browser ERR:error DOM.resolveNode 
2026-08-03T16:42:55.654Z LH:method <= browser ERR:error DOM.resolveNode 
2026-08-03T16:42:55.655Z LH:method <= browser ERR:error DOM.resolveNode 
2026-08-03T16:42:55.655Z LH:method <= browser ERR:error DOM.resolveNode 
2026-08-03T16:42:55.656Z LH:method <= browser ERR:error DOM.resolveNode 
2026-08-03T16:42:55.657Z LH:method <= browser ERR:error DOM.resolveNode 
2026-08-03T16:42:55.657Z LH:method <= browser ERR:error DOM.resolveNode 
2026-08-03T16:42:55.658Z LH:method <= browser ERR:error DOM.resolveNode 
2026-08-03T16:42:55.659Z LH:method <= browser ERR:error DOM.resolveNode 
2026-08-03T16:42:55.659Z LH:method <= browser ERR:error DOM.resolveNode 
2026-08-03T16:42:55.660Z LH:method <= browser ERR:error DOM.resolveNode 
2026-08-03T16:42:55.661Z LH:method <= browser ERR:error DOM.resolveNode 
2026-08-03T16:42:55.661Z LH:method <= browser ERR:error DOM.resolveNode 
2026-08-03T16:42:55.662Z LH:method <= browser ERR:error DOM.resolveNode 
2026-08-03T16:42:55.662Z LH:method <= browser ERR:error DOM.resolveNode 
2026-08-03T16:42:55.663Z LH:method <= browser ERR:error DOM.resolveNode 
2026-08-03T16:42:55.664Z LH:method <= browser ERR:error DOM.resolveNode 
2026-08-03T16:42:55.664Z LH:method <= browser ERR:error DOM.resolveNode 
2026-08-03T16:42:55.665Z LH:method <= browser ERR:error DOM.resolveNode 
2026-08-03T16:42:55.666Z LH:method <= browser ERR:error DOM.resolveNode 
2026-08-03T16:42:55.666Z LH:method <= browser ERR:error DOM.resolveNode 
2026-08-03T16:42:55.667Z LH:method <= browser ERR:error DOM.resolveNode 
2026-08-03T16:42:55.667Z LH:method <= browser ERR:error DOM.resolveNode 
2026-08-03T16:42:55.668Z LH:method <= browser ERR:error DOM.resolveNode 
2026-08-03T16:42:55.669Z LH:method <= browser ERR:error DOM.resolveNode 
2026-08-03T16:42:55.670Z LH:method <= browser ERR:error DOM.resolveNode 
2026-08-03T16:42:55.670Z LH:method <= browser ERR:error DOM.resolveNode 
2026-08-03T16:42:55.671Z LH:method <= browser ERR:error DOM.resolveNode 
2026-08-03T16:42:55.672Z LH:method <= browser ERR:error DOM.resolveNode 
2026-08-03T16:42:55.672Z LH:method <= browser ERR:error DOM.resolveNode 
2026-08-03T16:42:55.673Z LH:method <= browser ERR:error DOM.resolveNode 
2026-08-03T16:42:55.673Z LH:method <= browser ERR:error DOM.resolveNode 
2026-08-03T16:42:55.674Z LH:method <= browser ERR:error DOM.resolveNode 
2026-08-03T16:42:55.675Z LH:method <= browser ERR:error DOM.resolveNode 
2026-08-03T16:42:55.675Z LH:method <= browser ERR:error DOM.resolveNode 
2026-08-03T16:42:55.676Z LH:method <= browser ERR:error DOM.resolveNode 
2026-08-03T16:42:55.677Z LH:method <= browser ERR:error DOM.resolveNode 
2026-08-03T16:42:55.677Z LH:method <= browser ERR:error DOM.resolveNode 
2026-08-03T16:42:55.678Z LH:method <= browser ERR:error DOM.resolveNode 
2026-08-03T16:42:55.679Z LH:method <= browser ERR:error DOM.resolveNode 
2026-08-03T16:42:55.679Z LH:method <= browser ERR:error DOM.resolveNode 
2026-08-03T16:42:55.680Z LH:method <= browser ERR:error DOM.resolveNode 
2026-08-03T16:42:55.681Z LH:method <= browser ERR:error DOM.resolveNode 
2026-08-03T16:42:55.681Z LH:method <= browser ERR:error DOM.resolveNode 
2026-08-03T16:42:55.682Z LH:method <= browser ERR:error DOM.resolveNode 
2026-08-03T16:42:55.682Z LH:method <= browser ERR:error DOM.resolveNode 
2026-08-03T16:42:55.683Z LH:method <= browser ERR:error DOM.resolveNode 
2026-08-03T16:42:55.684Z LH:method <= browser ERR:error DOM.resolveNode 
2026-08-03T16:42:55.693Z LH:method <= browser ERR:error DOM.resolveNode 
2026-08-03T16:42:55.694Z LH:method <= browser ERR:error DOM.resolveNode 
2026-08-03T16:42:55.694Z LH:method <= browser ERR:error DOM.resolveNode 
2026-08-03T16:42:55.695Z LH:method <= browser ERR:error DOM.resolveNode 
2026-08-03T16:42:55.696Z LH:method <= browser ERR:error DOM.resolveNode 
2026-08-03T16:42:55.696Z LH:method <= browser ERR:error DOM.resolveNode 
2026-08-03T16:42:55.697Z LH:method <= browser ERR:error DOM.resolveNode 
2026-08-03T16:42:55.698Z LH:method <= browser ERR:error DOM.resolveNode 
2026-08-03T16:42:55.698Z LH:method <= browser ERR:error DOM.resolveNode 
2026-08-03T16:42:55.699Z LH:method <= browser ERR:error DOM.resolveNode 
2026-08-03T16:42:55.700Z LH:method <= browser ERR:error DOM.resolveNode 
2026-08-03T16:42:55.700Z LH:method <= browser ERR:error DOM.resolveNode 
2026-08-03T16:42:55.701Z LH:method <= browser ERR:error DOM.resolveNode 
2026-08-03T16:42:55.702Z LH:method <= browser ERR:error DOM.resolveNode 
2026-08-03T16:42:55.702Z LH:method <= browser ERR:error DOM.resolveNode 
2026-08-03T16:42:55.703Z LH:method <= browser ERR:error DOM.resolveNode 
2026-08-03T16:42:55.704Z LH:method <= browser ERR:error DOM.resolveNode 
2026-08-03T16:42:55.704Z LH:method <= browser ERR:error DOM.resolveNode 
2026-08-03T16:42:55.705Z LH:method <= browser ERR:error DOM.resolveNode 
2026-08-03T16:42:55.706Z LH:method <= browser ERR:error DOM.resolveNode 
2026-08-03T16:42:55.707Z LH:method <= browser ERR:error DOM.resolveNode 
2026-08-03T16:42:55.707Z LH:status Getting artifact: ViewportDimensions
2026-08-03T16:42:55.708Z LH:status Getting artifact: FullPageScreenshot
2026-08-03T16:42:56.751Z LH:status Getting artifact: BFCacheFailures
2026-08-03T16:42:57.000Z LH:status Analyzing and running audits...
2026-08-03T16:42:57.001Z LH:status Auditing: Uses HTTPS
2026-08-03T16:42:57.002Z LH:status Auditing: Redirects HTTP traffic to HTTPS
2026-08-03T16:42:57.003Z LH:status Auditing: First Contentful Paint
2026-08-03T16:42:57.010Z LH:status Auditing: Largest Contentful Paint
2026-08-03T16:42:57.012Z LH:status Auditing: Speed Index
2026-08-03T16:42:57.049Z LH:status Auditing: Screenshot Thumbnails
2026-08-03T16:42:57.049Z LH:status Auditing: Final Screenshot
2026-08-03T16:42:57.050Z LH:status Auditing: Total Blocking Time
2026-08-03T16:42:57.052Z LH:status Auditing: Max Potential First Input Delay
2026-08-03T16:42:57.054Z LH:status Auditing: Cumulative Layout Shift
2026-08-03T16:42:57.055Z LH:status Auditing: No browser errors logged to the console
2026-08-03T16:42:57.056Z LH:status Auditing: Initial server response time was short
2026-08-03T16:42:57.057Z LH:status Auditing: Time to Interactive
2026-08-03T16:42:57.058Z LH:status Auditing: User Timing marks and measures
2026-08-03T16:42:57.059Z LH:status Auditing: Avoid multiple page redirects
2026-08-03T16:42:57.061Z LH:status Auditing: Displays images with correct aspect ratio
2026-08-03T16:42:57.061Z LH:status Auditing: Serves images with appropriate resolution
2026-08-03T16:42:57.062Z LH:status Auditing: Avoids deprecated APIs
2026-08-03T16:42:57.063Z LH:status Auditing: Avoids third-party cookies
2026-08-03T16:42:57.063Z LH:status Auditing: Minimizes main-thread work
2026-08-03T16:42:57.074Z LH:status Auditing: JavaScript execution time
2026-08-03T16:42:57.080Z LH:status Auditing: Diagnostics
2026-08-03T16:42:57.082Z LH:status Auditing: Network Requests
2026-08-03T16:42:57.083Z LH:status Auditing: Network Round Trip Times
2026-08-03T16:42:57.084Z LH:status Auditing: Server Backend Latencies
2026-08-03T16:42:57.084Z LH:status Auditing: Tasks
2026-08-03T16:42:57.085Z LH:status Auditing: Metrics
2026-08-03T16:42:57.087Z LH:status Auditing: Resources Summary
2026-08-03T16:42:57.087Z LH:status Auditing: Avoid large layout shifts
2026-08-03T16:42:57.088Z LH:status Auditing: Avoid long main-thread tasks
2026-08-03T16:42:57.098Z LH:status Auditing: Avoid non-composited animations
2026-08-03T16:42:57.099Z LH:status Auditing: Image elements have explicit `width` and `height`
2026-08-03T16:42:57.100Z LH:status Auditing: Page has valid source maps
2026-08-03T16:42:57.100Z LH:status Auditing: Ensure CSP is effective against XSS attacks
2026-08-03T16:42:57.103Z LH:status Auditing: Use a strong HSTS policy
2026-08-03T16:42:57.104Z LH:status Auditing: Ensure proper origin isolation with COOP
2026-08-03T16:42:57.104Z LH:status Auditing: Mitigate clickjacking with XFO or CSP
2026-08-03T16:42:57.105Z LH:status Auditing: Mitigate DOM-based XSS with Trusted Types
2026-08-03T16:42:57.105Z LH:status Auditing: Script Treemap Data
2026-08-03T16:42:57.115Z LH:status Auditing: `[accesskey]` values are unique
2026-08-03T16:42:57.116Z LH:status Auditing: `[aria-*]` attributes match their roles
2026-08-03T16:42:57.117Z LH:status Auditing: Uses ARIA roles only on compatible elements
2026-08-03T16:42:57.119Z LH:status Auditing: `button`, `link`, and `menuitem` elements have accessible names
2026-08-03T16:42:57.119Z LH:status Auditing: ARIA attributes are used as specified for the element's role
2026-08-03T16:42:57.120Z LH:status Auditing: Deprecated ARIA roles were not used
2026-08-03T16:42:57.121Z LH:status Auditing: Elements with `role="dialog"` or `role="alertdialog"` have accessible names.
2026-08-03T16:42:57.126Z LH:status Auditing: `[aria-hidden="true"]` is not present on the document `<body>`
2026-08-03T16:42:57.128Z LH:status Auditing: `[aria-hidden="true"]` elements do not contain focusable descendents
2026-08-03T16:42:57.129Z LH:status Auditing: ARIA input fields have accessible names
2026-08-03T16:42:57.129Z LH:status Auditing: ARIA `meter` elements have accessible names
2026-08-03T16:42:57.130Z LH:status Auditing: ARIA `progressbar` elements have accessible names
2026-08-03T16:42:57.130Z LH:status Auditing: Elements use only permitted ARIA attributes
2026-08-03T16:42:57.131Z LH:status Auditing: `[role]`s have all required `[aria-*]` attributes
2026-08-03T16:42:57.132Z LH:status Auditing: Elements with an ARIA `[role]` that require children to contain a specific `[role]` have all required children.
2026-08-03T16:42:57.133Z LH:status Auditing: `[role]`s are contained by their required parent element
2026-08-03T16:42:57.133Z LH:status Auditing: `[role]` values are valid
2026-08-03T16:42:57.134Z LH:status Auditing: Elements with the `role=text` attribute do not have focusable descendents.
2026-08-03T16:42:57.135Z LH:status Auditing: ARIA toggle fields have accessible names
2026-08-03T16:42:57.136Z LH:status Auditing: ARIA `tooltip` elements have accessible names
2026-08-03T16:42:57.136Z LH:status Auditing: ARIA `treeitem` elements have accessible names
2026-08-03T16:42:57.137Z LH:status Auditing: `[aria-*]` attributes have valid values
2026-08-03T16:42:57.138Z LH:status Auditing: `[aria-*]` attributes are valid and not misspelled
2026-08-03T16:42:57.139Z LH:status Auditing: Buttons have an accessible name
2026-08-03T16:42:57.140Z LH:status Auditing: The page contains a heading, skip link, or landmark region
2026-08-03T16:42:57.141Z LH:status Auditing: Background and foreground colors have a sufficient contrast ratio
2026-08-03T16:42:57.143Z LH:status Auditing: `<dl>`'s contain only properly-ordered `<dt>` and `<dd>` groups, `<script>`, `<template>` or `<div>` elements.
2026-08-03T16:42:57.143Z LH:status Auditing: Definition list items are wrapped in `<dl>` elements
2026-08-03T16:42:57.144Z LH:status Auditing: Document has a `<title>` element
2026-08-03T16:42:57.146Z LH:status Auditing: ARIA IDs are unique
2026-08-03T16:42:57.148Z LH:status Auditing: All heading elements contain content.
2026-08-03T16:42:57.150Z LH:status Auditing: No form fields have multiple labels
2026-08-03T16:42:57.151Z LH:status Auditing: `<frame>` or `<iframe>` elements have a title
2026-08-03T16:42:57.151Z LH:status Auditing: Heading elements appear in a sequentially-descending order
2026-08-03T16:42:57.153Z LH:status Auditing: `<html>` element has a `[lang]` attribute
2026-08-03T16:42:57.154Z LH:status Auditing: `<html>` element has a valid value for its `[lang]` attribute
2026-08-03T16:42:57.155Z LH:status Auditing: `<html>` element has an `[xml:lang]` attribute with the same base language as the `[lang]` attribute.
2026-08-03T16:42:57.156Z LH:status Auditing: Identical links have the same purpose.
2026-08-03T16:42:57.157Z LH:status Auditing: Image elements have `[alt]` attributes
2026-08-03T16:42:57.158Z LH:status Auditing: Image elements do not have `[alt]` attributes that are redundant text.
2026-08-03T16:42:57.158Z LH:status Auditing: Input buttons have discernible text.
2026-08-03T16:42:57.159Z LH:status Auditing: `<input type="image">` elements have `[alt]` text
2026-08-03T16:42:57.160Z LH:status Auditing: Elements with visible text labels have matching accessible names.
2026-08-03T16:42:57.161Z LH:status Auditing: Form elements have associated labels
2026-08-03T16:42:57.162Z LH:status Auditing: Document has a main landmark.
2026-08-03T16:42:57.164Z LH:status Auditing: Links have a discernible name
2026-08-03T16:42:57.165Z LH:status Auditing: Links are distinguishable without relying on color.
2026-08-03T16:42:57.166Z LH:status Auditing: Lists contain only `<li>` elements and script supporting elements (`<script>` and `<template>`).
2026-08-03T16:42:57.167Z LH:status Auditing: List items (`<li>`) are contained within `<ul>`, `<ol>` or `<menu>` parent elements
2026-08-03T16:42:57.168Z LH:status Auditing: The document does not use `<meta http-equiv="refresh">`
2026-08-03T16:42:57.169Z LH:status Auditing: `[user-scalable="no"]` is not used in the `<meta name="viewport">` element and the `[maximum-scale]` attribute is not less than 5.
2026-08-03T16:42:57.170Z LH:status Auditing: `<object>` elements have alternate text
2026-08-03T16:42:57.171Z LH:status Auditing: Select elements have associated label elements.
2026-08-03T16:42:57.172Z LH:status Auditing: Skip links are focusable.
2026-08-03T16:42:57.173Z LH:status Auditing: No element has a `[tabindex]` value greater than 0
2026-08-03T16:42:57.174Z LH:status Auditing: Tables have different content in the summary attribute and `<caption>`.
2026-08-03T16:42:57.175Z LH:status Auditing: Tables use `<caption>` instead of cells with the `[colspan]` attribute to indicate a caption.
2026-08-03T16:42:57.176Z LH:status Auditing: Touch targets have sufficient size and spacing.
2026-08-03T16:42:57.177Z LH:status Auditing: `<td>` elements in a large `<table>` have one or more table headers.
2026-08-03T16:42:57.178Z LH:status Auditing: Cells in a `<table>` element that use the `[headers]` attribute refer to table cells within the same table.
2026-08-03T16:42:57.179Z LH:status Auditing: `<th>` elements and elements with `[role="columnheader"/"rowheader"]` have data cells they describe.
2026-08-03T16:42:57.181Z LH:status Auditing: `[lang]` attributes have a valid value
2026-08-03T16:42:57.182Z LH:status Auditing: `<video>` elements contain a `<track>` element with `[kind="captions"]`
2026-08-03T16:42:57.183Z LH:status Auditing: Custom controls have associated labels
2026-08-03T16:42:57.183Z LH:status Auditing: Custom controls have ARIA roles
2026-08-03T16:42:57.183Z LH:status Auditing: User focus is not accidentally trapped in a region
2026-08-03T16:42:57.183Z LH:status Auditing: Interactive controls are keyboard focusable
2026-08-03T16:42:57.183Z LH:status Auditing: Interactive elements indicate their purpose and state
2026-08-03T16:42:57.183Z LH:status Auditing: The page has a logical tab order
2026-08-03T16:42:57.183Z LH:status Auditing: The user's focus is directed to new content added to the page
2026-08-03T16:42:57.183Z LH:status Auditing: Offscreen content is hidden from assistive technology
2026-08-03T16:42:57.183Z LH:status Auditing: HTML5 landmark elements are used to improve navigation
2026-08-03T16:42:57.183Z LH:status Auditing: Visual order on the page follows DOM order
2026-08-03T16:42:57.183Z LH:status Auditing: `autocomplete` attributes are used correctly
2026-08-03T16:42:57.184Z LH:status Auditing: Elements with `role="none"` or `role="presentation"` do not have conflicts
2026-08-03T16:42:57.185Z LH:status Auditing: SVG elements with an `img` role have an accessible text alternative
2026-08-03T16:42:57.190Z LH:status Auditing: Avoids enormous network payloads
2026-08-03T16:42:57.191Z LH:status Auditing: Minify CSS
2026-08-03T16:42:57.209Z LH:status Auditing: Minify JavaScript
2026-08-03T16:42:57.231Z LH:status Auditing: Reduce unused CSS
2026-08-03T16:42:57.232Z LH:status Auditing: Reduce unused JavaScript
2026-08-03T16:42:57.239Z LH:status Auditing: Page has the HTML doctype
2026-08-03T16:42:57.239Z LH:status Auditing: Properly defines charset
2026-08-03T16:42:57.240Z LH:status Auditing: Avoids requesting the geolocation permission on page load
2026-08-03T16:42:57.240Z LH:status Auditing: No issues in the `Issues` panel in Chrome Devtools
2026-08-03T16:42:57.241Z LH:status Auditing: Detected JavaScript libraries
2026-08-03T16:42:57.241Z LH:status Auditing: Avoids requesting the notification permission on page load
2026-08-03T16:42:57.242Z LH:status Auditing: Allows users to paste into input fields
2026-08-03T16:42:57.242Z LH:status Auditing: Baseline Features
2026-08-03T16:42:57.244Z LH:status Auditing: Document has a meta description
2026-08-03T16:42:57.245Z LH:status Auditing: Page has successful HTTP status code
2026-08-03T16:42:57.245Z LH:status Auditing: Links have descriptive text
2026-08-03T16:42:57.246Z LH:status Auditing: Links are crawlable
2026-08-03T16:42:57.246Z LH:status Auditing: Page isn’t blocked from indexing
2026-08-03T16:42:57.248Z LH:status Auditing: robots.txt is valid
2026-08-03T16:42:57.248Z LH:status Auditing: Document has a valid `hreflang`
2026-08-03T16:42:57.249Z LH:status Auditing: Document has a valid `rel=canonical`
2026-08-03T16:42:57.249Z LH:status Auditing: Structured data is valid
2026-08-03T16:42:57.250Z LH:status Auditing: Page didn't prevent back/forward cache restoration
2026-08-03T16:42:57.250Z LH:status Auditing: Use efficient cache lifetimes
2026-08-03T16:42:57.251Z LH:status Auditing: Layout shift culprits
2026-08-03T16:42:57.252Z LH:status Auditing: Document request latency
2026-08-03T16:42:57.252Z LH:status Auditing: Optimize DOM size
2026-08-03T16:42:57.253Z LH:status Auditing: Duplicated JavaScript
2026-08-03T16:42:57.253Z LH:status Auditing: Font display
2026-08-03T16:42:57.254Z LH:status Auditing: Forced reflow
2026-08-03T16:42:57.254Z LH:status Auditing: Improve image delivery
2026-08-03T16:42:57.255Z LH:status Auditing: INP breakdown
2026-08-03T16:42:57.255Z LH:status Auditing: LCP breakdown
2026-08-03T16:42:57.256Z LH:status Auditing: LCP request discovery
2026-08-03T16:42:57.256Z LH:status Auditing: Legacy JavaScript
2026-08-03T16:42:57.257Z LH:status Auditing: Modern HTTP
2026-08-03T16:42:57.257Z LH:status Auditing: Network dependency tree
2026-08-03T16:42:57.258Z LH:status Auditing: Render-blocking requests
2026-08-03T16:42:57.259Z LH:status Auditing: 3rd parties
2026-08-03T16:42:57.265Z LH:status Auditing: Optimize viewport for mobile
2026-08-03T16:42:57.265Z LH:status Generating results...
2026-08-03T16:42:57.282Z LH:Printer json output written to /home/mihai/ROVEXO/docs/releases/rc4/evidence/lighthouse/search-mobile.report.json
2026-08-03T16:42:57.283Z LH:Printer html output written to /home/mihai/ROVEXO/docs/releases/rc4/evidence/lighthouse/search-mobile.report.html
2026-08-03T16:42:57.284Z LH:CLI Protip: Run lighthouse with `--view` to immediately open the HTML report in your browser
