npm warn Unknown env config "devdir". This will stop working in the next major version of npm. See `npm help npmrc` for supported config options.
2026-08-03T16:15:01.465Z LH:ChromeLauncher Found existing Chrome already running using port 9222, using that.
2026-08-03T16:15:01.772Z LH:status Connecting to browser
2026-08-03T16:15:01.777Z LH:status Navigating to about:blank
2026-08-03T16:15:01.781Z LH:status Benchmarking machine
2026-08-03T16:15:02.785Z LH:status Host device pixel ratio
2026-08-03T16:15:02.787Z LH:status Preparing target for navigation mode
2026-08-03T16:15:02.799Z LH:status Preparing network conditions
2026-08-03T16:15:02.832Z LH:status Navigating to http://127.0.0.1:3000/checkout
2026-08-03T16:15:05.672Z LH:status Getting artifact: DevtoolsLog
2026-08-03T16:15:05.672Z LH:status Getting artifact: Trace
2026-08-03T16:15:05.673Z LH:status Getting artifact: Accessibility
2026-08-03T16:15:05.814Z LH:status Getting artifact: AnchorElements
2026-08-03T16:15:05.823Z LH:status Getting artifact: ConsoleMessages
2026-08-03T16:15:05.824Z LH:status Getting artifact: CSSUsage
2026-08-03T16:15:06.035Z LH:status Getting artifact: Doctype
2026-08-03T16:15:06.037Z LH:status Getting artifact: Inputs
2026-08-03T16:15:06.041Z LH:status Getting artifact: ImageElements
2026-08-03T16:15:06.160Z LH:status Getting artifact: InspectorIssues
2026-08-03T16:15:06.160Z LH:status Getting artifact: JsUsage
2026-08-03T16:15:06.160Z LH:status Getting artifact: LinkElements
2026-08-03T16:15:06.165Z LH:status Getting artifact: MainDocumentContent
2026-08-03T16:15:06.168Z LH:status Getting artifact: MetaElements
2026-08-03T16:15:06.171Z LH:status Getting artifact: NetworkUserAgent
2026-08-03T16:15:06.171Z LH:status Getting artifact: RobotsTxt
2026-08-03T16:15:06.179Z LH:status Getting artifact: Scripts
2026-08-03T16:15:06.179Z LH:status Getting artifact: SourceMaps
2026-08-03T16:15:06.179Z LH:status Getting artifact: Stacks
2026-08-03T16:15:06.179Z LH:status Collect stacks
2026-08-03T16:15:06.186Z LH:status Getting artifact: Stylesheets
2026-08-03T16:15:06.259Z LH:status Getting artifact: TraceElements
2026-08-03T16:15:06.266Z LH:status Trace Engine total
2026-08-03T16:15:06.266Z LH:status Trace Engine parse
2026-08-03T16:15:06.267Z LH:status Trace Engine parse:handleEvent
2026-08-03T16:15:06.294Z LH:status Trace Engine parse:Meta:finalize
2026-08-03T16:15:06.295Z LH:status Trace Engine parse:AnimationFrames:finalize
2026-08-03T16:15:06.297Z LH:status Trace Engine parse:Animations:finalize
2026-08-03T16:15:06.298Z LH:status Trace Engine parse:Samples:finalize
2026-08-03T16:15:06.300Z LH:status Trace Engine parse:AuctionWorklets:finalize
2026-08-03T16:15:06.301Z LH:status Trace Engine parse:NetworkRequests:finalize
2026-08-03T16:15:06.304Z LH:status Trace Engine parse:Renderer:finalize
2026-08-03T16:15:06.309Z LH:status Trace Engine parse:Flows:finalize
2026-08-03T16:15:06.312Z LH:status Trace Engine parse:AsyncJSCalls:finalize
2026-08-03T16:15:06.313Z LH:status Trace Engine parse:DOMStats:finalize
2026-08-03T16:15:06.315Z LH:status Trace Engine parse:UserTimings:finalize
2026-08-03T16:15:06.316Z LH:status Trace Engine parse:ExtensionTraceData:finalize
2026-08-03T16:15:06.317Z LH:status Trace Engine parse:LayerTree:finalize
2026-08-03T16:15:06.319Z LH:status Trace Engine parse:Frames:finalize
2026-08-03T16:15:06.321Z LH:status Trace Engine parse:GPU:finalize
2026-08-03T16:15:06.323Z LH:status Trace Engine parse:ImagePainting:finalize
2026-08-03T16:15:06.324Z LH:status Trace Engine parse:Initiators:finalize
2026-08-03T16:15:06.325Z LH:status Trace Engine parse:Invalidations:finalize
2026-08-03T16:15:06.327Z LH:status Trace Engine parse:PageLoadMetrics:finalize
2026-08-03T16:15:06.328Z LH:status Trace Engine parse:LargestImagePaint:finalize
2026-08-03T16:15:06.330Z LH:status Trace Engine parse:LargestTextPaint:finalize
2026-08-03T16:15:06.331Z LH:status Trace Engine parse:Screenshots:finalize
2026-08-03T16:15:06.333Z LH:status Trace Engine parse:LayoutShifts:finalize
2026-08-03T16:15:06.334Z LH:status Trace Engine parse:Memory:finalize
2026-08-03T16:15:06.335Z LH:status Trace Engine parse:PageFrames:finalize
2026-08-03T16:15:06.336Z LH:status Trace Engine parse:Scripts:finalize
2026-08-03T16:15:06.338Z LH:status Trace Engine parse:SelectorStats:finalize
2026-08-03T16:15:06.339Z LH:status Trace Engine parse:UserInteractions:finalize
2026-08-03T16:15:06.340Z LH:status Trace Engine parse:Workers:finalize
2026-08-03T16:15:06.342Z LH:status Trace Engine parse:Warnings:finalize
2026-08-03T16:15:06.343Z LH:status Trace Engine parse:handler.data()
2026-08-03T16:15:06.344Z LH:status Trace Engine insights
2026-08-03T16:15:06.344Z LH:status Trace Engine insights:CLSCulprits
2026-08-03T16:15:06.344Z LH:status Trace Engine insights:Cache
2026-08-03T16:15:06.345Z LH:status Trace Engine insights:CharacterSet
2026-08-03T16:15:06.345Z LH:status Trace Engine insights:DOMSize
2026-08-03T16:15:06.345Z LH:status Trace Engine insights:DocumentLatency
2026-08-03T16:15:06.345Z LH:status Trace Engine insights:DuplicatedJavaScript
2026-08-03T16:15:06.346Z LH:status Trace Engine insights:FontDisplay
2026-08-03T16:15:06.346Z LH:status Trace Engine insights:ForcedReflow
2026-08-03T16:15:06.346Z LH:status Trace Engine insights:INPBreakdown
2026-08-03T16:15:06.346Z LH:status Trace Engine insights:ImageDelivery
2026-08-03T16:15:06.346Z LH:status Trace Engine insights:LCPBreakdown
2026-08-03T16:15:06.347Z LH:status Trace Engine insights:LCPDiscovery
2026-08-03T16:15:06.347Z LH:status Trace Engine insights:LegacyJavaScript
2026-08-03T16:15:06.347Z LH:status Trace Engine insights:ModernHTTP
2026-08-03T16:15:06.347Z LH:status Trace Engine insights:NetworkDependencyTree
2026-08-03T16:15:06.347Z LH:status Trace Engine insights:RenderBlocking
2026-08-03T16:15:06.347Z LH:status Trace Engine insights:SlowCSSSelector
2026-08-03T16:15:06.348Z LH:status Trace Engine insights:ThirdParties
2026-08-03T16:15:06.349Z LH:status Trace Engine insights:Viewport
2026-08-03T16:15:06.349Z LH:status Trace Engine insights:createLanternContext
2026-08-03T16:15:06.364Z LH:status Trace Engine insights:CLSCulprits
2026-08-03T16:15:06.364Z LH:status Trace Engine insights:Cache
2026-08-03T16:15:06.365Z LH:status Trace Engine insights:CharacterSet
2026-08-03T16:15:06.365Z LH:status Trace Engine insights:DOMSize
2026-08-03T16:15:06.365Z LH:status Trace Engine insights:DocumentLatency
2026-08-03T16:15:06.365Z LH:status Trace Engine insights:DuplicatedJavaScript
2026-08-03T16:15:06.366Z LH:status Trace Engine insights:FontDisplay
2026-08-03T16:15:06.366Z LH:status Trace Engine insights:ForcedReflow
2026-08-03T16:15:06.366Z LH:status Trace Engine insights:INPBreakdown
2026-08-03T16:15:06.366Z LH:status Trace Engine insights:ImageDelivery
2026-08-03T16:15:06.366Z LH:status Trace Engine insights:LCPBreakdown
2026-08-03T16:15:06.366Z LH:status Trace Engine insights:LCPDiscovery
2026-08-03T16:15:06.366Z LH:status Trace Engine insights:LegacyJavaScript
2026-08-03T16:15:06.403Z LH:status Trace Engine insights:ModernHTTP
2026-08-03T16:15:06.405Z LH:status Trace Engine insights:NetworkDependencyTree
2026-08-03T16:15:06.406Z LH:status Trace Engine insights:RenderBlocking
2026-08-03T16:15:06.407Z LH:status Trace Engine insights:SlowCSSSelector
2026-08-03T16:15:06.407Z LH:status Trace Engine insights:ThirdParties
2026-08-03T16:15:06.409Z LH:status Trace Engine insights:Viewport
2026-08-03T16:15:06.434Z LH:status Getting artifact: ViewportDimensions
2026-08-03T16:15:06.436Z LH:status Getting artifact: FullPageScreenshot
2026-08-03T16:15:07.482Z LH:status Getting artifact: BFCacheFailures
2026-08-03T16:15:07.742Z LH:status Analyzing and running audits...
2026-08-03T16:15:07.743Z LH:status Auditing: Uses HTTPS
2026-08-03T16:15:07.744Z LH:status Auditing: Redirects HTTP traffic to HTTPS
2026-08-03T16:15:07.745Z LH:status Auditing: First Contentful Paint
2026-08-03T16:15:07.749Z LH:status Auditing: Largest Contentful Paint
2026-08-03T16:15:07.751Z LH:status Auditing: Speed Index
2026-08-03T16:15:07.777Z LH:status Auditing: Screenshot Thumbnails
2026-08-03T16:15:07.778Z LH:status Auditing: Final Screenshot
2026-08-03T16:15:07.778Z LH:status Auditing: Total Blocking Time
2026-08-03T16:15:07.781Z LH:status Auditing: Max Potential First Input Delay
2026-08-03T16:15:07.783Z LH:status Auditing: Cumulative Layout Shift
2026-08-03T16:15:07.783Z LH:status Auditing: No browser errors logged to the console
2026-08-03T16:15:07.784Z LH:status Auditing: Initial server response time was short
2026-08-03T16:15:07.785Z LH:status Auditing: Time to Interactive
2026-08-03T16:15:07.785Z LH:status Auditing: User Timing marks and measures
2026-08-03T16:15:07.786Z LH:status Auditing: Avoid multiple page redirects
2026-08-03T16:15:07.787Z LH:status Auditing: Displays images with correct aspect ratio
2026-08-03T16:15:07.788Z LH:status Auditing: Serves images with appropriate resolution
2026-08-03T16:15:07.789Z LH:status Auditing: Avoids deprecated APIs
2026-08-03T16:15:07.789Z LH:status Auditing: Avoids third-party cookies
2026-08-03T16:15:07.790Z LH:status Auditing: Minimizes main-thread work
2026-08-03T16:15:07.794Z LH:status Auditing: JavaScript execution time
2026-08-03T16:15:07.797Z LH:status Auditing: Diagnostics
2026-08-03T16:15:07.798Z LH:status Auditing: Network Requests
2026-08-03T16:15:07.800Z LH:status Auditing: Network Round Trip Times
2026-08-03T16:15:07.800Z LH:status Auditing: Server Backend Latencies
2026-08-03T16:15:07.801Z LH:status Auditing: Tasks
2026-08-03T16:15:07.801Z LH:status Auditing: Metrics
2026-08-03T16:15:07.803Z LH:status Auditing: Resources Summary
2026-08-03T16:15:07.804Z LH:status Auditing: Avoid large layout shifts
2026-08-03T16:15:07.804Z LH:status Auditing: Avoid long main-thread tasks
2026-08-03T16:15:07.808Z LH:status Auditing: Avoid non-composited animations
2026-08-03T16:15:07.808Z LH:status Auditing: Image elements have explicit `width` and `height`
2026-08-03T16:15:07.809Z LH:status Auditing: Page has valid source maps
2026-08-03T16:15:07.810Z LH:status Auditing: Ensure CSP is effective against XSS attacks
2026-08-03T16:15:07.813Z LH:status Auditing: Use a strong HSTS policy
2026-08-03T16:15:07.814Z LH:status Auditing: Ensure proper origin isolation with COOP
2026-08-03T16:15:07.815Z LH:status Auditing: Mitigate clickjacking with XFO or CSP
2026-08-03T16:15:07.815Z LH:status Auditing: Mitigate DOM-based XSS with Trusted Types
2026-08-03T16:15:07.816Z LH:status Auditing: Script Treemap Data
2026-08-03T16:15:07.825Z LH:status Auditing: `[accesskey]` values are unique
2026-08-03T16:15:07.826Z LH:status Auditing: `[aria-*]` attributes match their roles
2026-08-03T16:15:07.828Z LH:status Auditing: Uses ARIA roles only on compatible elements
2026-08-03T16:15:07.829Z LH:status Auditing: `button`, `link`, and `menuitem` elements have accessible names
2026-08-03T16:15:07.829Z LH:status Auditing: ARIA attributes are used as specified for the element's role
2026-08-03T16:15:07.831Z LH:status Auditing: Deprecated ARIA roles were not used
2026-08-03T16:15:07.836Z LH:status Auditing: Elements with `role="dialog"` or `role="alertdialog"` have accessible names.
2026-08-03T16:15:07.837Z LH:status Auditing: `[aria-hidden="true"]` is not present on the document `<body>`
2026-08-03T16:15:07.839Z LH:status Auditing: `[aria-hidden="true"]` elements do not contain focusable descendents
2026-08-03T16:15:07.840Z LH:status Auditing: ARIA input fields have accessible names
2026-08-03T16:15:07.840Z LH:status Auditing: ARIA `meter` elements have accessible names
2026-08-03T16:15:07.841Z LH:status Auditing: ARIA `progressbar` elements have accessible names
2026-08-03T16:15:07.841Z LH:status Auditing: Elements use only permitted ARIA attributes
2026-08-03T16:15:07.842Z LH:status Auditing: `[role]`s have all required `[aria-*]` attributes
2026-08-03T16:15:07.844Z LH:status Auditing: Elements with an ARIA `[role]` that require children to contain a specific `[role]` have all required children.
2026-08-03T16:15:07.845Z LH:status Auditing: `[role]`s are contained by their required parent element
2026-08-03T16:15:07.845Z LH:status Auditing: `[role]` values are valid
2026-08-03T16:15:07.846Z LH:status Auditing: Elements with the `role=text` attribute do not have focusable descendents.
2026-08-03T16:15:07.847Z LH:status Auditing: ARIA toggle fields have accessible names
2026-08-03T16:15:07.847Z LH:status Auditing: ARIA `tooltip` elements have accessible names
2026-08-03T16:15:07.848Z LH:status Auditing: ARIA `treeitem` elements have accessible names
2026-08-03T16:15:07.849Z LH:status Auditing: `[aria-*]` attributes have valid values
2026-08-03T16:15:07.850Z LH:status Auditing: `[aria-*]` attributes are valid and not misspelled
2026-08-03T16:15:07.851Z LH:status Auditing: Buttons have an accessible name
2026-08-03T16:15:07.852Z LH:status Auditing: The page contains a heading, skip link, or landmark region
2026-08-03T16:15:07.853Z LH:status Auditing: Background and foreground colors have a sufficient contrast ratio
2026-08-03T16:15:07.854Z LH:status Auditing: `<dl>`'s contain only properly-ordered `<dt>` and `<dd>` groups, `<script>`, `<template>` or `<div>` elements.
2026-08-03T16:15:07.855Z LH:status Auditing: Definition list items are wrapped in `<dl>` elements
2026-08-03T16:15:07.856Z LH:status Auditing: Document has a `<title>` element
2026-08-03T16:15:07.857Z LH:status Auditing: ARIA IDs are unique
2026-08-03T16:15:07.858Z LH:status Auditing: All heading elements contain content.
2026-08-03T16:15:07.859Z LH:status Auditing: No form fields have multiple labels
2026-08-03T16:15:07.860Z LH:status Auditing: `<frame>` or `<iframe>` elements have a title
2026-08-03T16:15:07.860Z LH:status Auditing: Heading elements appear in a sequentially-descending order
2026-08-03T16:15:07.861Z LH:status Auditing: `<html>` element has a `[lang]` attribute
2026-08-03T16:15:07.862Z LH:status Auditing: `<html>` element has a valid value for its `[lang]` attribute
2026-08-03T16:15:07.863Z LH:status Auditing: `<html>` element has an `[xml:lang]` attribute with the same base language as the `[lang]` attribute.
2026-08-03T16:15:07.864Z LH:status Auditing: Identical links have the same purpose.
2026-08-03T16:15:07.866Z LH:status Auditing: Image elements have `[alt]` attributes
2026-08-03T16:15:07.867Z LH:status Auditing: Image elements do not have `[alt]` attributes that are redundant text.
2026-08-03T16:15:07.868Z LH:status Auditing: Input buttons have discernible text.
2026-08-03T16:15:07.869Z LH:status Auditing: `<input type="image">` elements have `[alt]` text
2026-08-03T16:15:07.870Z LH:status Auditing: Elements with visible text labels have matching accessible names.
2026-08-03T16:15:07.871Z LH:status Auditing: Form elements have associated labels
2026-08-03T16:15:07.872Z LH:status Auditing: Document has a main landmark.
2026-08-03T16:15:07.873Z LH:status Auditing: Links have a discernible name
2026-08-03T16:15:07.874Z LH:status Auditing: Links are distinguishable without relying on color.
2026-08-03T16:15:07.875Z LH:status Auditing: Lists contain only `<li>` elements and script supporting elements (`<script>` and `<template>`).
2026-08-03T16:15:07.876Z LH:status Auditing: List items (`<li>`) are contained within `<ul>`, `<ol>` or `<menu>` parent elements
2026-08-03T16:15:07.876Z LH:status Auditing: The document does not use `<meta http-equiv="refresh">`
2026-08-03T16:15:07.877Z LH:status Auditing: `[user-scalable="no"]` is not used in the `<meta name="viewport">` element and the `[maximum-scale]` attribute is not less than 5.
2026-08-03T16:15:07.879Z LH:status Auditing: `<object>` elements have alternate text
2026-08-03T16:15:07.880Z LH:status Auditing: Select elements have associated label elements.
2026-08-03T16:15:07.880Z LH:status Auditing: Skip links are focusable.
2026-08-03T16:15:07.881Z LH:status Auditing: No element has a `[tabindex]` value greater than 0
2026-08-03T16:15:07.882Z LH:status Auditing: Tables have different content in the summary attribute and `<caption>`.
2026-08-03T16:15:07.883Z LH:status Auditing: Tables use `<caption>` instead of cells with the `[colspan]` attribute to indicate a caption.
2026-08-03T16:15:07.888Z LH:status Auditing: Touch targets have sufficient size and spacing.
2026-08-03T16:15:07.890Z LH:status Auditing: `<td>` elements in a large `<table>` have one or more table headers.
2026-08-03T16:15:07.891Z LH:status Auditing: Cells in a `<table>` element that use the `[headers]` attribute refer to table cells within the same table.
2026-08-03T16:15:07.892Z LH:status Auditing: `<th>` elements and elements with `[role="columnheader"/"rowheader"]` have data cells they describe.
2026-08-03T16:15:07.893Z LH:status Auditing: `[lang]` attributes have a valid value
2026-08-03T16:15:07.894Z LH:status Auditing: `<video>` elements contain a `<track>` element with `[kind="captions"]`
2026-08-03T16:15:07.895Z LH:status Auditing: Custom controls have associated labels
2026-08-03T16:15:07.895Z LH:status Auditing: Custom controls have ARIA roles
2026-08-03T16:15:07.895Z LH:status Auditing: User focus is not accidentally trapped in a region
2026-08-03T16:15:07.895Z LH:status Auditing: Interactive controls are keyboard focusable
2026-08-03T16:15:07.895Z LH:status Auditing: Interactive elements indicate their purpose and state
2026-08-03T16:15:07.895Z LH:status Auditing: The page has a logical tab order
2026-08-03T16:15:07.895Z LH:status Auditing: The user's focus is directed to new content added to the page
2026-08-03T16:15:07.895Z LH:status Auditing: Offscreen content is hidden from assistive technology
2026-08-03T16:15:07.895Z LH:status Auditing: HTML5 landmark elements are used to improve navigation
2026-08-03T16:15:07.895Z LH:status Auditing: Visual order on the page follows DOM order
2026-08-03T16:15:07.895Z LH:status Auditing: `autocomplete` attributes are used correctly
2026-08-03T16:15:07.897Z LH:status Auditing: Elements with `role="none"` or `role="presentation"` do not have conflicts
2026-08-03T16:15:07.897Z LH:status Auditing: SVG elements with an `img` role have an accessible text alternative
2026-08-03T16:15:07.898Z LH:status Auditing: Avoids enormous network payloads
2026-08-03T16:15:07.899Z LH:status Auditing: Minify CSS
2026-08-03T16:15:07.914Z LH:status Auditing: Minify JavaScript
2026-08-03T16:15:07.940Z LH:status Auditing: Reduce unused CSS
2026-08-03T16:15:07.941Z LH:status Auditing: Reduce unused JavaScript
2026-08-03T16:15:07.943Z LH:status Auditing: Page has the HTML doctype
2026-08-03T16:15:07.944Z LH:status Auditing: Properly defines charset
2026-08-03T16:15:07.944Z LH:status Auditing: Avoids requesting the geolocation permission on page load
2026-08-03T16:15:07.945Z LH:status Auditing: No issues in the `Issues` panel in Chrome Devtools
2026-08-03T16:15:07.945Z LH:status Auditing: Detected JavaScript libraries
2026-08-03T16:15:07.945Z LH:status Auditing: Avoids requesting the notification permission on page load
2026-08-03T16:15:07.946Z LH:status Auditing: Allows users to paste into input fields
2026-08-03T16:15:07.946Z LH:status Auditing: Baseline Features
2026-08-03T16:15:07.947Z LH:status Auditing: Document has a meta description
2026-08-03T16:15:07.948Z LH:status Auditing: Page has successful HTTP status code
2026-08-03T16:15:07.948Z LH:status Auditing: Links have descriptive text
2026-08-03T16:15:07.949Z LH:status Auditing: Links are crawlable
2026-08-03T16:15:07.949Z LH:status Auditing: Page isn’t blocked from indexing
2026-08-03T16:15:07.951Z LH:status Auditing: robots.txt is valid
2026-08-03T16:15:07.951Z LH:status Auditing: Document has a valid `hreflang`
2026-08-03T16:15:07.952Z LH:status Auditing: Document has a valid `rel=canonical`
2026-08-03T16:15:07.953Z LH:status Auditing: Structured data is valid
2026-08-03T16:15:07.953Z LH:status Auditing: Page didn't prevent back/forward cache restoration
2026-08-03T16:15:07.953Z LH:status Auditing: Use efficient cache lifetimes
2026-08-03T16:15:07.954Z LH:status Auditing: Layout shift culprits
2026-08-03T16:15:07.954Z LH:status Auditing: Document request latency
2026-08-03T16:15:07.955Z LH:status Auditing: Optimize DOM size
2026-08-03T16:15:07.956Z LH:status Auditing: Duplicated JavaScript
2026-08-03T16:15:07.956Z LH:status Auditing: Font display
2026-08-03T16:15:07.956Z LH:status Auditing: Forced reflow
2026-08-03T16:15:07.957Z LH:status Auditing: Improve image delivery
2026-08-03T16:15:07.957Z LH:status Auditing: INP breakdown
2026-08-03T16:15:07.958Z LH:status Auditing: LCP breakdown
2026-08-03T16:15:07.959Z LH:status Auditing: LCP request discovery
2026-08-03T16:15:07.959Z LH:status Auditing: Legacy JavaScript
2026-08-03T16:15:07.960Z LH:status Auditing: Modern HTTP
2026-08-03T16:15:07.960Z LH:status Auditing: Network dependency tree
2026-08-03T16:15:07.961Z LH:status Auditing: Render-blocking requests
2026-08-03T16:15:07.961Z LH:status Auditing: 3rd parties
2026-08-03T16:15:07.965Z LH:status Auditing: Optimize viewport for mobile
2026-08-03T16:15:07.965Z LH:status Generating results...
2026-08-03T16:15:07.981Z LH:Printer json output written to /home/mihai/ROVEXO/docs/releases/rc3/evidence/lighthouse/checkout-mobile.report.json
2026-08-03T16:15:07.982Z LH:Printer html output written to /home/mihai/ROVEXO/docs/releases/rc3/evidence/lighthouse/checkout-mobile.report.html
2026-08-03T16:15:07.982Z LH:CLI Protip: Run lighthouse with `--view` to immediately open the HTML report in your browser
