npm warn Unknown env config "devdir". This will stop working in the next major version of npm. See `npm help npmrc` for supported config options.
2026-08-03T16:16:39.296Z LH:ChromeLauncher Found existing Chrome already running using port 9222, using that.
2026-08-03T16:16:39.592Z LH:status Connecting to browser
2026-08-03T16:16:39.597Z LH:status Navigating to about:blank
2026-08-03T16:16:39.601Z LH:status Benchmarking machine
2026-08-03T16:16:40.604Z LH:status Host device pixel ratio
2026-08-03T16:16:40.606Z LH:status Preparing target for navigation mode
2026-08-03T16:16:40.618Z LH:status Preparing network conditions
2026-08-03T16:16:40.631Z LH:status Navigating to http://127.0.0.1:3000/listing/marketplace-refund-item-1785772486359-msdetxj2
2026-08-03T16:16:45.472Z LH:status Getting artifact: DevtoolsLog
2026-08-03T16:16:45.472Z LH:status Getting artifact: Trace
2026-08-03T16:16:45.472Z LH:status Getting artifact: Accessibility
2026-08-03T16:16:45.635Z LH:status Getting artifact: AnchorElements
2026-08-03T16:16:45.645Z LH:status Getting artifact: ConsoleMessages
2026-08-03T16:16:45.646Z LH:status Getting artifact: CSSUsage
2026-08-03T16:16:45.843Z LH:status Getting artifact: Doctype
2026-08-03T16:16:45.845Z LH:status Getting artifact: Inputs
2026-08-03T16:16:45.847Z LH:status Getting artifact: ImageElements
2026-08-03T16:16:46.014Z LH:status Getting artifact: InspectorIssues
2026-08-03T16:16:46.014Z LH:status Getting artifact: JsUsage
2026-08-03T16:16:46.014Z LH:status Getting artifact: LinkElements
2026-08-03T16:16:46.019Z LH:status Getting artifact: MainDocumentContent
2026-08-03T16:16:46.025Z LH:status Getting artifact: MetaElements
2026-08-03T16:16:46.027Z LH:status Getting artifact: NetworkUserAgent
2026-08-03T16:16:46.027Z LH:status Getting artifact: RobotsTxt
2026-08-03T16:16:46.035Z LH:status Getting artifact: Scripts
2026-08-03T16:16:46.035Z LH:status Getting artifact: SourceMaps
2026-08-03T16:16:46.035Z LH:status Getting artifact: Stacks
2026-08-03T16:16:46.036Z LH:status Collect stacks
2026-08-03T16:16:46.044Z LH:status Getting artifact: Stylesheets
2026-08-03T16:16:46.115Z LH:status Getting artifact: TraceElements
2026-08-03T16:16:46.129Z LH:status Trace Engine total
2026-08-03T16:16:46.129Z LH:status Trace Engine parse
2026-08-03T16:16:46.130Z LH:status Trace Engine parse:handleEvent
2026-08-03T16:16:46.179Z LH:status Trace Engine parse:Meta:finalize
2026-08-03T16:16:46.182Z LH:status Trace Engine parse:AnimationFrames:finalize
2026-08-03T16:16:46.184Z LH:status Trace Engine parse:Animations:finalize
2026-08-03T16:16:46.186Z LH:status Trace Engine parse:Samples:finalize
2026-08-03T16:16:46.187Z LH:status Trace Engine parse:AuctionWorklets:finalize
2026-08-03T16:16:46.188Z LH:status Trace Engine parse:NetworkRequests:finalize
2026-08-03T16:16:46.190Z LH:status Trace Engine parse:Renderer:finalize
2026-08-03T16:16:46.201Z LH:status Trace Engine parse:Flows:finalize
2026-08-03T16:16:46.210Z LH:status Trace Engine parse:AsyncJSCalls:finalize
2026-08-03T16:16:46.211Z LH:status Trace Engine parse:DOMStats:finalize
2026-08-03T16:16:46.212Z LH:status Trace Engine parse:UserTimings:finalize
2026-08-03T16:16:46.214Z LH:status Trace Engine parse:ExtensionTraceData:finalize
2026-08-03T16:16:46.215Z LH:status Trace Engine parse:LayerTree:finalize
2026-08-03T16:16:46.217Z LH:status Trace Engine parse:Frames:finalize
2026-08-03T16:16:46.221Z LH:status Trace Engine parse:GPU:finalize
2026-08-03T16:16:46.223Z LH:status Trace Engine parse:ImagePainting:finalize
2026-08-03T16:16:46.225Z LH:status Trace Engine parse:Initiators:finalize
2026-08-03T16:16:46.226Z LH:status Trace Engine parse:Invalidations:finalize
2026-08-03T16:16:46.227Z LH:status Trace Engine parse:PageLoadMetrics:finalize
2026-08-03T16:16:46.229Z LH:status Trace Engine parse:LargestImagePaint:finalize
2026-08-03T16:16:46.230Z LH:status Trace Engine parse:LargestTextPaint:finalize
2026-08-03T16:16:46.231Z LH:status Trace Engine parse:Screenshots:finalize
2026-08-03T16:16:46.235Z LH:status Trace Engine parse:LayoutShifts:finalize
2026-08-03T16:16:46.236Z LH:status Trace Engine parse:Memory:finalize
2026-08-03T16:16:46.237Z LH:status Trace Engine parse:PageFrames:finalize
2026-08-03T16:16:46.239Z LH:status Trace Engine parse:Scripts:finalize
2026-08-03T16:16:46.240Z LH:status Trace Engine parse:SelectorStats:finalize
2026-08-03T16:16:46.241Z LH:status Trace Engine parse:UserInteractions:finalize
2026-08-03T16:16:46.243Z LH:status Trace Engine parse:Workers:finalize
2026-08-03T16:16:46.244Z LH:status Trace Engine parse:Warnings:finalize
2026-08-03T16:16:46.245Z LH:status Trace Engine parse:handler.data()
2026-08-03T16:16:46.246Z LH:status Trace Engine insights
2026-08-03T16:16:46.246Z LH:status Trace Engine insights:CLSCulprits
2026-08-03T16:16:46.247Z LH:status Trace Engine insights:Cache
2026-08-03T16:16:46.247Z LH:status Trace Engine insights:CharacterSet
2026-08-03T16:16:46.247Z LH:status Trace Engine insights:DOMSize
2026-08-03T16:16:46.248Z LH:status Trace Engine insights:DocumentLatency
2026-08-03T16:16:46.248Z LH:status Trace Engine insights:DuplicatedJavaScript
2026-08-03T16:16:46.248Z LH:status Trace Engine insights:FontDisplay
2026-08-03T16:16:46.248Z LH:status Trace Engine insights:ForcedReflow
2026-08-03T16:16:46.249Z LH:status Trace Engine insights:INPBreakdown
2026-08-03T16:16:46.249Z LH:status Trace Engine insights:ImageDelivery
2026-08-03T16:16:46.249Z LH:status Trace Engine insights:LCPBreakdown
2026-08-03T16:16:46.249Z LH:status Trace Engine insights:LCPDiscovery
2026-08-03T16:16:46.249Z LH:status Trace Engine insights:LegacyJavaScript
2026-08-03T16:16:46.250Z LH:status Trace Engine insights:ModernHTTP
2026-08-03T16:16:46.250Z LH:status Trace Engine insights:NetworkDependencyTree
2026-08-03T16:16:46.250Z LH:status Trace Engine insights:RenderBlocking
2026-08-03T16:16:46.250Z LH:status Trace Engine insights:SlowCSSSelector
2026-08-03T16:16:46.250Z LH:status Trace Engine insights:ThirdParties
2026-08-03T16:16:46.252Z LH:status Trace Engine insights:Viewport
2026-08-03T16:16:46.252Z LH:status Trace Engine insights:createLanternContext
2026-08-03T16:16:46.269Z LH:status Trace Engine insights:CLSCulprits
2026-08-03T16:16:46.269Z LH:status Trace Engine insights:Cache
2026-08-03T16:16:46.270Z LH:status Trace Engine insights:CharacterSet
2026-08-03T16:16:46.270Z LH:status Trace Engine insights:DOMSize
2026-08-03T16:16:46.270Z LH:status Trace Engine insights:DocumentLatency
2026-08-03T16:16:46.271Z LH:status Trace Engine insights:DuplicatedJavaScript
2026-08-03T16:16:46.271Z LH:status Trace Engine insights:FontDisplay
2026-08-03T16:16:46.271Z LH:status Trace Engine insights:ForcedReflow
2026-08-03T16:16:46.271Z LH:status Trace Engine insights:INPBreakdown
2026-08-03T16:16:46.271Z LH:status Trace Engine insights:ImageDelivery
2026-08-03T16:16:46.271Z LH:status Trace Engine insights:LCPBreakdown
2026-08-03T16:16:46.272Z LH:status Trace Engine insights:LCPDiscovery
2026-08-03T16:16:46.272Z LH:status Trace Engine insights:LegacyJavaScript
2026-08-03T16:16:46.310Z LH:status Trace Engine insights:ModernHTTP
2026-08-03T16:16:46.312Z LH:status Trace Engine insights:NetworkDependencyTree
2026-08-03T16:16:46.313Z LH:status Trace Engine insights:RenderBlocking
2026-08-03T16:16:46.313Z LH:status Trace Engine insights:SlowCSSSelector
2026-08-03T16:16:46.313Z LH:status Trace Engine insights:ThirdParties
2026-08-03T16:16:46.318Z LH:status Trace Engine insights:Viewport
2026-08-03T16:16:46.342Z LH:method <= browser ERR:error DOM.resolveNode 
2026-08-03T16:16:46.343Z LH:method <= browser ERR:error DOM.resolveNode 
2026-08-03T16:16:46.344Z LH:method <= browser ERR:error DOM.resolveNode 
2026-08-03T16:16:46.344Z LH:method <= browser ERR:error DOM.resolveNode 
2026-08-03T16:16:46.345Z LH:method <= browser ERR:error DOM.resolveNode 
2026-08-03T16:16:46.346Z LH:method <= browser ERR:error DOM.resolveNode 
2026-08-03T16:16:46.347Z LH:method <= browser ERR:error DOM.resolveNode 
2026-08-03T16:16:46.347Z LH:method <= browser ERR:error DOM.resolveNode 
2026-08-03T16:16:46.348Z LH:method <= browser ERR:error DOM.resolveNode 
2026-08-03T16:16:46.349Z LH:method <= browser ERR:error DOM.resolveNode 
2026-08-03T16:16:46.349Z LH:method <= browser ERR:error DOM.resolveNode 
2026-08-03T16:16:46.350Z LH:method <= browser ERR:error DOM.resolveNode 
2026-08-03T16:16:46.351Z LH:method <= browser ERR:error DOM.resolveNode 
2026-08-03T16:16:46.351Z LH:method <= browser ERR:error DOM.resolveNode 
2026-08-03T16:16:46.352Z LH:method <= browser ERR:error DOM.resolveNode 
2026-08-03T16:16:46.353Z LH:method <= browser ERR:error DOM.resolveNode 
2026-08-03T16:16:46.353Z LH:method <= browser ERR:error DOM.resolveNode 
2026-08-03T16:16:46.354Z LH:method <= browser ERR:error DOM.resolveNode 
2026-08-03T16:16:46.354Z LH:method <= browser ERR:error DOM.resolveNode 
2026-08-03T16:16:46.355Z LH:method <= browser ERR:error DOM.resolveNode 
2026-08-03T16:16:46.356Z LH:method <= browser ERR:error DOM.resolveNode 
2026-08-03T16:16:46.356Z LH:method <= browser ERR:error DOM.resolveNode 
2026-08-03T16:16:46.357Z LH:method <= browser ERR:error DOM.resolveNode 
2026-08-03T16:16:46.358Z LH:method <= browser ERR:error DOM.resolveNode 
2026-08-03T16:16:46.358Z LH:method <= browser ERR:error DOM.resolveNode 
2026-08-03T16:16:46.359Z LH:method <= browser ERR:error DOM.resolveNode 
2026-08-03T16:16:46.360Z LH:method <= browser ERR:error DOM.resolveNode 
2026-08-03T16:16:46.360Z LH:method <= browser ERR:error DOM.resolveNode 
2026-08-03T16:16:46.361Z LH:method <= browser ERR:error DOM.resolveNode 
2026-08-03T16:16:46.361Z LH:method <= browser ERR:error DOM.resolveNode 
2026-08-03T16:16:46.362Z LH:method <= browser ERR:error DOM.resolveNode 
2026-08-03T16:16:46.363Z LH:method <= browser ERR:error DOM.resolveNode 
2026-08-03T16:16:46.363Z LH:method <= browser ERR:error DOM.resolveNode 
2026-08-03T16:16:46.364Z LH:method <= browser ERR:error DOM.resolveNode 
2026-08-03T16:16:46.365Z LH:method <= browser ERR:error DOM.resolveNode 
2026-08-03T16:16:46.365Z LH:method <= browser ERR:error DOM.resolveNode 
2026-08-03T16:16:46.366Z LH:method <= browser ERR:error DOM.resolveNode 
2026-08-03T16:16:46.367Z LH:method <= browser ERR:error DOM.resolveNode 
2026-08-03T16:16:46.367Z LH:method <= browser ERR:error DOM.resolveNode 
2026-08-03T16:16:46.368Z LH:method <= browser ERR:error DOM.resolveNode 
2026-08-03T16:16:46.369Z LH:method <= browser ERR:error DOM.resolveNode 
2026-08-03T16:16:46.369Z LH:method <= browser ERR:error DOM.resolveNode 
2026-08-03T16:16:46.370Z LH:method <= browser ERR:error DOM.resolveNode 
2026-08-03T16:16:46.371Z LH:method <= browser ERR:error DOM.resolveNode 
2026-08-03T16:16:46.371Z LH:method <= browser ERR:error DOM.resolveNode 
2026-08-03T16:16:46.372Z LH:method <= browser ERR:error DOM.resolveNode 
2026-08-03T16:16:46.373Z LH:method <= browser ERR:error DOM.resolveNode 
2026-08-03T16:16:46.374Z LH:method <= browser ERR:error DOM.resolveNode 
2026-08-03T16:16:46.374Z LH:method <= browser ERR:error DOM.resolveNode 
2026-08-03T16:16:46.375Z LH:method <= browser ERR:error DOM.resolveNode 
2026-08-03T16:16:46.376Z LH:method <= browser ERR:error DOM.resolveNode 
2026-08-03T16:16:46.376Z LH:method <= browser ERR:error DOM.resolveNode 
2026-08-03T16:16:46.377Z LH:method <= browser ERR:error DOM.resolveNode 
2026-08-03T16:16:46.378Z LH:method <= browser ERR:error DOM.resolveNode 
2026-08-03T16:16:46.378Z LH:method <= browser ERR:error DOM.resolveNode 
2026-08-03T16:16:46.379Z LH:method <= browser ERR:error DOM.resolveNode 
2026-08-03T16:16:46.380Z LH:method <= browser ERR:error DOM.resolveNode 
2026-08-03T16:16:46.380Z LH:method <= browser ERR:error DOM.resolveNode 
2026-08-03T16:16:46.381Z LH:method <= browser ERR:error DOM.resolveNode 
2026-08-03T16:16:46.382Z LH:method <= browser ERR:error DOM.resolveNode 
2026-08-03T16:16:46.382Z LH:method <= browser ERR:error DOM.resolveNode 
2026-08-03T16:16:46.383Z LH:method <= browser ERR:error DOM.resolveNode 
2026-08-03T16:16:46.399Z LH:method <= browser ERR:error DOM.resolveNode 
2026-08-03T16:16:46.400Z LH:method <= browser ERR:error DOM.resolveNode 
2026-08-03T16:16:46.400Z LH:method <= browser ERR:error DOM.resolveNode 
2026-08-03T16:16:46.401Z LH:method <= browser ERR:error DOM.resolveNode 
2026-08-03T16:16:46.402Z LH:method <= browser ERR:error DOM.resolveNode 
2026-08-03T16:16:46.402Z LH:method <= browser ERR:error DOM.resolveNode 
2026-08-03T16:16:46.403Z LH:method <= browser ERR:error DOM.resolveNode 
2026-08-03T16:16:46.404Z LH:method <= browser ERR:error DOM.resolveNode 
2026-08-03T16:16:46.404Z LH:method <= browser ERR:error DOM.resolveNode 
2026-08-03T16:16:46.405Z LH:method <= browser ERR:error DOM.resolveNode 
2026-08-03T16:16:46.406Z LH:method <= browser ERR:error DOM.resolveNode 
2026-08-03T16:16:46.406Z LH:method <= browser ERR:error DOM.resolveNode 
2026-08-03T16:16:46.407Z LH:method <= browser ERR:error DOM.resolveNode 
2026-08-03T16:16:46.408Z LH:method <= browser ERR:error DOM.resolveNode 
2026-08-03T16:16:46.409Z LH:method <= browser ERR:error DOM.resolveNode 
2026-08-03T16:16:46.410Z LH:method <= browser ERR:error DOM.resolveNode 
2026-08-03T16:16:46.410Z LH:method <= browser ERR:error DOM.resolveNode 
2026-08-03T16:16:46.411Z LH:method <= browser ERR:error DOM.resolveNode 
2026-08-03T16:16:46.412Z LH:method <= browser ERR:error DOM.resolveNode 
2026-08-03T16:16:46.412Z LH:method <= browser ERR:error DOM.resolveNode 
2026-08-03T16:16:46.413Z LH:method <= browser ERR:error DOM.resolveNode 
2026-08-03T16:16:46.414Z LH:method <= browser ERR:error DOM.resolveNode 
2026-08-03T16:16:46.414Z LH:status Getting artifact: ViewportDimensions
2026-08-03T16:16:46.415Z LH:status Getting artifact: FullPageScreenshot
2026-08-03T16:16:48.048Z LH:status Getting artifact: BFCacheFailures
2026-08-03T16:16:48.298Z LH:status Analyzing and running audits...
2026-08-03T16:16:48.299Z LH:status Auditing: Uses HTTPS
2026-08-03T16:16:48.300Z LH:status Auditing: Redirects HTTP traffic to HTTPS
2026-08-03T16:16:48.301Z LH:status Auditing: First Contentful Paint
2026-08-03T16:16:48.308Z LH:status Auditing: Largest Contentful Paint
2026-08-03T16:16:48.310Z LH:status Auditing: Speed Index
2026-08-03T16:16:48.349Z LH:status Auditing: Screenshot Thumbnails
2026-08-03T16:16:48.349Z LH:status Auditing: Final Screenshot
2026-08-03T16:16:48.350Z LH:status Auditing: Total Blocking Time
2026-08-03T16:16:48.353Z LH:status Auditing: Max Potential First Input Delay
2026-08-03T16:16:48.356Z LH:status Auditing: Cumulative Layout Shift
2026-08-03T16:16:48.356Z LH:status Auditing: No browser errors logged to the console
2026-08-03T16:16:48.357Z LH:status Auditing: Initial server response time was short
2026-08-03T16:16:48.358Z LH:status Auditing: Time to Interactive
2026-08-03T16:16:48.359Z LH:status Auditing: User Timing marks and measures
2026-08-03T16:16:48.360Z LH:status Auditing: Avoid multiple page redirects
2026-08-03T16:16:48.362Z LH:status Auditing: Displays images with correct aspect ratio
2026-08-03T16:16:48.363Z LH:status Auditing: Serves images with appropriate resolution
2026-08-03T16:16:48.363Z LH:status Auditing: Avoids deprecated APIs
2026-08-03T16:16:48.364Z LH:status Auditing: Avoids third-party cookies
2026-08-03T16:16:48.365Z LH:status Auditing: Minimizes main-thread work
2026-08-03T16:16:48.374Z LH:status Auditing: JavaScript execution time
2026-08-03T16:16:48.379Z LH:status Auditing: Diagnostics
2026-08-03T16:16:48.380Z LH:status Auditing: Network Requests
2026-08-03T16:16:48.381Z LH:status Auditing: Network Round Trip Times
2026-08-03T16:16:48.382Z LH:status Auditing: Server Backend Latencies
2026-08-03T16:16:48.383Z LH:status Auditing: Tasks
2026-08-03T16:16:48.383Z LH:status Auditing: Metrics
2026-08-03T16:16:48.385Z LH:status Auditing: Resources Summary
2026-08-03T16:16:48.386Z LH:status Auditing: Avoid large layout shifts
2026-08-03T16:16:48.386Z LH:status Auditing: Avoid long main-thread tasks
2026-08-03T16:16:48.388Z LH:status Auditing: Avoid non-composited animations
2026-08-03T16:16:48.389Z LH:status Auditing: Image elements have explicit `width` and `height`
2026-08-03T16:16:48.389Z LH:status Auditing: Page has valid source maps
2026-08-03T16:16:48.390Z LH:status Auditing: Ensure CSP is effective against XSS attacks
2026-08-03T16:16:48.392Z LH:status Auditing: Use a strong HSTS policy
2026-08-03T16:16:48.393Z LH:status Auditing: Ensure proper origin isolation with COOP
2026-08-03T16:16:48.393Z LH:status Auditing: Mitigate clickjacking with XFO or CSP
2026-08-03T16:16:48.394Z LH:status Auditing: Mitigate DOM-based XSS with Trusted Types
2026-08-03T16:16:48.394Z LH:status Auditing: Script Treemap Data
2026-08-03T16:16:48.409Z LH:status Auditing: `[accesskey]` values are unique
2026-08-03T16:16:48.410Z LH:status Auditing: `[aria-*]` attributes match their roles
2026-08-03T16:16:48.411Z LH:status Auditing: Uses ARIA roles only on compatible elements
2026-08-03T16:16:48.412Z LH:status Auditing: `button`, `link`, and `menuitem` elements have accessible names
2026-08-03T16:16:48.412Z LH:status Auditing: ARIA attributes are used as specified for the element's role
2026-08-03T16:16:48.414Z LH:status Auditing: Deprecated ARIA roles were not used
2026-08-03T16:16:48.415Z LH:status Auditing: Elements with `role="dialog"` or `role="alertdialog"` have accessible names.
2026-08-03T16:16:48.416Z LH:status Auditing: `[aria-hidden="true"]` is not present on the document `<body>`
2026-08-03T16:16:48.417Z LH:status Auditing: `[aria-hidden="true"]` elements do not contain focusable descendents
2026-08-03T16:16:48.419Z LH:status Auditing: ARIA input fields have accessible names
2026-08-03T16:16:48.419Z LH:status Auditing: ARIA `meter` elements have accessible names
2026-08-03T16:16:48.420Z LH:status Auditing: ARIA `progressbar` elements have accessible names
2026-08-03T16:16:48.420Z LH:status Auditing: Elements use only permitted ARIA attributes
2026-08-03T16:16:48.421Z LH:status Auditing: `[role]`s have all required `[aria-*]` attributes
2026-08-03T16:16:48.422Z LH:status Auditing: Elements with an ARIA `[role]` that require children to contain a specific `[role]` have all required children.
2026-08-03T16:16:48.423Z LH:status Auditing: `[role]`s are contained by their required parent element
2026-08-03T16:16:48.423Z LH:status Auditing: `[role]` values are valid
2026-08-03T16:16:48.424Z LH:status Auditing: Elements with the `role=text` attribute do not have focusable descendents.
2026-08-03T16:16:48.425Z LH:status Auditing: ARIA toggle fields have accessible names
2026-08-03T16:16:48.425Z LH:status Auditing: ARIA `tooltip` elements have accessible names
2026-08-03T16:16:48.426Z LH:status Auditing: ARIA `treeitem` elements have accessible names
2026-08-03T16:16:48.427Z LH:status Auditing: `[aria-*]` attributes have valid values
2026-08-03T16:16:48.428Z LH:status Auditing: `[aria-*]` attributes are valid and not misspelled
2026-08-03T16:16:48.429Z LH:status Auditing: Buttons have an accessible name
2026-08-03T16:16:48.430Z LH:status Auditing: The page contains a heading, skip link, or landmark region
2026-08-03T16:16:48.432Z LH:status Auditing: Background and foreground colors have a sufficient contrast ratio
2026-08-03T16:16:48.438Z LH:status Auditing: `<dl>`'s contain only properly-ordered `<dt>` and `<dd>` groups, `<script>`, `<template>` or `<div>` elements.
2026-08-03T16:16:48.439Z LH:status Auditing: Definition list items are wrapped in `<dl>` elements
2026-08-03T16:16:48.440Z LH:status Auditing: Document has a `<title>` element
2026-08-03T16:16:48.441Z LH:status Auditing: ARIA IDs are unique
2026-08-03T16:16:48.442Z LH:status Auditing: All heading elements contain content.
2026-08-03T16:16:48.443Z LH:status Auditing: No form fields have multiple labels
2026-08-03T16:16:48.444Z LH:status Auditing: `<frame>` or `<iframe>` elements have a title
2026-08-03T16:16:48.445Z LH:status Auditing: Heading elements appear in a sequentially-descending order
2026-08-03T16:16:48.446Z LH:status Auditing: `<html>` element has a `[lang]` attribute
2026-08-03T16:16:48.447Z LH:status Auditing: `<html>` element has a valid value for its `[lang]` attribute
2026-08-03T16:16:48.449Z LH:status Auditing: `<html>` element has an `[xml:lang]` attribute with the same base language as the `[lang]` attribute.
2026-08-03T16:16:48.449Z LH:status Auditing: Identical links have the same purpose.
2026-08-03T16:16:48.451Z LH:status Auditing: Image elements have `[alt]` attributes
2026-08-03T16:16:48.452Z LH:status Auditing: Image elements do not have `[alt]` attributes that are redundant text.
2026-08-03T16:16:48.453Z LH:status Auditing: Input buttons have discernible text.
2026-08-03T16:16:48.454Z LH:status Auditing: `<input type="image">` elements have `[alt]` text
2026-08-03T16:16:48.454Z LH:status Auditing: Elements with visible text labels have matching accessible names.
2026-08-03T16:16:48.456Z LH:status Auditing: Form elements have associated labels
2026-08-03T16:16:48.457Z LH:status Auditing: Document has a main landmark.
2026-08-03T16:16:48.458Z LH:status Auditing: Links have a discernible name
2026-08-03T16:16:48.459Z LH:status Auditing: Links are distinguishable without relying on color.
2026-08-03T16:16:48.460Z LH:status Auditing: Lists contain only `<li>` elements and script supporting elements (`<script>` and `<template>`).
2026-08-03T16:16:48.461Z LH:status Auditing: List items (`<li>`) are contained within `<ul>`, `<ol>` or `<menu>` parent elements
2026-08-03T16:16:48.463Z LH:status Auditing: The document does not use `<meta http-equiv="refresh">`
2026-08-03T16:16:48.464Z LH:status Auditing: `[user-scalable="no"]` is not used in the `<meta name="viewport">` element and the `[maximum-scale]` attribute is not less than 5.
2026-08-03T16:16:48.465Z LH:status Auditing: `<object>` elements have alternate text
2026-08-03T16:16:48.466Z LH:status Auditing: Select elements have associated label elements.
2026-08-03T16:16:48.467Z LH:status Auditing: Skip links are focusable.
2026-08-03T16:16:48.468Z LH:status Auditing: No element has a `[tabindex]` value greater than 0
2026-08-03T16:16:48.468Z LH:status Auditing: Tables have different content in the summary attribute and `<caption>`.
2026-08-03T16:16:48.469Z LH:status Auditing: Tables use `<caption>` instead of cells with the `[colspan]` attribute to indicate a caption.
2026-08-03T16:16:48.470Z LH:status Auditing: Touch targets have sufficient size and spacing.
2026-08-03T16:16:48.472Z LH:status Auditing: `<td>` elements in a large `<table>` have one or more table headers.
2026-08-03T16:16:48.473Z LH:status Auditing: Cells in a `<table>` element that use the `[headers]` attribute refer to table cells within the same table.
2026-08-03T16:16:48.474Z LH:status Auditing: `<th>` elements and elements with `[role="columnheader"/"rowheader"]` have data cells they describe.
2026-08-03T16:16:48.475Z LH:status Auditing: `[lang]` attributes have a valid value
2026-08-03T16:16:48.476Z LH:status Auditing: `<video>` elements contain a `<track>` element with `[kind="captions"]`
2026-08-03T16:16:48.477Z LH:status Auditing: Custom controls have associated labels
2026-08-03T16:16:48.477Z LH:status Auditing: Custom controls have ARIA roles
2026-08-03T16:16:48.477Z LH:status Auditing: User focus is not accidentally trapped in a region
2026-08-03T16:16:48.477Z LH:status Auditing: Interactive controls are keyboard focusable
2026-08-03T16:16:48.477Z LH:status Auditing: Interactive elements indicate their purpose and state
2026-08-03T16:16:48.477Z LH:status Auditing: The page has a logical tab order
2026-08-03T16:16:48.477Z LH:status Auditing: The user's focus is directed to new content added to the page
2026-08-03T16:16:48.477Z LH:status Auditing: Offscreen content is hidden from assistive technology
2026-08-03T16:16:48.477Z LH:status Auditing: HTML5 landmark elements are used to improve navigation
2026-08-03T16:16:48.477Z LH:status Auditing: Visual order on the page follows DOM order
2026-08-03T16:16:48.477Z LH:status Auditing: `autocomplete` attributes are used correctly
2026-08-03T16:16:48.478Z LH:status Auditing: Elements with `role="none"` or `role="presentation"` do not have conflicts
2026-08-03T16:16:48.479Z LH:status Auditing: SVG elements with an `img` role have an accessible text alternative
2026-08-03T16:16:48.480Z LH:status Auditing: Avoids enormous network payloads
2026-08-03T16:16:48.481Z LH:status Auditing: Minify CSS
2026-08-03T16:16:48.510Z LH:status Auditing: Minify JavaScript
2026-08-03T16:16:48.540Z LH:status Auditing: Reduce unused CSS
2026-08-03T16:16:48.542Z LH:status Auditing: Reduce unused JavaScript
2026-08-03T16:16:48.545Z LH:status Auditing: Page has the HTML doctype
2026-08-03T16:16:48.545Z LH:status Auditing: Properly defines charset
2026-08-03T16:16:48.546Z LH:status Auditing: Avoids requesting the geolocation permission on page load
2026-08-03T16:16:48.547Z LH:status Auditing: No issues in the `Issues` panel in Chrome Devtools
2026-08-03T16:16:48.547Z LH:status Auditing: Detected JavaScript libraries
2026-08-03T16:16:48.548Z LH:status Auditing: Avoids requesting the notification permission on page load
2026-08-03T16:16:48.548Z LH:status Auditing: Allows users to paste into input fields
2026-08-03T16:16:48.549Z LH:status Auditing: Baseline Features
2026-08-03T16:16:48.551Z LH:status Auditing: Document has a meta description
2026-08-03T16:16:48.551Z LH:status Auditing: Page has successful HTTP status code
2026-08-03T16:16:48.552Z LH:status Auditing: Links have descriptive text
2026-08-03T16:16:48.552Z LH:status Auditing: Links are crawlable
2026-08-03T16:16:48.553Z LH:status Auditing: Page isn’t blocked from indexing
2026-08-03T16:16:48.554Z LH:status Auditing: robots.txt is valid
2026-08-03T16:16:48.555Z LH:status Auditing: Document has a valid `hreflang`
2026-08-03T16:16:48.556Z LH:status Auditing: Document has a valid `rel=canonical`
2026-08-03T16:16:48.556Z LH:status Auditing: Structured data is valid
2026-08-03T16:16:48.556Z LH:status Auditing: Page didn't prevent back/forward cache restoration
2026-08-03T16:16:48.557Z LH:status Auditing: Use efficient cache lifetimes
2026-08-03T16:16:48.558Z LH:status Auditing: Layout shift culprits
2026-08-03T16:16:48.558Z LH:status Auditing: Document request latency
2026-08-03T16:16:48.559Z LH:status Auditing: Optimize DOM size
2026-08-03T16:16:48.560Z LH:status Auditing: Duplicated JavaScript
2026-08-03T16:16:48.560Z LH:status Auditing: Font display
2026-08-03T16:16:48.561Z LH:status Auditing: Forced reflow
2026-08-03T16:16:48.561Z LH:status Auditing: Improve image delivery
2026-08-03T16:16:48.562Z LH:status Auditing: INP breakdown
2026-08-03T16:16:48.563Z LH:status Auditing: LCP breakdown
2026-08-03T16:16:48.563Z LH:status Auditing: LCP request discovery
2026-08-03T16:16:48.564Z LH:status Auditing: Legacy JavaScript
2026-08-03T16:16:48.565Z LH:status Auditing: Modern HTTP
2026-08-03T16:16:48.565Z LH:status Auditing: Network dependency tree
2026-08-03T16:16:48.567Z LH:status Auditing: Render-blocking requests
2026-08-03T16:16:48.567Z LH:status Auditing: 3rd parties
2026-08-03T16:16:48.573Z LH:status Auditing: Optimize viewport for mobile
2026-08-03T16:16:48.574Z LH:status Generating results...
2026-08-03T16:16:48.595Z LH:Printer json output written to /home/mihai/ROVEXO/docs/releases/rc3/evidence/lighthouse/listing-desktop.report.json
2026-08-03T16:16:48.596Z LH:Printer html output written to /home/mihai/ROVEXO/docs/releases/rc3/evidence/lighthouse/listing-desktop.report.html
2026-08-03T16:16:48.597Z LH:CLI Protip: Run lighthouse with `--view` to immediately open the HTML report in your browser
