npm warn Unknown env config "devdir". This will stop working in the next major version of npm. See `npm help npmrc` for supported config options.
2026-08-03T16:15:13.470Z LH:ChromeLauncher Found existing Chrome already running using port 9222, using that.
2026-08-03T16:15:13.766Z LH:status Connecting to browser
2026-08-03T16:15:13.772Z LH:status Navigating to about:blank
2026-08-03T16:15:13.775Z LH:status Benchmarking machine
2026-08-03T16:15:14.781Z LH:status Host device pixel ratio
2026-08-03T16:15:14.782Z LH:status Preparing target for navigation mode
2026-08-03T16:15:14.796Z LH:status Preparing network conditions
2026-08-03T16:15:14.828Z LH:status Navigating to http://127.0.0.1:3000/listing/marketplace-refund-item-1785772486359-msdetxj2
2026-08-03T16:15:20.157Z LH:status Getting artifact: DevtoolsLog
2026-08-03T16:15:20.157Z LH:status Getting artifact: Trace
2026-08-03T16:15:20.157Z LH:status Getting artifact: Accessibility
2026-08-03T16:15:20.325Z LH:status Getting artifact: AnchorElements
2026-08-03T16:15:20.336Z LH:status Getting artifact: ConsoleMessages
2026-08-03T16:15:20.336Z LH:status Getting artifact: CSSUsage
2026-08-03T16:15:20.519Z LH:status Getting artifact: Doctype
2026-08-03T16:15:20.521Z LH:status Getting artifact: Inputs
2026-08-03T16:15:20.523Z LH:status Getting artifact: ImageElements
2026-08-03T16:15:20.703Z LH:status Getting artifact: InspectorIssues
2026-08-03T16:15:20.703Z LH:status Getting artifact: JsUsage
2026-08-03T16:15:20.703Z LH:status Getting artifact: LinkElements
2026-08-03T16:15:20.708Z LH:status Getting artifact: MainDocumentContent
2026-08-03T16:15:20.715Z LH:status Getting artifact: MetaElements
2026-08-03T16:15:20.717Z LH:status Getting artifact: NetworkUserAgent
2026-08-03T16:15:20.717Z LH:status Getting artifact: RobotsTxt
2026-08-03T16:15:20.727Z LH:status Getting artifact: Scripts
2026-08-03T16:15:20.727Z LH:status Getting artifact: SourceMaps
2026-08-03T16:15:20.727Z LH:status Getting artifact: Stacks
2026-08-03T16:15:20.727Z LH:status Collect stacks
2026-08-03T16:15:20.735Z LH:status Getting artifact: Stylesheets
2026-08-03T16:15:20.808Z LH:status Getting artifact: TraceElements
2026-08-03T16:15:20.828Z LH:status Trace Engine total
2026-08-03T16:15:20.828Z LH:status Trace Engine parse
2026-08-03T16:15:20.829Z LH:status Trace Engine parse:handleEvent
2026-08-03T16:15:20.890Z LH:status Trace Engine parse:Meta:finalize
2026-08-03T16:15:20.891Z LH:status Trace Engine parse:AnimationFrames:finalize
2026-08-03T16:15:20.892Z LH:status Trace Engine parse:Animations:finalize
2026-08-03T16:15:20.894Z LH:status Trace Engine parse:Samples:finalize
2026-08-03T16:15:20.895Z LH:status Trace Engine parse:AuctionWorklets:finalize
2026-08-03T16:15:20.896Z LH:status Trace Engine parse:NetworkRequests:finalize
2026-08-03T16:15:20.899Z LH:status Trace Engine parse:Renderer:finalize
2026-08-03T16:15:20.910Z LH:status Trace Engine parse:Flows:finalize
2026-08-03T16:15:20.918Z LH:status Trace Engine parse:AsyncJSCalls:finalize
2026-08-03T16:15:20.920Z LH:status Trace Engine parse:DOMStats:finalize
2026-08-03T16:15:20.921Z LH:status Trace Engine parse:UserTimings:finalize
2026-08-03T16:15:20.922Z LH:status Trace Engine parse:ExtensionTraceData:finalize
2026-08-03T16:15:20.924Z LH:status Trace Engine parse:LayerTree:finalize
2026-08-03T16:15:20.925Z LH:status Trace Engine parse:Frames:finalize
2026-08-03T16:15:20.930Z LH:status Trace Engine parse:GPU:finalize
2026-08-03T16:15:20.932Z LH:status Trace Engine parse:ImagePainting:finalize
2026-08-03T16:15:20.934Z LH:status Trace Engine parse:Initiators:finalize
2026-08-03T16:15:20.935Z LH:status Trace Engine parse:Invalidations:finalize
2026-08-03T16:15:20.937Z LH:status Trace Engine parse:PageLoadMetrics:finalize
2026-08-03T16:15:20.938Z LH:status Trace Engine parse:LargestImagePaint:finalize
2026-08-03T16:15:20.940Z LH:status Trace Engine parse:LargestTextPaint:finalize
2026-08-03T16:15:20.941Z LH:status Trace Engine parse:Screenshots:finalize
2026-08-03T16:15:20.945Z LH:status Trace Engine parse:LayoutShifts:finalize
2026-08-03T16:15:20.947Z LH:status Trace Engine parse:Memory:finalize
2026-08-03T16:15:20.948Z LH:status Trace Engine parse:PageFrames:finalize
2026-08-03T16:15:20.949Z LH:status Trace Engine parse:Scripts:finalize
2026-08-03T16:15:20.951Z LH:status Trace Engine parse:SelectorStats:finalize
2026-08-03T16:15:20.952Z LH:status Trace Engine parse:UserInteractions:finalize
2026-08-03T16:15:20.954Z LH:status Trace Engine parse:Workers:finalize
2026-08-03T16:15:20.955Z LH:status Trace Engine parse:Warnings:finalize
2026-08-03T16:15:20.956Z LH:status Trace Engine parse:handler.data()
2026-08-03T16:15:20.957Z LH:status Trace Engine insights
2026-08-03T16:15:20.957Z LH:status Trace Engine insights:CLSCulprits
2026-08-03T16:15:20.958Z LH:status Trace Engine insights:Cache
2026-08-03T16:15:20.958Z LH:status Trace Engine insights:CharacterSet
2026-08-03T16:15:20.958Z LH:status Trace Engine insights:DOMSize
2026-08-03T16:15:20.959Z LH:status Trace Engine insights:DocumentLatency
2026-08-03T16:15:20.959Z LH:status Trace Engine insights:DuplicatedJavaScript
2026-08-03T16:15:20.959Z LH:status Trace Engine insights:FontDisplay
2026-08-03T16:15:20.959Z LH:status Trace Engine insights:ForcedReflow
2026-08-03T16:15:20.960Z LH:status Trace Engine insights:INPBreakdown
2026-08-03T16:15:20.960Z LH:status Trace Engine insights:ImageDelivery
2026-08-03T16:15:20.960Z LH:status Trace Engine insights:LCPBreakdown
2026-08-03T16:15:20.960Z LH:status Trace Engine insights:LCPDiscovery
2026-08-03T16:15:20.960Z LH:status Trace Engine insights:LegacyJavaScript
2026-08-03T16:15:20.960Z LH:status Trace Engine insights:ModernHTTP
2026-08-03T16:15:20.961Z LH:status Trace Engine insights:NetworkDependencyTree
2026-08-03T16:15:20.961Z LH:status Trace Engine insights:RenderBlocking
2026-08-03T16:15:20.961Z LH:status Trace Engine insights:SlowCSSSelector
2026-08-03T16:15:20.961Z LH:status Trace Engine insights:ThirdParties
2026-08-03T16:15:20.963Z LH:status Trace Engine insights:Viewport
2026-08-03T16:15:20.963Z LH:status Trace Engine insights:createLanternContext
2026-08-03T16:15:20.984Z LH:status Trace Engine insights:CLSCulprits
2026-08-03T16:15:20.985Z LH:status Trace Engine insights:Cache
2026-08-03T16:15:20.986Z LH:status Trace Engine insights:CharacterSet
2026-08-03T16:15:20.986Z LH:status Trace Engine insights:DOMSize
2026-08-03T16:15:20.986Z LH:status Trace Engine insights:DocumentLatency
2026-08-03T16:15:20.986Z LH:status Trace Engine insights:DuplicatedJavaScript
2026-08-03T16:15:20.987Z LH:status Trace Engine insights:FontDisplay
2026-08-03T16:15:20.987Z LH:status Trace Engine insights:ForcedReflow
2026-08-03T16:15:20.987Z LH:status Trace Engine insights:INPBreakdown
2026-08-03T16:15:20.987Z LH:status Trace Engine insights:ImageDelivery
2026-08-03T16:15:20.987Z LH:status Trace Engine insights:LCPBreakdown
2026-08-03T16:15:20.987Z LH:status Trace Engine insights:LCPDiscovery
2026-08-03T16:15:20.987Z LH:status Trace Engine insights:LegacyJavaScript
2026-08-03T16:15:21.031Z LH:status Trace Engine insights:ModernHTTP
2026-08-03T16:15:21.033Z LH:status Trace Engine insights:NetworkDependencyTree
2026-08-03T16:15:21.035Z LH:status Trace Engine insights:RenderBlocking
2026-08-03T16:15:21.035Z LH:status Trace Engine insights:SlowCSSSelector
2026-08-03T16:15:21.035Z LH:status Trace Engine insights:ThirdParties
2026-08-03T16:15:21.041Z LH:status Trace Engine insights:Viewport
2026-08-03T16:15:21.071Z LH:method <= browser ERR:error DOM.resolveNode 
2026-08-03T16:15:21.072Z LH:method <= browser ERR:error DOM.resolveNode 
2026-08-03T16:15:21.073Z LH:method <= browser ERR:error DOM.resolveNode 
2026-08-03T16:15:21.073Z LH:method <= browser ERR:error DOM.resolveNode 
2026-08-03T16:15:21.074Z LH:method <= browser ERR:error DOM.resolveNode 
2026-08-03T16:15:21.075Z LH:method <= browser ERR:error DOM.resolveNode 
2026-08-03T16:15:21.076Z LH:method <= browser ERR:error DOM.resolveNode 
2026-08-03T16:15:21.076Z LH:method <= browser ERR:error DOM.resolveNode 
2026-08-03T16:15:21.077Z LH:method <= browser ERR:error DOM.resolveNode 
2026-08-03T16:15:21.078Z LH:method <= browser ERR:error DOM.resolveNode 
2026-08-03T16:15:21.078Z LH:method <= browser ERR:error DOM.resolveNode 
2026-08-03T16:15:21.079Z LH:method <= browser ERR:error DOM.resolveNode 
2026-08-03T16:15:21.080Z LH:method <= browser ERR:error DOM.resolveNode 
2026-08-03T16:15:21.080Z LH:method <= browser ERR:error DOM.resolveNode 
2026-08-03T16:15:21.081Z LH:method <= browser ERR:error DOM.resolveNode 
2026-08-03T16:15:21.082Z LH:method <= browser ERR:error DOM.resolveNode 
2026-08-03T16:15:21.082Z LH:method <= browser ERR:error DOM.resolveNode 
2026-08-03T16:15:21.083Z LH:method <= browser ERR:error DOM.resolveNode 
2026-08-03T16:15:21.084Z LH:method <= browser ERR:error DOM.resolveNode 
2026-08-03T16:15:21.084Z LH:method <= browser ERR:error DOM.resolveNode 
2026-08-03T16:15:21.085Z LH:method <= browser ERR:error DOM.resolveNode 
2026-08-03T16:15:21.086Z LH:method <= browser ERR:error DOM.resolveNode 
2026-08-03T16:15:21.086Z LH:method <= browser ERR:error DOM.resolveNode 
2026-08-03T16:15:21.087Z LH:method <= browser ERR:error DOM.resolveNode 
2026-08-03T16:15:21.087Z LH:method <= browser ERR:error DOM.resolveNode 
2026-08-03T16:15:21.088Z LH:method <= browser ERR:error DOM.resolveNode 
2026-08-03T16:15:21.089Z LH:method <= browser ERR:error DOM.resolveNode 
2026-08-03T16:15:21.089Z LH:method <= browser ERR:error DOM.resolveNode 
2026-08-03T16:15:21.090Z LH:method <= browser ERR:error DOM.resolveNode 
2026-08-03T16:15:21.091Z LH:method <= browser ERR:error DOM.resolveNode 
2026-08-03T16:15:21.091Z LH:method <= browser ERR:error DOM.resolveNode 
2026-08-03T16:15:21.092Z LH:method <= browser ERR:error DOM.resolveNode 
2026-08-03T16:15:21.093Z LH:method <= browser ERR:error DOM.resolveNode 
2026-08-03T16:15:21.093Z LH:method <= browser ERR:error DOM.resolveNode 
2026-08-03T16:15:21.094Z LH:method <= browser ERR:error DOM.resolveNode 
2026-08-03T16:15:21.094Z LH:method <= browser ERR:error DOM.resolveNode 
2026-08-03T16:15:21.095Z LH:method <= browser ERR:error DOM.resolveNode 
2026-08-03T16:15:21.096Z LH:method <= browser ERR:error DOM.resolveNode 
2026-08-03T16:15:21.097Z LH:method <= browser ERR:error DOM.resolveNode 
2026-08-03T16:15:21.097Z LH:method <= browser ERR:error DOM.resolveNode 
2026-08-03T16:15:21.098Z LH:method <= browser ERR:error DOM.resolveNode 
2026-08-03T16:15:21.099Z LH:method <= browser ERR:error DOM.resolveNode 
2026-08-03T16:15:21.099Z LH:method <= browser ERR:error DOM.resolveNode 
2026-08-03T16:15:21.100Z LH:method <= browser ERR:error DOM.resolveNode 
2026-08-03T16:15:21.101Z LH:method <= browser ERR:error DOM.resolveNode 
2026-08-03T16:15:21.101Z LH:method <= browser ERR:error DOM.resolveNode 
2026-08-03T16:15:21.102Z LH:method <= browser ERR:error DOM.resolveNode 
2026-08-03T16:15:21.102Z LH:method <= browser ERR:error DOM.resolveNode 
2026-08-03T16:15:21.103Z LH:method <= browser ERR:error DOM.resolveNode 
2026-08-03T16:15:21.104Z LH:method <= browser ERR:error DOM.resolveNode 
2026-08-03T16:15:21.104Z LH:method <= browser ERR:error DOM.resolveNode 
2026-08-03T16:15:21.105Z LH:method <= browser ERR:error DOM.resolveNode 
2026-08-03T16:15:21.106Z LH:method <= browser ERR:error DOM.resolveNode 
2026-08-03T16:15:21.106Z LH:method <= browser ERR:error DOM.resolveNode 
2026-08-03T16:15:21.107Z LH:method <= browser ERR:error DOM.resolveNode 
2026-08-03T16:15:21.108Z LH:method <= browser ERR:error DOM.resolveNode 
2026-08-03T16:15:21.108Z LH:method <= browser ERR:error DOM.resolveNode 
2026-08-03T16:15:21.109Z LH:method <= browser ERR:error DOM.resolveNode 
2026-08-03T16:15:21.110Z LH:method <= browser ERR:error DOM.resolveNode 
2026-08-03T16:15:21.110Z LH:method <= browser ERR:error DOM.resolveNode 
2026-08-03T16:15:21.111Z LH:method <= browser ERR:error DOM.resolveNode 
2026-08-03T16:15:21.112Z LH:method <= browser ERR:error DOM.resolveNode 
2026-08-03T16:15:21.128Z LH:method <= browser ERR:error DOM.resolveNode 
2026-08-03T16:15:21.129Z LH:method <= browser ERR:error DOM.resolveNode 
2026-08-03T16:15:21.129Z LH:method <= browser ERR:error DOM.resolveNode 
2026-08-03T16:15:21.130Z LH:method <= browser ERR:error DOM.resolveNode 
2026-08-03T16:15:21.130Z LH:method <= browser ERR:error DOM.resolveNode 
2026-08-03T16:15:21.131Z LH:method <= browser ERR:error DOM.resolveNode 
2026-08-03T16:15:21.132Z LH:method <= browser ERR:error DOM.resolveNode 
2026-08-03T16:15:21.132Z LH:method <= browser ERR:error DOM.resolveNode 
2026-08-03T16:15:21.133Z LH:method <= browser ERR:error DOM.resolveNode 
2026-08-03T16:15:21.134Z LH:method <= browser ERR:error DOM.resolveNode 
2026-08-03T16:15:21.134Z LH:method <= browser ERR:error DOM.resolveNode 
2026-08-03T16:15:21.135Z LH:method <= browser ERR:error DOM.resolveNode 
2026-08-03T16:15:21.136Z LH:method <= browser ERR:error DOM.resolveNode 
2026-08-03T16:15:21.136Z LH:method <= browser ERR:error DOM.resolveNode 
2026-08-03T16:15:21.137Z LH:method <= browser ERR:error DOM.resolveNode 
2026-08-03T16:15:21.137Z LH:method <= browser ERR:error DOM.resolveNode 
2026-08-03T16:15:21.138Z LH:method <= browser ERR:error DOM.resolveNode 
2026-08-03T16:15:21.139Z LH:method <= browser ERR:error DOM.resolveNode 
2026-08-03T16:15:21.140Z LH:method <= browser ERR:error DOM.resolveNode 
2026-08-03T16:15:21.141Z LH:method <= browser ERR:error DOM.resolveNode 
2026-08-03T16:15:21.141Z LH:method <= browser ERR:error DOM.resolveNode 
2026-08-03T16:15:21.142Z LH:method <= browser ERR:error DOM.resolveNode 
2026-08-03T16:15:21.142Z LH:status Getting artifact: ViewportDimensions
2026-08-03T16:15:21.143Z LH:status Getting artifact: FullPageScreenshot
2026-08-03T16:15:22.255Z LH:status Getting artifact: BFCacheFailures
2026-08-03T16:15:22.507Z LH:status Analyzing and running audits...
2026-08-03T16:15:22.507Z LH:status Auditing: Uses HTTPS
2026-08-03T16:15:22.508Z LH:status Auditing: Redirects HTTP traffic to HTTPS
2026-08-03T16:15:22.509Z LH:status Auditing: First Contentful Paint
2026-08-03T16:15:22.517Z LH:status Auditing: Largest Contentful Paint
2026-08-03T16:15:22.520Z LH:status Auditing: Speed Index
2026-08-03T16:15:22.555Z LH:status Auditing: Screenshot Thumbnails
2026-08-03T16:15:22.555Z LH:status Auditing: Final Screenshot
2026-08-03T16:15:22.556Z LH:status Auditing: Total Blocking Time
2026-08-03T16:15:22.559Z LH:status Auditing: Max Potential First Input Delay
2026-08-03T16:15:22.562Z LH:status Auditing: Cumulative Layout Shift
2026-08-03T16:15:22.562Z LH:status Auditing: No browser errors logged to the console
2026-08-03T16:15:22.563Z LH:status Auditing: Initial server response time was short
2026-08-03T16:15:22.564Z LH:status Auditing: Time to Interactive
2026-08-03T16:15:22.565Z LH:status Auditing: User Timing marks and measures
2026-08-03T16:15:22.567Z LH:status Auditing: Avoid multiple page redirects
2026-08-03T16:15:22.568Z LH:status Auditing: Displays images with correct aspect ratio
2026-08-03T16:15:22.569Z LH:status Auditing: Serves images with appropriate resolution
2026-08-03T16:15:22.570Z LH:status Auditing: Avoids deprecated APIs
2026-08-03T16:15:22.570Z LH:status Auditing: Avoids third-party cookies
2026-08-03T16:15:22.571Z LH:status Auditing: Minimizes main-thread work
2026-08-03T16:15:22.581Z LH:status Auditing: JavaScript execution time
2026-08-03T16:15:22.586Z LH:status Auditing: Diagnostics
2026-08-03T16:15:22.587Z LH:status Auditing: Network Requests
2026-08-03T16:15:22.589Z LH:status Auditing: Network Round Trip Times
2026-08-03T16:15:22.590Z LH:status Auditing: Server Backend Latencies
2026-08-03T16:15:22.590Z LH:status Auditing: Tasks
2026-08-03T16:15:22.591Z LH:status Auditing: Metrics
2026-08-03T16:15:22.593Z LH:status Auditing: Resources Summary
2026-08-03T16:15:22.593Z LH:status Auditing: Avoid large layout shifts
2026-08-03T16:15:22.595Z LH:status Auditing: Avoid long main-thread tasks
2026-08-03T16:15:22.598Z LH:status Auditing: Avoid non-composited animations
2026-08-03T16:15:22.598Z LH:status Auditing: Image elements have explicit `width` and `height`
2026-08-03T16:15:22.599Z LH:status Auditing: Page has valid source maps
2026-08-03T16:15:22.600Z LH:status Auditing: Ensure CSP is effective against XSS attacks
2026-08-03T16:15:22.602Z LH:status Auditing: Use a strong HSTS policy
2026-08-03T16:15:22.603Z LH:status Auditing: Ensure proper origin isolation with COOP
2026-08-03T16:15:22.604Z LH:status Auditing: Mitigate clickjacking with XFO or CSP
2026-08-03T16:15:22.610Z LH:status Auditing: Mitigate DOM-based XSS with Trusted Types
2026-08-03T16:15:22.611Z LH:status Auditing: Script Treemap Data
2026-08-03T16:15:22.623Z LH:status Auditing: `[accesskey]` values are unique
2026-08-03T16:15:22.624Z LH:status Auditing: `[aria-*]` attributes match their roles
2026-08-03T16:15:22.625Z LH:status Auditing: Uses ARIA roles only on compatible elements
2026-08-03T16:15:22.627Z LH:status Auditing: `button`, `link`, and `menuitem` elements have accessible names
2026-08-03T16:15:22.627Z LH:status Auditing: ARIA attributes are used as specified for the element's role
2026-08-03T16:15:22.628Z LH:status Auditing: Deprecated ARIA roles were not used
2026-08-03T16:15:22.630Z LH:status Auditing: Elements with `role="dialog"` or `role="alertdialog"` have accessible names.
2026-08-03T16:15:22.632Z LH:status Auditing: `[aria-hidden="true"]` is not present on the document `<body>`
2026-08-03T16:15:22.633Z LH:status Auditing: `[aria-hidden="true"]` elements do not contain focusable descendents
2026-08-03T16:15:22.635Z LH:status Auditing: ARIA input fields have accessible names
2026-08-03T16:15:22.635Z LH:status Auditing: ARIA `meter` elements have accessible names
2026-08-03T16:15:22.636Z LH:status Auditing: ARIA `progressbar` elements have accessible names
2026-08-03T16:15:22.636Z LH:status Auditing: Elements use only permitted ARIA attributes
2026-08-03T16:15:22.637Z LH:status Auditing: `[role]`s have all required `[aria-*]` attributes
2026-08-03T16:15:22.639Z LH:status Auditing: Elements with an ARIA `[role]` that require children to contain a specific `[role]` have all required children.
2026-08-03T16:15:22.639Z LH:status Auditing: `[role]`s are contained by their required parent element
2026-08-03T16:15:22.640Z LH:status Auditing: `[role]` values are valid
2026-08-03T16:15:22.641Z LH:status Auditing: Elements with the `role=text` attribute do not have focusable descendents.
2026-08-03T16:15:22.642Z LH:status Auditing: ARIA toggle fields have accessible names
2026-08-03T16:15:22.647Z LH:status Auditing: ARIA `tooltip` elements have accessible names
2026-08-03T16:15:22.648Z LH:status Auditing: ARIA `treeitem` elements have accessible names
2026-08-03T16:15:22.648Z LH:status Auditing: `[aria-*]` attributes have valid values
2026-08-03T16:15:22.650Z LH:status Auditing: `[aria-*]` attributes are valid and not misspelled
2026-08-03T16:15:22.651Z LH:status Auditing: Buttons have an accessible name
2026-08-03T16:15:22.652Z LH:status Auditing: The page contains a heading, skip link, or landmark region
2026-08-03T16:15:22.653Z LH:status Auditing: Background and foreground colors have a sufficient contrast ratio
2026-08-03T16:15:22.654Z LH:status Auditing: `<dl>`'s contain only properly-ordered `<dt>` and `<dd>` groups, `<script>`, `<template>` or `<div>` elements.
2026-08-03T16:15:22.655Z LH:status Auditing: Definition list items are wrapped in `<dl>` elements
2026-08-03T16:15:22.656Z LH:status Auditing: Document has a `<title>` element
2026-08-03T16:15:22.657Z LH:status Auditing: ARIA IDs are unique
2026-08-03T16:15:22.658Z LH:status Auditing: All heading elements contain content.
2026-08-03T16:15:22.660Z LH:status Auditing: No form fields have multiple labels
2026-08-03T16:15:22.660Z LH:status Auditing: `<frame>` or `<iframe>` elements have a title
2026-08-03T16:15:22.661Z LH:status Auditing: Heading elements appear in a sequentially-descending order
2026-08-03T16:15:22.662Z LH:status Auditing: `<html>` element has a `[lang]` attribute
2026-08-03T16:15:22.664Z LH:status Auditing: `<html>` element has a valid value for its `[lang]` attribute
2026-08-03T16:15:22.665Z LH:status Auditing: `<html>` element has an `[xml:lang]` attribute with the same base language as the `[lang]` attribute.
2026-08-03T16:15:22.666Z LH:status Auditing: Identical links have the same purpose.
2026-08-03T16:15:22.667Z LH:status Auditing: Image elements have `[alt]` attributes
2026-08-03T16:15:22.668Z LH:status Auditing: Image elements do not have `[alt]` attributes that are redundant text.
2026-08-03T16:15:22.670Z LH:status Auditing: Input buttons have discernible text.
2026-08-03T16:15:22.670Z LH:status Auditing: `<input type="image">` elements have `[alt]` text
2026-08-03T16:15:22.671Z LH:status Auditing: Elements with visible text labels have matching accessible names.
2026-08-03T16:15:22.672Z LH:status Auditing: Form elements have associated labels
2026-08-03T16:15:22.673Z LH:status Auditing: Document has a main landmark.
2026-08-03T16:15:22.674Z LH:status Auditing: Links have a discernible name
2026-08-03T16:15:22.676Z LH:status Auditing: Links are distinguishable without relying on color.
2026-08-03T16:15:22.677Z LH:status Auditing: Lists contain only `<li>` elements and script supporting elements (`<script>` and `<template>`).
2026-08-03T16:15:22.678Z LH:status Auditing: List items (`<li>`) are contained within `<ul>`, `<ol>` or `<menu>` parent elements
2026-08-03T16:15:22.680Z LH:status Auditing: The document does not use `<meta http-equiv="refresh">`
2026-08-03T16:15:22.680Z LH:status Auditing: `[user-scalable="no"]` is not used in the `<meta name="viewport">` element and the `[maximum-scale]` attribute is not less than 5.
2026-08-03T16:15:22.682Z LH:status Auditing: `<object>` elements have alternate text
2026-08-03T16:15:22.683Z LH:status Auditing: Select elements have associated label elements.
2026-08-03T16:15:22.684Z LH:status Auditing: Skip links are focusable.
2026-08-03T16:15:22.685Z LH:status Auditing: No element has a `[tabindex]` value greater than 0
2026-08-03T16:15:22.685Z LH:status Auditing: Tables have different content in the summary attribute and `<caption>`.
2026-08-03T16:15:22.686Z LH:status Auditing: Tables use `<caption>` instead of cells with the `[colspan]` attribute to indicate a caption.
2026-08-03T16:15:22.687Z LH:status Auditing: Touch targets have sufficient size and spacing.
2026-08-03T16:15:22.689Z LH:status Auditing: `<td>` elements in a large `<table>` have one or more table headers.
2026-08-03T16:15:22.690Z LH:status Auditing: Cells in a `<table>` element that use the `[headers]` attribute refer to table cells within the same table.
2026-08-03T16:15:22.691Z LH:status Auditing: `<th>` elements and elements with `[role="columnheader"/"rowheader"]` have data cells they describe.
2026-08-03T16:15:22.692Z LH:status Auditing: `[lang]` attributes have a valid value
2026-08-03T16:15:22.693Z LH:status Auditing: `<video>` elements contain a `<track>` element with `[kind="captions"]`
2026-08-03T16:15:22.694Z LH:status Auditing: Custom controls have associated labels
2026-08-03T16:15:22.694Z LH:status Auditing: Custom controls have ARIA roles
2026-08-03T16:15:22.694Z LH:status Auditing: User focus is not accidentally trapped in a region
2026-08-03T16:15:22.694Z LH:status Auditing: Interactive controls are keyboard focusable
2026-08-03T16:15:22.695Z LH:status Auditing: Interactive elements indicate their purpose and state
2026-08-03T16:15:22.695Z LH:status Auditing: The page has a logical tab order
2026-08-03T16:15:22.695Z LH:status Auditing: The user's focus is directed to new content added to the page
2026-08-03T16:15:22.695Z LH:status Auditing: Offscreen content is hidden from assistive technology
2026-08-03T16:15:22.695Z LH:status Auditing: HTML5 landmark elements are used to improve navigation
2026-08-03T16:15:22.695Z LH:status Auditing: Visual order on the page follows DOM order
2026-08-03T16:15:22.695Z LH:status Auditing: `autocomplete` attributes are used correctly
2026-08-03T16:15:22.696Z LH:status Auditing: Elements with `role="none"` or `role="presentation"` do not have conflicts
2026-08-03T16:15:22.697Z LH:status Auditing: SVG elements with an `img` role have an accessible text alternative
2026-08-03T16:15:22.698Z LH:status Auditing: Avoids enormous network payloads
2026-08-03T16:15:22.699Z LH:status Auditing: Minify CSS
2026-08-03T16:15:22.718Z LH:status Auditing: Minify JavaScript
2026-08-03T16:15:22.745Z LH:status Auditing: Reduce unused CSS
2026-08-03T16:15:22.746Z LH:status Auditing: Reduce unused JavaScript
2026-08-03T16:15:22.749Z LH:status Auditing: Page has the HTML doctype
2026-08-03T16:15:22.750Z LH:status Auditing: Properly defines charset
2026-08-03T16:15:22.750Z LH:status Auditing: Avoids requesting the geolocation permission on page load
2026-08-03T16:15:22.751Z LH:status Auditing: No issues in the `Issues` panel in Chrome Devtools
2026-08-03T16:15:22.751Z LH:status Auditing: Detected JavaScript libraries
2026-08-03T16:15:22.751Z LH:status Auditing: Avoids requesting the notification permission on page load
2026-08-03T16:15:22.752Z LH:status Auditing: Allows users to paste into input fields
2026-08-03T16:15:22.756Z LH:status Auditing: Baseline Features
2026-08-03T16:15:22.758Z LH:status Auditing: Document has a meta description
2026-08-03T16:15:22.758Z LH:status Auditing: Page has successful HTTP status code
2026-08-03T16:15:22.759Z LH:status Auditing: Links have descriptive text
2026-08-03T16:15:22.759Z LH:status Auditing: Links are crawlable
2026-08-03T16:15:22.760Z LH:status Auditing: Page isn’t blocked from indexing
2026-08-03T16:15:22.761Z LH:status Auditing: robots.txt is valid
2026-08-03T16:15:22.762Z LH:status Auditing: Document has a valid `hreflang`
2026-08-03T16:15:22.762Z LH:status Auditing: Document has a valid `rel=canonical`
2026-08-03T16:15:22.763Z LH:status Auditing: Structured data is valid
2026-08-03T16:15:22.763Z LH:status Auditing: Page didn't prevent back/forward cache restoration
2026-08-03T16:15:22.764Z LH:status Auditing: Use efficient cache lifetimes
2026-08-03T16:15:22.764Z LH:status Auditing: Layout shift culprits
2026-08-03T16:15:22.765Z LH:status Auditing: Document request latency
2026-08-03T16:15:22.766Z LH:status Auditing: Optimize DOM size
2026-08-03T16:15:22.766Z LH:status Auditing: Duplicated JavaScript
2026-08-03T16:15:22.767Z LH:status Auditing: Font display
2026-08-03T16:15:22.767Z LH:status Auditing: Forced reflow
2026-08-03T16:15:22.768Z LH:status Auditing: Improve image delivery
2026-08-03T16:15:22.768Z LH:status Auditing: INP breakdown
2026-08-03T16:15:22.769Z LH:status Auditing: LCP breakdown
2026-08-03T16:15:22.769Z LH:status Auditing: LCP request discovery
2026-08-03T16:15:22.770Z LH:status Auditing: Legacy JavaScript
2026-08-03T16:15:22.771Z LH:status Auditing: Modern HTTP
2026-08-03T16:15:22.771Z LH:status Auditing: Network dependency tree
2026-08-03T16:15:22.772Z LH:status Auditing: Render-blocking requests
2026-08-03T16:15:22.773Z LH:status Auditing: 3rd parties
2026-08-03T16:15:22.778Z LH:status Auditing: Optimize viewport for mobile
2026-08-03T16:15:22.779Z LH:status Generating results...
2026-08-03T16:15:22.795Z LH:Printer json output written to /home/mihai/ROVEXO/docs/releases/rc3/evidence/lighthouse/listing-mobile.report.json
2026-08-03T16:15:22.796Z LH:Printer html output written to /home/mihai/ROVEXO/docs/releases/rc3/evidence/lighthouse/listing-mobile.report.html
2026-08-03T16:15:22.796Z LH:CLI Protip: Run lighthouse with `--view` to immediately open the HTML report in your browser
