npm warn Unknown env config "devdir". This will stop working in the next major version of npm. See `npm help npmrc` for supported config options.
2026-08-03T16:13:15.535Z LH:ChromeLauncher Waiting for browser.
2026-08-03T16:13:15.536Z LH:ChromeLauncher Waiting for browser...
2026-08-03T16:13:16.041Z LH:ChromeLauncher Waiting for browser.....
2026-08-03T16:13:16.562Z LH:ChromeLauncher Waiting for browser.......
2026-08-03T16:13:17.079Z LH:ChromeLauncher Waiting for browser.........
2026-08-03T16:13:17.601Z LH:ChromeLauncher Waiting for browser...........
2026-08-03T16:13:18.115Z LH:ChromeLauncher Waiting for browser.............
2026-08-03T16:13:18.637Z LH:ChromeLauncher Waiting for browser...............
2026-08-03T16:13:19.143Z LH:ChromeLauncher Waiting for browser.................
2026-08-03T16:13:19.653Z LH:ChromeLauncher Waiting for browser...................
2026-08-03T16:13:20.157Z LH:ChromeLauncher Waiting for browser.....................
2026-08-03T16:13:20.659Z LH:ChromeLauncher Waiting for browser.......................
2026-08-03T16:13:21.169Z LH:ChromeLauncher Waiting for browser.........................
2026-08-03T16:13:21.690Z LH:ChromeLauncher Waiting for browser...........................
2026-08-03T16:13:22.210Z LH:ChromeLauncher Waiting for browser.............................
2026-08-03T16:13:22.725Z LH:ChromeLauncher Waiting for browser...............................
2026-08-03T16:13:23.235Z LH:ChromeLauncher Waiting for browser.................................
2026-08-03T16:13:23.739Z LH:ChromeLauncher Waiting for browser...................................
2026-08-03T16:13:24.246Z LH:ChromeLauncher Waiting for browser.....................................
2026-08-03T16:13:24.766Z LH:ChromeLauncher Waiting for browser.......................................
2026-08-03T16:13:24.010Z LH:ChromeLauncher Waiting for browser.........................................
2026-08-03T16:13:24.530Z LH:ChromeLauncher Waiting for browser...........................................
2026-08-03T16:13:25.050Z LH:ChromeLauncher Waiting for browser.............................................
2026-08-03T16:13:25.554Z LH:ChromeLauncher Waiting for browser...............................................
2026-08-03T16:13:26.056Z LH:ChromeLauncher Waiting for browser.................................................
2026-08-03T16:13:26.565Z LH:ChromeLauncher Waiting for browser...................................................
2026-08-03T16:13:27.075Z LH:ChromeLauncher Waiting for browser.....................................................
2026-08-03T16:13:27.584Z LH:ChromeLauncher Waiting for browser.......................................................
2026-08-03T16:13:28.088Z LH:ChromeLauncher Waiting for browser.........................................................
2026-08-03T16:13:28.597Z LH:ChromeLauncher Waiting for browser...........................................................
2026-08-03T16:13:29.100Z LH:ChromeLauncher Waiting for browser.............................................................
2026-08-03T16:13:29.606Z LH:ChromeLauncher Waiting for browser...............................................................
2026-08-03T16:13:30.124Z LH:ChromeLauncher Waiting for browser.................................................................
2026-08-03T16:13:30.630Z LH:ChromeLauncher Waiting for browser...................................................................
2026-08-03T16:13:31.133Z LH:ChromeLauncher Waiting for browser.....................................................................
2026-08-03T16:13:31.638Z LH:ChromeLauncher Waiting for browser.......................................................................
2026-08-03T16:13:32.153Z LH:ChromeLauncher Waiting for browser.........................................................................
2026-08-03T16:13:32.664Z LH:ChromeLauncher Waiting for browser...........................................................................
2026-08-03T16:13:33.167Z LH:ChromeLauncher Waiting for browser.............................................................................
2026-08-03T16:13:33.670Z LH:ChromeLauncher Waiting for browser...............................................................................
2026-08-03T16:13:34.171Z LH:ChromeLauncher Waiting for browser.................................................................................
2026-08-03T16:13:34.684Z LH:ChromeLauncher Waiting for browser...................................................................................
2026-08-03T16:13:35.198Z LH:ChromeLauncher Waiting for browser.....................................................................................
2026-08-03T16:13:35.700Z LH:ChromeLauncher Waiting for browser.......................................................................................
2026-08-03T16:13:36.219Z LH:ChromeLauncher Waiting for browser.........................................................................................
2026-08-03T16:13:36.737Z LH:ChromeLauncher Waiting for browser...........................................................................................
2026-08-03T16:13:37.249Z LH:ChromeLauncher Waiting for browser.............................................................................................
2026-08-03T16:13:37.770Z LH:ChromeLauncher Waiting for browser...............................................................................................
2026-08-03T16:13:38.291Z LH:ChromeLauncher Waiting for browser.................................................................................................
2026-08-03T16:13:38.792Z LH:ChromeLauncher Waiting for browser...................................................................................................
2026-08-03T16:13:39.294Z LH:ChromeLauncher Waiting for browser.....................................................................................................
2026-08-03T16:13:39.797Z LH:ChromeLauncher Waiting for browser.......................................................................................................
2026-08-03T16:13:39.797Z LH:ChromeLauncher:error connect ECONNREFUSED 127.0.0.1:34141
2026-08-03T16:13:39.798Z LH:ChromeLauncher:error Logging contents of /mnt/c/Users/gaming/AppData/Local/lighthouse.82919486/chrome-err.log
2026-08-03T16:13:39.798Z LH:ChromeLauncher:error 
DevTools listening on ws://127.0.0.1:34141/devtools/browser/17c35975-72d7-4c41-9694-d079435b8553
[41408:41520:0803/171320.922:ERROR:google_apis\gcm\engine\registration_request.cc:291] Registration response error message: PHONE_REGISTRATION_ERROR
[41408:41520:0803/171320.928:ERROR:google_apis\gcm\engine\registration_request.cc:291] Registration response error message: PHONE_REGISTRATION_ERROR
[41408:41520:0803/171321.131:ERROR:google_apis\gcm\engine\registration_request.cc:291] Registration response error message: PHONE_REGISTRATION_ERROR

Unable to connect to Chrome
