npm warn Unknown env config "devdir". This will stop working in the next major version of npm. See `npm help npmrc` for supported config options.
2026-08-03T16:12:08.033Z LH:ChromeLauncher Waiting for browser.
2026-08-03T16:12:08.033Z LH:ChromeLauncher Waiting for browser...
2026-08-03T16:12:08.535Z LH:ChromeLauncher Waiting for browser.....
2026-08-03T16:12:09.041Z LH:ChromeLauncher Waiting for browser.......
2026-08-03T16:12:09.546Z LH:ChromeLauncher Waiting for browser.........
2026-08-03T16:12:10.067Z LH:ChromeLauncher Waiting for browser...........
2026-08-03T16:12:10.584Z LH:ChromeLauncher Waiting for browser.............
2026-08-03T16:12:11.104Z LH:ChromeLauncher Waiting for browser...............
2026-08-03T16:12:11.622Z LH:ChromeLauncher Waiting for browser.................
2026-08-03T16:12:12.132Z LH:ChromeLauncher Waiting for browser...................
2026-08-03T16:12:12.652Z LH:ChromeLauncher Waiting for browser.....................
2026-08-03T16:12:13.170Z LH:ChromeLauncher Waiting for browser.......................
2026-08-03T16:12:13.688Z LH:ChromeLauncher Waiting for browser.........................
2026-08-03T16:12:14.207Z LH:ChromeLauncher Waiting for browser...........................
2026-08-03T16:12:14.709Z LH:ChromeLauncher Waiting for browser.............................
2026-08-03T16:12:15.220Z LH:ChromeLauncher Waiting for browser...............................
2026-08-03T16:12:15.726Z LH:ChromeLauncher Waiting for browser.................................
2026-08-03T16:12:16.229Z LH:ChromeLauncher Waiting for browser...................................
2026-08-03T16:12:16.738Z LH:ChromeLauncher Waiting for browser.....................................
2026-08-03T16:12:17.254Z LH:ChromeLauncher Waiting for browser.......................................
2026-08-03T16:12:17.773Z LH:ChromeLauncher Waiting for browser.........................................
2026-08-03T16:12:18.276Z LH:ChromeLauncher Waiting for browser...........................................
2026-08-03T16:12:18.782Z LH:ChromeLauncher Waiting for browser.............................................
2026-08-03T16:12:19.285Z LH:ChromeLauncher Waiting for browser...............................................
2026-08-03T16:12:19.792Z LH:ChromeLauncher Waiting for browser.................................................
2026-08-03T16:12:20.312Z LH:ChromeLauncher Waiting for browser...................................................
2026-08-03T16:12:20.833Z LH:ChromeLauncher Waiting for browser.....................................................
2026-08-03T16:12:21.337Z LH:ChromeLauncher Waiting for browser.......................................................
2026-08-03T16:12:21.858Z LH:ChromeLauncher Waiting for browser.........................................................
2026-08-03T16:12:22.376Z LH:ChromeLauncher Waiting for browser...........................................................
2026-08-03T16:12:22.887Z LH:ChromeLauncher Waiting for browser.............................................................
2026-08-03T16:12:22.155Z LH:ChromeLauncher Waiting for browser...............................................................
2026-08-03T16:12:22.675Z LH:ChromeLauncher Waiting for browser.................................................................
2026-08-03T16:12:23.183Z LH:ChromeLauncher Waiting for browser...................................................................
2026-08-03T16:12:23.703Z LH:ChromeLauncher Waiting for browser.....................................................................
2026-08-03T16:12:24.221Z LH:ChromeLauncher Waiting for browser.......................................................................
2026-08-03T16:12:24.735Z LH:ChromeLauncher Waiting for browser.........................................................................
2026-08-03T16:12:25.252Z LH:ChromeLauncher Waiting for browser...........................................................................
2026-08-03T16:12:25.769Z LH:ChromeLauncher Waiting for browser.............................................................................
2026-08-03T16:12:26.289Z LH:ChromeLauncher Waiting for browser...............................................................................
2026-08-03T16:12:26.810Z LH:ChromeLauncher Waiting for browser.................................................................................
2026-08-03T16:12:27.330Z LH:ChromeLauncher Waiting for browser...................................................................................
2026-08-03T16:12:27.850Z LH:ChromeLauncher Waiting for browser.....................................................................................
2026-08-03T16:12:28.352Z LH:ChromeLauncher Waiting for browser.......................................................................................
2026-08-03T16:12:28.872Z LH:ChromeLauncher Waiting for browser.........................................................................................
2026-08-03T16:12:29.377Z LH:ChromeLauncher Waiting for browser...........................................................................................
2026-08-03T16:12:29.897Z LH:ChromeLauncher Waiting for browser.............................................................................................
2026-08-03T16:12:30.415Z LH:ChromeLauncher Waiting for browser...............................................................................................
2026-08-03T16:12:30.918Z LH:ChromeLauncher Waiting for browser.................................................................................................
2026-08-03T16:12:31.430Z LH:ChromeLauncher Waiting for browser...................................................................................................
2026-08-03T16:12:31.950Z LH:ChromeLauncher Waiting for browser.....................................................................................................
2026-08-03T16:12:32.463Z LH:ChromeLauncher Waiting for browser.......................................................................................................
2026-08-03T16:12:32.464Z LH:ChromeLauncher:error connect ECONNREFUSED 127.0.0.1:46521
2026-08-03T16:12:32.465Z LH:ChromeLauncher:error Logging contents of /mnt/c/Users/gaming/AppData/Local/lighthouse.91598721/chrome-err.log
2026-08-03T16:12:32.465Z LH:ChromeLauncher:error 
DevTools listening on ws://127.0.0.1:46521/devtools/browser/61f0dc7a-9d13-4728-8687-129e7fdd452e
[40704:9376:0803/171213.600:ERROR:google_apis\gcm\engine\mcs_client.cc:702]   Error code: 401  Error message: Authentication Failed: wrong_secret
[40704:9376:0803/171213.600:ERROR:google_apis\gcm\engine\mcs_client.cc:704] Failed to log in to GCM, resetting connection.
[40704:9376:0803/171213.602:ERROR:google_apis\gcm\engine\registration_request.cc:291] Registration response error message: PHONE_REGISTRATION_ERROR
[40704:9376:0803/171213.604:ERROR:google_apis\gcm\engine\registration_request.cc:291] Registration response error message: PHONE_REGISTRATION_ERROR
[40704:9376:0803/171213.604:ERROR:google_apis\gcm\engine\registration_request.cc:291] Registration response error message: PHONE_REGISTRATION_ERROR

Unable to connect to Chrome
