npm warn Unknown env config "devdir". This will stop working in the next major version of npm. See `npm help npmrc` for supported config options.
2026-08-03T16:15:53.632Z LH:ChromeLauncher Found existing Chrome already running using port 9222, using that.
2026-08-03T16:15:53.931Z LH:status Connecting to browser
2026-08-03T16:15:53.937Z LH:status Navigating to about:blank
2026-08-03T16:15:53.940Z LH:status Benchmarking machine
2026-08-03T16:15:54.946Z LH:status Host device pixel ratio
2026-08-03T16:15:54.947Z LH:status Preparing target for navigation mode
2026-08-03T16:15:54.960Z LH:status Preparing network conditions
2026-08-03T16:15:54.976Z LH:status Navigating to http://127.0.0.1:3000/search
2026-08-03T16:15:58.332Z LH:status Getting artifact: DevtoolsLog
2026-08-03T16:15:58.332Z LH:status Getting artifact: Trace
2026-08-03T16:15:58.332Z LH:status Getting artifact: Accessibility
2026-08-03T16:15:58.477Z LH:status Getting artifact: AnchorElements
2026-08-03T16:15:58.493Z LH:status Getting artifact: ConsoleMessages
2026-08-03T16:15:58.493Z LH:status Getting artifact: CSSUsage
2026-08-03T16:15:58.690Z LH:status Getting artifact: Doctype
2026-08-03T16:15:58.691Z LH:status Getting artifact: Inputs
2026-08-03T16:15:58.694Z LH:status Getting artifact: ImageElements
2026-08-03T16:15:58.720Z LH:status Getting artifact: InspectorIssues
2026-08-03T16:15:58.720Z LH:status Getting artifact: JsUsage
2026-08-03T16:15:58.720Z LH:status Getting artifact: LinkElements
2026-08-03T16:15:58.724Z LH:status Getting artifact: MainDocumentContent
2026-08-03T16:15:58.728Z LH:status Getting artifact: MetaElements
2026-08-03T16:15:58.731Z LH:status Getting artifact: NetworkUserAgent
2026-08-03T16:15:58.731Z LH:status Getting artifact: RobotsTxt
2026-08-03T16:15:58.739Z LH:status Getting artifact: Scripts
2026-08-03T16:15:58.739Z LH:status Getting artifact: SourceMaps
2026-08-03T16:15:58.739Z LH:status Getting artifact: Stacks
2026-08-03T16:15:58.739Z LH:status Collect stacks
2026-08-03T16:15:58.746Z LH:status Getting artifact: Stylesheets
2026-08-03T16:15:58.817Z LH:status Getting artifact: TraceElements
2026-08-03T16:15:58.830Z LH:status Trace Engine total
2026-08-03T16:15:58.830Z LH:status Trace Engine parse
2026-08-03T16:15:58.831Z LH:status Trace Engine parse:handleEvent
2026-08-03T16:15:58.880Z LH:status Trace Engine parse:Meta:finalize
2026-08-03T16:15:58.884Z LH:status Trace Engine parse:AnimationFrames:finalize
2026-08-03T16:15:58.885Z LH:status Trace Engine parse:Animations:finalize
2026-08-03T16:15:58.888Z LH:status Trace Engine parse:Samples:finalize
2026-08-03T16:15:58.888Z LH:status Trace Engine parse:AuctionWorklets:finalize
2026-08-03T16:15:58.889Z LH:status Trace Engine parse:NetworkRequests:finalize
2026-08-03T16:15:58.892Z LH:status Trace Engine parse:Renderer:finalize
2026-08-03T16:15:58.902Z LH:status Trace Engine parse:Flows:finalize
2026-08-03T16:15:58.906Z LH:status Trace Engine parse:AsyncJSCalls:finalize
2026-08-03T16:15:58.907Z LH:status Trace Engine parse:DOMStats:finalize
2026-08-03T16:15:58.908Z LH:status Trace Engine parse:UserTimings:finalize
2026-08-03T16:15:58.910Z LH:status Trace Engine parse:ExtensionTraceData:finalize
2026-08-03T16:15:58.911Z LH:status Trace Engine parse:LayerTree:finalize
2026-08-03T16:15:58.913Z LH:status Trace Engine parse:Frames:finalize
2026-08-03T16:15:58.917Z LH:status Trace Engine parse:GPU:finalize
2026-08-03T16:15:58.918Z LH:status Trace Engine parse:ImagePainting:finalize
2026-08-03T16:15:58.920Z LH:status Trace Engine parse:Initiators:finalize
2026-08-03T16:15:58.921Z LH:status Trace Engine parse:Invalidations:finalize
2026-08-03T16:15:58.923Z LH:status Trace Engine parse:PageLoadMetrics:finalize
2026-08-03T16:15:58.925Z LH:status Trace Engine parse:LargestImagePaint:finalize
2026-08-03T16:15:58.926Z LH:status Trace Engine parse:LargestTextPaint:finalize
2026-08-03T16:15:58.927Z LH:status Trace Engine parse:Screenshots:finalize
2026-08-03T16:15:58.929Z LH:status Trace Engine parse:LayoutShifts:finalize
2026-08-03T16:15:58.931Z LH:status Trace Engine parse:Memory:finalize
2026-08-03T16:15:58.932Z LH:status Trace Engine parse:PageFrames:finalize
2026-08-03T16:15:58.933Z LH:status Trace Engine parse:Scripts:finalize
2026-08-03T16:15:58.935Z LH:status Trace Engine parse:SelectorStats:finalize
2026-08-03T16:15:58.936Z LH:status Trace Engine parse:UserInteractions:finalize
2026-08-03T16:15:58.938Z LH:status Trace Engine parse:Workers:finalize
2026-08-03T16:15:58.939Z LH:status Trace Engine parse:Warnings:finalize
2026-08-03T16:15:58.940Z LH:status Trace Engine parse:handler.data()
2026-08-03T16:15:58.941Z LH:status Trace Engine insights
2026-08-03T16:15:58.941Z LH:status Trace Engine insights:CLSCulprits
2026-08-03T16:15:58.942Z LH:status Trace Engine insights:Cache
2026-08-03T16:15:58.942Z LH:status Trace Engine insights:CharacterSet
2026-08-03T16:15:58.942Z LH:status Trace Engine insights:DOMSize
2026-08-03T16:15:58.942Z LH:status Trace Engine insights:DocumentLatency
2026-08-03T16:15:58.943Z LH:status Trace Engine insights:DuplicatedJavaScript
2026-08-03T16:15:58.943Z LH:status Trace Engine insights:FontDisplay
2026-08-03T16:15:58.943Z LH:status Trace Engine insights:ForcedReflow
2026-08-03T16:15:58.943Z LH:status Trace Engine insights:INPBreakdown
2026-08-03T16:15:58.944Z LH:status Trace Engine insights:ImageDelivery
2026-08-03T16:15:58.944Z LH:status Trace Engine insights:LCPBreakdown
2026-08-03T16:15:58.944Z LH:status Trace Engine insights:LCPDiscovery
2026-08-03T16:15:58.944Z LH:status Trace Engine insights:LegacyJavaScript
2026-08-03T16:15:58.944Z LH:status Trace Engine insights:ModernHTTP
2026-08-03T16:15:58.945Z LH:status Trace Engine insights:NetworkDependencyTree
2026-08-03T16:15:58.945Z LH:status Trace Engine insights:RenderBlocking
2026-08-03T16:15:58.945Z LH:status Trace Engine insights:SlowCSSSelector
2026-08-03T16:15:58.945Z LH:status Trace Engine insights:ThirdParties
2026-08-03T16:15:58.947Z LH:status Trace Engine insights:Viewport
2026-08-03T16:15:58.947Z LH:status Trace Engine insights:createLanternContext
2026-08-03T16:15:58.965Z LH:status Trace Engine insights:CLSCulprits
2026-08-03T16:15:58.966Z LH:status Trace Engine insights:Cache
2026-08-03T16:15:58.967Z LH:status Trace Engine insights:CharacterSet
2026-08-03T16:15:58.967Z LH:status Trace Engine insights:DOMSize
2026-08-03T16:15:58.967Z LH:status Trace Engine insights:DocumentLatency
2026-08-03T16:15:58.967Z LH:status Trace Engine insights:DuplicatedJavaScript
2026-08-03T16:15:58.968Z LH:status Trace Engine insights:FontDisplay
2026-08-03T16:15:58.968Z LH:status Trace Engine insights:ForcedReflow
2026-08-03T16:15:58.968Z LH:status Trace Engine insights:INPBreakdown
2026-08-03T16:15:58.968Z LH:status Trace Engine insights:ImageDelivery
2026-08-03T16:15:58.968Z LH:status Trace Engine insights:LCPBreakdown
2026-08-03T16:15:58.968Z LH:status Trace Engine insights:LCPDiscovery
2026-08-03T16:15:58.968Z LH:status Trace Engine insights:LegacyJavaScript
2026-08-03T16:15:59.003Z LH:status Trace Engine insights:ModernHTTP
2026-08-03T16:15:59.005Z LH:status Trace Engine insights:NetworkDependencyTree
2026-08-03T16:15:59.006Z LH:status Trace Engine insights:RenderBlocking
2026-08-03T16:15:59.006Z LH:status Trace Engine insights:SlowCSSSelector
2026-08-03T16:15:59.006Z LH:status Trace Engine insights:ThirdParties
2026-08-03T16:15:59.011Z LH:status Trace Engine insights:Viewport
2026-08-03T16:15:59.035Z LH:method <= browser ERR:error DOM.resolveNode 
2026-08-03T16:15:59.036Z LH:method <= browser ERR:error DOM.resolveNode 
2026-08-03T16:15:59.037Z LH:method <= browser ERR:error DOM.resolveNode 
2026-08-03T16:15:59.037Z LH:method <= browser ERR:error DOM.resolveNode 
2026-08-03T16:15:59.038Z LH:method <= browser ERR:error DOM.resolveNode 
2026-08-03T16:15:59.038Z LH:method <= browser ERR:error DOM.resolveNode 
2026-08-03T16:15:59.039Z LH:method <= browser ERR:error DOM.resolveNode 
2026-08-03T16:15:59.040Z LH:method <= browser ERR:error DOM.resolveNode 
2026-08-03T16:15:59.040Z LH:method <= browser ERR:error DOM.resolveNode 
2026-08-03T16:15:59.041Z LH:method <= browser ERR:error DOM.resolveNode 
2026-08-03T16:15:59.042Z LH:method <= browser ERR:error DOM.resolveNode 
2026-08-03T16:15:59.043Z LH:method <= browser ERR:error DOM.resolveNode 
2026-08-03T16:15:59.043Z LH:method <= browser ERR:error DOM.resolveNode 
2026-08-03T16:15:59.044Z LH:method <= browser ERR:error DOM.resolveNode 
2026-08-03T16:15:59.045Z LH:method <= browser ERR:error DOM.resolveNode 
2026-08-03T16:15:59.045Z LH:method <= browser ERR:error DOM.resolveNode 
2026-08-03T16:15:59.046Z LH:method <= browser ERR:error DOM.resolveNode 
2026-08-03T16:15:59.047Z LH:method <= browser ERR:error DOM.resolveNode 
2026-08-03T16:15:59.047Z LH:method <= browser ERR:error DOM.resolveNode 
2026-08-03T16:15:59.048Z LH:method <= browser ERR:error DOM.resolveNode 
2026-08-03T16:15:59.048Z LH:method <= browser ERR:error DOM.resolveNode 
2026-08-03T16:15:59.049Z LH:method <= browser ERR:error DOM.resolveNode 
2026-08-03T16:15:59.050Z LH:method <= browser ERR:error DOM.resolveNode 
2026-08-03T16:15:59.051Z LH:method <= browser ERR:error DOM.resolveNode 
2026-08-03T16:15:59.051Z LH:method <= browser ERR:error DOM.resolveNode 
2026-08-03T16:15:59.052Z LH:method <= browser ERR:error DOM.resolveNode 
2026-08-03T16:15:59.052Z LH:method <= browser ERR:error DOM.resolveNode 
2026-08-03T16:15:59.053Z LH:method <= browser ERR:error DOM.resolveNode 
2026-08-03T16:15:59.053Z LH:method <= browser ERR:error DOM.resolveNode 
2026-08-03T16:15:59.054Z LH:method <= browser ERR:error DOM.resolveNode 
2026-08-03T16:15:59.055Z LH:method <= browser ERR:error DOM.resolveNode 
2026-08-03T16:15:59.055Z LH:method <= browser ERR:error DOM.resolveNode 
2026-08-03T16:15:59.056Z LH:method <= browser ERR:error DOM.resolveNode 
2026-08-03T16:15:59.057Z LH:method <= browser ERR:error DOM.resolveNode 
2026-08-03T16:15:59.058Z LH:method <= browser ERR:error DOM.resolveNode 
2026-08-03T16:15:59.059Z LH:method <= browser ERR:error DOM.resolveNode 
2026-08-03T16:15:59.059Z LH:method <= browser ERR:error DOM.resolveNode 
2026-08-03T16:15:59.060Z LH:method <= browser ERR:error DOM.resolveNode 
2026-08-03T16:15:59.061Z LH:method <= browser ERR:error DOM.resolveNode 
2026-08-03T16:15:59.061Z LH:method <= browser ERR:error DOM.resolveNode 
2026-08-03T16:15:59.062Z LH:method <= browser ERR:error DOM.resolveNode 
2026-08-03T16:15:59.062Z LH:method <= browser ERR:error DOM.resolveNode 
2026-08-03T16:15:59.063Z LH:method <= browser ERR:error DOM.resolveNode 
2026-08-03T16:15:59.064Z LH:method <= browser ERR:error DOM.resolveNode 
2026-08-03T16:15:59.065Z LH:method <= browser ERR:error DOM.resolveNode 
2026-08-03T16:15:59.066Z LH:method <= browser ERR:error DOM.resolveNode 
2026-08-03T16:15:59.066Z LH:method <= browser ERR:error DOM.resolveNode 
2026-08-03T16:15:59.067Z LH:method <= browser ERR:error DOM.resolveNode 
2026-08-03T16:15:59.067Z LH:method <= browser ERR:error DOM.resolveNode 
2026-08-03T16:15:59.068Z LH:method <= browser ERR:error DOM.resolveNode 
2026-08-03T16:15:59.069Z LH:method <= browser ERR:error DOM.resolveNode 
2026-08-03T16:15:59.069Z LH:method <= browser ERR:error DOM.resolveNode 
2026-08-03T16:15:59.070Z LH:method <= browser ERR:error DOM.resolveNode 
2026-08-03T16:15:59.070Z LH:method <= browser ERR:error DOM.resolveNode 
2026-08-03T16:15:59.071Z LH:method <= browser ERR:error DOM.resolveNode 
2026-08-03T16:15:59.072Z LH:method <= browser ERR:error DOM.resolveNode 
2026-08-03T16:15:59.072Z LH:method <= browser ERR:error DOM.resolveNode 
2026-08-03T16:15:59.073Z LH:method <= browser ERR:error DOM.resolveNode 
2026-08-03T16:15:59.074Z LH:method <= browser ERR:error DOM.resolveNode 
2026-08-03T16:15:59.074Z LH:method <= browser ERR:error DOM.resolveNode 
2026-08-03T16:15:59.075Z LH:method <= browser ERR:error DOM.resolveNode 
2026-08-03T16:15:59.076Z LH:method <= browser ERR:error DOM.resolveNode 
2026-08-03T16:15:59.076Z LH:method <= browser ERR:error DOM.resolveNode 
2026-08-03T16:15:59.077Z LH:method <= browser ERR:error DOM.resolveNode 
2026-08-03T16:15:59.086Z LH:method <= browser ERR:error DOM.resolveNode 
2026-08-03T16:15:59.087Z LH:method <= browser ERR:error DOM.resolveNode 
2026-08-03T16:15:59.087Z LH:method <= browser ERR:error DOM.resolveNode 
2026-08-03T16:15:59.088Z LH:method <= browser ERR:error DOM.resolveNode 
2026-08-03T16:15:59.089Z LH:method <= browser ERR:error DOM.resolveNode 
2026-08-03T16:15:59.089Z LH:method <= browser ERR:error DOM.resolveNode 
2026-08-03T16:15:59.090Z LH:method <= browser ERR:error DOM.resolveNode 
2026-08-03T16:15:59.091Z LH:method <= browser ERR:error DOM.resolveNode 
2026-08-03T16:15:59.091Z LH:method <= browser ERR:error DOM.resolveNode 
2026-08-03T16:15:59.092Z LH:method <= browser ERR:error DOM.resolveNode 
2026-08-03T16:15:59.092Z LH:method <= browser ERR:error DOM.resolveNode 
2026-08-03T16:15:59.093Z LH:method <= browser ERR:error DOM.resolveNode 
2026-08-03T16:15:59.094Z LH:method <= browser ERR:error DOM.resolveNode 
2026-08-03T16:15:59.094Z LH:method <= browser ERR:error DOM.resolveNode 
2026-08-03T16:15:59.095Z LH:method <= browser ERR:error DOM.resolveNode 
2026-08-03T16:15:59.096Z LH:method <= browser ERR:error DOM.resolveNode 
2026-08-03T16:15:59.096Z LH:method <= browser ERR:error DOM.resolveNode 
2026-08-03T16:15:59.097Z LH:method <= browser ERR:error DOM.resolveNode 
2026-08-03T16:15:59.097Z LH:method <= browser ERR:error DOM.resolveNode 
2026-08-03T16:15:59.098Z LH:method <= browser ERR:error DOM.resolveNode 
2026-08-03T16:15:59.099Z LH:method <= browser ERR:error DOM.resolveNode 
2026-08-03T16:15:59.099Z LH:status Getting artifact: ViewportDimensions
2026-08-03T16:15:59.100Z LH:status Getting artifact: FullPageScreenshot
2026-08-03T16:15:58.937Z LH:status Getting artifact: BFCacheFailures
2026-08-03T16:15:59.186Z LH:status Analyzing and running audits...
2026-08-03T16:15:59.187Z LH:status Auditing: Uses HTTPS
2026-08-03T16:15:59.188Z LH:status Auditing: Redirects HTTP traffic to HTTPS
2026-08-03T16:15:59.189Z LH:status Auditing: First Contentful Paint
2026-08-03T16:15:59.196Z LH:status Auditing: Largest Contentful Paint
2026-08-03T16:15:59.199Z LH:status Auditing: Speed Index
2026-08-03T16:15:59.242Z LH:status Auditing: Screenshot Thumbnails
2026-08-03T16:15:59.242Z LH:status Auditing: Final Screenshot
2026-08-03T16:15:59.243Z LH:status Auditing: Total Blocking Time
2026-08-03T16:15:59.246Z LH:status Auditing: Max Potential First Input Delay
2026-08-03T16:15:59.248Z LH:status Auditing: Cumulative Layout Shift
2026-08-03T16:15:59.248Z LH:status Auditing: No browser errors logged to the console
2026-08-03T16:15:59.250Z LH:status Auditing: Initial server response time was short
2026-08-03T16:15:59.250Z LH:status Auditing: Time to Interactive
2026-08-03T16:15:59.251Z LH:status Auditing: User Timing marks and measures
2026-08-03T16:15:59.252Z LH:status Auditing: Avoid multiple page redirects
2026-08-03T16:15:59.253Z LH:status Auditing: Displays images with correct aspect ratio
2026-08-03T16:15:59.254Z LH:status Auditing: Serves images with appropriate resolution
2026-08-03T16:15:59.255Z LH:status Auditing: Avoids deprecated APIs
2026-08-03T16:15:59.255Z LH:status Auditing: Avoids third-party cookies
2026-08-03T16:15:59.256Z LH:status Auditing: Minimizes main-thread work
2026-08-03T16:15:59.274Z LH:status Auditing: JavaScript execution time
2026-08-03T16:15:59.280Z LH:status Auditing: Diagnostics
2026-08-03T16:15:59.281Z LH:status Auditing: Network Requests
2026-08-03T16:15:59.282Z LH:status Auditing: Network Round Trip Times
2026-08-03T16:15:59.283Z LH:status Auditing: Server Backend Latencies
2026-08-03T16:15:59.284Z LH:status Auditing: Tasks
2026-08-03T16:15:59.284Z LH:status Auditing: Metrics
2026-08-03T16:15:59.286Z LH:status Auditing: Resources Summary
2026-08-03T16:15:59.287Z LH:status Auditing: Avoid large layout shifts
2026-08-03T16:15:59.288Z LH:status Auditing: Avoid long main-thread tasks
2026-08-03T16:15:59.289Z LH:status Auditing: Avoid non-composited animations
2026-08-03T16:15:59.291Z LH:status Auditing: Image elements have explicit `width` and `height`
2026-08-03T16:15:59.292Z LH:status Auditing: Page has valid source maps
2026-08-03T16:15:59.293Z LH:status Auditing: Ensure CSP is effective against XSS attacks
2026-08-03T16:15:59.296Z LH:status Auditing: Use a strong HSTS policy
2026-08-03T16:15:59.296Z LH:status Auditing: Ensure proper origin isolation with COOP
2026-08-03T16:15:59.297Z LH:status Auditing: Mitigate clickjacking with XFO or CSP
2026-08-03T16:15:59.298Z LH:status Auditing: Mitigate DOM-based XSS with Trusted Types
2026-08-03T16:15:59.298Z LH:status Auditing: Script Treemap Data
2026-08-03T16:15:59.309Z LH:status Auditing: `[accesskey]` values are unique
2026-08-03T16:15:59.310Z LH:status Auditing: `[aria-*]` attributes match their roles
2026-08-03T16:15:59.314Z LH:status Auditing: Uses ARIA roles only on compatible elements
2026-08-03T16:15:59.315Z LH:status Auditing: `button`, `link`, and `menuitem` elements have accessible names
2026-08-03T16:15:59.316Z LH:status Auditing: ARIA attributes are used as specified for the element's role
2026-08-03T16:15:59.317Z LH:status Auditing: Deprecated ARIA roles were not used
2026-08-03T16:15:59.318Z LH:status Auditing: Elements with `role="dialog"` or `role="alertdialog"` have accessible names.
2026-08-03T16:15:59.319Z LH:status Auditing: `[aria-hidden="true"]` is not present on the document `<body>`
2026-08-03T16:15:59.320Z LH:status Auditing: `[aria-hidden="true"]` elements do not contain focusable descendents
2026-08-03T16:15:59.322Z LH:status Auditing: ARIA input fields have accessible names
2026-08-03T16:15:59.322Z LH:status Auditing: ARIA `meter` elements have accessible names
2026-08-03T16:15:59.322Z LH:status Auditing: ARIA `progressbar` elements have accessible names
2026-08-03T16:15:59.323Z LH:status Auditing: Elements use only permitted ARIA attributes
2026-08-03T16:15:59.324Z LH:status Auditing: `[role]`s have all required `[aria-*]` attributes
2026-08-03T16:15:59.325Z LH:status Auditing: Elements with an ARIA `[role]` that require children to contain a specific `[role]` have all required children.
2026-08-03T16:15:59.326Z LH:status Auditing: `[role]`s are contained by their required parent element
2026-08-03T16:15:59.326Z LH:status Auditing: `[role]` values are valid
2026-08-03T16:15:59.327Z LH:status Auditing: Elements with the `role=text` attribute do not have focusable descendents.
2026-08-03T16:15:59.328Z LH:status Auditing: ARIA toggle fields have accessible names
2026-08-03T16:15:59.328Z LH:status Auditing: ARIA `tooltip` elements have accessible names
2026-08-03T16:15:59.329Z LH:status Auditing: ARIA `treeitem` elements have accessible names
2026-08-03T16:15:59.330Z LH:status Auditing: `[aria-*]` attributes have valid values
2026-08-03T16:15:59.331Z LH:status Auditing: `[aria-*]` attributes are valid and not misspelled
2026-08-03T16:15:59.332Z LH:status Auditing: Buttons have an accessible name
2026-08-03T16:15:59.333Z LH:status Auditing: The page contains a heading, skip link, or landmark region
2026-08-03T16:15:59.334Z LH:status Auditing: Background and foreground colors have a sufficient contrast ratio
2026-08-03T16:15:59.335Z LH:status Auditing: `<dl>`'s contain only properly-ordered `<dt>` and `<dd>` groups, `<script>`, `<template>` or `<div>` elements.
2026-08-03T16:15:59.336Z LH:status Auditing: Definition list items are wrapped in `<dl>` elements
2026-08-03T16:15:59.337Z LH:status Auditing: Document has a `<title>` element
2026-08-03T16:15:59.338Z LH:status Auditing: ARIA IDs are unique
2026-08-03T16:15:59.339Z LH:status Auditing: All heading elements contain content.
2026-08-03T16:15:59.340Z LH:status Auditing: No form fields have multiple labels
2026-08-03T16:15:59.342Z LH:status Auditing: `<frame>` or `<iframe>` elements have a title
2026-08-03T16:15:59.342Z LH:status Auditing: Heading elements appear in a sequentially-descending order
2026-08-03T16:15:59.343Z LH:status Auditing: `<html>` element has a `[lang]` attribute
2026-08-03T16:15:59.345Z LH:status Auditing: `<html>` element has a valid value for its `[lang]` attribute
2026-08-03T16:15:59.346Z LH:status Auditing: `<html>` element has an `[xml:lang]` attribute with the same base language as the `[lang]` attribute.
2026-08-03T16:15:59.347Z LH:status Auditing: Identical links have the same purpose.
2026-08-03T16:15:59.348Z LH:status Auditing: Image elements have `[alt]` attributes
2026-08-03T16:15:59.348Z LH:status Auditing: Image elements do not have `[alt]` attributes that are redundant text.
2026-08-03T16:15:59.349Z LH:status Auditing: Input buttons have discernible text.
2026-08-03T16:15:59.350Z LH:status Auditing: `<input type="image">` elements have `[alt]` text
2026-08-03T16:15:59.351Z LH:status Auditing: Elements with visible text labels have matching accessible names.
2026-08-03T16:15:59.352Z LH:status Auditing: Form elements have associated labels
2026-08-03T16:15:59.353Z LH:status Auditing: Document has a main landmark.
2026-08-03T16:15:59.354Z LH:status Auditing: Links have a discernible name
2026-08-03T16:15:59.355Z LH:status Auditing: Links are distinguishable without relying on color.
2026-08-03T16:15:59.356Z LH:status Auditing: Lists contain only `<li>` elements and script supporting elements (`<script>` and `<template>`).
2026-08-03T16:15:59.358Z LH:status Auditing: List items (`<li>`) are contained within `<ul>`, `<ol>` or `<menu>` parent elements
2026-08-03T16:15:59.359Z LH:status Auditing: The document does not use `<meta http-equiv="refresh">`
2026-08-03T16:15:59.359Z LH:status Auditing: `[user-scalable="no"]` is not used in the `<meta name="viewport">` element and the `[maximum-scale]` attribute is not less than 5.
2026-08-03T16:15:59.361Z LH:status Auditing: `<object>` elements have alternate text
2026-08-03T16:15:59.361Z LH:status Auditing: Select elements have associated label elements.
2026-08-03T16:15:59.362Z LH:status Auditing: Skip links are focusable.
2026-08-03T16:15:59.363Z LH:status Auditing: No element has a `[tabindex]` value greater than 0
2026-08-03T16:15:59.364Z LH:status Auditing: Tables have different content in the summary attribute and `<caption>`.
2026-08-03T16:15:59.365Z LH:status Auditing: Tables use `<caption>` instead of cells with the `[colspan]` attribute to indicate a caption.
2026-08-03T16:15:59.366Z LH:status Auditing: Touch targets have sufficient size and spacing.
2026-08-03T16:15:59.371Z LH:status Auditing: `<td>` elements in a large `<table>` have one or more table headers.
2026-08-03T16:15:59.372Z LH:status Auditing: Cells in a `<table>` element that use the `[headers]` attribute refer to table cells within the same table.
2026-08-03T16:15:59.373Z LH:status Auditing: `<th>` elements and elements with `[role="columnheader"/"rowheader"]` have data cells they describe.
2026-08-03T16:15:59.374Z LH:status Auditing: `[lang]` attributes have a valid value
2026-08-03T16:15:59.375Z LH:status Auditing: `<video>` elements contain a `<track>` element with `[kind="captions"]`
2026-08-03T16:15:59.376Z LH:status Auditing: Custom controls have associated labels
2026-08-03T16:15:59.376Z LH:status Auditing: Custom controls have ARIA roles
2026-08-03T16:15:59.376Z LH:status Auditing: User focus is not accidentally trapped in a region
2026-08-03T16:15:59.377Z LH:status Auditing: Interactive controls are keyboard focusable
2026-08-03T16:15:59.377Z LH:status Auditing: Interactive elements indicate their purpose and state
2026-08-03T16:15:59.377Z LH:status Auditing: The page has a logical tab order
2026-08-03T16:15:59.377Z LH:status Auditing: The user's focus is directed to new content added to the page
2026-08-03T16:15:59.377Z LH:status Auditing: Offscreen content is hidden from assistive technology
2026-08-03T16:15:59.377Z LH:status Auditing: HTML5 landmark elements are used to improve navigation
2026-08-03T16:15:59.377Z LH:status Auditing: Visual order on the page follows DOM order
2026-08-03T16:15:59.377Z LH:status Auditing: `autocomplete` attributes are used correctly
2026-08-03T16:15:59.378Z LH:status Auditing: Elements with `role="none"` or `role="presentation"` do not have conflicts
2026-08-03T16:15:59.379Z LH:status Auditing: SVG elements with an `img` role have an accessible text alternative
2026-08-03T16:15:59.380Z LH:status Auditing: Avoids enormous network payloads
2026-08-03T16:15:59.381Z LH:status Auditing: Minify CSS
2026-08-03T16:15:59.399Z LH:status Auditing: Minify JavaScript
2026-08-03T16:15:59.425Z LH:status Auditing: Reduce unused CSS
2026-08-03T16:15:59.427Z LH:status Auditing: Reduce unused JavaScript
2026-08-03T16:15:59.429Z LH:status Auditing: Page has the HTML doctype
2026-08-03T16:15:59.430Z LH:status Auditing: Properly defines charset
2026-08-03T16:15:59.431Z LH:status Auditing: Avoids requesting the geolocation permission on page load
2026-08-03T16:15:59.431Z LH:status Auditing: No issues in the `Issues` panel in Chrome Devtools
2026-08-03T16:15:59.431Z LH:status Auditing: Detected JavaScript libraries
2026-08-03T16:15:59.432Z LH:status Auditing: Avoids requesting the notification permission on page load
2026-08-03T16:15:59.432Z LH:status Auditing: Allows users to paste into input fields
2026-08-03T16:15:59.433Z LH:status Auditing: Baseline Features
2026-08-03T16:15:59.435Z LH:status Auditing: Document has a meta description
2026-08-03T16:15:59.435Z LH:status Auditing: Page has successful HTTP status code
2026-08-03T16:15:59.436Z LH:status Auditing: Links have descriptive text
2026-08-03T16:15:59.436Z LH:status Auditing: Links are crawlable
2026-08-03T16:15:59.437Z LH:status Auditing: Page isn’t blocked from indexing
2026-08-03T16:15:59.438Z LH:status Auditing: robots.txt is valid
2026-08-03T16:15:59.439Z LH:status Auditing: Document has a valid `hreflang`
2026-08-03T16:15:59.440Z LH:status Auditing: Document has a valid `rel=canonical`
2026-08-03T16:15:59.440Z LH:status Auditing: Structured data is valid
2026-08-03T16:15:59.441Z LH:status Auditing: Page didn't prevent back/forward cache restoration
2026-08-03T16:15:59.441Z LH:status Auditing: Use efficient cache lifetimes
2026-08-03T16:15:59.442Z LH:status Auditing: Layout shift culprits
2026-08-03T16:15:59.442Z LH:status Auditing: Document request latency
2026-08-03T16:15:59.443Z LH:status Auditing: Optimize DOM size
2026-08-03T16:15:59.443Z LH:status Auditing: Duplicated JavaScript
2026-08-03T16:15:59.444Z LH:status Auditing: Font display
2026-08-03T16:15:59.444Z LH:status Auditing: Forced reflow
2026-08-03T16:15:59.445Z LH:status Auditing: Improve image delivery
2026-08-03T16:15:59.446Z LH:status Auditing: INP breakdown
2026-08-03T16:15:59.446Z LH:status Auditing: LCP breakdown
2026-08-03T16:15:59.447Z LH:status Auditing: LCP request discovery
2026-08-03T16:15:59.447Z LH:status Auditing: Legacy JavaScript
2026-08-03T16:15:59.448Z LH:status Auditing: Modern HTTP
2026-08-03T16:15:59.448Z LH:status Auditing: Network dependency tree
2026-08-03T16:15:59.449Z LH:status Auditing: Render-blocking requests
2026-08-03T16:15:59.450Z LH:status Auditing: 3rd parties
2026-08-03T16:15:59.455Z LH:status Auditing: Optimize viewport for mobile
2026-08-03T16:15:59.455Z LH:status Generating results...
2026-08-03T16:15:59.472Z LH:Printer json output written to /home/mihai/ROVEXO/docs/releases/rc3/evidence/lighthouse/search-desktop.report.json
2026-08-03T16:15:59.474Z LH:Printer html output written to /home/mihai/ROVEXO/docs/releases/rc3/evidence/lighthouse/search-desktop.report.html
2026-08-03T16:15:59.474Z LH:CLI Protip: Run lighthouse with `--view` to immediately open the HTML report in your browser
