npm warn Unknown env config "devdir". This will stop working in the next major version of npm. See `npm help npmrc` for supported config options.
2026-08-03T18:29:52.242Z LH:ChromeLauncher Found existing Chrome already running using port 9229, using that.
2026-08-03T18:29:52.538Z LH:status Connecting to browser
2026-08-03T18:29:52.544Z LH:status Navigating to about:blank
2026-08-03T18:29:52.548Z LH:status Benchmarking machine
2026-08-03T18:29:53.552Z LH:status Host device pixel ratio
2026-08-03T18:29:53.554Z LH:status Preparing target for navigation mode
2026-08-03T18:29:53.566Z LH:status Preparing network conditions
2026-08-03T18:29:53.583Z LH:status Navigating to http://127.0.0.1:3000/login
2026-08-03T18:29:54.994Z LH:status Getting artifact: DevtoolsLog
2026-08-03T18:29:54.994Z LH:status Getting artifact: Trace
2026-08-03T18:29:54.994Z LH:status Getting artifact: CSSUsage
2026-08-03T18:29:55.189Z LH:status Getting artifact: ImageElements
2026-08-03T18:29:55.318Z LH:status Getting artifact: JsUsage
2026-08-03T18:29:55.319Z LH:status Getting artifact: NetworkUserAgent
2026-08-03T18:29:55.319Z LH:status Getting artifact: Scripts
2026-08-03T18:29:55.319Z LH:status Getting artifact: SourceMaps
2026-08-03T18:29:55.319Z LH:status Getting artifact: Stacks
2026-08-03T18:29:55.319Z LH:status Collect stacks
2026-08-03T18:29:55.326Z LH:status Getting artifact: Stylesheets
2026-08-03T18:29:55.406Z LH:status Getting artifact: TraceElements
2026-08-03T18:29:55.414Z LH:status Trace Engine total
2026-08-03T18:29:55.414Z LH:status Trace Engine parse
2026-08-03T18:29:55.415Z LH:status Trace Engine parse:handleEvent
2026-08-03T18:29:55.449Z LH:status Trace Engine parse:Meta:finalize
2026-08-03T18:29:55.451Z LH:status Trace Engine parse:AnimationFrames:finalize
2026-08-03T18:29:55.452Z LH:status Trace Engine parse:Animations:finalize
2026-08-03T18:29:55.453Z LH:status Trace Engine parse:Samples:finalize
2026-08-03T18:29:55.455Z LH:status Trace Engine parse:AuctionWorklets:finalize
2026-08-03T18:29:55.456Z LH:status Trace Engine parse:NetworkRequests:finalize
2026-08-03T18:29:55.459Z LH:status Trace Engine parse:Renderer:finalize
2026-08-03T18:29:55.463Z LH:status Trace Engine parse:Flows:finalize
2026-08-03T18:29:55.466Z LH:status Trace Engine parse:AsyncJSCalls:finalize
2026-08-03T18:29:55.468Z LH:status Trace Engine parse:DOMStats:finalize
2026-08-03T18:29:55.469Z LH:status Trace Engine parse:UserTimings:finalize
2026-08-03T18:29:55.470Z LH:status Trace Engine parse:ExtensionTraceData:finalize
2026-08-03T18:29:55.472Z LH:status Trace Engine parse:LayerTree:finalize
2026-08-03T18:29:55.473Z LH:status Trace Engine parse:Frames:finalize
2026-08-03T18:29:55.477Z LH:status Trace Engine parse:GPU:finalize
2026-08-03T18:29:55.478Z LH:status Trace Engine parse:ImagePainting:finalize
2026-08-03T18:29:55.479Z LH:status Trace Engine parse:Initiators:finalize
2026-08-03T18:29:55.481Z LH:status Trace Engine parse:Invalidations:finalize
2026-08-03T18:29:55.482Z LH:status Trace Engine parse:PageLoadMetrics:finalize
2026-08-03T18:29:55.484Z LH:status Trace Engine parse:LargestImagePaint:finalize
2026-08-03T18:29:55.485Z LH:status Trace Engine parse:LargestTextPaint:finalize
2026-08-03T18:29:55.487Z LH:status Trace Engine parse:Screenshots:finalize
2026-08-03T18:29:55.488Z LH:status Trace Engine parse:LayoutShifts:finalize
2026-08-03T18:29:55.490Z LH:status Trace Engine parse:Memory:finalize
2026-08-03T18:29:55.491Z LH:status Trace Engine parse:PageFrames:finalize
2026-08-03T18:29:55.492Z LH:status Trace Engine parse:Scripts:finalize
2026-08-03T18:29:55.494Z LH:status Trace Engine parse:SelectorStats:finalize
2026-08-03T18:29:55.495Z LH:status Trace Engine parse:UserInteractions:finalize
2026-08-03T18:29:55.496Z LH:status Trace Engine parse:Workers:finalize
2026-08-03T18:29:55.498Z LH:status Trace Engine parse:Warnings:finalize
2026-08-03T18:29:55.499Z LH:status Trace Engine parse:handler.data()
2026-08-03T18:29:55.499Z LH:status Trace Engine insights
2026-08-03T18:29:55.500Z LH:status Trace Engine insights:CLSCulprits
2026-08-03T18:29:55.500Z LH:status Trace Engine insights:Cache
2026-08-03T18:29:55.500Z LH:status Trace Engine insights:CharacterSet
2026-08-03T18:29:55.500Z LH:status Trace Engine insights:DOMSize
2026-08-03T18:29:55.501Z LH:status Trace Engine insights:DocumentLatency
2026-08-03T18:29:55.501Z LH:status Trace Engine insights:DuplicatedJavaScript
2026-08-03T18:29:55.501Z LH:status Trace Engine insights:FontDisplay
2026-08-03T18:29:55.501Z LH:status Trace Engine insights:ForcedReflow
2026-08-03T18:29:55.502Z LH:status Trace Engine insights:INPBreakdown
2026-08-03T18:29:55.502Z LH:status Trace Engine insights:ImageDelivery
2026-08-03T18:29:55.502Z LH:status Trace Engine insights:LCPBreakdown
2026-08-03T18:29:55.502Z LH:status Trace Engine insights:LCPDiscovery
2026-08-03T18:29:55.502Z LH:status Trace Engine insights:LegacyJavaScript
2026-08-03T18:29:55.503Z LH:status Trace Engine insights:ModernHTTP
2026-08-03T18:29:55.503Z LH:status Trace Engine insights:NetworkDependencyTree
2026-08-03T18:29:55.503Z LH:status Trace Engine insights:RenderBlocking
2026-08-03T18:29:55.503Z LH:status Trace Engine insights:SlowCSSSelector
2026-08-03T18:29:55.503Z LH:status Trace Engine insights:ThirdParties
2026-08-03T18:29:55.504Z LH:status Trace Engine insights:Viewport
2026-08-03T18:29:55.505Z LH:status Trace Engine insights:createLanternContext
2026-08-03T18:29:55.519Z LH:status Trace Engine insights:CLSCulprits
2026-08-03T18:29:55.519Z LH:status Trace Engine insights:Cache
2026-08-03T18:29:55.519Z LH:status Trace Engine insights:CharacterSet
2026-08-03T18:29:55.519Z LH:status Trace Engine insights:DOMSize
2026-08-03T18:29:55.520Z LH:status Trace Engine insights:DocumentLatency
2026-08-03T18:29:55.520Z LH:status Trace Engine insights:DuplicatedJavaScript
2026-08-03T18:29:55.520Z LH:status Trace Engine insights:FontDisplay
2026-08-03T18:29:55.520Z LH:status Trace Engine insights:ForcedReflow
2026-08-03T18:29:55.520Z LH:status Trace Engine insights:INPBreakdown
2026-08-03T18:29:55.520Z LH:status Trace Engine insights:ImageDelivery
2026-08-03T18:29:55.520Z LH:status Trace Engine insights:LCPBreakdown
2026-08-03T18:29:55.521Z LH:status Trace Engine insights:LCPDiscovery
2026-08-03T18:29:55.521Z LH:status Trace Engine insights:LegacyJavaScript
2026-08-03T18:29:55.555Z LH:status Trace Engine insights:ModernHTTP
2026-08-03T18:29:55.556Z LH:status Trace Engine insights:NetworkDependencyTree
2026-08-03T18:29:55.557Z LH:status Trace Engine insights:RenderBlocking
2026-08-03T18:29:55.558Z LH:status Trace Engine insights:SlowCSSSelector
2026-08-03T18:29:55.558Z LH:status Trace Engine insights:ThirdParties
2026-08-03T18:29:55.561Z LH:status Trace Engine insights:Viewport
2026-08-03T18:29:55.586Z LH:status Getting artifact: FullPageScreenshot
2026-08-03T18:29:56.706Z LH:status Getting artifact: BFCacheFailures
2026-08-03T18:29:56.946Z LH:status Analyzing and running audits...
2026-08-03T18:29:56.947Z LH:status Auditing: First Contentful Paint
2026-08-03T18:29:56.952Z LH:status Auditing: Largest Contentful Paint
2026-08-03T18:29:56.954Z LH:status Auditing: Speed Index
2026-08-03T18:29:56.982Z LH:status Auditing: Screenshot Thumbnails
2026-08-03T18:29:56.982Z LH:status Auditing: Final Screenshot
2026-08-03T18:29:56.983Z LH:status Auditing: Total Blocking Time
2026-08-03T18:29:56.985Z LH:status Auditing: Max Potential First Input Delay
2026-08-03T18:29:56.987Z LH:status Auditing: Cumulative Layout Shift
2026-08-03T18:29:56.987Z LH:status Auditing: Initial server response time was short
2026-08-03T18:29:56.988Z LH:status Auditing: Time to Interactive
2026-08-03T18:29:56.989Z LH:status Auditing: User Timing marks and measures
2026-08-03T18:29:56.990Z LH:status Auditing: Avoid multiple page redirects
2026-08-03T18:29:56.991Z LH:status Auditing: Minimizes main-thread work
2026-08-03T18:29:56.996Z LH:status Auditing: JavaScript execution time
2026-08-03T18:29:56.998Z LH:status Auditing: Diagnostics
2026-08-03T18:29:56.999Z LH:status Auditing: Network Requests
2026-08-03T18:29:57.000Z LH:status Auditing: Network Round Trip Times
2026-08-03T18:29:57.001Z LH:status Auditing: Server Backend Latencies
2026-08-03T18:29:57.002Z LH:status Auditing: Tasks
2026-08-03T18:29:57.002Z LH:status Auditing: Metrics
2026-08-03T18:29:57.003Z LH:status Auditing: Resources Summary
2026-08-03T18:29:57.004Z LH:status Auditing: Avoid large layout shifts
2026-08-03T18:29:57.004Z LH:status Auditing: Avoid long main-thread tasks
2026-08-03T18:29:57.006Z LH:status Auditing: Avoid non-composited animations
2026-08-03T18:29:57.007Z LH:status Auditing: Image elements have explicit `width` and `height`
2026-08-03T18:29:57.007Z LH:status Auditing: Script Treemap Data
2026-08-03T18:29:57.019Z LH:status Auditing: Avoids enormous network payloads
2026-08-03T18:29:57.021Z LH:status Auditing: Minify CSS
2026-08-03T18:29:57.043Z LH:status Auditing: Minify JavaScript
2026-08-03T18:29:57.069Z LH:status Auditing: Reduce unused CSS
2026-08-03T18:29:57.070Z LH:status Auditing: Reduce unused JavaScript
2026-08-03T18:29:57.072Z LH:status Auditing: Page didn't prevent back/forward cache restoration
2026-08-03T18:29:57.074Z LH:status Auditing: Use efficient cache lifetimes
2026-08-03T18:29:57.074Z LH:status Auditing: Layout shift culprits
2026-08-03T18:29:57.075Z LH:status Auditing: Document request latency
2026-08-03T18:29:57.076Z LH:status Auditing: Optimize DOM size
2026-08-03T18:29:57.076Z LH:status Auditing: Duplicated JavaScript
2026-08-03T18:29:57.077Z LH:status Auditing: Font display
2026-08-03T18:29:57.078Z LH:status Auditing: Forced reflow
2026-08-03T18:29:57.078Z LH:status Auditing: Improve image delivery
2026-08-03T18:29:57.079Z LH:status Auditing: INP breakdown
2026-08-03T18:29:57.080Z LH:status Auditing: LCP breakdown
2026-08-03T18:29:57.080Z LH:status Auditing: LCP request discovery
2026-08-03T18:29:57.081Z LH:status Auditing: Legacy JavaScript
2026-08-03T18:29:57.082Z LH:status Auditing: Modern HTTP
2026-08-03T18:29:57.082Z LH:status Auditing: Network dependency tree
2026-08-03T18:29:57.083Z LH:status Auditing: Render-blocking requests
2026-08-03T18:29:57.083Z LH:status Auditing: 3rd parties
2026-08-03T18:29:57.086Z LH:status Auditing: Optimize viewport for mobile
2026-08-03T18:29:57.087Z LH:status Generating results...
2026-08-03T18:29:57.098Z LH:Printer json output written to /home/mihai/ROVEXO/docs/releases/rc5/evidence/login-perf/RC5-FINAL-login-desktop.report.json
2026-08-03T18:29:57.099Z LH:Printer html output written to /home/mihai/ROVEXO/docs/releases/rc5/evidence/login-perf/RC5-FINAL-login-desktop.report.html
2026-08-03T18:29:57.099Z LH:CLI Protip: Run lighthouse with `--view` to immediately open the HTML report in your browser
