npm warn Unknown env config "devdir". This will stop working in the next major version of npm. See `npm help npmrc` for supported config options.
2026-08-03T19:15:17.644Z LH:ChromeLauncher Found existing Chrome already running using port 9231, using that.
2026-08-03T19:15:17.988Z LH:status Connecting to browser
2026-08-03T19:15:17.996Z LH:status Navigating to about:blank
2026-08-03T19:15:18.001Z LH:status Benchmarking machine
2026-08-03T19:15:19.006Z LH:status Host device pixel ratio
2026-08-03T19:15:19.007Z LH:status Preparing target for navigation mode
2026-08-03T19:15:19.019Z LH:status Preparing network conditions
2026-08-03T19:15:19.044Z LH:status Navigating to http://127.0.0.1:3000/login
2026-08-03T19:15:21.436Z LH:Navigation:error Provided URL (http://127.0.0.1:3000/login) did not match initial navigation URL (chrome-error://chromewebdata/)
2026-08-03T19:15:21.482Z LH:NavigationRunner:error Chrome prevented page load with an interstitial. Make sure you are testing the correct URL and that the server is properly responding to all requests. http://127.0.0.1:3000/login
2026-08-03T19:15:21.489Z LH:status Analyzing and running audits...
2026-08-03T19:15:21.489Z LH:status Auditing: Uses HTTPS
2026-08-03T19:15:21.490Z LH:is-on-https:warn Caught exception: CHROME_INTERSTITIAL_ERROR
2026-08-03T19:15:21.490Z LH:status Auditing: Redirects HTTP traffic to HTTPS
2026-08-03T19:15:21.490Z LH:redirects-http:warn Caught exception: CHROME_INTERSTITIAL_ERROR
2026-08-03T19:15:21.491Z LH:status Auditing: First Contentful Paint
2026-08-03T19:15:21.491Z LH:first-contentful-paint:warn Caught exception: CHROME_INTERSTITIAL_ERROR
2026-08-03T19:15:21.492Z LH:status Auditing: Largest Contentful Paint
2026-08-03T19:15:21.492Z LH:largest-contentful-paint:warn Caught exception: CHROME_INTERSTITIAL_ERROR
2026-08-03T19:15:21.492Z LH:status Auditing: Speed Index
2026-08-03T19:15:21.493Z LH:speed-index:warn Caught exception: CHROME_INTERSTITIAL_ERROR
2026-08-03T19:15:21.493Z LH:status Auditing: Screenshot Thumbnails
2026-08-03T19:15:21.493Z LH:screenshot-thumbnails:warn Caught exception: CHROME_INTERSTITIAL_ERROR
2026-08-03T19:15:21.493Z LH:status Auditing: Final Screenshot
2026-08-03T19:15:21.493Z LH:final-screenshot:warn Caught exception: CHROME_INTERSTITIAL_ERROR
2026-08-03T19:15:21.494Z LH:status Auditing: Total Blocking Time
2026-08-03T19:15:21.494Z LH:total-blocking-time:warn Caught exception: CHROME_INTERSTITIAL_ERROR
2026-08-03T19:15:21.494Z LH:status Auditing: Max Potential First Input Delay
2026-08-03T19:15:21.494Z LH:max-potential-fid:warn Caught exception: CHROME_INTERSTITIAL_ERROR
2026-08-03T19:15:21.495Z LH:status Auditing: Cumulative Layout Shift
2026-08-03T19:15:21.495Z LH:cumulative-layout-shift:warn Caught exception: CHROME_INTERSTITIAL_ERROR
2026-08-03T19:15:21.495Z LH:status Auditing: No browser errors logged to the console
2026-08-03T19:15:21.496Z LH:errors-in-console:warn Caught exception: CHROME_INTERSTITIAL_ERROR
2026-08-03T19:15:21.496Z LH:status Auditing: Initial server response time was short
2026-08-03T19:15:21.496Z LH:server-response-time:warn Caught exception: CHROME_INTERSTITIAL_ERROR
2026-08-03T19:15:21.497Z LH:status Auditing: Time to Interactive
2026-08-03T19:15:21.497Z LH:interactive:warn Caught exception: CHROME_INTERSTITIAL_ERROR
2026-08-03T19:15:21.497Z LH:status Auditing: User Timing marks and measures
2026-08-03T19:15:21.497Z LH:user-timings:warn Caught exception: CHROME_INTERSTITIAL_ERROR
2026-08-03T19:15:21.498Z LH:status Auditing: Avoid multiple page redirects
2026-08-03T19:15:21.498Z LH:redirects:warn Caught exception: CHROME_INTERSTITIAL_ERROR
2026-08-03T19:15:21.498Z LH:status Auditing: Displays images with correct aspect ratio
2026-08-03T19:15:21.498Z LH:image-aspect-ratio:warn Caught exception: CHROME_INTERSTITIAL_ERROR
2026-08-03T19:15:21.499Z LH:status Auditing: Serves images with appropriate resolution
2026-08-03T19:15:21.499Z LH:image-size-responsive:warn Caught exception: CHROME_INTERSTITIAL_ERROR
2026-08-03T19:15:21.499Z LH:status Auditing: Avoids deprecated APIs
2026-08-03T19:15:21.499Z LH:deprecations:warn Caught exception: CHROME_INTERSTITIAL_ERROR
2026-08-03T19:15:21.500Z LH:status Auditing: Avoids third-party cookies
2026-08-03T19:15:21.500Z LH:third-party-cookies:warn Caught exception: CHROME_INTERSTITIAL_ERROR
2026-08-03T19:15:21.500Z LH:status Auditing: Minimizes main-thread work
2026-08-03T19:15:21.500Z LH:mainthread-work-breakdown:warn Caught exception: CHROME_INTERSTITIAL_ERROR
2026-08-03T19:15:21.501Z LH:status Auditing: JavaScript execution time
2026-08-03T19:15:21.501Z LH:bootup-time:warn Caught exception: CHROME_INTERSTITIAL_ERROR
2026-08-03T19:15:21.502Z LH:status Auditing: Diagnostics
2026-08-03T19:15:21.502Z LH:diagnostics:warn Caught exception: CHROME_INTERSTITIAL_ERROR
2026-08-03T19:15:21.502Z LH:status Auditing: Network Requests
2026-08-03T19:15:21.502Z LH:network-requests:warn Caught exception: CHROME_INTERSTITIAL_ERROR
2026-08-03T19:15:21.502Z LH:status Auditing: Network Round Trip Times
2026-08-03T19:15:21.502Z LH:network-rtt:warn Caught exception: CHROME_INTERSTITIAL_ERROR
2026-08-03T19:15:21.502Z LH:status Auditing: Server Backend Latencies
2026-08-03T19:15:21.503Z LH:network-server-latency:warn Caught exception: CHROME_INTERSTITIAL_ERROR
2026-08-03T19:15:21.503Z LH:status Auditing: Tasks
2026-08-03T19:15:21.503Z LH:main-thread-tasks:warn Caught exception: CHROME_INTERSTITIAL_ERROR
2026-08-03T19:15:21.503Z LH:status Auditing: Metrics
2026-08-03T19:15:21.503Z LH:metrics:warn Caught exception: CHROME_INTERSTITIAL_ERROR
2026-08-03T19:15:21.503Z LH:status Auditing: Resources Summary
2026-08-03T19:15:21.503Z LH:resource-summary:warn Caught exception: CHROME_INTERSTITIAL_ERROR
2026-08-03T19:15:21.503Z LH:status Auditing: Avoid large layout shifts
2026-08-03T19:15:21.503Z LH:layout-shifts:warn Caught exception: CHROME_INTERSTITIAL_ERROR
2026-08-03T19:15:21.503Z LH:status Auditing: Avoid long main-thread tasks
2026-08-03T19:15:21.504Z LH:long-tasks:warn Caught exception: CHROME_INTERSTITIAL_ERROR
2026-08-03T19:15:21.504Z LH:status Auditing: Avoid non-composited animations
2026-08-03T19:15:21.504Z LH:non-composited-animations:warn Caught exception: CHROME_INTERSTITIAL_ERROR
2026-08-03T19:15:21.504Z LH:status Auditing: Image elements have explicit `width` and `height`
2026-08-03T19:15:21.504Z LH:unsized-images:warn Caught exception: CHROME_INTERSTITIAL_ERROR
2026-08-03T19:15:21.505Z LH:status Auditing: Page has valid source maps
2026-08-03T19:15:21.505Z LH:valid-source-maps:warn Caught exception: CHROME_INTERSTITIAL_ERROR
2026-08-03T19:15:21.505Z LH:status Auditing: Ensure CSP is effective against XSS attacks
2026-08-03T19:15:21.505Z LH:csp-xss:warn Caught exception: CHROME_INTERSTITIAL_ERROR
2026-08-03T19:15:21.506Z LH:status Auditing: Use a strong HSTS policy
2026-08-03T19:15:21.506Z LH:has-hsts:warn Caught exception: CHROME_INTERSTITIAL_ERROR
2026-08-03T19:15:21.506Z LH:status Auditing: Ensure proper origin isolation with COOP
2026-08-03T19:15:21.506Z LH:origin-isolation:warn Caught exception: CHROME_INTERSTITIAL_ERROR
2026-08-03T19:15:21.506Z LH:status Auditing: Mitigate clickjacking with XFO or CSP
2026-08-03T19:15:21.506Z LH:clickjacking-mitigation:warn Caught exception: CHROME_INTERSTITIAL_ERROR
2026-08-03T19:15:21.507Z LH:status Auditing: Mitigate DOM-based XSS with Trusted Types
2026-08-03T19:15:21.507Z LH:trusted-types-xss:warn Caught exception: CHROME_INTERSTITIAL_ERROR
2026-08-03T19:15:21.507Z LH:status Auditing: Script Treemap Data
2026-08-03T19:15:21.508Z LH:script-treemap-data:warn Caught exception: CHROME_INTERSTITIAL_ERROR
2026-08-03T19:15:21.508Z LH:status Auditing: `[accesskey]` values are unique
2026-08-03T19:15:21.508Z LH:accesskeys:warn Caught exception: CHROME_INTERSTITIAL_ERROR
2026-08-03T19:15:21.508Z LH:status Auditing: `[aria-*]` attributes match their roles
2026-08-03T19:15:21.508Z LH:aria-allowed-attr:warn Caught exception: CHROME_INTERSTITIAL_ERROR
2026-08-03T19:15:21.509Z LH:status Auditing: Uses ARIA roles only on compatible elements
2026-08-03T19:15:21.509Z LH:aria-allowed-role:warn Caught exception: CHROME_INTERSTITIAL_ERROR
2026-08-03T19:15:21.509Z LH:status Auditing: `button`, `link`, and `menuitem` elements have accessible names
2026-08-03T19:15:21.509Z LH:aria-command-name:warn Caught exception: CHROME_INTERSTITIAL_ERROR
2026-08-03T19:15:21.510Z LH:status Auditing: ARIA attributes are used as specified for the element's role
2026-08-03T19:15:21.510Z LH:aria-conditional-attr:warn Caught exception: CHROME_INTERSTITIAL_ERROR
2026-08-03T19:15:21.510Z LH:status Auditing: Deprecated ARIA roles were not used
2026-08-03T19:15:21.510Z LH:aria-deprecated-role:warn Caught exception: CHROME_INTERSTITIAL_ERROR
2026-08-03T19:15:21.511Z LH:status Auditing: Elements with `role="dialog"` or `role="alertdialog"` have accessible names.
2026-08-03T19:15:21.511Z LH:aria-dialog-name:warn Caught exception: CHROME_INTERSTITIAL_ERROR
2026-08-03T19:15:21.511Z LH:status Auditing: `[aria-hidden="true"]` is not present on the document `<body>`
2026-08-03T19:15:21.511Z LH:aria-hidden-body:warn Caught exception: CHROME_INTERSTITIAL_ERROR
2026-08-03T19:15:21.512Z LH:status Auditing: `[aria-hidden="true"]` elements do not contain focusable descendents
2026-08-03T19:15:21.512Z LH:aria-hidden-focus:warn Caught exception: CHROME_INTERSTITIAL_ERROR
2026-08-03T19:15:21.512Z LH:status Auditing: ARIA input fields have accessible names
2026-08-03T19:15:21.512Z LH:aria-input-field-name:warn Caught exception: CHROME_INTERSTITIAL_ERROR
2026-08-03T19:15:21.513Z LH:status Auditing: ARIA `meter` elements have accessible names
2026-08-03T19:15:21.513Z LH:aria-meter-name:warn Caught exception: CHROME_INTERSTITIAL_ERROR
2026-08-03T19:15:21.513Z LH:status Auditing: ARIA `progressbar` elements have accessible names
2026-08-03T19:15:21.513Z LH:aria-progressbar-name:warn Caught exception: CHROME_INTERSTITIAL_ERROR
2026-08-03T19:15:21.513Z LH:status Auditing: Elements use only permitted ARIA attributes
2026-08-03T19:15:21.514Z LH:aria-prohibited-attr:warn Caught exception: CHROME_INTERSTITIAL_ERROR
2026-08-03T19:15:21.514Z LH:status Auditing: `[role]`s have all required `[aria-*]` attributes
2026-08-03T19:15:21.514Z LH:aria-required-attr:warn Caught exception: CHROME_INTERSTITIAL_ERROR
2026-08-03T19:15:21.515Z LH:status Auditing: Elements with an ARIA `[role]` that require children to contain a specific `[role]` have all required children.
2026-08-03T19:15:21.515Z LH:aria-required-children:warn Caught exception: CHROME_INTERSTITIAL_ERROR
2026-08-03T19:15:21.515Z LH:status Auditing: `[role]`s are contained by their required parent element
2026-08-03T19:15:21.515Z LH:aria-required-parent:warn Caught exception: CHROME_INTERSTITIAL_ERROR
2026-08-03T19:15:21.516Z LH:status Auditing: `[role]` values are valid
2026-08-03T19:15:21.516Z LH:aria-roles:warn Caught exception: CHROME_INTERSTITIAL_ERROR
2026-08-03T19:15:21.516Z LH:status Auditing: Elements with the `role=text` attribute do not have focusable descendents.
2026-08-03T19:15:21.516Z LH:aria-text:warn Caught exception: CHROME_INTERSTITIAL_ERROR
2026-08-03T19:15:21.516Z LH:status Auditing: ARIA toggle fields have accessible names
2026-08-03T19:15:21.516Z LH:aria-toggle-field-name:warn Caught exception: CHROME_INTERSTITIAL_ERROR
2026-08-03T19:15:21.517Z LH:status Auditing: ARIA `tooltip` elements have accessible names
2026-08-03T19:15:21.517Z LH:aria-tooltip-name:warn Caught exception: CHROME_INTERSTITIAL_ERROR
2026-08-03T19:15:21.518Z LH:status Auditing: ARIA `treeitem` elements have accessible names
2026-08-03T19:15:21.518Z LH:aria-treeitem-name:warn Caught exception: CHROME_INTERSTITIAL_ERROR
2026-08-03T19:15:21.518Z LH:status Auditing: `[aria-*]` attributes have valid values
2026-08-03T19:15:21.518Z LH:aria-valid-attr-value:warn Caught exception: CHROME_INTERSTITIAL_ERROR
2026-08-03T19:15:21.519Z LH:status Auditing: `[aria-*]` attributes are valid and not misspelled
2026-08-03T19:15:21.519Z LH:aria-valid-attr:warn Caught exception: CHROME_INTERSTITIAL_ERROR
2026-08-03T19:15:21.519Z LH:status Auditing: Buttons have an accessible name
2026-08-03T19:15:21.519Z LH:button-name:warn Caught exception: CHROME_INTERSTITIAL_ERROR
2026-08-03T19:15:21.520Z LH:status Auditing: The page contains a heading, skip link, or landmark region
2026-08-03T19:15:21.520Z LH:bypass:warn Caught exception: CHROME_INTERSTITIAL_ERROR
2026-08-03T19:15:21.520Z LH:status Auditing: Background and foreground colors have a sufficient contrast ratio
2026-08-03T19:15:21.520Z LH:color-contrast:warn Caught exception: CHROME_INTERSTITIAL_ERROR
2026-08-03T19:15:21.520Z LH:status Auditing: `<dl>`'s contain only properly-ordered `<dt>` and `<dd>` groups, `<script>`, `<template>` or `<div>` elements.
2026-08-03T19:15:21.520Z LH:definition-list:warn Caught exception: CHROME_INTERSTITIAL_ERROR
2026-08-03T19:15:21.521Z LH:status Auditing: Definition list items are wrapped in `<dl>` elements
2026-08-03T19:15:21.521Z LH:dlitem:warn Caught exception: CHROME_INTERSTITIAL_ERROR
2026-08-03T19:15:21.521Z LH:status Auditing: Document has a `<title>` element
2026-08-03T19:15:21.521Z LH:document-title:warn Caught exception: CHROME_INTERSTITIAL_ERROR
2026-08-03T19:15:21.522Z LH:status Auditing: ARIA IDs are unique
2026-08-03T19:15:21.522Z LH:duplicate-id-aria:warn Caught exception: CHROME_INTERSTITIAL_ERROR
2026-08-03T19:15:21.522Z LH:status Auditing: All heading elements contain content.
2026-08-03T19:15:21.523Z LH:empty-heading:warn Caught exception: CHROME_INTERSTITIAL_ERROR
2026-08-03T19:15:21.523Z LH:status Auditing: No form fields have multiple labels
2026-08-03T19:15:21.523Z LH:form-field-multiple-labels:warn Caught exception: CHROME_INTERSTITIAL_ERROR
2026-08-03T19:15:21.524Z LH:status Auditing: `<frame>` or `<iframe>` elements have a title
2026-08-03T19:15:21.524Z LH:frame-title:warn Caught exception: CHROME_INTERSTITIAL_ERROR
2026-08-03T19:15:21.524Z LH:status Auditing: Heading elements appear in a sequentially-descending order
2026-08-03T19:15:21.524Z LH:heading-order:warn Caught exception: CHROME_INTERSTITIAL_ERROR
2026-08-03T19:15:21.525Z LH:status Auditing: `<html>` element has a `[lang]` attribute
2026-08-03T19:15:21.525Z LH:html-has-lang:warn Caught exception: CHROME_INTERSTITIAL_ERROR
2026-08-03T19:15:21.525Z LH:status Auditing: `<html>` element has a valid value for its `[lang]` attribute
2026-08-03T19:15:21.525Z LH:html-lang-valid:warn Caught exception: CHROME_INTERSTITIAL_ERROR
2026-08-03T19:15:21.525Z LH:status Auditing: `<html>` element has an `[xml:lang]` attribute with the same base language as the `[lang]` attribute.
2026-08-03T19:15:21.525Z LH:html-xml-lang-mismatch:warn Caught exception: CHROME_INTERSTITIAL_ERROR
2026-08-03T19:15:21.526Z LH:status Auditing: Identical links have the same purpose.
2026-08-03T19:15:21.526Z LH:identical-links-same-purpose:warn Caught exception: CHROME_INTERSTITIAL_ERROR
2026-08-03T19:15:21.526Z LH:status Auditing: Image elements have `[alt]` attributes
2026-08-03T19:15:21.526Z LH:image-alt:warn Caught exception: CHROME_INTERSTITIAL_ERROR
2026-08-03T19:15:21.527Z LH:status Auditing: Image elements do not have `[alt]` attributes that are redundant text.
2026-08-03T19:15:21.527Z LH:image-redundant-alt:warn Caught exception: CHROME_INTERSTITIAL_ERROR
2026-08-03T19:15:21.527Z LH:status Auditing: Input buttons have discernible text.
2026-08-03T19:15:21.527Z LH:input-button-name:warn Caught exception: CHROME_INTERSTITIAL_ERROR
2026-08-03T19:15:21.527Z LH:status Auditing: `<input type="image">` elements have `[alt]` text
2026-08-03T19:15:21.528Z LH:input-image-alt:warn Caught exception: CHROME_INTERSTITIAL_ERROR
2026-08-03T19:15:21.528Z LH:status Auditing: Elements with visible text labels have matching accessible names.
2026-08-03T19:15:21.528Z LH:label-content-name-mismatch:warn Caught exception: CHROME_INTERSTITIAL_ERROR
2026-08-03T19:15:21.528Z LH:status Auditing: Form elements have associated labels
2026-08-03T19:15:21.528Z LH:label:warn Caught exception: CHROME_INTERSTITIAL_ERROR
2026-08-03T19:15:21.529Z LH:status Auditing: Document has a main landmark.
2026-08-03T19:15:21.529Z LH:landmark-one-main:warn Caught exception: CHROME_INTERSTITIAL_ERROR
2026-08-03T19:15:21.529Z LH:status Auditing: Links have a discernible name
2026-08-03T19:15:21.529Z LH:link-name:warn Caught exception: CHROME_INTERSTITIAL_ERROR
2026-08-03T19:15:21.530Z LH:status Auditing: Links are distinguishable without relying on color.
2026-08-03T19:15:21.530Z LH:link-in-text-block:warn Caught exception: CHROME_INTERSTITIAL_ERROR
2026-08-03T19:15:21.531Z LH:status Auditing: Lists contain only `<li>` elements and script supporting elements (`<script>` and `<template>`).
2026-08-03T19:15:21.531Z LH:list:warn Caught exception: CHROME_INTERSTITIAL_ERROR
2026-08-03T19:15:21.531Z LH:status Auditing: List items (`<li>`) are contained within `<ul>`, `<ol>` or `<menu>` parent elements
2026-08-03T19:15:21.531Z LH:listitem:warn Caught exception: CHROME_INTERSTITIAL_ERROR
2026-08-03T19:15:21.532Z LH:status Auditing: The document does not use `<meta http-equiv="refresh">`
2026-08-03T19:15:21.532Z LH:meta-refresh:warn Caught exception: CHROME_INTERSTITIAL_ERROR
2026-08-03T19:15:21.532Z LH:status Auditing: `[user-scalable="no"]` is not used in the `<meta name="viewport">` element and the `[maximum-scale]` attribute is not less than 5.
2026-08-03T19:15:21.532Z LH:meta-viewport:warn Caught exception: CHROME_INTERSTITIAL_ERROR
2026-08-03T19:15:21.532Z LH:status Auditing: `<object>` elements have alternate text
2026-08-03T19:15:21.532Z LH:object-alt:warn Caught exception: CHROME_INTERSTITIAL_ERROR
2026-08-03T19:15:21.533Z LH:status Auditing: Select elements have associated label elements.
2026-08-03T19:15:21.533Z LH:select-name:warn Caught exception: CHROME_INTERSTITIAL_ERROR
2026-08-03T19:15:21.533Z LH:status Auditing: Skip links are focusable.
2026-08-03T19:15:21.533Z LH:skip-link:warn Caught exception: CHROME_INTERSTITIAL_ERROR
2026-08-03T19:15:21.534Z LH:status Auditing: No element has a `[tabindex]` value greater than 0
2026-08-03T19:15:21.534Z LH:tabindex:warn Caught exception: CHROME_INTERSTITIAL_ERROR
2026-08-03T19:15:21.534Z LH:status Auditing: Tables have different content in the summary attribute and `<caption>`.
2026-08-03T19:15:21.534Z LH:table-duplicate-name:warn Caught exception: CHROME_INTERSTITIAL_ERROR
2026-08-03T19:15:21.534Z LH:status Auditing: Tables use `<caption>` instead of cells with the `[colspan]` attribute to indicate a caption.
2026-08-03T19:15:21.535Z LH:table-fake-caption:warn Caught exception: CHROME_INTERSTITIAL_ERROR
2026-08-03T19:15:21.535Z LH:status Auditing: Touch targets have sufficient size and spacing.
2026-08-03T19:15:21.535Z LH:target-size:warn Caught exception: CHROME_INTERSTITIAL_ERROR
2026-08-03T19:15:21.535Z LH:status Auditing: `<td>` elements in a large `<table>` have one or more table headers.
2026-08-03T19:15:21.535Z LH:td-has-header:warn Caught exception: CHROME_INTERSTITIAL_ERROR
2026-08-03T19:15:21.536Z LH:status Auditing: Cells in a `<table>` element that use the `[headers]` attribute refer to table cells within the same table.
2026-08-03T19:15:21.536Z LH:td-headers-attr:warn Caught exception: CHROME_INTERSTITIAL_ERROR
2026-08-03T19:15:21.536Z LH:status Auditing: `<th>` elements and elements with `[role="columnheader"/"rowheader"]` have data cells they describe.
2026-08-03T19:15:21.536Z LH:th-has-data-cells:warn Caught exception: CHROME_INTERSTITIAL_ERROR
2026-08-03T19:15:21.537Z LH:status Auditing: `[lang]` attributes have a valid value
2026-08-03T19:15:21.537Z LH:valid-lang:warn Caught exception: CHROME_INTERSTITIAL_ERROR
2026-08-03T19:15:21.537Z LH:status Auditing: `<video>` elements contain a `<track>` element with `[kind="captions"]`
2026-08-03T19:15:21.537Z LH:video-caption:warn Caught exception: CHROME_INTERSTITIAL_ERROR
2026-08-03T19:15:21.537Z LH:status Auditing: Custom controls have associated labels
2026-08-03T19:15:21.538Z LH:custom-controls-labels:warn Caught exception: CHROME_INTERSTITIAL_ERROR
2026-08-03T19:15:21.538Z LH:status Auditing: Custom controls have ARIA roles
2026-08-03T19:15:21.538Z LH:custom-controls-roles:warn Caught exception: CHROME_INTERSTITIAL_ERROR
2026-08-03T19:15:21.538Z LH:status Auditing: User focus is not accidentally trapped in a region
2026-08-03T19:15:21.538Z LH:focus-traps:warn Caught exception: CHROME_INTERSTITIAL_ERROR
2026-08-03T19:15:21.538Z LH:status Auditing: Interactive controls are keyboard focusable
2026-08-03T19:15:21.538Z LH:focusable-controls:warn Caught exception: CHROME_INTERSTITIAL_ERROR
2026-08-03T19:15:21.538Z LH:status Auditing: Interactive elements indicate their purpose and state
2026-08-03T19:15:21.538Z LH:interactive-element-affordance:warn Caught exception: CHROME_INTERSTITIAL_ERROR
2026-08-03T19:15:21.538Z LH:status Auditing: The page has a logical tab order
2026-08-03T19:15:21.538Z LH:logical-tab-order:warn Caught exception: CHROME_INTERSTITIAL_ERROR
2026-08-03T19:15:21.538Z LH:status Auditing: The user's focus is directed to new content added to the page
2026-08-03T19:15:21.538Z LH:managed-focus:warn Caught exception: CHROME_INTERSTITIAL_ERROR
2026-08-03T19:15:21.538Z LH:status Auditing: Offscreen content is hidden from assistive technology
2026-08-03T19:15:21.538Z LH:offscreen-content-hidden:warn Caught exception: CHROME_INTERSTITIAL_ERROR
2026-08-03T19:15:21.538Z LH:status Auditing: HTML5 landmark elements are used to improve navigation
2026-08-03T19:15:21.538Z LH:use-landmarks:warn Caught exception: CHROME_INTERSTITIAL_ERROR
2026-08-03T19:15:21.538Z LH:status Auditing: Visual order on the page follows DOM order
2026-08-03T19:15:21.538Z LH:visual-order-follows-dom:warn Caught exception: CHROME_INTERSTITIAL_ERROR
2026-08-03T19:15:21.539Z LH:status Auditing: `autocomplete` attributes are used correctly
2026-08-03T19:15:21.539Z LH:autocomplete-valid:warn Caught exception: CHROME_INTERSTITIAL_ERROR
2026-08-03T19:15:21.539Z LH:status Auditing: Elements with `role="none"` or `role="presentation"` do not have conflicts
2026-08-03T19:15:21.539Z LH:presentation-role-conflict:warn Caught exception: CHROME_INTERSTITIAL_ERROR
2026-08-03T19:15:21.540Z LH:status Auditing: SVG elements with an `img` role have an accessible text alternative
2026-08-03T19:15:21.540Z LH:svg-img-alt:warn Caught exception: CHROME_INTERSTITIAL_ERROR
2026-08-03T19:15:21.540Z LH:status Auditing: Avoids enormous network payloads
2026-08-03T19:15:21.540Z LH:total-byte-weight:warn Caught exception: CHROME_INTERSTITIAL_ERROR
2026-08-03T19:15:21.540Z LH:status Auditing: Minify CSS
2026-08-03T19:15:21.541Z LH:unminified-css:warn Caught exception: CHROME_INTERSTITIAL_ERROR
2026-08-03T19:15:21.541Z LH:status Auditing: Minify JavaScript
2026-08-03T19:15:21.541Z LH:unminified-javascript:warn Caught exception: CHROME_INTERSTITIAL_ERROR
2026-08-03T19:15:21.541Z LH:status Auditing: Reduce unused CSS
2026-08-03T19:15:21.541Z LH:unused-css-rules:warn Caught exception: CHROME_INTERSTITIAL_ERROR
2026-08-03T19:15:21.541Z LH:status Auditing: Reduce unused JavaScript
2026-08-03T19:15:21.542Z LH:unused-javascript:warn Caught exception: CHROME_INTERSTITIAL_ERROR
2026-08-03T19:15:21.542Z LH:status Auditing: Page has the HTML doctype
2026-08-03T19:15:21.542Z LH:doctype:warn Caught exception: CHROME_INTERSTITIAL_ERROR
2026-08-03T19:15:21.542Z LH:status Auditing: Properly defines charset
2026-08-03T19:15:21.542Z LH:charset:warn Caught exception: CHROME_INTERSTITIAL_ERROR
2026-08-03T19:15:21.543Z LH:status Auditing: Avoids requesting the geolocation permission on page load
2026-08-03T19:15:21.543Z LH:geolocation-on-start:warn Caught exception: CHROME_INTERSTITIAL_ERROR
2026-08-03T19:15:21.543Z LH:status Auditing: No issues in the `Issues` panel in Chrome Devtools
2026-08-03T19:15:21.543Z LH:inspector-issues:warn Caught exception: CHROME_INTERSTITIAL_ERROR
2026-08-03T19:15:21.544Z LH:status Auditing: Detected JavaScript libraries
2026-08-03T19:15:21.544Z LH:js-libraries:warn Caught exception: CHROME_INTERSTITIAL_ERROR
2026-08-03T19:15:21.544Z LH:status Auditing: Avoids requesting the notification permission on page load
2026-08-03T19:15:21.544Z LH:notification-on-start:warn Caught exception: CHROME_INTERSTITIAL_ERROR
2026-08-03T19:15:21.545Z LH:status Auditing: Allows users to paste into input fields
2026-08-03T19:15:21.545Z LH:paste-preventing-inputs:warn Caught exception: CHROME_INTERSTITIAL_ERROR
2026-08-03T19:15:21.545Z LH:status Auditing: Baseline Features
2026-08-03T19:15:21.545Z LH:baseline:warn Caught exception: CHROME_INTERSTITIAL_ERROR
2026-08-03T19:15:21.546Z LH:status Auditing: Document has a meta description
2026-08-03T19:15:21.546Z LH:meta-description:warn Caught exception: CHROME_INTERSTITIAL_ERROR
2026-08-03T19:15:21.546Z LH:status Auditing: Page has successful HTTP status code
2026-08-03T19:15:21.547Z LH:http-status-code:warn Caught exception: CHROME_INTERSTITIAL_ERROR
2026-08-03T19:15:21.547Z LH:status Auditing: Links have descriptive text
2026-08-03T19:15:21.547Z LH:link-text:warn Caught exception: CHROME_INTERSTITIAL_ERROR
2026-08-03T19:15:21.547Z LH:status Auditing: Links are crawlable
2026-08-03T19:15:21.547Z LH:crawlable-anchors:warn Caught exception: CHROME_INTERSTITIAL_ERROR
2026-08-03T19:15:21.548Z LH:status Auditing: Page isn’t blocked from indexing
2026-08-03T19:15:21.548Z LH:is-crawlable:warn Caught exception: CHROME_INTERSTITIAL_ERROR
2026-08-03T19:15:21.548Z LH:status Auditing: robots.txt is valid
2026-08-03T19:15:21.548Z LH:robots-txt:warn Caught exception: CHROME_INTERSTITIAL_ERROR
2026-08-03T19:15:21.549Z LH:status Auditing: Document has a valid `hreflang`
2026-08-03T19:15:21.549Z LH:hreflang:warn Caught exception: CHROME_INTERSTITIAL_ERROR
2026-08-03T19:15:21.549Z LH:status Auditing: Document has a valid `rel=canonical`
2026-08-03T19:15:21.549Z LH:canonical:warn Caught exception: CHROME_INTERSTITIAL_ERROR
2026-08-03T19:15:21.550Z LH:status Auditing: Structured data is valid
2026-08-03T19:15:21.550Z LH:structured-data:warn Caught exception: CHROME_INTERSTITIAL_ERROR
2026-08-03T19:15:21.550Z LH:status Auditing: Page didn't prevent back/forward cache restoration
2026-08-03T19:15:21.550Z LH:bf-cache:warn Caught exception: CHROME_INTERSTITIAL_ERROR
2026-08-03T19:15:21.550Z LH:status Auditing: Use efficient cache lifetimes
2026-08-03T19:15:21.551Z LH:cache-insight:warn Caught exception: CHROME_INTERSTITIAL_ERROR
2026-08-03T19:15:21.551Z LH:status Auditing: Layout shift culprits
2026-08-03T19:15:21.551Z LH:cls-culprits-insight:warn Caught exception: CHROME_INTERSTITIAL_ERROR
2026-08-03T19:15:21.552Z LH:status Auditing: Document request latency
2026-08-03T19:15:21.552Z LH:document-latency-insight:warn Caught exception: CHROME_INTERSTITIAL_ERROR
2026-08-03T19:15:21.552Z LH:status Auditing: Optimize DOM size
2026-08-03T19:15:21.552Z LH:dom-size-insight:warn Caught exception: CHROME_INTERSTITIAL_ERROR
2026-08-03T19:15:21.553Z LH:status Auditing: Duplicated JavaScript
2026-08-03T19:15:21.553Z LH:duplicated-javascript-insight:warn Caught exception: CHROME_INTERSTITIAL_ERROR
2026-08-03T19:15:21.553Z LH:status Auditing: Font display
2026-08-03T19:15:21.553Z LH:font-display-insight:warn Caught exception: CHROME_INTERSTITIAL_ERROR
2026-08-03T19:15:21.554Z LH:status Auditing: Forced reflow
2026-08-03T19:15:21.554Z LH:forced-reflow-insight:warn Caught exception: CHROME_INTERSTITIAL_ERROR
2026-08-03T19:15:21.554Z LH:status Auditing: Improve image delivery
2026-08-03T19:15:21.554Z LH:image-delivery-insight:warn Caught exception: CHROME_INTERSTITIAL_ERROR
2026-08-03T19:15:21.554Z LH:status Auditing: INP breakdown
2026-08-03T19:15:21.554Z LH:inp-breakdown-insight:warn Caught exception: CHROME_INTERSTITIAL_ERROR
2026-08-03T19:15:21.555Z LH:status Auditing: LCP breakdown
2026-08-03T19:15:21.555Z LH:lcp-breakdown-insight:warn Caught exception: CHROME_INTERSTITIAL_ERROR
2026-08-03T19:15:21.555Z LH:status Auditing: LCP request discovery
2026-08-03T19:15:21.555Z LH:lcp-discovery-insight:warn Caught exception: CHROME_INTERSTITIAL_ERROR
2026-08-03T19:15:21.556Z LH:status Auditing: Legacy JavaScript
2026-08-03T19:15:21.556Z LH:legacy-javascript-insight:warn Caught exception: CHROME_INTERSTITIAL_ERROR
2026-08-03T19:15:21.556Z LH:status Auditing: Modern HTTP
2026-08-03T19:15:21.556Z LH:modern-http-insight:warn Caught exception: CHROME_INTERSTITIAL_ERROR
2026-08-03T19:15:21.556Z LH:status Auditing: Network dependency tree
2026-08-03T19:15:21.557Z LH:network-dependency-tree-insight:warn Caught exception: CHROME_INTERSTITIAL_ERROR
2026-08-03T19:15:21.557Z LH:status Auditing: Render-blocking requests
2026-08-03T19:15:21.557Z LH:render-blocking-insight:warn Caught exception: CHROME_INTERSTITIAL_ERROR
2026-08-03T19:15:21.557Z LH:status Auditing: 3rd parties
2026-08-03T19:15:21.557Z LH:third-parties-insight:warn Caught exception: CHROME_INTERSTITIAL_ERROR
2026-08-03T19:15:21.558Z LH:status Auditing: Optimize viewport for mobile
2026-08-03T19:15:21.558Z LH:viewport-insight:warn Caught exception: CHROME_INTERSTITIAL_ERROR
2026-08-03T19:15:21.558Z LH:status Generating results...
2026-08-03T19:15:21.581Z LH:Printer json output written to /home/mihai/ROVEXO/docs/releases/rc6/evidence/login-perf/AFTER2-login-mobile.report.json
2026-08-03T19:15:21.583Z LH:Printer html output written to /home/mihai/ROVEXO/docs/releases/rc6/evidence/login-perf/AFTER2-login-mobile.report.html
2026-08-03T19:15:21.583Z LH:CLI Protip: Run lighthouse with `--view` to immediately open the HTML report in your browser
Runtime error encountered: Chrome prevented page load with an interstitial. Make sure you are testing the correct URL and that the server is properly responding to all requests.
