npm warn Unknown env config "devdir". This will stop working in the next major version of npm. See `npm help npmrc` for supported config options.
2026-08-03T19:20:15.250Z LH:ChromeLauncher Found existing Chrome already running using port 9232, using that.
2026-08-03T19:20:15.563Z LH:status Connecting to browser
2026-08-03T19:20:15.568Z LH:status Navigating to about:blank
2026-08-03T19:20:15.577Z LH:status Benchmarking machine
2026-08-03T19:20:16.581Z LH:status Host device pixel ratio
2026-08-03T19:20:16.583Z LH:status Preparing target for navigation mode
2026-08-03T19:20:16.595Z LH:status Preparing network conditions
2026-08-03T19:20:16.643Z LH:status Navigating to http://127.0.0.1:3000/login
2026-08-03T19:20:19.312Z LH:status Getting artifact: DevtoolsLog
2026-08-03T19:20:19.313Z LH:status Getting artifact: Trace
2026-08-03T19:20:19.313Z LH:status Getting artifact: Accessibility
2026-08-03T19:20:19.451Z LH:status Getting artifact: AnchorElements
2026-08-03T19:20:19.460Z LH:status Getting artifact: ConsoleMessages
2026-08-03T19:20:19.461Z LH:status Getting artifact: CSSUsage
2026-08-03T19:20:19.558Z LH:status Getting artifact: Doctype
2026-08-03T19:20:19.559Z LH:status Getting artifact: Inputs
2026-08-03T19:20:19.563Z LH:status Getting artifact: ImageElements
2026-08-03T19:20:19.621Z LH:status Getting artifact: InspectorIssues
2026-08-03T19:20:19.621Z LH:status Getting artifact: JsUsage
2026-08-03T19:20:19.622Z LH:status Getting artifact: LinkElements
2026-08-03T19:20:19.626Z LH:status Getting artifact: MainDocumentContent
2026-08-03T19:20:19.629Z LH:status Getting artifact: MetaElements
2026-08-03T19:20:19.631Z LH:status Getting artifact: NetworkUserAgent
2026-08-03T19:20:19.632Z LH:status Getting artifact: RobotsTxt
2026-08-03T19:20:19.639Z LH:status Getting artifact: Scripts
2026-08-03T19:20:19.640Z LH:status Getting artifact: SourceMaps
2026-08-03T19:20:19.640Z LH:status Getting artifact: Stacks
2026-08-03T19:20:19.640Z LH:status Collect stacks
2026-08-03T19:20:19.647Z LH:status Getting artifact: Stylesheets
2026-08-03T19:20:19.664Z LH:status Getting artifact: TraceElements
2026-08-03T19:20:19.672Z LH:status Trace Engine total
2026-08-03T19:20:19.672Z LH:status Trace Engine parse
2026-08-03T19:20:19.673Z LH:status Trace Engine parse:handleEvent
2026-08-03T19:20:19.706Z LH:status Trace Engine parse:Meta:finalize
2026-08-03T19:20:19.708Z LH:status Trace Engine parse:AnimationFrames:finalize
2026-08-03T19:20:19.709Z LH:status Trace Engine parse:Animations:finalize
2026-08-03T19:20:19.711Z LH:status Trace Engine parse:Samples:finalize
2026-08-03T19:20:19.712Z LH:status Trace Engine parse:AuctionWorklets:finalize
2026-08-03T19:20:19.713Z LH:status Trace Engine parse:NetworkRequests:finalize
2026-08-03T19:20:19.716Z LH:status Trace Engine parse:Renderer:finalize
2026-08-03T19:20:19.720Z LH:status Trace Engine parse:Flows:finalize
2026-08-03T19:20:19.723Z LH:status Trace Engine parse:AsyncJSCalls:finalize
2026-08-03T19:20:19.724Z LH:status Trace Engine parse:DOMStats:finalize
2026-08-03T19:20:19.725Z LH:status Trace Engine parse:UserTimings:finalize
2026-08-03T19:20:19.727Z LH:status Trace Engine parse:ExtensionTraceData:finalize
2026-08-03T19:20:19.728Z LH:status Trace Engine parse:LayerTree:finalize
2026-08-03T19:20:19.729Z LH:status Trace Engine parse:Frames:finalize
2026-08-03T19:20:19.732Z LH:status Trace Engine parse:GPU:finalize
2026-08-03T19:20:19.734Z LH:status Trace Engine parse:ImagePainting:finalize
2026-08-03T19:20:19.735Z LH:status Trace Engine parse:Initiators:finalize
2026-08-03T19:20:19.736Z LH:status Trace Engine parse:Invalidations:finalize
2026-08-03T19:20:19.737Z LH:status Trace Engine parse:PageLoadMetrics:finalize
2026-08-03T19:20:19.739Z LH:status Trace Engine parse:LargestImagePaint:finalize
2026-08-03T19:20:19.740Z LH:status Trace Engine parse:LargestTextPaint:finalize
2026-08-03T19:20:19.742Z LH:status Trace Engine parse:Screenshots:finalize
2026-08-03T19:20:19.744Z LH:status Trace Engine parse:LayoutShifts:finalize
2026-08-03T19:20:19.745Z LH:status Trace Engine parse:Memory:finalize
2026-08-03T19:20:19.746Z LH:status Trace Engine parse:PageFrames:finalize
2026-08-03T19:20:19.748Z LH:status Trace Engine parse:Scripts:finalize
2026-08-03T19:20:19.749Z LH:status Trace Engine parse:SelectorStats:finalize
2026-08-03T19:20:19.750Z LH:status Trace Engine parse:UserInteractions:finalize
2026-08-03T19:20:19.752Z LH:status Trace Engine parse:Workers:finalize
2026-08-03T19:20:19.753Z LH:status Trace Engine parse:Warnings:finalize
2026-08-03T19:20:19.754Z LH:status Trace Engine parse:handler.data()
2026-08-03T19:20:19.755Z LH:status Trace Engine insights
2026-08-03T19:20:19.755Z LH:status Trace Engine insights:CLSCulprits
2026-08-03T19:20:19.755Z LH:status Trace Engine insights:Cache
2026-08-03T19:20:19.756Z LH:status Trace Engine insights:CharacterSet
2026-08-03T19:20:19.756Z LH:status Trace Engine insights:DOMSize
2026-08-03T19:20:19.756Z LH:status Trace Engine insights:DocumentLatency
2026-08-03T19:20:19.756Z LH:status Trace Engine insights:DuplicatedJavaScript
2026-08-03T19:20:19.757Z LH:status Trace Engine insights:FontDisplay
2026-08-03T19:20:19.757Z LH:status Trace Engine insights:ForcedReflow
2026-08-03T19:20:19.757Z LH:status Trace Engine insights:INPBreakdown
2026-08-03T19:20:19.757Z LH:status Trace Engine insights:ImageDelivery
2026-08-03T19:20:19.757Z LH:status Trace Engine insights:LCPBreakdown
2026-08-03T19:20:19.757Z LH:status Trace Engine insights:LCPDiscovery
2026-08-03T19:20:19.758Z LH:status Trace Engine insights:LegacyJavaScript
2026-08-03T19:20:19.758Z LH:status Trace Engine insights:ModernHTTP
2026-08-03T19:20:19.758Z LH:status Trace Engine insights:NetworkDependencyTree
2026-08-03T19:20:19.758Z LH:status Trace Engine insights:RenderBlocking
2026-08-03T19:20:19.758Z LH:status Trace Engine insights:SlowCSSSelector
2026-08-03T19:20:19.758Z LH:status Trace Engine insights:ThirdParties
2026-08-03T19:20:19.759Z LH:status Trace Engine insights:Viewport
2026-08-03T19:20:19.760Z LH:status Trace Engine insights:createLanternContext
2026-08-03T19:20:19.773Z LH:status Trace Engine insights:CLSCulprits
2026-08-03T19:20:19.774Z LH:status Trace Engine insights:Cache
2026-08-03T19:20:19.774Z LH:status Trace Engine insights:CharacterSet
2026-08-03T19:20:19.774Z LH:status Trace Engine insights:DOMSize
2026-08-03T19:20:19.774Z LH:status Trace Engine insights:DocumentLatency
2026-08-03T19:20:19.775Z LH:status Trace Engine insights:DuplicatedJavaScript
2026-08-03T19:20:19.775Z LH:status Trace Engine insights:FontDisplay
2026-08-03T19:20:19.775Z LH:status Trace Engine insights:ForcedReflow
2026-08-03T19:20:19.775Z LH:status Trace Engine insights:INPBreakdown
2026-08-03T19:20:19.775Z LH:status Trace Engine insights:ImageDelivery
2026-08-03T19:20:19.777Z LH:status Trace Engine insights:LCPBreakdown
2026-08-03T19:20:19.777Z LH:status Trace Engine insights:LCPDiscovery
2026-08-03T19:20:19.777Z LH:status Trace Engine insights:LegacyJavaScript
2026-08-03T19:20:19.812Z LH:status Trace Engine insights:ModernHTTP
2026-08-03T19:20:19.813Z LH:status Trace Engine insights:NetworkDependencyTree
2026-08-03T19:20:19.815Z LH:status Trace Engine insights:RenderBlocking
2026-08-03T19:20:19.815Z LH:status Trace Engine insights:SlowCSSSelector
2026-08-03T19:20:19.815Z LH:status Trace Engine insights:ThirdParties
2026-08-03T19:20:19.818Z LH:status Trace Engine insights:Viewport
2026-08-03T19:20:19.843Z LH:status Getting artifact: ViewportDimensions
2026-08-03T19:20:19.844Z LH:status Getting artifact: FullPageScreenshot
2026-08-03T19:20:20.942Z LH:status Getting artifact: BFCacheFailures
2026-08-03T19:20:21.184Z LH:status Analyzing and running audits...
2026-08-03T19:20:21.184Z LH:status Auditing: Uses HTTPS
2026-08-03T19:20:21.185Z LH:status Auditing: Redirects HTTP traffic to HTTPS
2026-08-03T19:20:21.186Z LH:status Auditing: First Contentful Paint
2026-08-03T19:20:21.190Z LH:status Auditing: Largest Contentful Paint
2026-08-03T19:20:21.192Z LH:status Auditing: Speed Index
2026-08-03T19:20:21.218Z LH:status Auditing: Screenshot Thumbnails
2026-08-03T19:20:21.218Z LH:status Auditing: Final Screenshot
2026-08-03T19:20:21.219Z LH:status Auditing: Total Blocking Time
2026-08-03T19:20:21.220Z LH:status Auditing: Max Potential First Input Delay
2026-08-03T19:20:21.222Z LH:status Auditing: Cumulative Layout Shift
2026-08-03T19:20:21.223Z LH:status Auditing: No browser errors logged to the console
2026-08-03T19:20:21.224Z LH:status Auditing: Initial server response time was short
2026-08-03T19:20:21.225Z LH:status Auditing: Time to Interactive
2026-08-03T19:20:21.225Z LH:status Auditing: User Timing marks and measures
2026-08-03T19:20:21.226Z LH:status Auditing: Avoid multiple page redirects
2026-08-03T19:20:21.227Z LH:status Auditing: Displays images with correct aspect ratio
2026-08-03T19:20:21.228Z LH:status Auditing: Serves images with appropriate resolution
2026-08-03T19:20:21.228Z LH:status Auditing: Avoids deprecated APIs
2026-08-03T19:20:21.229Z LH:status Auditing: Avoids third-party cookies
2026-08-03T19:20:21.230Z LH:status Auditing: Minimizes main-thread work
2026-08-03T19:20:21.234Z LH:status Auditing: JavaScript execution time
2026-08-03T19:20:21.236Z LH:status Auditing: Diagnostics
2026-08-03T19:20:21.237Z LH:status Auditing: Network Requests
2026-08-03T19:20:21.239Z LH:status Auditing: Network Round Trip Times
2026-08-03T19:20:21.240Z LH:status Auditing: Server Backend Latencies
2026-08-03T19:20:21.240Z LH:status Auditing: Tasks
2026-08-03T19:20:21.240Z LH:status Auditing: Metrics
2026-08-03T19:20:21.242Z LH:status Auditing: Resources Summary
2026-08-03T19:20:21.243Z LH:status Auditing: Avoid large layout shifts
2026-08-03T19:20:21.244Z LH:status Auditing: Avoid long main-thread tasks
2026-08-03T19:20:21.245Z LH:status Auditing: Avoid non-composited animations
2026-08-03T19:20:21.246Z LH:status Auditing: Image elements have explicit `width` and `height`
2026-08-03T19:20:21.246Z LH:status Auditing: Page has valid source maps
2026-08-03T19:20:21.247Z LH:status Auditing: Ensure CSP is effective against XSS attacks
2026-08-03T19:20:21.249Z LH:status Auditing: Use a strong HSTS policy
2026-08-03T19:20:21.250Z LH:status Auditing: Ensure proper origin isolation with COOP
2026-08-03T19:20:21.250Z LH:status Auditing: Mitigate clickjacking with XFO or CSP
2026-08-03T19:20:21.251Z LH:status Auditing: Mitigate DOM-based XSS with Trusted Types
2026-08-03T19:20:21.251Z LH:status Auditing: Script Treemap Data
2026-08-03T19:20:21.264Z LH:status Auditing: `[accesskey]` values are unique
2026-08-03T19:20:21.265Z LH:status Auditing: `[aria-*]` attributes match their roles
2026-08-03T19:20:21.266Z LH:status Auditing: Uses ARIA roles only on compatible elements
2026-08-03T19:20:21.267Z LH:status Auditing: `button`, `link`, and `menuitem` elements have accessible names
2026-08-03T19:20:21.267Z LH:status Auditing: ARIA attributes are used as specified for the element's role
2026-08-03T19:20:21.269Z LH:status Auditing: Deprecated ARIA roles were not used
2026-08-03T19:20:21.270Z LH:status Auditing: Elements with `role="dialog"` or `role="alertdialog"` have accessible names.
2026-08-03T19:20:21.271Z LH:status Auditing: `[aria-hidden="true"]` is not present on the document `<body>`
2026-08-03T19:20:21.272Z LH:status Auditing: `[aria-hidden="true"]` elements do not contain focusable descendents
2026-08-03T19:20:21.273Z LH:status Auditing: ARIA input fields have accessible names
2026-08-03T19:20:21.274Z LH:status Auditing: ARIA `meter` elements have accessible names
2026-08-03T19:20:21.274Z LH:status Auditing: ARIA `progressbar` elements have accessible names
2026-08-03T19:20:21.275Z LH:status Auditing: Elements use only permitted ARIA attributes
2026-08-03T19:20:21.276Z LH:status Auditing: `[role]`s have all required `[aria-*]` attributes
2026-08-03T19:20:21.277Z LH:status Auditing: Elements with an ARIA `[role]` that require children to contain a specific `[role]` have all required children.
2026-08-03T19:20:21.278Z LH:status Auditing: `[role]`s are contained by their required parent element
2026-08-03T19:20:21.278Z LH:status Auditing: `[role]` values are valid
2026-08-03T19:20:21.279Z LH:status Auditing: Elements with the `role=text` attribute do not have focusable descendents.
2026-08-03T19:20:21.280Z LH:status Auditing: ARIA toggle fields have accessible names
2026-08-03T19:20:21.281Z LH:status Auditing: ARIA `tooltip` elements have accessible names
2026-08-03T19:20:21.281Z LH:status Auditing: ARIA `treeitem` elements have accessible names
2026-08-03T19:20:21.282Z LH:status Auditing: `[aria-*]` attributes have valid values
2026-08-03T19:20:21.287Z LH:status Auditing: `[aria-*]` attributes are valid and not misspelled
2026-08-03T19:20:21.289Z LH:status Auditing: Buttons have an accessible name
2026-08-03T19:20:21.290Z LH:status Auditing: The page contains a heading, skip link, or landmark region
2026-08-03T19:20:21.291Z LH:status Auditing: Background and foreground colors have a sufficient contrast ratio
2026-08-03T19:20:21.292Z LH:status Auditing: `<dl>`'s contain only properly-ordered `<dt>` and `<dd>` groups, `<script>`, `<template>` or `<div>` elements.
2026-08-03T19:20:21.293Z LH:status Auditing: Definition list items are wrapped in `<dl>` elements
2026-08-03T19:20:21.294Z LH:status Auditing: Document has a `<title>` element
2026-08-03T19:20:21.295Z LH:status Auditing: ARIA IDs are unique
2026-08-03T19:20:21.296Z LH:status Auditing: All heading elements contain content.
2026-08-03T19:20:21.297Z LH:status Auditing: No form fields have multiple labels
2026-08-03T19:20:21.298Z LH:status Auditing: `<frame>` or `<iframe>` elements have a title
2026-08-03T19:20:21.299Z LH:status Auditing: Heading elements appear in a sequentially-descending order
2026-08-03T19:20:21.299Z LH:status Auditing: `<html>` element has a `[lang]` attribute
2026-08-03T19:20:21.301Z LH:status Auditing: `<html>` element has a valid value for its `[lang]` attribute
2026-08-03T19:20:21.302Z LH:status Auditing: `<html>` element has an `[xml:lang]` attribute with the same base language as the `[lang]` attribute.
2026-08-03T19:20:21.302Z LH:status Auditing: Identical links have the same purpose.
2026-08-03T19:20:21.304Z LH:status Auditing: Image elements have `[alt]` attributes
2026-08-03T19:20:21.305Z LH:status Auditing: Image elements do not have `[alt]` attributes that are redundant text.
2026-08-03T19:20:21.306Z LH:status Auditing: Input buttons have discernible text.
2026-08-03T19:20:21.307Z LH:status Auditing: `<input type="image">` elements have `[alt]` text
2026-08-03T19:20:21.307Z LH:status Auditing: Elements with visible text labels have matching accessible names.
2026-08-03T19:20:21.309Z LH:status Auditing: Form elements have associated labels
2026-08-03T19:20:21.310Z LH:status Auditing: Document has a main landmark.
2026-08-03T19:20:21.311Z LH:status Auditing: Links have a discernible name
2026-08-03T19:20:21.312Z LH:status Auditing: Links are distinguishable without relying on color.
2026-08-03T19:20:21.313Z LH:status Auditing: Lists contain only `<li>` elements and script supporting elements (`<script>` and `<template>`).
2026-08-03T19:20:21.314Z LH:status Auditing: List items (`<li>`) are contained within `<ul>`, `<ol>` or `<menu>` parent elements
2026-08-03T19:20:21.315Z LH:status Auditing: The document does not use `<meta http-equiv="refresh">`
2026-08-03T19:20:21.315Z LH:status Auditing: `[user-scalable="no"]` is not used in the `<meta name="viewport">` element and the `[maximum-scale]` attribute is not less than 5.
2026-08-03T19:20:21.317Z LH:status Auditing: `<object>` elements have alternate text
2026-08-03T19:20:21.317Z LH:status Auditing: Select elements have associated label elements.
2026-08-03T19:20:21.318Z LH:status Auditing: Skip links are focusable.
2026-08-03T19:20:21.319Z LH:status Auditing: No element has a `[tabindex]` value greater than 0
2026-08-03T19:20:21.320Z LH:status Auditing: Tables have different content in the summary attribute and `<caption>`.
2026-08-03T19:20:21.321Z LH:status Auditing: Tables use `<caption>` instead of cells with the `[colspan]` attribute to indicate a caption.
2026-08-03T19:20:21.322Z LH:status Auditing: Touch targets have sufficient size and spacing.
2026-08-03T19:20:21.324Z LH:status Auditing: `<td>` elements in a large `<table>` have one or more table headers.
2026-08-03T19:20:21.325Z LH:status Auditing: Cells in a `<table>` element that use the `[headers]` attribute refer to table cells within the same table.
2026-08-03T19:20:21.326Z LH:status Auditing: `<th>` elements and elements with `[role="columnheader"/"rowheader"]` have data cells they describe.
2026-08-03T19:20:21.327Z LH:status Auditing: `[lang]` attributes have a valid value
2026-08-03T19:20:21.328Z LH:status Auditing: `<video>` elements contain a `<track>` element with `[kind="captions"]`
2026-08-03T19:20:21.329Z LH:status Auditing: Custom controls have associated labels
2026-08-03T19:20:21.329Z LH:status Auditing: Custom controls have ARIA roles
2026-08-03T19:20:21.329Z LH:status Auditing: User focus is not accidentally trapped in a region
2026-08-03T19:20:21.329Z LH:status Auditing: Interactive controls are keyboard focusable
2026-08-03T19:20:21.330Z LH:status Auditing: Interactive elements indicate their purpose and state
2026-08-03T19:20:21.330Z LH:status Auditing: The page has a logical tab order
2026-08-03T19:20:21.330Z LH:status Auditing: The user's focus is directed to new content added to the page
2026-08-03T19:20:21.330Z LH:status Auditing: Offscreen content is hidden from assistive technology
2026-08-03T19:20:21.330Z LH:status Auditing: HTML5 landmark elements are used to improve navigation
2026-08-03T19:20:21.330Z LH:status Auditing: Visual order on the page follows DOM order
2026-08-03T19:20:21.330Z LH:status Auditing: `autocomplete` attributes are used correctly
2026-08-03T19:20:21.331Z LH:status Auditing: Elements with `role="none"` or `role="presentation"` do not have conflicts
2026-08-03T19:20:21.332Z LH:status Auditing: SVG elements with an `img` role have an accessible text alternative
2026-08-03T19:20:21.342Z LH:status Auditing: Avoids enormous network payloads
2026-08-03T19:20:21.343Z LH:status Auditing: Minify CSS
2026-08-03T19:20:21.352Z LH:status Auditing: Minify JavaScript
2026-08-03T19:20:21.373Z LH:status Auditing: Reduce unused CSS
2026-08-03T19:20:21.375Z LH:status Auditing: Reduce unused JavaScript
2026-08-03T19:20:21.377Z LH:status Auditing: Page has the HTML doctype
2026-08-03T19:20:21.377Z LH:status Auditing: Properly defines charset
2026-08-03T19:20:21.378Z LH:status Auditing: Avoids requesting the geolocation permission on page load
2026-08-03T19:20:21.378Z LH:status Auditing: No issues in the `Issues` panel in Chrome Devtools
2026-08-03T19:20:21.379Z LH:status Auditing: Detected JavaScript libraries
2026-08-03T19:20:21.379Z LH:status Auditing: Avoids requesting the notification permission on page load
2026-08-03T19:20:21.380Z LH:status Auditing: Allows users to paste into input fields
2026-08-03T19:20:21.380Z LH:status Auditing: Baseline Features
2026-08-03T19:20:21.381Z LH:status Auditing: Document has a meta description
2026-08-03T19:20:21.382Z LH:status Auditing: Page has successful HTTP status code
2026-08-03T19:20:21.382Z LH:status Auditing: Links have descriptive text
2026-08-03T19:20:21.383Z LH:status Auditing: Links are crawlable
2026-08-03T19:20:21.383Z LH:status Auditing: Page isn’t blocked from indexing
2026-08-03T19:20:21.392Z LH:status Auditing: robots.txt is valid
2026-08-03T19:20:21.393Z LH:status Auditing: Document has a valid `hreflang`
2026-08-03T19:20:21.394Z LH:status Auditing: Document has a valid `rel=canonical`
2026-08-03T19:20:21.394Z LH:status Auditing: Structured data is valid
2026-08-03T19:20:21.395Z LH:status Auditing: Page didn't prevent back/forward cache restoration
2026-08-03T19:20:21.396Z LH:status Auditing: Use efficient cache lifetimes
2026-08-03T19:20:21.397Z LH:status Auditing: Layout shift culprits
2026-08-03T19:20:21.398Z LH:status Auditing: Document request latency
2026-08-03T19:20:21.398Z LH:status Auditing: Optimize DOM size
2026-08-03T19:20:21.399Z LH:status Auditing: Duplicated JavaScript
2026-08-03T19:20:21.400Z LH:status Auditing: Font display
2026-08-03T19:20:21.400Z LH:status Auditing: Forced reflow
2026-08-03T19:20:21.401Z LH:status Auditing: Improve image delivery
2026-08-03T19:20:21.402Z LH:status Auditing: INP breakdown
2026-08-03T19:20:21.403Z LH:status Auditing: LCP breakdown
2026-08-03T19:20:21.403Z LH:status Auditing: LCP request discovery
2026-08-03T19:20:21.404Z LH:status Auditing: Legacy JavaScript
2026-08-03T19:20:21.405Z LH:status Auditing: Modern HTTP
2026-08-03T19:20:21.405Z LH:status Auditing: Network dependency tree
2026-08-03T19:20:21.406Z LH:status Auditing: Render-blocking requests
2026-08-03T19:20:21.407Z LH:status Auditing: 3rd parties
2026-08-03T19:20:21.409Z LH:status Auditing: Optimize viewport for mobile
2026-08-03T19:20:21.410Z LH:status Generating results...
2026-08-03T19:20:21.426Z LH:Printer json output written to /home/mihai/ROVEXO/docs/releases/rc6/evidence/login-perf/FINAL-login-desktop.report.json
2026-08-03T19:20:21.427Z LH:Printer html output written to /home/mihai/ROVEXO/docs/releases/rc6/evidence/login-perf/FINAL-login-desktop.report.html
2026-08-03T19:20:21.427Z LH:CLI Protip: Run lighthouse with `--view` to immediately open the HTML report in your browser
