[ensure-e2e-env] OK — Playwright certification secrets present (service_role mode)
[ensure-e2e-env] OK — public Supabase credentials present
[playwright] Installing Playwright ffmpeg (best-effort)…
npm warn Unknown env config "devdir". This will stop working in the next major version of npm. See `npm help npmrc` for supported config options.
[playwright] Vercel Chromium ready: /tmp/chromium
npm warn Unknown env config "devdir". This will stop working in the next major version of npm. See `npm help npmrc` for supported config options.
Error: Cannot find module 'json:docs/releases/rc1/evidence/infra-001/pw-report.json'
Require stack:
- /home/mihai/ROVEXO/node_modules/.pnpm/playwright@1.61.0/node_modules/playwright/lib/cli/testActions.js
- /home/mihai/ROVEXO/node_modules/.pnpm/playwright@1.61.0/node_modules/playwright/lib/program.js
- /home/mihai/ROVEXO/node_modules/.pnpm/@playwright+test@1.61.0/node_modules/@playwright/test/cli.js
    at Module._resolveFilename (node:internal/modules/cjs/loader:1517:15)
    at wrapResolveFilename (node:internal/modules/cjs/loader:1071:27)
    at resolveForCJSWithHooks (node:internal/modules/cjs/loader:1122:12)
    at require.resolve (node:internal/modules/helpers:171:31)
    at resolveReporter (/home/mihai/ROVEXO/node_modules/.pnpm/playwright@1.61.0/node_modules/playwright/lib/cli/testActions.js:206:18)
    at /home/mihai/ROVEXO/node_modules/.pnpm/playwright@1.61.0/node_modules/playwright/lib/cli/testActions.js:167:42
    at Array.map (<anonymous>)
    at resolveReporterOption (/home/mihai/ROVEXO/node_modules/.pnpm/playwright@1.61.0/node_modules/playwright/lib/cli/testActions.js:167:30)
    at overridesFromOptions (/home/mihai/ROVEXO/node_modules/.pnpm/playwright@1.61.0/node_modules/playwright/lib/cli/testActions.js:130:15)
    at runTests (/home/mihai/ROVEXO/node_modules/.pnpm/playwright@1.61.0/node_modules/playwright/lib/cli/testActions.js:44:24) {
  code: 'MODULE_NOT_FOUND',
  requireStack: [
    '/home/mihai/ROVEXO/node_modules/.pnpm/playwright@1.61.0/node_modules/playwright/lib/cli/testActions.js',
    '/home/mihai/ROVEXO/node_modules/.pnpm/playwright@1.61.0/node_modules/playwright/lib/program.js',
    '/home/mihai/ROVEXO/node_modules/.pnpm/@playwright+test@1.61.0/node_modules/@playwright/test/cli.js'
  ]
}
