npm warn Unknown env config "devdir". This will stop working in the next major version of npm. See `npm help npmrc` for supported config options.
2026-08-03T19:45:18.088Z LH:ChromeLauncher Found existing Chrome already running using port 9333, using that.
2026-08-03T19:45:18.544Z LH:status Connecting to browser
2026-08-03T19:45:18.549Z LH:status Navigating to about:blank
2026-08-03T19:45:18.555Z LH:status Benchmarking machine
2026-08-03T19:45:19.562Z LH:status Host device pixel ratio
2026-08-03T19:45:19.563Z LH:status Preparing target for navigation mode
2026-08-03T19:45:19.573Z LH:status Cleaning origin data
2026-08-03T19:45:19.575Z LH:status Cleaning browser cache
2026-08-03T19:45:19.590Z LH:status Preparing network conditions
2026-08-03T19:45:19.622Z LH:status Navigating to http://127.0.0.1:3001/login
2026-08-03T19:45:22.291Z LH:status Getting artifact: DevtoolsLog
2026-08-03T19:45:22.291Z LH:status Getting artifact: Trace
2026-08-03T19:45:22.291Z LH:status Getting artifact: Accessibility
2026-08-03T19:45:22.423Z LH:status Getting artifact: AnchorElements
2026-08-03T19:45:22.432Z LH:status Getting artifact: ConsoleMessages
2026-08-03T19:45:22.432Z LH:status Getting artifact: CSSUsage
2026-08-03T19:45:22.538Z LH:status Getting artifact: Doctype
2026-08-03T19:45:22.539Z LH:status Getting artifact: Inputs
2026-08-03T19:45:22.543Z LH:status Getting artifact: ImageElements
2026-08-03T19:45:22.606Z LH:status Getting artifact: InspectorIssues
2026-08-03T19:45:22.606Z LH:status Getting artifact: JsUsage
2026-08-03T19:45:22.606Z LH:status Getting artifact: LinkElements
2026-08-03T19:45:22.610Z LH:status Getting artifact: MainDocumentContent
2026-08-03T19:45:22.612Z LH:status Getting artifact: MetaElements
2026-08-03T19:45:22.616Z LH:status Getting artifact: NetworkUserAgent
2026-08-03T19:45:22.616Z LH:status Getting artifact: RobotsTxt
2026-08-03T19:45:22.627Z LH:status Getting artifact: Scripts
2026-08-03T19:45:22.627Z LH:status Getting artifact: SourceMaps
2026-08-03T19:45:22.627Z LH:status Getting artifact: Stacks
2026-08-03T19:45:22.627Z LH:status Collect stacks
2026-08-03T19:45:22.634Z LH:status Getting artifact: Stylesheets
2026-08-03T19:45:22.652Z LH:status Getting artifact: TraceElements
2026-08-03T19:45:22.661Z LH:status Trace Engine total
2026-08-03T19:45:22.661Z LH:status Trace Engine parse
2026-08-03T19:45:22.662Z LH:status Trace Engine parse:handleEvent
2026-08-03T19:45:22.696Z LH:status Trace Engine parse:Meta:finalize
2026-08-03T19:45:22.698Z LH:status Trace Engine parse:AnimationFrames:finalize
2026-08-03T19:45:22.699Z LH:status Trace Engine parse:Animations:finalize
2026-08-03T19:45:22.700Z LH:status Trace Engine parse:Samples:finalize
2026-08-03T19:45:22.702Z LH:status Trace Engine parse:AuctionWorklets:finalize
2026-08-03T19:45:22.703Z LH:status Trace Engine parse:NetworkRequests:finalize
2026-08-03T19:45:22.706Z LH:status Trace Engine parse:Renderer:finalize
2026-08-03T19:45:22.710Z LH:status Trace Engine parse:Flows:finalize
2026-08-03T19:45:22.713Z LH:status Trace Engine parse:AsyncJSCalls:finalize
2026-08-03T19:45:22.714Z LH:status Trace Engine parse:DOMStats:finalize
2026-08-03T19:45:22.716Z LH:status Trace Engine parse:UserTimings:finalize
2026-08-03T19:45:22.717Z LH:status Trace Engine parse:ExtensionTraceData:finalize
2026-08-03T19:45:22.719Z LH:status Trace Engine parse:LayerTree:finalize
2026-08-03T19:45:22.720Z LH:status Trace Engine parse:Frames:finalize
2026-08-03T19:45:22.723Z LH:status Trace Engine parse:GPU:finalize
2026-08-03T19:45:22.724Z LH:status Trace Engine parse:ImagePainting:finalize
2026-08-03T19:45:22.726Z LH:status Trace Engine parse:Initiators:finalize
2026-08-03T19:45:22.727Z LH:status Trace Engine parse:Invalidations:finalize
2026-08-03T19:45:22.728Z LH:status Trace Engine parse:PageLoadMetrics:finalize
2026-08-03T19:45:22.730Z LH:status Trace Engine parse:LargestImagePaint:finalize
2026-08-03T19:45:22.731Z LH:status Trace Engine parse:LargestTextPaint:finalize
2026-08-03T19:45:22.733Z LH:status Trace Engine parse:Screenshots:finalize
2026-08-03T19:45:22.735Z LH:status Trace Engine parse:LayoutShifts:finalize
2026-08-03T19:45:22.736Z LH:status Trace Engine parse:Memory:finalize
2026-08-03T19:45:22.738Z LH:status Trace Engine parse:PageFrames:finalize
2026-08-03T19:45:22.739Z LH:status Trace Engine parse:Scripts:finalize
2026-08-03T19:45:22.740Z LH:status Trace Engine parse:SelectorStats:finalize
2026-08-03T19:45:22.742Z LH:status Trace Engine parse:UserInteractions:finalize
2026-08-03T19:45:22.743Z LH:status Trace Engine parse:Workers:finalize
2026-08-03T19:45:22.745Z LH:status Trace Engine parse:Warnings:finalize
2026-08-03T19:45:22.745Z LH:status Trace Engine parse:handler.data()
2026-08-03T19:45:22.745Z LH:status Trace Engine insights
2026-08-03T19:45:22.746Z LH:status Trace Engine insights:CLSCulprits
2026-08-03T19:45:22.746Z LH:status Trace Engine insights:Cache
2026-08-03T19:45:22.746Z LH:status Trace Engine insights:CharacterSet
2026-08-03T19:45:22.747Z LH:status Trace Engine insights:DOMSize
2026-08-03T19:45:22.747Z LH:status Trace Engine insights:DocumentLatency
2026-08-03T19:45:22.747Z LH:status Trace Engine insights:DuplicatedJavaScript
2026-08-03T19:45:22.748Z LH:status Trace Engine insights:FontDisplay
2026-08-03T19:45:22.748Z LH:status Trace Engine insights:ForcedReflow
2026-08-03T19:45:22.748Z LH:status Trace Engine insights:INPBreakdown
2026-08-03T19:45:22.748Z LH:status Trace Engine insights:ImageDelivery
2026-08-03T19:45:22.749Z LH:status Trace Engine insights:LCPBreakdown
2026-08-03T19:45:22.749Z LH:status Trace Engine insights:LCPDiscovery
2026-08-03T19:45:22.749Z LH:status Trace Engine insights:LegacyJavaScript
2026-08-03T19:45:22.749Z LH:status Trace Engine insights:ModernHTTP
2026-08-03T19:45:22.749Z LH:status Trace Engine insights:NetworkDependencyTree
2026-08-03T19:45:22.750Z LH:status Trace Engine insights:RenderBlocking
2026-08-03T19:45:22.750Z LH:status Trace Engine insights:SlowCSSSelector
2026-08-03T19:45:22.750Z LH:status Trace Engine insights:ThirdParties
2026-08-03T19:45:22.751Z LH:status Trace Engine insights:Viewport
2026-08-03T19:45:22.751Z LH:status Trace Engine insights:createLanternContext
2026-08-03T19:45:22.769Z LH:status Trace Engine insights:CLSCulprits
2026-08-03T19:45:22.769Z LH:status Trace Engine insights:Cache
2026-08-03T19:45:22.770Z LH:status Trace Engine insights:CharacterSet
2026-08-03T19:45:22.770Z LH:status Trace Engine insights:DOMSize
2026-08-03T19:45:22.770Z LH:status Trace Engine insights:DocumentLatency
2026-08-03T19:45:22.770Z LH:status Trace Engine insights:DuplicatedJavaScript
2026-08-03T19:45:22.771Z LH:status Trace Engine insights:FontDisplay
2026-08-03T19:45:22.771Z LH:status Trace Engine insights:ForcedReflow
2026-08-03T19:45:22.771Z LH:status Trace Engine insights:INPBreakdown
2026-08-03T19:45:22.771Z LH:status Trace Engine insights:ImageDelivery
2026-08-03T19:45:22.772Z LH:status Trace Engine insights:LCPBreakdown
2026-08-03T19:45:22.773Z LH:status Trace Engine insights:LCPDiscovery
2026-08-03T19:45:22.773Z LH:status Trace Engine insights:LegacyJavaScript
2026-08-03T19:45:22.809Z LH:status Trace Engine insights:ModernHTTP
2026-08-03T19:45:22.811Z LH:status Trace Engine insights:NetworkDependencyTree
2026-08-03T19:45:22.812Z LH:status Trace Engine insights:RenderBlocking
2026-08-03T19:45:22.813Z LH:status Trace Engine insights:SlowCSSSelector
2026-08-03T19:45:22.813Z LH:status Trace Engine insights:ThirdParties
2026-08-03T19:45:22.816Z LH:status Trace Engine insights:Viewport
2026-08-03T19:45:22.843Z LH:status Getting artifact: ViewportDimensions
2026-08-03T19:45:22.844Z LH:status Getting artifact: FullPageScreenshot
2026-08-03T19:45:23.973Z LH:status Getting artifact: BFCacheFailures
2026-08-03T19:45:24.251Z LH:status Analyzing and running audits...
2026-08-03T19:45:24.252Z LH:status Auditing: Uses HTTPS
2026-08-03T19:45:24.253Z LH:status Auditing: Redirects HTTP traffic to HTTPS
2026-08-03T19:45:24.254Z LH:status Auditing: First Contentful Paint
2026-08-03T19:45:24.259Z LH:status Auditing: Largest Contentful Paint
2026-08-03T19:45:24.263Z LH:status Auditing: Speed Index
2026-08-03T19:45:24.287Z LH:status Auditing: Screenshot Thumbnails
2026-08-03T19:45:24.287Z LH:status Auditing: Final Screenshot
2026-08-03T19:45:24.288Z LH:status Auditing: Total Blocking Time
2026-08-03T19:45:24.290Z LH:status Auditing: Max Potential First Input Delay
2026-08-03T19:45:24.292Z LH:status Auditing: Cumulative Layout Shift
2026-08-03T19:45:24.292Z LH:status Auditing: No browser errors logged to the console
2026-08-03T19:45:24.293Z LH:status Auditing: Initial server response time was short
2026-08-03T19:45:24.294Z LH:status Auditing: Time to Interactive
2026-08-03T19:45:24.295Z LH:status Auditing: User Timing marks and measures
2026-08-03T19:45:24.296Z LH:status Auditing: Avoid multiple page redirects
2026-08-03T19:45:24.298Z LH:status Auditing: Displays images with correct aspect ratio
2026-08-03T19:45:24.299Z LH:status Auditing: Serves images with appropriate resolution
2026-08-03T19:45:24.300Z LH:status Auditing: Avoids deprecated APIs
2026-08-03T19:45:24.301Z LH:status Auditing: Avoids third-party cookies
2026-08-03T19:45:24.301Z LH:status Auditing: Minimizes main-thread work
2026-08-03T19:45:24.307Z LH:status Auditing: JavaScript execution time
2026-08-03T19:45:24.311Z LH:status Auditing: Diagnostics
2026-08-03T19:45:24.312Z LH:status Auditing: Network Requests
2026-08-03T19:45:24.314Z LH:status Auditing: Network Round Trip Times
2026-08-03T19:45:24.314Z LH:status Auditing: Server Backend Latencies
2026-08-03T19:45:24.315Z LH:status Auditing: Tasks
2026-08-03T19:45:24.315Z LH:status Auditing: Metrics
2026-08-03T19:45:24.317Z LH:status Auditing: Resources Summary
2026-08-03T19:45:24.318Z LH:status Auditing: Avoid large layout shifts
2026-08-03T19:45:24.319Z LH:status Auditing: Avoid long main-thread tasks
2026-08-03T19:45:24.323Z LH:status Auditing: Avoid non-composited animations
2026-08-03T19:45:24.323Z LH:status Auditing: Image elements have explicit `width` and `height`
2026-08-03T19:45:24.324Z LH:status Auditing: Page has valid source maps
2026-08-03T19:45:24.325Z LH:status Auditing: Ensure CSP is effective against XSS attacks
2026-08-03T19:45:24.328Z LH:status Auditing: Use a strong HSTS policy
2026-08-03T19:45:24.329Z LH:status Auditing: Ensure proper origin isolation with COOP
2026-08-03T19:45:24.329Z LH:status Auditing: Mitigate clickjacking with XFO or CSP
2026-08-03T19:45:24.330Z LH:status Auditing: Mitigate DOM-based XSS with Trusted Types
2026-08-03T19:45:24.330Z LH:status Auditing: Script Treemap Data
2026-08-03T19:45:24.344Z LH:status Auditing: `[accesskey]` values are unique
2026-08-03T19:45:24.345Z LH:status Auditing: `[aria-*]` attributes match their roles
2026-08-03T19:45:24.346Z LH:status Auditing: Uses ARIA roles only on compatible elements
2026-08-03T19:45:24.348Z LH:status Auditing: `button`, `link`, and `menuitem` elements have accessible names
2026-08-03T19:45:24.348Z LH:status Auditing: ARIA attributes are used as specified for the element's role
2026-08-03T19:45:24.349Z LH:status Auditing: Deprecated ARIA roles were not used
2026-08-03T19:45:24.351Z LH:status Auditing: Elements with `role="dialog"` or `role="alertdialog"` have accessible names.
2026-08-03T19:45:24.351Z LH:status Auditing: `[aria-hidden="true"]` is not present on the document `<body>`
2026-08-03T19:45:24.353Z LH:status Auditing: `[aria-hidden="true"]` elements do not contain focusable descendents
2026-08-03T19:45:24.354Z LH:status Auditing: ARIA input fields have accessible names
2026-08-03T19:45:24.355Z LH:status Auditing: ARIA `meter` elements have accessible names
2026-08-03T19:45:24.355Z LH:status Auditing: ARIA `progressbar` elements have accessible names
2026-08-03T19:45:24.356Z LH:status Auditing: Elements use only permitted ARIA attributes
2026-08-03T19:45:24.357Z LH:status Auditing: `[role]`s have all required `[aria-*]` attributes
2026-08-03T19:45:24.358Z LH:status Auditing: Elements with an ARIA `[role]` that require children to contain a specific `[role]` have all required children.
2026-08-03T19:45:24.359Z LH:status Auditing: `[role]`s are contained by their required parent element
2026-08-03T19:45:24.359Z LH:status Auditing: `[role]` values are valid
2026-08-03T19:45:24.361Z LH:status Auditing: Elements with the `role=text` attribute do not have focusable descendents.
2026-08-03T19:45:24.361Z LH:status Auditing: ARIA toggle fields have accessible names
2026-08-03T19:45:24.362Z LH:status Auditing: ARIA `tooltip` elements have accessible names
2026-08-03T19:45:24.362Z LH:status Auditing: ARIA `treeitem` elements have accessible names
2026-08-03T19:45:24.363Z LH:status Auditing: `[aria-*]` attributes have valid values
2026-08-03T19:45:24.365Z LH:status Auditing: `[aria-*]` attributes are valid and not misspelled
2026-08-03T19:45:24.366Z LH:status Auditing: Buttons have an accessible name
2026-08-03T19:45:24.367Z LH:status Auditing: The page contains a heading, skip link, or landmark region
2026-08-03T19:45:24.368Z LH:status Auditing: Background and foreground colors have a sufficient contrast ratio
2026-08-03T19:45:24.370Z LH:status Auditing: `<dl>`'s contain only properly-ordered `<dt>` and `<dd>` groups, `<script>`, `<template>` or `<div>` elements.
2026-08-03T19:45:24.370Z LH:status Auditing: Definition list items are wrapped in `<dl>` elements
2026-08-03T19:45:24.371Z LH:status Auditing: Document has a `<title>` element
2026-08-03T19:45:24.372Z LH:status Auditing: ARIA IDs are unique
2026-08-03T19:45:24.373Z LH:status Auditing: All heading elements contain content.
2026-08-03T19:45:24.374Z LH:status Auditing: No form fields have multiple labels
2026-08-03T19:45:24.375Z LH:status Auditing: `<frame>` or `<iframe>` elements have a title
2026-08-03T19:45:24.376Z LH:status Auditing: Heading elements appear in a sequentially-descending order
2026-08-03T19:45:24.377Z LH:status Auditing: `<html>` element has a `[lang]` attribute
2026-08-03T19:45:24.378Z LH:status Auditing: `<html>` element has a valid value for its `[lang]` attribute
2026-08-03T19:45:24.379Z LH:status Auditing: `<html>` element has an `[xml:lang]` attribute with the same base language as the `[lang]` attribute.
2026-08-03T19:45:24.384Z LH:status Auditing: Identical links have the same purpose.
2026-08-03T19:45:24.386Z LH:status Auditing: Image elements have `[alt]` attributes
2026-08-03T19:45:24.387Z LH:status Auditing: Image elements do not have `[alt]` attributes that are redundant text.
2026-08-03T19:45:24.389Z LH:status Auditing: Input buttons have discernible text.
2026-08-03T19:45:24.389Z LH:status Auditing: `<input type="image">` elements have `[alt]` text
2026-08-03T19:45:24.390Z LH:status Auditing: Elements with visible text labels have matching accessible names.
2026-08-03T19:45:24.391Z LH:status Auditing: Form elements have associated labels
2026-08-03T19:45:24.392Z LH:status Auditing: Document has a main landmark.
2026-08-03T19:45:24.394Z LH:status Auditing: Links have a discernible name
2026-08-03T19:45:24.395Z LH:status Auditing: Links are distinguishable without relying on color.
2026-08-03T19:45:24.396Z LH:status Auditing: Lists contain only `<li>` elements and script supporting elements (`<script>` and `<template>`).
2026-08-03T19:45:24.396Z LH:status Auditing: List items (`<li>`) are contained within `<ul>`, `<ol>` or `<menu>` parent elements
2026-08-03T19:45:24.397Z LH:status Auditing: The document does not use `<meta http-equiv="refresh">`
2026-08-03T19:45:24.398Z LH:status Auditing: `[user-scalable="no"]` is not used in the `<meta name="viewport">` element and the `[maximum-scale]` attribute is not less than 5.
2026-08-03T19:45:24.399Z LH:status Auditing: `<object>` elements have alternate text
2026-08-03T19:45:24.400Z LH:status Auditing: Select elements have associated label elements.
2026-08-03T19:45:24.401Z LH:status Auditing: Skip links are focusable.
2026-08-03T19:45:24.402Z LH:status Auditing: No element has a `[tabindex]` value greater than 0
2026-08-03T19:45:24.403Z LH:status Auditing: Tables have different content in the summary attribute and `<caption>`.
2026-08-03T19:45:24.404Z LH:status Auditing: Tables use `<caption>` instead of cells with the `[colspan]` attribute to indicate a caption.
2026-08-03T19:45:24.405Z LH:status Auditing: Touch targets have sufficient size and spacing.
2026-08-03T19:45:24.407Z LH:status Auditing: `<td>` elements in a large `<table>` have one or more table headers.
2026-08-03T19:45:24.408Z LH:status Auditing: Cells in a `<table>` element that use the `[headers]` attribute refer to table cells within the same table.
2026-08-03T19:45:24.409Z LH:status Auditing: `<th>` elements and elements with `[role="columnheader"/"rowheader"]` have data cells they describe.
2026-08-03T19:45:24.412Z LH:status Auditing: `[lang]` attributes have a valid value
2026-08-03T19:45:24.413Z LH:status Auditing: `<video>` elements contain a `<track>` element with `[kind="captions"]`
2026-08-03T19:45:24.414Z LH:status Auditing: Custom controls have associated labels
2026-08-03T19:45:24.414Z LH:status Auditing: Custom controls have ARIA roles
2026-08-03T19:45:24.415Z LH:status Auditing: User focus is not accidentally trapped in a region
2026-08-03T19:45:24.415Z LH:status Auditing: Interactive controls are keyboard focusable
2026-08-03T19:45:24.415Z LH:status Auditing: Interactive elements indicate their purpose and state
2026-08-03T19:45:24.415Z LH:status Auditing: The page has a logical tab order
2026-08-03T19:45:24.415Z LH:status Auditing: The user's focus is directed to new content added to the page
2026-08-03T19:45:24.415Z LH:status Auditing: Offscreen content is hidden from assistive technology
2026-08-03T19:45:24.415Z LH:status Auditing: HTML5 landmark elements are used to improve navigation
2026-08-03T19:45:24.415Z LH:status Auditing: Visual order on the page follows DOM order
2026-08-03T19:45:24.415Z LH:status Auditing: `autocomplete` attributes are used correctly
2026-08-03T19:45:24.416Z LH:status Auditing: Elements with `role="none"` or `role="presentation"` do not have conflicts
2026-08-03T19:45:24.418Z LH:status Auditing: SVG elements with an `img` role have an accessible text alternative
2026-08-03T19:45:24.419Z LH:status Auditing: Avoids enormous network payloads
2026-08-03T19:45:24.420Z LH:status Auditing: Minify CSS
2026-08-03T19:45:24.430Z LH:status Auditing: Minify JavaScript
2026-08-03T19:45:24.455Z LH:status Auditing: Reduce unused CSS
2026-08-03T19:45:24.458Z LH:status Auditing: Reduce unused JavaScript
2026-08-03T19:45:24.460Z LH:status Auditing: Page has the HTML doctype
2026-08-03T19:45:24.460Z LH:status Auditing: Properly defines charset
2026-08-03T19:45:24.461Z LH:status Auditing: Avoids requesting the geolocation permission on page load
2026-08-03T19:45:24.462Z LH:status Auditing: No issues in the `Issues` panel in Chrome Devtools
2026-08-03T19:45:24.462Z LH:status Auditing: Detected JavaScript libraries
2026-08-03T19:45:24.463Z LH:status Auditing: Avoids requesting the notification permission on page load
2026-08-03T19:45:24.463Z LH:status Auditing: Allows users to paste into input fields
2026-08-03T19:45:24.464Z LH:status Auditing: Baseline Features
2026-08-03T19:45:24.465Z LH:status Auditing: Document has a meta description
2026-08-03T19:45:24.466Z LH:status Auditing: Page has successful HTTP status code
2026-08-03T19:45:24.466Z LH:status Auditing: Links have descriptive text
2026-08-03T19:45:24.467Z LH:status Auditing: Links are crawlable
2026-08-03T19:45:24.468Z LH:status Auditing: Page isn’t blocked from indexing
2026-08-03T19:45:24.469Z LH:status Auditing: robots.txt is valid
2026-08-03T19:45:24.470Z LH:status Auditing: Document has a valid `hreflang`
2026-08-03T19:45:24.470Z LH:status Auditing: Document has a valid `rel=canonical`
2026-08-03T19:45:24.471Z LH:status Auditing: Structured data is valid
2026-08-03T19:45:24.471Z LH:status Auditing: Page didn't prevent back/forward cache restoration
2026-08-03T19:45:24.475Z LH:status Auditing: Use efficient cache lifetimes
2026-08-03T19:45:24.476Z LH:status Auditing: Layout shift culprits
2026-08-03T19:45:24.477Z LH:status Auditing: Document request latency
2026-08-03T19:45:24.477Z LH:status Auditing: Optimize DOM size
2026-08-03T19:45:24.478Z LH:status Auditing: Duplicated JavaScript
2026-08-03T19:45:24.479Z LH:status Auditing: Font display
2026-08-03T19:45:24.479Z LH:status Auditing: Forced reflow
2026-08-03T19:45:24.480Z LH:status Auditing: Improve image delivery
2026-08-03T19:45:24.481Z LH:status Auditing: INP breakdown
2026-08-03T19:45:24.481Z LH:status Auditing: LCP breakdown
2026-08-03T19:45:24.482Z LH:status Auditing: LCP request discovery
2026-08-03T19:45:24.483Z LH:status Auditing: Legacy JavaScript
2026-08-03T19:45:24.483Z LH:status Auditing: Modern HTTP
2026-08-03T19:45:24.484Z LH:status Auditing: Network dependency tree
2026-08-03T19:45:24.485Z LH:status Auditing: Render-blocking requests
2026-08-03T19:45:24.485Z LH:status Auditing: 3rd parties
2026-08-03T19:45:24.489Z LH:status Auditing: Optimize viewport for mobile
2026-08-03T19:45:24.489Z LH:status Generating results...
2026-08-03T19:45:24.509Z LH:Printer json output written to /home/mihai/ROVEXO/docs/releases/rc7/evidence/login-perf/AFTER-login-mobile.report.json
2026-08-03T19:45:24.510Z LH:Printer html output written to /home/mihai/ROVEXO/docs/releases/rc7/evidence/login-perf/AFTER-login-mobile.report.html
2026-08-03T19:45:24.510Z LH:CLI Protip: Run lighthouse with `--view` to immediately open the HTML report in your browser
