npm warn Unknown env config "devdir". This will stop working in the next major version of npm. See `npm help npmrc` for supported config options.
2026-08-03T19:27:59.635Z LH:ChromeLauncher Waiting for browser.
2026-08-03T19:27:59.636Z LH:ChromeLauncher Waiting for browser...
2026-08-03T19:28:00.154Z LH:ChromeLauncher Waiting for browser.....
2026-08-03T19:28:00.669Z LH:ChromeLauncher Waiting for browser.......
2026-08-03T19:28:01.172Z LH:ChromeLauncher Waiting for browser.........
2026-08-03T19:28:01.689Z LH:ChromeLauncher Waiting for browser...........
2026-08-03T19:28:02.205Z LH:ChromeLauncher Waiting for browser.............
2026-08-03T19:28:02.717Z LH:ChromeLauncher Waiting for browser...............
2026-08-03T19:28:03.222Z LH:ChromeLauncher Waiting for browser.................
2026-08-03T19:28:03.747Z LH:ChromeLauncher Waiting for browser...................
2026-08-03T19:28:04.248Z LH:ChromeLauncher Waiting for browser.....................
2026-08-03T19:28:04.759Z LH:ChromeLauncher Waiting for browser.......................
2026-08-03T19:28:05.259Z LH:ChromeLauncher Waiting for browser.........................
2026-08-03T19:28:05.775Z LH:ChromeLauncher Waiting for browser...........................
2026-08-03T19:28:06.300Z LH:ChromeLauncher Waiting for browser.............................
2026-08-03T19:28:06.824Z LH:ChromeLauncher Waiting for browser...............................
2026-08-03T19:28:07.326Z LH:ChromeLauncher Waiting for browser.................................
2026-08-03T19:28:07.828Z LH:ChromeLauncher Waiting for browser...................................
2026-08-03T19:28:08.352Z LH:ChromeLauncher Waiting for browser.....................................
2026-08-03T19:28:08.877Z LH:ChromeLauncher Waiting for browser.......................................
2026-08-03T19:28:09.390Z LH:ChromeLauncher Waiting for browser.........................................
2026-08-03T19:28:09.914Z LH:ChromeLauncher Waiting for browser...........................................
2026-08-03T19:28:10.429Z LH:ChromeLauncher Waiting for browser.............................................
2026-08-03T19:28:10.930Z LH:ChromeLauncher Waiting for browser...............................................
2026-08-03T19:28:11.454Z LH:ChromeLauncher Waiting for browser.................................................
2026-08-03T19:28:11.961Z LH:ChromeLauncher Waiting for browser...................................................
2026-08-03T19:28:12.466Z LH:ChromeLauncher Waiting for browser.....................................................
2026-08-03T19:28:12.967Z LH:ChromeLauncher Waiting for browser.......................................................
2026-08-03T19:28:13.470Z LH:ChromeLauncher Waiting for browser.........................................................
2026-08-03T19:28:13.986Z LH:ChromeLauncher Waiting for browser...........................................................
2026-08-03T19:28:14.496Z LH:ChromeLauncher Waiting for browser.............................................................
2026-08-03T19:28:15.018Z LH:ChromeLauncher Waiting for browser...............................................................
2026-08-03T19:28:15.543Z LH:ChromeLauncher Waiting for browser.................................................................
2026-08-03T19:28:16.053Z LH:ChromeLauncher Waiting for browser...................................................................
2026-08-03T19:28:16.563Z LH:ChromeLauncher Waiting for browser.....................................................................
2026-08-03T19:28:17.087Z LH:ChromeLauncher Waiting for browser.......................................................................
2026-08-03T19:28:17.611Z LH:ChromeLauncher Waiting for browser.........................................................................
2026-08-03T19:28:18.136Z LH:ChromeLauncher Waiting for browser...........................................................................
2026-08-03T19:28:18.660Z LH:ChromeLauncher Waiting for browser.............................................................................
2026-08-03T19:28:19.165Z LH:ChromeLauncher Waiting for browser...............................................................................
2026-08-03T19:28:19.672Z LH:ChromeLauncher Waiting for browser.................................................................................
2026-08-03T19:28:20.187Z LH:ChromeLauncher Waiting for browser...................................................................................
2026-08-03T19:28:20.699Z LH:ChromeLauncher Waiting for browser.....................................................................................
2026-08-03T19:28:21.204Z LH:ChromeLauncher Waiting for browser.......................................................................................
2026-08-03T19:28:21.711Z LH:ChromeLauncher Waiting for browser.........................................................................................
2026-08-03T19:28:22.222Z LH:ChromeLauncher Waiting for browser...........................................................................................
2026-08-03T19:28:22.747Z LH:ChromeLauncher Waiting for browser.............................................................................................
2026-08-03T19:28:23.270Z LH:ChromeLauncher Waiting for browser...............................................................................................
2026-08-03T19:28:23.794Z LH:ChromeLauncher Waiting for browser.................................................................................................
2026-08-03T19:28:24.299Z LH:ChromeLauncher Waiting for browser...................................................................................................
2026-08-03T19:28:24.824Z LH:ChromeLauncher Waiting for browser.....................................................................................................
2026-08-03T19:28:23.843Z LH:ChromeLauncher Waiting for browser.......................................................................................................
2026-08-03T19:28:23.844Z LH:ChromeLauncher:error connect ECONNREFUSED 127.0.0.1:45171
2026-08-03T19:28:23.845Z LH:ChromeLauncher:error Logging contents of /mnt/c/Users/gaming/AppData/Local/lighthouse.20107589/chrome-err.log
2026-08-03T19:28:23.845Z LH:ChromeLauncher:error 
DevTools listening on ws://127.0.0.1:45171/devtools/browser/3550b505-d6fa-4407-a935-b1b0363d6e82
[42892:38092:0803/202805.628:ERROR:google_apis\gcm\engine\registration_request.cc:291] Registration response error message: PHONE_REGISTRATION_ERROR
[42892:38092:0803/202805.643:ERROR:google_apis\gcm\engine\registration_request.cc:291] Registration response error message: PHONE_REGISTRATION_ERROR
[42892:38092:0803/202805.644:ERROR:google_apis\gcm\engine\registration_request.cc:291] Registration response error message: PHONE_REGISTRATION_ERROR

Unable to connect to Chrome
