[ensure-e2e-env] OK — Playwright certification secrets present (service_role mode)
[ensure-e2e-env] OK — public Supabase credentials present
[playwright] Installing Playwright ffmpeg (best-effort)…
npm warn Unknown env config "devdir". This will stop working in the next major version of npm. See `npm help npmrc` for supported config options.
[playwright] Vercel Chromium ready: /tmp/chromium
npm warn Unknown env config "devdir". This will stop working in the next major version of npm. See `npm help npmrc` for supported config options.

[WebServer] ⚠ The "middleware" file convention is deprecated. Please use "proxy" instead. Learn more: https://nextjs.org/docs/messages/middleware-to-proxy

[WebServer] Turbopack build encountered 4 warnings:
[WebServer] ./app/api/super-admin/premium-design/route.ts:20:22
[WebServer] The file pattern ('/ROOT/' <dynamic> | '/ROOT' <dynamic>) matches 26764 files in [project]/
[WebServer]   18 |
[WebServer]   19 | async function runNodeScript(scriptRelativePath: string) {
[WebServer] > 20 |   const scriptPath = path.join(ROOT, scriptRelativePath);
[WebServer]      |                      ^^^^^^^^^^^^^^^^^^^^^^^^^^^^^^^^^^^
[WebServer]   21 |   const { stdout, stderr } = await execFileAsync(process.execPath, [scriptPath], {
[WebServer]   22 |     cwd: ROOT,
[WebServer]   23 |     maxBuffer: 12 * 1024 * 1024,
[WebServer] 
[WebServer] Overly broad patterns can lead to build performance issues and over bundling.
[WebServer] 
[WebServer] Import trace:
[WebServer]   App Route:
[WebServer]     ./app/api/super-admin/premium-design/route.ts
[WebServer]     ./app/api/super-admin/premium-design/route.ts
[WebServer] 
[WebServer] 
[WebServer] ./lib/design-studio-v1/asset-scanner.ts:25:24
[WebServer] The file pattern (<dynamic> '/public/' <dynamic> | <dynamic> 'public/' <dynamic> | <dynamic> '/public' <dynamic> | <dynamic> 'public' <dynamic>) matches 10238 files in [project]/
[WebServer]   23 |     while ((match = PUBLIC_REF_PATTERN.exec(content)) !== null) {
[WebServer]   24 |       const assetPath = `/${match[1]}`;
[WebServer] > 25 |       const diskPath = join(publicDir, match[1].replace(/^\//, ""));
[WebServer]      |                        ^^^^^^^^^^^^^^^^^^^^^^^^^^^^^^^^^^^^^^^^^^^^
[WebServer]   26 |       if (!existsSync(diskPath)) {
[WebServer]   27 |         findings.push({
[WebServer]   28 |           id: `broken-${rel}-${match.index}`,
[WebServer] 
[WebServer] Overly broad patterns can lead to build performance issues and over bundling.
[WebServer] 
[WebServer] Import traces:
[WebServer]   #1 [App Route]:
[WebServer]     ./lib/design-studio-v1/asset-scanner.ts
[WebServer]     ./app/api/super-admin/premium-design/route.ts
[WebServer] 
[WebServer]   #2 [App Route]:
[WebServer]     ./lib/design-studio-v1/asset-scanner.ts
[WebServer]     ./lib/design-studio-v1/design-audit.ts
[WebServer]     ./app/api/super-admin/design-studio/route.ts
[WebServer] 
[WebServer]   #3 [Server Component]:
[WebServer]     ./lib/design-studio-v1/asset-scanner.ts
[WebServer]     ./lib/design-studio-v1/snapshot.ts
[WebServer]     ./app/super-admin/experience/page.tsx
[WebServer] 
[WebServer] 
[WebServer] ./lib/design-studio-v1/icon-scanner.ts:52:22
[WebServer] The file pattern (<dynamic> '/public/' <dynamic> | <dynamic> 'public/' <dynamic> | <dynamic> '/public' <dynamic> | <dynamic> 'public' <dynamic>) matches 10238 files in [project]/
[WebServer]   50 |
[WebServer]   51 |   for (const entry of collectRegisteredIcons()) {
[WebServer] > 52 |     const diskPath = join(publicDir, entry.path.replace(/^\//, ""));
[WebServer]      |                      ^^^^^^^^^^^^^^^^^^^^^^^^^^^^^^^^^^^^^^^^^^^^^^
[WebServer]   53 |     if (!existsSync(diskPath)) {
[WebServer]   54 |       findings.push({
[WebServer]   55 |         id: `missing-${entry.key}`,
[WebServer] 
[WebServer] Overly broad patterns can lead to build performance issues and over bundling.
[WebServer] 
[WebServer] Import traces:
[WebServer]   #1 [App Route]:
[WebServer]     ./lib/design-studio-v1/icon-scanner.ts
[WebServer]     ./app/api/super-admin/premium-design/route.ts
[WebServer] 
[WebServer]   #2 [App Route]:
[WebServer]     ./lib/design-studio-v1/icon-scanner.ts
[WebServer]     ./lib/design-studio-v1/design-audit.ts
[WebServer]     ./app/api/super-admin/design-studio/route.ts
[WebServer] 
[WebServer]   #3 [Server Component]:
[WebServer]     ./lib/design-studio-v1/icon-scanner.ts
[WebServer]     ./lib/design-studio-v1/snapshot.ts
[WebServer]     ./app/super-admin/experience/page.tsx
[WebServer] 
[WebServer] 
[WebServer] ./next.config.ts
[WebServer] Encountered unexpected file in NFT list
[WebServer] A file was traced that indicates that the whole project was traced unintentionally. Somewhere in the import trace below, there are:
[WebServer] - filesystem operations (like path.join, path.resolve or fs.readFile), or
[WebServer] - very dynamic requires (like require('./' + foo)).
[WebServer] To resolve this, you can
[WebServer] - remove them if possible, or
[WebServer] - only use them in development, or
[WebServer] - make sure they are statically scoped to some subfolder: path.join(process.cwd(), 'data', bar), or
[WebServer] - add ignore comments: path.join(/*turbopackIgnore: true*/ process.cwd(), bar)
[WebServer] 
[WebServer] Import trace:
[WebServer]   App Route:
[WebServer]     ./next.config.ts
[WebServer]     ./app/api/super-admin/premium-design/route.ts
[WebServer] 
[WebServer] 
