npm warn Unknown env config "devdir". This will stop working in the next major version of npm. See `npm help npmrc` for supported config options.
▲ Next.js 16.2.12
- Local:         http://127.0.0.1:3000
- Network:       http://127.0.0.1:3000
✓ Ready in 91ms
⨯ Error: Could not find the module "[project]/features/search/client.ts#SearchProvider" in the React Client Manifest. This is probably a bug in the React Server Components bundler.
    at stringify (<anonymous>) {
  digest: '3906457878'
}
⨯ Error: Could not find the module "[project]/components/layout/AppChromeScrollProvider.tsx#AppChromeScrollProvider" in the React Client Manifest. This is probably a bug in the React Server Components bundler.
    at stringify (<anonymous>) {
  digest: '3289438454'
}
⨯ Error: Could not find the module "[project]/components/navigation/NavigationPathRecorder.tsx#NavigationPathRecorder" in the React Client Manifest. This is probably a bug in the React Server Components bundler.
    at stringify (<anonymous>) {
  digest: '393831990'
}
⨯ Error: Could not find the module "[project]/components/promotions/PromotionRealtimeRefresher.tsx#PromotionRealtimeRefresher" in the React Client Manifest. This is probably a bug in the React Server Components bundler.
    at stringify (<anonymous>) {
  digest: '494889078'
}
⨯ Error: Could not find the module "[project]/components/mobile/MobileScrollBootstrap.tsx#MobileScrollBootstrap" in the React Client Manifest. This is probably a bug in the React Server Components bundler.
    at stringify (<anonymous>) {
  digest: '1552388150'
}
⨯ Error: Could not find the module "[project]/features/bundle/GlobalStickyBundleBar.tsx#GlobalStickyBundleBar" in the React Client Manifest. This is probably a bug in the React Server Components bundler.
    at stringify (<anonymous>) {
  digest: '2184110166'
}
⨯ Error: Could not find the module "[project]/features/search/client.ts#SearchProvider" in the React Client Manifest. This is probably a bug in the React Server Components bundler.
    at stringify (<anonymous>) {
  digest: '3906457878'
}
⨯ Error: Could not find the module "[project]/components/layout/AppChromeScrollProvider.tsx#AppChromeScrollProvider" in the React Client Manifest. This is probably a bug in the React Server Components bundler.
    at stringify (<anonymous>) {
  digest: '3289438454'
}
⨯ Error: Could not find the module "[project]/components/navigation/NavigationPathRecorder.tsx#NavigationPathRecorder" in the React Client Manifest. This is probably a bug in the React Server Components bundler.
    at stringify (<anonymous>) {
  digest: '393831990'
}
⨯ Error: Could not find the module "[project]/components/promotions/PromotionRealtimeRefresher.tsx#PromotionRealtimeRefresher" in the React Client Manifest. This is probably a bug in the React Server Components bundler.
    at stringify (<anonymous>) {
  digest: '494889078'
}
⨯ Error: Could not find the module "[project]/components/mobile/MobileScrollBootstrap.tsx#MobileScrollBootstrap" in the React Client Manifest. This is probably a bug in the React Server Components bundler.
    at stringify (<anonymous>) {
  digest: '1552388150'
}
⨯ Error: Could not find the module "[project]/features/bundle/GlobalStickyBundleBar.tsx#GlobalStickyBundleBar" in the React Client Manifest. This is probably a bug in the React Server Components bundler.
    at stringify (<anonymous>) {
  digest: '2184110166'
}
Killed
