npm warn Unknown env config "devdir". This will stop working in the next major version of npm. See `npm help npmrc` for supported config options.
2026-08-03T17:26:51.593Z LH:ChromeLauncher Found existing Chrome already running using port 9226, using that.
2026-08-03T17:26:51.874Z LH:status Connecting to browser
2026-08-03T17:26:51.879Z LH:status Navigating to about:blank
2026-08-03T17:26:51.883Z LH:status Benchmarking machine
2026-08-03T17:26:52.888Z LH:status Host device pixel ratio
2026-08-03T17:26:52.889Z LH:status Preparing target for navigation mode
2026-08-03T17:26:52.902Z LH:status Preparing network conditions
2026-08-03T17:26:52.915Z LH:status Navigating to http://127.0.0.1:3000/categories
2026-08-03T17:26:56.436Z LH:status Getting artifact: DevtoolsLog
2026-08-03T17:26:56.436Z LH:status Getting artifact: Trace
2026-08-03T17:26:56.436Z LH:status Getting artifact: Accessibility
2026-08-03T17:26:56.579Z LH:status Getting artifact: AnchorElements
2026-08-03T17:26:56.596Z LH:status Getting artifact: ConsoleMessages
2026-08-03T17:26:56.596Z LH:status Getting artifact: CSSUsage
2026-08-03T17:26:56.802Z LH:status Getting artifact: Doctype
2026-08-03T17:26:56.803Z LH:status Getting artifact: Inputs
2026-08-03T17:26:56.805Z LH:status Getting artifact: ImageElements
2026-08-03T17:26:57.453Z LH:status Getting artifact: InspectorIssues
2026-08-03T17:26:57.453Z LH:status Getting artifact: JsUsage
2026-08-03T17:26:57.453Z LH:status Getting artifact: LinkElements
2026-08-03T17:26:57.457Z LH:status Getting artifact: MainDocumentContent
2026-08-03T17:26:57.463Z LH:status Getting artifact: MetaElements
2026-08-03T17:26:57.466Z LH:status Getting artifact: NetworkUserAgent
2026-08-03T17:26:57.466Z LH:status Getting artifact: RobotsTxt
2026-08-03T17:26:57.474Z LH:status Getting artifact: Scripts
2026-08-03T17:26:57.474Z LH:status Getting artifact: SourceMaps
2026-08-03T17:26:57.475Z LH:status Getting artifact: Stacks
2026-08-03T17:26:57.475Z LH:status Collect stacks
2026-08-03T17:26:57.482Z LH:status Getting artifact: Stylesheets
2026-08-03T17:26:57.549Z LH:status Getting artifact: TraceElements
2026-08-03T17:26:57.559Z LH:status Trace Engine total
2026-08-03T17:26:57.559Z LH:status Trace Engine parse
2026-08-03T17:26:57.560Z LH:status Trace Engine parse:handleEvent
2026-08-03T17:26:57.599Z LH:status Trace Engine parse:Meta:finalize
2026-08-03T17:26:57.605Z LH:status Trace Engine parse:AnimationFrames:finalize
2026-08-03T17:26:57.606Z LH:status Trace Engine parse:Animations:finalize
2026-08-03T17:26:57.607Z LH:status Trace Engine parse:Samples:finalize
2026-08-03T17:26:57.608Z LH:status Trace Engine parse:AuctionWorklets:finalize
2026-08-03T17:26:57.609Z LH:status Trace Engine parse:NetworkRequests:finalize
2026-08-03T17:26:57.612Z LH:status Trace Engine parse:Renderer:finalize
2026-08-03T17:26:57.623Z LH:status Trace Engine parse:Flows:finalize
2026-08-03T17:26:57.629Z LH:status Trace Engine parse:AsyncJSCalls:finalize
2026-08-03T17:26:57.630Z LH:status Trace Engine parse:DOMStats:finalize
2026-08-03T17:26:57.632Z LH:status Trace Engine parse:UserTimings:finalize
2026-08-03T17:26:57.633Z LH:status Trace Engine parse:ExtensionTraceData:finalize
2026-08-03T17:26:57.634Z LH:status Trace Engine parse:LayerTree:finalize
2026-08-03T17:26:57.636Z LH:status Trace Engine parse:Frames:finalize
2026-08-03T17:26:57.639Z LH:status Trace Engine parse:GPU:finalize
2026-08-03T17:26:57.640Z LH:status Trace Engine parse:ImagePainting:finalize
2026-08-03T17:26:57.642Z LH:status Trace Engine parse:Initiators:finalize
2026-08-03T17:26:57.643Z LH:status Trace Engine parse:Invalidations:finalize
2026-08-03T17:26:57.645Z LH:status Trace Engine parse:PageLoadMetrics:finalize
2026-08-03T17:26:57.646Z LH:status Trace Engine parse:LargestImagePaint:finalize
2026-08-03T17:26:57.648Z LH:status Trace Engine parse:LargestTextPaint:finalize
2026-08-03T17:26:57.649Z LH:status Trace Engine parse:Screenshots:finalize
2026-08-03T17:26:57.650Z LH:status Trace Engine parse:LayoutShifts:finalize
2026-08-03T17:26:57.652Z LH:status Trace Engine parse:Memory:finalize
2026-08-03T17:26:57.653Z LH:status Trace Engine parse:PageFrames:finalize
2026-08-03T17:26:57.654Z LH:status Trace Engine parse:Scripts:finalize
2026-08-03T17:26:57.656Z LH:status Trace Engine parse:SelectorStats:finalize
2026-08-03T17:26:57.657Z LH:status Trace Engine parse:UserInteractions:finalize
2026-08-03T17:26:57.659Z LH:status Trace Engine parse:Workers:finalize
2026-08-03T17:26:57.660Z LH:status Trace Engine parse:Warnings:finalize
2026-08-03T17:26:57.661Z LH:status Trace Engine parse:handler.data()
2026-08-03T17:26:57.662Z LH:status Trace Engine insights
2026-08-03T17:26:57.662Z LH:status Trace Engine insights:CLSCulprits
2026-08-03T17:26:57.662Z LH:status Trace Engine insights:Cache
2026-08-03T17:26:57.663Z LH:status Trace Engine insights:CharacterSet
2026-08-03T17:26:57.663Z LH:status Trace Engine insights:DOMSize
2026-08-03T17:26:57.663Z LH:status Trace Engine insights:DocumentLatency
2026-08-03T17:26:57.663Z LH:status Trace Engine insights:DuplicatedJavaScript
2026-08-03T17:26:57.664Z LH:status Trace Engine insights:FontDisplay
2026-08-03T17:26:57.664Z LH:status Trace Engine insights:ForcedReflow
2026-08-03T17:26:57.664Z LH:status Trace Engine insights:INPBreakdown
2026-08-03T17:26:57.664Z LH:status Trace Engine insights:ImageDelivery
2026-08-03T17:26:57.664Z LH:status Trace Engine insights:LCPBreakdown
2026-08-03T17:26:57.665Z LH:status Trace Engine insights:LCPDiscovery
2026-08-03T17:26:57.665Z LH:status Trace Engine insights:LegacyJavaScript
2026-08-03T17:26:57.665Z LH:status Trace Engine insights:ModernHTTP
2026-08-03T17:26:57.665Z LH:status Trace Engine insights:NetworkDependencyTree
2026-08-03T17:26:57.665Z LH:status Trace Engine insights:RenderBlocking
2026-08-03T17:26:57.666Z LH:status Trace Engine insights:SlowCSSSelector
2026-08-03T17:26:57.666Z LH:status Trace Engine insights:ThirdParties
2026-08-03T17:26:57.667Z LH:status Trace Engine insights:Viewport
2026-08-03T17:26:57.668Z LH:status Trace Engine insights:createLanternContext
2026-08-03T17:26:57.687Z LH:status Trace Engine insights:CLSCulprits
2026-08-03T17:26:57.688Z LH:status Trace Engine insights:Cache
2026-08-03T17:26:57.688Z LH:status Trace Engine insights:CharacterSet
2026-08-03T17:26:57.688Z LH:status Trace Engine insights:DOMSize
2026-08-03T17:26:57.688Z LH:status Trace Engine insights:DocumentLatency
2026-08-03T17:26:57.689Z LH:status Trace Engine insights:DuplicatedJavaScript
2026-08-03T17:26:57.689Z LH:status Trace Engine insights:FontDisplay
2026-08-03T17:26:57.689Z LH:status Trace Engine insights:ForcedReflow
2026-08-03T17:26:57.689Z LH:status Trace Engine insights:INPBreakdown
2026-08-03T17:26:57.689Z LH:status Trace Engine insights:ImageDelivery
2026-08-03T17:26:57.689Z LH:status Trace Engine insights:LCPBreakdown
2026-08-03T17:26:57.690Z LH:status Trace Engine insights:LCPDiscovery
2026-08-03T17:26:57.690Z LH:status Trace Engine insights:LegacyJavaScript
2026-08-03T17:26:57.725Z LH:status Trace Engine insights:ModernHTTP
2026-08-03T17:26:57.726Z LH:status Trace Engine insights:NetworkDependencyTree
2026-08-03T17:26:57.728Z LH:status Trace Engine insights:RenderBlocking
2026-08-03T17:26:57.728Z LH:status Trace Engine insights:SlowCSSSelector
2026-08-03T17:26:57.728Z LH:status Trace Engine insights:ThirdParties
2026-08-03T17:26:57.733Z LH:status Trace Engine insights:Viewport
2026-08-03T17:26:57.776Z LH:method <= browser ERR:error DOM.resolveNode 
2026-08-03T17:26:57.777Z LH:method <= browser ERR:error DOM.resolveNode 
2026-08-03T17:26:57.778Z LH:method <= browser ERR:error DOM.resolveNode 
2026-08-03T17:26:57.778Z LH:method <= browser ERR:error DOM.resolveNode 
2026-08-03T17:26:57.779Z LH:method <= browser ERR:error DOM.resolveNode 
2026-08-03T17:26:57.780Z LH:method <= browser ERR:error DOM.resolveNode 
2026-08-03T17:26:57.780Z LH:method <= browser ERR:error DOM.resolveNode 
2026-08-03T17:26:57.781Z LH:method <= browser ERR:error DOM.resolveNode 
2026-08-03T17:26:57.782Z LH:method <= browser ERR:error DOM.resolveNode 
2026-08-03T17:26:57.783Z LH:method <= browser ERR:error DOM.resolveNode 
2026-08-03T17:26:57.783Z LH:method <= browser ERR:error DOM.resolveNode 
2026-08-03T17:26:57.784Z LH:method <= browser ERR:error DOM.resolveNode 
2026-08-03T17:26:57.785Z LH:method <= browser ERR:error DOM.resolveNode 
2026-08-03T17:26:57.785Z LH:method <= browser ERR:error DOM.resolveNode 
2026-08-03T17:26:57.786Z LH:method <= browser ERR:error DOM.resolveNode 
2026-08-03T17:26:57.787Z LH:method <= browser ERR:error DOM.resolveNode 
2026-08-03T17:26:57.787Z LH:method <= browser ERR:error DOM.resolveNode 
2026-08-03T17:26:57.788Z LH:method <= browser ERR:error DOM.resolveNode 
2026-08-03T17:26:57.789Z LH:method <= browser ERR:error DOM.resolveNode 
2026-08-03T17:26:57.790Z LH:method <= browser ERR:error DOM.resolveNode 
2026-08-03T17:26:57.791Z LH:method <= browser ERR:error DOM.resolveNode 
2026-08-03T17:26:57.791Z LH:method <= browser ERR:error DOM.resolveNode 
2026-08-03T17:26:57.792Z LH:method <= browser ERR:error DOM.resolveNode 
2026-08-03T17:26:57.792Z LH:method <= browser ERR:error DOM.resolveNode 
2026-08-03T17:26:57.793Z LH:method <= browser ERR:error DOM.resolveNode 
2026-08-03T17:26:57.794Z LH:method <= browser ERR:error DOM.resolveNode 
2026-08-03T17:26:57.794Z LH:method <= browser ERR:error DOM.resolveNode 
2026-08-03T17:26:57.795Z LH:method <= browser ERR:error DOM.resolveNode 
2026-08-03T17:26:57.796Z LH:method <= browser ERR:error DOM.resolveNode 
2026-08-03T17:26:57.797Z LH:method <= browser ERR:error DOM.resolveNode 
2026-08-03T17:26:57.798Z LH:method <= browser ERR:error DOM.resolveNode 
2026-08-03T17:26:57.798Z LH:method <= browser ERR:error DOM.resolveNode 
2026-08-03T17:26:57.799Z LH:method <= browser ERR:error DOM.resolveNode 
2026-08-03T17:26:57.800Z LH:method <= browser ERR:error DOM.resolveNode 
2026-08-03T17:26:57.800Z LH:method <= browser ERR:error DOM.resolveNode 
2026-08-03T17:26:57.801Z LH:method <= browser ERR:error DOM.resolveNode 
2026-08-03T17:26:57.801Z LH:method <= browser ERR:error DOM.resolveNode 
2026-08-03T17:26:57.802Z LH:method <= browser ERR:error DOM.resolveNode 
2026-08-03T17:26:57.803Z LH:method <= browser ERR:error DOM.resolveNode 
2026-08-03T17:26:57.804Z LH:method <= browser ERR:error DOM.resolveNode 
2026-08-03T17:26:57.804Z LH:method <= browser ERR:error DOM.resolveNode 
2026-08-03T17:26:57.805Z LH:method <= browser ERR:error DOM.resolveNode 
2026-08-03T17:26:57.806Z LH:method <= browser ERR:error DOM.resolveNode 
2026-08-03T17:26:57.806Z LH:method <= browser ERR:error DOM.resolveNode 
2026-08-03T17:26:57.807Z LH:method <= browser ERR:error DOM.resolveNode 
2026-08-03T17:26:57.808Z LH:method <= browser ERR:error DOM.resolveNode 
2026-08-03T17:26:57.808Z LH:method <= browser ERR:error DOM.resolveNode 
2026-08-03T17:26:57.809Z LH:method <= browser ERR:error DOM.resolveNode 
2026-08-03T17:26:57.810Z LH:method <= browser ERR:error DOM.resolveNode 
2026-08-03T17:26:57.810Z LH:method <= browser ERR:error DOM.resolveNode 
2026-08-03T17:26:57.811Z LH:method <= browser ERR:error DOM.resolveNode 
2026-08-03T17:26:57.811Z LH:method <= browser ERR:error DOM.resolveNode 
2026-08-03T17:26:57.812Z LH:method <= browser ERR:error DOM.resolveNode 
2026-08-03T17:26:57.812Z LH:status Getting artifact: ViewportDimensions
2026-08-03T17:26:57.813Z LH:status Getting artifact: FullPageScreenshot
2026-08-03T17:26:58.856Z LH:status Getting artifact: BFCacheFailures
2026-08-03T17:26:59.118Z LH:status Analyzing and running audits...
2026-08-03T17:26:59.118Z LH:status Auditing: Uses HTTPS
2026-08-03T17:26:59.119Z LH:status Auditing: Redirects HTTP traffic to HTTPS
2026-08-03T17:26:59.120Z LH:status Auditing: First Contentful Paint
2026-08-03T17:26:59.127Z LH:status Auditing: Largest Contentful Paint
2026-08-03T17:26:59.129Z LH:status Auditing: Speed Index
2026-08-03T17:26:59.159Z LH:status Auditing: Screenshot Thumbnails
2026-08-03T17:26:59.159Z LH:status Auditing: Final Screenshot
2026-08-03T17:26:59.160Z LH:status Auditing: Total Blocking Time
2026-08-03T17:26:59.164Z LH:status Auditing: Max Potential First Input Delay
2026-08-03T17:26:59.166Z LH:status Auditing: Cumulative Layout Shift
2026-08-03T17:26:59.167Z LH:status Auditing: No browser errors logged to the console
2026-08-03T17:26:59.168Z LH:status Auditing: Initial server response time was short
2026-08-03T17:26:59.170Z LH:status Auditing: Time to Interactive
2026-08-03T17:26:59.170Z LH:status Auditing: User Timing marks and measures
2026-08-03T17:26:59.171Z LH:status Auditing: Avoid multiple page redirects
2026-08-03T17:26:59.172Z LH:status Auditing: Displays images with correct aspect ratio
2026-08-03T17:26:59.173Z LH:status Auditing: Serves images with appropriate resolution
2026-08-03T17:26:59.174Z LH:status Auditing: Avoids deprecated APIs
2026-08-03T17:26:59.175Z LH:status Auditing: Avoids third-party cookies
2026-08-03T17:26:59.175Z LH:status Auditing: Minimizes main-thread work
2026-08-03T17:26:59.183Z LH:status Auditing: JavaScript execution time
2026-08-03T17:26:59.187Z LH:status Auditing: Diagnostics
2026-08-03T17:26:59.188Z LH:status Auditing: Network Requests
2026-08-03T17:26:59.190Z LH:status Auditing: Network Round Trip Times
2026-08-03T17:26:59.190Z LH:status Auditing: Server Backend Latencies
2026-08-03T17:26:59.191Z LH:status Auditing: Tasks
2026-08-03T17:26:59.192Z LH:status Auditing: Metrics
2026-08-03T17:26:59.193Z LH:status Auditing: Resources Summary
2026-08-03T17:26:59.194Z LH:status Auditing: Avoid large layout shifts
2026-08-03T17:26:59.195Z LH:status Auditing: Avoid long main-thread tasks
2026-08-03T17:26:59.197Z LH:status Auditing: Avoid non-composited animations
2026-08-03T17:26:59.198Z LH:status Auditing: Image elements have explicit `width` and `height`
2026-08-03T17:26:59.199Z LH:status Auditing: Page has valid source maps
2026-08-03T17:26:59.200Z LH:status Auditing: Ensure CSP is effective against XSS attacks
2026-08-03T17:26:59.203Z LH:status Auditing: Use a strong HSTS policy
2026-08-03T17:26:59.203Z LH:status Auditing: Ensure proper origin isolation with COOP
2026-08-03T17:26:59.204Z LH:status Auditing: Mitigate clickjacking with XFO or CSP
2026-08-03T17:26:59.204Z LH:status Auditing: Mitigate DOM-based XSS with Trusted Types
2026-08-03T17:26:59.205Z LH:status Auditing: Script Treemap Data
2026-08-03T17:26:59.219Z LH:status Auditing: `[accesskey]` values are unique
2026-08-03T17:26:59.219Z LH:status Auditing: `[aria-*]` attributes match their roles
2026-08-03T17:26:59.221Z LH:status Auditing: Uses ARIA roles only on compatible elements
2026-08-03T17:26:59.222Z LH:status Auditing: `button`, `link`, and `menuitem` elements have accessible names
2026-08-03T17:26:59.222Z LH:status Auditing: ARIA attributes are used as specified for the element's role
2026-08-03T17:26:59.223Z LH:status Auditing: Deprecated ARIA roles were not used
2026-08-03T17:26:59.224Z LH:status Auditing: Elements with `role="dialog"` or `role="alertdialog"` have accessible names.
2026-08-03T17:26:59.226Z LH:status Auditing: `[aria-hidden="true"]` is not present on the document `<body>`
2026-08-03T17:26:59.227Z LH:status Auditing: `[aria-hidden="true"]` elements do not contain focusable descendents
2026-08-03T17:26:59.228Z LH:status Auditing: ARIA input fields have accessible names
2026-08-03T17:26:59.228Z LH:status Auditing: ARIA `meter` elements have accessible names
2026-08-03T17:26:59.229Z LH:status Auditing: ARIA `progressbar` elements have accessible names
2026-08-03T17:26:59.229Z LH:status Auditing: Elements use only permitted ARIA attributes
2026-08-03T17:26:59.231Z LH:status Auditing: `[role]`s have all required `[aria-*]` attributes
2026-08-03T17:26:59.232Z LH:status Auditing: Elements with an ARIA `[role]` that require children to contain a specific `[role]` have all required children.
2026-08-03T17:26:59.232Z LH:status Auditing: `[role]`s are contained by their required parent element
2026-08-03T17:26:59.233Z LH:status Auditing: `[role]` values are valid
2026-08-03T17:26:59.234Z LH:status Auditing: Elements with the `role=text` attribute do not have focusable descendents.
2026-08-03T17:26:59.234Z LH:status Auditing: ARIA toggle fields have accessible names
2026-08-03T17:26:59.235Z LH:status Auditing: ARIA `tooltip` elements have accessible names
2026-08-03T17:26:59.235Z LH:status Auditing: ARIA `treeitem` elements have accessible names
2026-08-03T17:26:59.236Z LH:status Auditing: `[aria-*]` attributes have valid values
2026-08-03T17:26:59.237Z LH:status Auditing: `[aria-*]` attributes are valid and not misspelled
2026-08-03T17:26:59.238Z LH:status Auditing: Buttons have an accessible name
2026-08-03T17:26:59.239Z LH:status Auditing: The page contains a heading, skip link, or landmark region
2026-08-03T17:26:59.241Z LH:status Auditing: Background and foreground colors have a sufficient contrast ratio
2026-08-03T17:26:59.245Z LH:status Auditing: `<dl>`'s contain only properly-ordered `<dt>` and `<dd>` groups, `<script>`, `<template>` or `<div>` elements.
2026-08-03T17:26:59.246Z LH:status Auditing: Definition list items are wrapped in `<dl>` elements
2026-08-03T17:26:59.247Z LH:status Auditing: Document has a `<title>` element
2026-08-03T17:26:59.248Z LH:status Auditing: ARIA IDs are unique
2026-08-03T17:26:59.249Z LH:status Auditing: All heading elements contain content.
2026-08-03T17:26:59.250Z LH:status Auditing: No form fields have multiple labels
2026-08-03T17:26:59.251Z LH:status Auditing: `<frame>` or `<iframe>` elements have a title
2026-08-03T17:26:59.251Z LH:status Auditing: Heading elements appear in a sequentially-descending order
2026-08-03T17:26:59.252Z LH:status Auditing: `<html>` element has a `[lang]` attribute
2026-08-03T17:26:59.254Z LH:status Auditing: `<html>` element has a valid value for its `[lang]` attribute
2026-08-03T17:26:59.255Z LH:status Auditing: `<html>` element has an `[xml:lang]` attribute with the same base language as the `[lang]` attribute.
2026-08-03T17:26:59.255Z LH:status Auditing: Identical links have the same purpose.
2026-08-03T17:26:59.256Z LH:status Auditing: Image elements have `[alt]` attributes
2026-08-03T17:26:59.257Z LH:status Auditing: Image elements do not have `[alt]` attributes that are redundant text.
2026-08-03T17:26:59.258Z LH:status Auditing: Input buttons have discernible text.
2026-08-03T17:26:59.259Z LH:status Auditing: `<input type="image">` elements have `[alt]` text
2026-08-03T17:26:59.259Z LH:status Auditing: Elements with visible text labels have matching accessible names.
2026-08-03T17:26:59.260Z LH:status Auditing: Form elements have associated labels
2026-08-03T17:26:59.261Z LH:status Auditing: Document has a main landmark.
2026-08-03T17:26:59.262Z LH:status Auditing: Links have a discernible name
2026-08-03T17:26:59.263Z LH:status Auditing: Links are distinguishable without relying on color.
2026-08-03T17:26:59.265Z LH:status Auditing: Lists contain only `<li>` elements and script supporting elements (`<script>` and `<template>`).
2026-08-03T17:26:59.266Z LH:status Auditing: List items (`<li>`) are contained within `<ul>`, `<ol>` or `<menu>` parent elements
2026-08-03T17:26:59.267Z LH:status Auditing: The document does not use `<meta http-equiv="refresh">`
2026-08-03T17:26:59.268Z LH:status Auditing: `[user-scalable="no"]` is not used in the `<meta name="viewport">` element and the `[maximum-scale]` attribute is not less than 5.
2026-08-03T17:26:59.269Z LH:status Auditing: `<object>` elements have alternate text
2026-08-03T17:26:59.270Z LH:status Auditing: Select elements have associated label elements.
2026-08-03T17:26:59.271Z LH:status Auditing: Skip links are focusable.
2026-08-03T17:26:59.271Z LH:status Auditing: No element has a `[tabindex]` value greater than 0
2026-08-03T17:26:59.272Z LH:status Auditing: Tables have different content in the summary attribute and `<caption>`.
2026-08-03T17:26:59.273Z LH:status Auditing: Tables use `<caption>` instead of cells with the `[colspan]` attribute to indicate a caption.
2026-08-03T17:26:59.274Z LH:status Auditing: Touch targets have sufficient size and spacing.
2026-08-03T17:26:59.275Z LH:status Auditing: `<td>` elements in a large `<table>` have one or more table headers.
2026-08-03T17:26:59.276Z LH:status Auditing: Cells in a `<table>` element that use the `[headers]` attribute refer to table cells within the same table.
2026-08-03T17:26:59.277Z LH:status Auditing: `<th>` elements and elements with `[role="columnheader"/"rowheader"]` have data cells they describe.
2026-08-03T17:26:59.278Z LH:status Auditing: `[lang]` attributes have a valid value
2026-08-03T17:26:59.279Z LH:status Auditing: `<video>` elements contain a `<track>` element with `[kind="captions"]`
2026-08-03T17:26:59.280Z LH:status Auditing: Custom controls have associated labels
2026-08-03T17:26:59.281Z LH:status Auditing: Custom controls have ARIA roles
2026-08-03T17:26:59.281Z LH:status Auditing: User focus is not accidentally trapped in a region
2026-08-03T17:26:59.281Z LH:status Auditing: Interactive controls are keyboard focusable
2026-08-03T17:26:59.281Z LH:status Auditing: Interactive elements indicate their purpose and state
2026-08-03T17:26:59.281Z LH:status Auditing: The page has a logical tab order
2026-08-03T17:26:59.281Z LH:status Auditing: The user's focus is directed to new content added to the page
2026-08-03T17:26:59.281Z LH:status Auditing: Offscreen content is hidden from assistive technology
2026-08-03T17:26:59.281Z LH:status Auditing: HTML5 landmark elements are used to improve navigation
2026-08-03T17:26:59.281Z LH:status Auditing: Visual order on the page follows DOM order
2026-08-03T17:26:59.281Z LH:status Auditing: `autocomplete` attributes are used correctly
2026-08-03T17:26:59.282Z LH:status Auditing: Elements with `role="none"` or `role="presentation"` do not have conflicts
2026-08-03T17:26:59.283Z LH:status Auditing: SVG elements with an `img` role have an accessible text alternative
2026-08-03T17:26:59.284Z LH:status Auditing: Avoids enormous network payloads
2026-08-03T17:26:59.284Z LH:status Auditing: Minify CSS
2026-08-03T17:26:59.307Z LH:status Auditing: Minify JavaScript
2026-08-03T17:26:59.342Z LH:status Auditing: Reduce unused CSS
2026-08-03T17:26:59.343Z LH:status Auditing: Reduce unused JavaScript
2026-08-03T17:26:59.345Z LH:status Auditing: Page has the HTML doctype
2026-08-03T17:26:59.346Z LH:status Auditing: Properly defines charset
2026-08-03T17:26:59.346Z LH:status Auditing: Avoids requesting the geolocation permission on page load
2026-08-03T17:26:59.347Z LH:status Auditing: No issues in the `Issues` panel in Chrome Devtools
2026-08-03T17:26:59.347Z LH:status Auditing: Detected JavaScript libraries
2026-08-03T17:26:59.348Z LH:status Auditing: Avoids requesting the notification permission on page load
2026-08-03T17:26:59.348Z LH:status Auditing: Allows users to paste into input fields
2026-08-03T17:26:59.349Z LH:status Auditing: Baseline Features
2026-08-03T17:26:59.350Z LH:status Auditing: Document has a meta description
2026-08-03T17:26:59.351Z LH:status Auditing: Page has successful HTTP status code
2026-08-03T17:26:59.351Z LH:status Auditing: Links have descriptive text
2026-08-03T17:26:59.352Z LH:status Auditing: Links are crawlable
2026-08-03T17:26:59.352Z LH:status Auditing: Page isn’t blocked from indexing
2026-08-03T17:26:59.354Z LH:status Auditing: robots.txt is valid
2026-08-03T17:26:59.354Z LH:status Auditing: Document has a valid `hreflang`
2026-08-03T17:26:59.355Z LH:status Auditing: Document has a valid `rel=canonical`
2026-08-03T17:26:59.355Z LH:status Auditing: Structured data is valid
2026-08-03T17:26:59.356Z LH:status Auditing: Page didn't prevent back/forward cache restoration
2026-08-03T17:26:59.356Z LH:status Auditing: Use efficient cache lifetimes
2026-08-03T17:26:59.357Z LH:status Auditing: Layout shift culprits
2026-08-03T17:26:59.358Z LH:status Auditing: Document request latency
2026-08-03T17:26:59.358Z LH:status Auditing: Optimize DOM size
2026-08-03T17:26:59.359Z LH:status Auditing: Duplicated JavaScript
2026-08-03T17:26:59.359Z LH:status Auditing: Font display
2026-08-03T17:26:59.360Z LH:status Auditing: Forced reflow
2026-08-03T17:26:59.360Z LH:status Auditing: Improve image delivery
2026-08-03T17:26:59.361Z LH:status Auditing: INP breakdown
2026-08-03T17:26:59.361Z LH:status Auditing: LCP breakdown
2026-08-03T17:26:59.362Z LH:status Auditing: LCP request discovery
2026-08-03T17:26:59.363Z LH:status Auditing: Legacy JavaScript
2026-08-03T17:26:59.363Z LH:status Auditing: Modern HTTP
2026-08-03T17:26:59.364Z LH:status Auditing: Network dependency tree
2026-08-03T17:26:59.365Z LH:status Auditing: Render-blocking requests
2026-08-03T17:26:59.365Z LH:status Auditing: 3rd parties
2026-08-03T17:26:59.370Z LH:status Auditing: Optimize viewport for mobile
2026-08-03T17:26:59.371Z LH:status Generating results...
2026-08-03T17:26:59.389Z LH:Printer json output written to /home/mihai/ROVEXO/docs/releases/final-owner-acceptance/seo/categories-mobile.report.json
2026-08-03T17:26:59.390Z LH:Printer html output written to /home/mihai/ROVEXO/docs/releases/final-owner-acceptance/seo/categories-mobile.report.html
2026-08-03T17:26:59.390Z LH:CLI Protip: Run lighthouse with `--view` to immediately open the HTML report in your browser
