npm warn Unknown env config "devdir". This will stop working in the next major version of npm. See `npm help npmrc` for supported config options.
2026-08-03T17:27:04.867Z LH:ChromeLauncher Found existing Chrome already running using port 9226, using that.
2026-08-03T17:27:05.175Z LH:status Connecting to browser
2026-08-03T17:27:05.180Z LH:status Navigating to about:blank
2026-08-03T17:27:05.184Z LH:status Benchmarking machine
2026-08-03T17:27:06.188Z LH:status Host device pixel ratio
2026-08-03T17:27:06.189Z LH:status Preparing target for navigation mode
2026-08-03T17:27:06.201Z LH:status Preparing network conditions
2026-08-03T17:27:06.237Z LH:status Navigating to http://127.0.0.1:3000/category/womens-fashion
2026-08-03T17:27:09.380Z LH:status Getting artifact: DevtoolsLog
2026-08-03T17:27:09.381Z LH:status Getting artifact: Trace
2026-08-03T17:27:09.381Z LH:status Getting artifact: Accessibility
2026-08-03T17:27:09.514Z LH:status Getting artifact: AnchorElements
2026-08-03T17:27:09.532Z LH:status Getting artifact: ConsoleMessages
2026-08-03T17:27:09.532Z LH:status Getting artifact: CSSUsage
2026-08-03T17:27:09.721Z LH:status Getting artifact: Doctype
2026-08-03T17:27:09.722Z LH:status Getting artifact: Inputs
2026-08-03T17:27:09.724Z LH:status Getting artifact: ImageElements
2026-08-03T17:27:09.859Z LH:status Getting artifact: InspectorIssues
2026-08-03T17:27:09.859Z LH:status Getting artifact: JsUsage
2026-08-03T17:27:09.859Z LH:status Getting artifact: LinkElements
2026-08-03T17:27:09.863Z LH:status Getting artifact: MainDocumentContent
2026-08-03T17:27:09.867Z LH:status Getting artifact: MetaElements
2026-08-03T17:27:08.499Z LH:status Getting artifact: NetworkUserAgent
2026-08-03T17:27:08.499Z LH:status Getting artifact: RobotsTxt
2026-08-03T17:27:08.507Z LH:status Getting artifact: Scripts
2026-08-03T17:27:08.507Z LH:status Getting artifact: SourceMaps
2026-08-03T17:27:08.507Z LH:status Getting artifact: Stacks
2026-08-03T17:27:08.507Z LH:status Collect stacks
2026-08-03T17:27:08.515Z LH:status Getting artifact: Stylesheets
2026-08-03T17:27:08.595Z LH:status Getting artifact: TraceElements
2026-08-03T17:27:08.608Z LH:status Trace Engine total
2026-08-03T17:27:08.609Z LH:status Trace Engine parse
2026-08-03T17:27:08.610Z LH:status Trace Engine parse:handleEvent
2026-08-03T17:27:08.655Z LH:status Trace Engine parse:Meta:finalize
2026-08-03T17:27:08.657Z LH:status Trace Engine parse:AnimationFrames:finalize
2026-08-03T17:27:08.658Z LH:status Trace Engine parse:Animations:finalize
2026-08-03T17:27:08.660Z LH:status Trace Engine parse:Samples:finalize
2026-08-03T17:27:08.662Z LH:status Trace Engine parse:AuctionWorklets:finalize
2026-08-03T17:27:08.663Z LH:status Trace Engine parse:NetworkRequests:finalize
2026-08-03T17:27:08.667Z LH:status Trace Engine parse:Renderer:finalize
2026-08-03T17:27:08.674Z LH:status Trace Engine parse:Flows:finalize
2026-08-03T17:27:08.678Z LH:status Trace Engine parse:AsyncJSCalls:finalize
2026-08-03T17:27:08.679Z LH:status Trace Engine parse:DOMStats:finalize
2026-08-03T17:27:08.680Z LH:status Trace Engine parse:UserTimings:finalize
2026-08-03T17:27:08.682Z LH:status Trace Engine parse:ExtensionTraceData:finalize
2026-08-03T17:27:08.683Z LH:status Trace Engine parse:LayerTree:finalize
2026-08-03T17:27:08.685Z LH:status Trace Engine parse:Frames:finalize
2026-08-03T17:27:08.689Z LH:status Trace Engine parse:GPU:finalize
2026-08-03T17:27:08.693Z LH:status Trace Engine parse:ImagePainting:finalize
2026-08-03T17:27:08.694Z LH:status Trace Engine parse:Initiators:finalize
2026-08-03T17:27:08.695Z LH:status Trace Engine parse:Invalidations:finalize
2026-08-03T17:27:08.696Z LH:status Trace Engine parse:PageLoadMetrics:finalize
2026-08-03T17:27:08.697Z LH:status Trace Engine parse:LargestImagePaint:finalize
2026-08-03T17:27:08.698Z LH:status Trace Engine parse:LargestTextPaint:finalize
2026-08-03T17:27:08.699Z LH:status Trace Engine parse:Screenshots:finalize
2026-08-03T17:27:08.700Z LH:status Trace Engine parse:LayoutShifts:finalize
2026-08-03T17:27:08.701Z LH:status Trace Engine parse:Memory:finalize
2026-08-03T17:27:08.702Z LH:status Trace Engine parse:PageFrames:finalize
2026-08-03T17:27:08.703Z LH:status Trace Engine parse:Scripts:finalize
2026-08-03T17:27:08.704Z LH:status Trace Engine parse:SelectorStats:finalize
2026-08-03T17:27:08.705Z LH:status Trace Engine parse:UserInteractions:finalize
2026-08-03T17:27:08.710Z LH:status Trace Engine parse:Workers:finalize
2026-08-03T17:27:08.711Z LH:status Trace Engine parse:Warnings:finalize
2026-08-03T17:27:08.713Z LH:status Trace Engine parse:handler.data()
2026-08-03T17:27:08.713Z LH:status Trace Engine insights
2026-08-03T17:27:08.713Z LH:status Trace Engine insights:CLSCulprits
2026-08-03T17:27:08.714Z LH:status Trace Engine insights:Cache
2026-08-03T17:27:08.714Z LH:status Trace Engine insights:CharacterSet
2026-08-03T17:27:08.715Z LH:status Trace Engine insights:DOMSize
2026-08-03T17:27:08.715Z LH:status Trace Engine insights:DocumentLatency
2026-08-03T17:27:08.715Z LH:status Trace Engine insights:DuplicatedJavaScript
2026-08-03T17:27:08.716Z LH:status Trace Engine insights:FontDisplay
2026-08-03T17:27:08.716Z LH:status Trace Engine insights:ForcedReflow
2026-08-03T17:27:08.716Z LH:status Trace Engine insights:INPBreakdown
2026-08-03T17:27:08.716Z LH:status Trace Engine insights:ImageDelivery
2026-08-03T17:27:08.716Z LH:status Trace Engine insights:LCPBreakdown
2026-08-03T17:27:08.717Z LH:status Trace Engine insights:LCPDiscovery
2026-08-03T17:27:08.717Z LH:status Trace Engine insights:LegacyJavaScript
2026-08-03T17:27:08.717Z LH:status Trace Engine insights:ModernHTTP
2026-08-03T17:27:08.717Z LH:status Trace Engine insights:NetworkDependencyTree
2026-08-03T17:27:08.717Z LH:status Trace Engine insights:RenderBlocking
2026-08-03T17:27:08.718Z LH:status Trace Engine insights:SlowCSSSelector
2026-08-03T17:27:08.718Z LH:status Trace Engine insights:ThirdParties
2026-08-03T17:27:08.719Z LH:status Trace Engine insights:Viewport
2026-08-03T17:27:08.720Z LH:status Trace Engine insights:createLanternContext
2026-08-03T17:27:08.741Z LH:status Trace Engine insights:CLSCulprits
2026-08-03T17:27:08.742Z LH:status Trace Engine insights:Cache
2026-08-03T17:27:08.743Z LH:status Trace Engine insights:CharacterSet
2026-08-03T17:27:08.743Z LH:status Trace Engine insights:DOMSize
2026-08-03T17:27:08.743Z LH:status Trace Engine insights:DocumentLatency
2026-08-03T17:27:08.743Z LH:status Trace Engine insights:DuplicatedJavaScript
2026-08-03T17:27:08.744Z LH:status Trace Engine insights:FontDisplay
2026-08-03T17:27:08.744Z LH:status Trace Engine insights:ForcedReflow
2026-08-03T17:27:08.744Z LH:status Trace Engine insights:INPBreakdown
2026-08-03T17:27:08.744Z LH:status Trace Engine insights:ImageDelivery
2026-08-03T17:27:08.746Z LH:status Trace Engine insights:LCPBreakdown
2026-08-03T17:27:08.747Z LH:status Trace Engine insights:LCPDiscovery
2026-08-03T17:27:08.747Z LH:status Trace Engine insights:LegacyJavaScript
2026-08-03T17:27:08.783Z LH:status Trace Engine insights:ModernHTTP
2026-08-03T17:27:08.785Z LH:status Trace Engine insights:NetworkDependencyTree
2026-08-03T17:27:08.786Z LH:status Trace Engine insights:RenderBlocking
2026-08-03T17:27:08.787Z LH:status Trace Engine insights:SlowCSSSelector
2026-08-03T17:27:08.787Z LH:status Trace Engine insights:ThirdParties
2026-08-03T17:27:08.791Z LH:status Trace Engine insights:Viewport
2026-08-03T17:27:08.816Z LH:method <= browser ERR:error DOM.resolveNode 
2026-08-03T17:27:08.817Z LH:method <= browser ERR:error DOM.resolveNode 
2026-08-03T17:27:08.818Z LH:method <= browser ERR:error DOM.resolveNode 
2026-08-03T17:27:08.819Z LH:method <= browser ERR:error DOM.resolveNode 
2026-08-03T17:27:08.820Z LH:method <= browser ERR:error DOM.resolveNode 
2026-08-03T17:27:08.820Z LH:method <= browser ERR:error DOM.resolveNode 
2026-08-03T17:27:08.821Z LH:method <= browser ERR:error DOM.resolveNode 
2026-08-03T17:27:08.822Z LH:method <= browser ERR:error DOM.resolveNode 
2026-08-03T17:27:08.822Z LH:method <= browser ERR:error DOM.resolveNode 
2026-08-03T17:27:08.823Z LH:method <= browser ERR:error DOM.resolveNode 
2026-08-03T17:27:08.824Z LH:method <= browser ERR:error DOM.resolveNode 
2026-08-03T17:27:08.824Z LH:method <= browser ERR:error DOM.resolveNode 
2026-08-03T17:27:08.825Z LH:method <= browser ERR:error DOM.resolveNode 
2026-08-03T17:27:08.826Z LH:method <= browser ERR:error DOM.resolveNode 
2026-08-03T17:27:08.826Z LH:method <= browser ERR:error DOM.resolveNode 
2026-08-03T17:27:08.827Z LH:method <= browser ERR:error DOM.resolveNode 
2026-08-03T17:27:08.828Z LH:method <= browser ERR:error DOM.resolveNode 
2026-08-03T17:27:08.828Z LH:method <= browser ERR:error DOM.resolveNode 
2026-08-03T17:27:08.829Z LH:method <= browser ERR:error DOM.resolveNode 
2026-08-03T17:27:08.830Z LH:method <= browser ERR:error DOM.resolveNode 
2026-08-03T17:27:08.830Z LH:method <= browser ERR:error DOM.resolveNode 
2026-08-03T17:27:08.831Z LH:method <= browser ERR:error DOM.resolveNode 
2026-08-03T17:27:08.832Z LH:method <= browser ERR:error DOM.resolveNode 
2026-08-03T17:27:08.832Z LH:method <= browser ERR:error DOM.resolveNode 
2026-08-03T17:27:08.833Z LH:method <= browser ERR:error DOM.resolveNode 
2026-08-03T17:27:08.834Z LH:method <= browser ERR:error DOM.resolveNode 
2026-08-03T17:27:08.834Z LH:method <= browser ERR:error DOM.resolveNode 
2026-08-03T17:27:08.835Z LH:method <= browser ERR:error DOM.resolveNode 
2026-08-03T17:27:08.835Z LH:method <= browser ERR:error DOM.resolveNode 
2026-08-03T17:27:08.836Z LH:method <= browser ERR:error DOM.resolveNode 
2026-08-03T17:27:08.837Z LH:method <= browser ERR:error DOM.resolveNode 
2026-08-03T17:27:08.838Z LH:method <= browser ERR:error DOM.resolveNode 
2026-08-03T17:27:08.838Z LH:method <= browser ERR:error DOM.resolveNode 
2026-08-03T17:27:08.839Z LH:method <= browser ERR:error DOM.resolveNode 
2026-08-03T17:27:08.840Z LH:method <= browser ERR:error DOM.resolveNode 
2026-08-03T17:27:08.840Z LH:method <= browser ERR:error DOM.resolveNode 
2026-08-03T17:27:08.841Z LH:method <= browser ERR:error DOM.resolveNode 
2026-08-03T17:27:08.842Z LH:method <= browser ERR:error DOM.resolveNode 
2026-08-03T17:27:08.842Z LH:method <= browser ERR:error DOM.resolveNode 
2026-08-03T17:27:08.843Z LH:method <= browser ERR:error DOM.resolveNode 
2026-08-03T17:27:08.844Z LH:method <= browser ERR:error DOM.resolveNode 
2026-08-03T17:27:08.844Z LH:method <= browser ERR:error DOM.resolveNode 
2026-08-03T17:27:08.845Z LH:method <= browser ERR:error DOM.resolveNode 
2026-08-03T17:27:08.846Z LH:method <= browser ERR:error DOM.resolveNode 
2026-08-03T17:27:08.847Z LH:method <= browser ERR:error DOM.resolveNode 
2026-08-03T17:27:08.847Z LH:method <= browser ERR:error DOM.resolveNode 
2026-08-03T17:27:08.848Z LH:method <= browser ERR:error DOM.resolveNode 
2026-08-03T17:27:08.848Z LH:method <= browser ERR:error DOM.resolveNode 
2026-08-03T17:27:08.849Z LH:method <= browser ERR:error DOM.resolveNode 
2026-08-03T17:27:08.850Z LH:method <= browser ERR:error DOM.resolveNode 
2026-08-03T17:27:08.850Z LH:method <= browser ERR:error DOM.resolveNode 
2026-08-03T17:27:08.851Z LH:method <= browser ERR:error DOM.resolveNode 
2026-08-03T17:27:08.852Z LH:method <= browser ERR:error DOM.resolveNode 
2026-08-03T17:27:08.853Z LH:method <= browser ERR:error DOM.resolveNode 
2026-08-03T17:27:08.853Z LH:method <= browser ERR:error DOM.resolveNode 
2026-08-03T17:27:08.854Z LH:method <= browser ERR:error DOM.resolveNode 
2026-08-03T17:27:08.855Z LH:method <= browser ERR:error DOM.resolveNode 
2026-08-03T17:27:08.855Z LH:method <= browser ERR:error DOM.resolveNode 
2026-08-03T17:27:08.856Z LH:method <= browser ERR:error DOM.resolveNode 
2026-08-03T17:27:08.856Z LH:method <= browser ERR:error DOM.resolveNode 
2026-08-03T17:27:08.857Z LH:method <= browser ERR:error DOM.resolveNode 
2026-08-03T17:27:08.858Z LH:method <= browser ERR:error DOM.resolveNode 
2026-08-03T17:27:08.858Z LH:method <= browser ERR:error DOM.resolveNode 
2026-08-03T17:27:08.859Z LH:method <= browser ERR:error DOM.resolveNode 
2026-08-03T17:27:08.860Z LH:method <= browser ERR:error DOM.resolveNode 
2026-08-03T17:27:08.860Z LH:method <= browser ERR:error DOM.resolveNode 
2026-08-03T17:27:08.861Z LH:method <= browser ERR:error DOM.resolveNode 
2026-08-03T17:27:08.862Z LH:method <= browser ERR:error DOM.resolveNode 
2026-08-03T17:27:08.862Z LH:method <= browser ERR:error DOM.resolveNode 
2026-08-03T17:27:08.863Z LH:method <= browser ERR:error DOM.resolveNode 
2026-08-03T17:27:08.864Z LH:method <= browser ERR:error DOM.resolveNode 
2026-08-03T17:27:08.864Z LH:method <= browser ERR:error DOM.resolveNode 
2026-08-03T17:27:08.865Z LH:method <= browser ERR:error DOM.resolveNode 
2026-08-03T17:27:08.866Z LH:method <= browser ERR:error DOM.resolveNode 
2026-08-03T17:27:08.870Z LH:method <= browser ERR:error DOM.resolveNode 
2026-08-03T17:27:08.872Z LH:method <= browser ERR:error DOM.resolveNode 
2026-08-03T17:27:08.872Z LH:method <= browser ERR:error DOM.resolveNode 
2026-08-03T17:27:08.873Z LH:method <= browser ERR:error DOM.resolveNode 
2026-08-03T17:27:08.874Z LH:method <= browser ERR:error DOM.resolveNode 
2026-08-03T17:27:08.875Z LH:method <= browser ERR:error DOM.resolveNode 
2026-08-03T17:27:08.875Z LH:method <= browser ERR:error DOM.resolveNode 
2026-08-03T17:27:08.876Z LH:method <= browser ERR:error DOM.resolveNode 
2026-08-03T17:27:08.877Z LH:method <= browser ERR:error DOM.resolveNode 
2026-08-03T17:27:08.877Z LH:method <= browser ERR:error DOM.resolveNode 
2026-08-03T17:27:08.878Z LH:method <= browser ERR:error DOM.resolveNode 
2026-08-03T17:27:08.878Z LH:method <= browser ERR:error DOM.resolveNode 
2026-08-03T17:27:08.879Z LH:method <= browser ERR:error DOM.resolveNode 
2026-08-03T17:27:08.880Z LH:method <= browser ERR:error DOM.resolveNode 
2026-08-03T17:27:08.880Z LH:method <= browser ERR:error DOM.resolveNode 
2026-08-03T17:27:08.881Z LH:method <= browser ERR:error DOM.resolveNode 
2026-08-03T17:27:08.882Z LH:method <= browser ERR:error DOM.resolveNode 
2026-08-03T17:27:08.882Z LH:status Getting artifact: ViewportDimensions
2026-08-03T17:27:08.883Z LH:status Getting artifact: FullPageScreenshot
2026-08-03T17:27:09.936Z LH:status Getting artifact: BFCacheFailures
2026-08-03T17:27:10.398Z LH:status Analyzing and running audits...
2026-08-03T17:27:10.399Z LH:status Auditing: Uses HTTPS
2026-08-03T17:27:10.400Z LH:status Auditing: Redirects HTTP traffic to HTTPS
2026-08-03T17:27:10.400Z LH:status Auditing: First Contentful Paint
2026-08-03T17:27:10.407Z LH:status Auditing: Largest Contentful Paint
2026-08-03T17:27:10.410Z LH:status Auditing: Speed Index
2026-08-03T17:27:10.440Z LH:status Auditing: Screenshot Thumbnails
2026-08-03T17:27:10.440Z LH:status Auditing: Final Screenshot
2026-08-03T17:27:10.441Z LH:status Auditing: Total Blocking Time
2026-08-03T17:27:10.444Z LH:status Auditing: Max Potential First Input Delay
2026-08-03T17:27:10.446Z LH:status Auditing: Cumulative Layout Shift
2026-08-03T17:27:10.446Z LH:status Auditing: No browser errors logged to the console
2026-08-03T17:27:10.448Z LH:status Auditing: Initial server response time was short
2026-08-03T17:27:10.448Z LH:status Auditing: Time to Interactive
2026-08-03T17:27:10.449Z LH:status Auditing: User Timing marks and measures
2026-08-03T17:27:10.450Z LH:status Auditing: Avoid multiple page redirects
2026-08-03T17:27:10.451Z LH:status Auditing: Displays images with correct aspect ratio
2026-08-03T17:27:10.452Z LH:status Auditing: Serves images with appropriate resolution
2026-08-03T17:27:10.453Z LH:status Auditing: Avoids deprecated APIs
2026-08-03T17:27:10.454Z LH:status Auditing: Avoids third-party cookies
2026-08-03T17:27:10.454Z LH:status Auditing: Minimizes main-thread work
2026-08-03T17:27:10.462Z LH:status Auditing: JavaScript execution time
2026-08-03T17:27:10.467Z LH:status Auditing: Diagnostics
2026-08-03T17:27:10.469Z LH:status Auditing: Network Requests
2026-08-03T17:27:10.471Z LH:status Auditing: Network Round Trip Times
2026-08-03T17:27:10.472Z LH:status Auditing: Server Backend Latencies
2026-08-03T17:27:10.473Z LH:status Auditing: Tasks
2026-08-03T17:27:10.473Z LH:status Auditing: Metrics
2026-08-03T17:27:10.476Z LH:status Auditing: Resources Summary
2026-08-03T17:27:10.477Z LH:status Auditing: Avoid large layout shifts
2026-08-03T17:27:10.478Z LH:status Auditing: Avoid long main-thread tasks
2026-08-03T17:27:10.482Z LH:status Auditing: Avoid non-composited animations
2026-08-03T17:27:10.483Z LH:status Auditing: Image elements have explicit `width` and `height`
2026-08-03T17:27:10.483Z LH:status Auditing: Page has valid source maps
2026-08-03T17:27:10.485Z LH:status Auditing: Ensure CSP is effective against XSS attacks
2026-08-03T17:27:10.488Z LH:status Auditing: Use a strong HSTS policy
2026-08-03T17:27:10.489Z LH:status Auditing: Ensure proper origin isolation with COOP
2026-08-03T17:27:10.490Z LH:status Auditing: Mitigate clickjacking with XFO or CSP
2026-08-03T17:27:10.491Z LH:status Auditing: Mitigate DOM-based XSS with Trusted Types
2026-08-03T17:27:10.492Z LH:status Auditing: Script Treemap Data
2026-08-03T17:27:10.510Z LH:status Auditing: `[accesskey]` values are unique
2026-08-03T17:27:10.510Z LH:status Auditing: `[aria-*]` attributes match their roles
2026-08-03T17:27:10.512Z LH:status Auditing: Uses ARIA roles only on compatible elements
2026-08-03T17:27:10.513Z LH:status Auditing: `button`, `link`, and `menuitem` elements have accessible names
2026-08-03T17:27:10.514Z LH:status Auditing: ARIA attributes are used as specified for the element's role
2026-08-03T17:27:10.515Z LH:status Auditing: Deprecated ARIA roles were not used
2026-08-03T17:27:10.516Z LH:status Auditing: Elements with `role="dialog"` or `role="alertdialog"` have accessible names.
2026-08-03T17:27:10.517Z LH:status Auditing: `[aria-hidden="true"]` is not present on the document `<body>`
2026-08-03T17:27:10.519Z LH:status Auditing: `[aria-hidden="true"]` elements do not contain focusable descendents
2026-08-03T17:27:10.520Z LH:status Auditing: ARIA input fields have accessible names
2026-08-03T17:27:10.521Z LH:status Auditing: ARIA `meter` elements have accessible names
2026-08-03T17:27:10.521Z LH:status Auditing: ARIA `progressbar` elements have accessible names
2026-08-03T17:27:10.522Z LH:status Auditing: Elements use only permitted ARIA attributes
2026-08-03T17:27:10.523Z LH:status Auditing: `[role]`s have all required `[aria-*]` attributes
2026-08-03T17:27:10.524Z LH:status Auditing: Elements with an ARIA `[role]` that require children to contain a specific `[role]` have all required children.
2026-08-03T17:27:10.524Z LH:status Auditing: `[role]`s are contained by their required parent element
2026-08-03T17:27:10.525Z LH:status Auditing: `[role]` values are valid
2026-08-03T17:27:10.526Z LH:status Auditing: Elements with the `role=text` attribute do not have focusable descendents.
2026-08-03T17:27:10.527Z LH:status Auditing: ARIA toggle fields have accessible names
2026-08-03T17:27:10.527Z LH:status Auditing: ARIA `tooltip` elements have accessible names
2026-08-03T17:27:10.528Z LH:status Auditing: ARIA `treeitem` elements have accessible names
2026-08-03T17:27:10.529Z LH:status Auditing: `[aria-*]` attributes have valid values
2026-08-03T17:27:10.530Z LH:status Auditing: `[aria-*]` attributes are valid and not misspelled
2026-08-03T17:27:10.531Z LH:status Auditing: Buttons have an accessible name
2026-08-03T17:27:10.532Z LH:status Auditing: The page contains a heading, skip link, or landmark region
2026-08-03T17:27:10.534Z LH:status Auditing: Background and foreground colors have a sufficient contrast ratio
2026-08-03T17:27:10.535Z LH:status Auditing: `<dl>`'s contain only properly-ordered `<dt>` and `<dd>` groups, `<script>`, `<template>` or `<div>` elements.
2026-08-03T17:27:10.538Z LH:status Auditing: Definition list items are wrapped in `<dl>` elements
2026-08-03T17:27:10.539Z LH:status Auditing: Document has a `<title>` element
2026-08-03T17:27:10.540Z LH:status Auditing: ARIA IDs are unique
2026-08-03T17:27:10.541Z LH:status Auditing: All heading elements contain content.
2026-08-03T17:27:10.542Z LH:status Auditing: No form fields have multiple labels
2026-08-03T17:27:10.542Z LH:status Auditing: `<frame>` or `<iframe>` elements have a title
2026-08-03T17:27:10.543Z LH:status Auditing: Heading elements appear in a sequentially-descending order
2026-08-03T17:27:10.544Z LH:status Auditing: `<html>` element has a `[lang]` attribute
2026-08-03T17:27:10.545Z LH:status Auditing: `<html>` element has a valid value for its `[lang]` attribute
2026-08-03T17:27:10.546Z LH:status Auditing: `<html>` element has an `[xml:lang]` attribute with the same base language as the `[lang]` attribute.
2026-08-03T17:27:10.547Z LH:status Auditing: Identical links have the same purpose.
2026-08-03T17:27:10.548Z LH:status Auditing: Image elements have `[alt]` attributes
2026-08-03T17:27:10.549Z LH:status Auditing: Image elements do not have `[alt]` attributes that are redundant text.
2026-08-03T17:27:10.550Z LH:status Auditing: Input buttons have discernible text.
2026-08-03T17:27:10.551Z LH:status Auditing: `<input type="image">` elements have `[alt]` text
2026-08-03T17:27:10.551Z LH:status Auditing: Elements with visible text labels have matching accessible names.
2026-08-03T17:27:10.553Z LH:status Auditing: Form elements have associated labels
2026-08-03T17:27:10.554Z LH:status Auditing: Document has a main landmark.
2026-08-03T17:27:10.555Z LH:status Auditing: Links have a discernible name
2026-08-03T17:27:10.556Z LH:status Auditing: Links are distinguishable without relying on color.
2026-08-03T17:27:10.557Z LH:status Auditing: Lists contain only `<li>` elements and script supporting elements (`<script>` and `<template>`).
2026-08-03T17:27:10.559Z LH:status Auditing: List items (`<li>`) are contained within `<ul>`, `<ol>` or `<menu>` parent elements
2026-08-03T17:27:10.560Z LH:status Auditing: The document does not use `<meta http-equiv="refresh">`
2026-08-03T17:27:10.561Z LH:status Auditing: `[user-scalable="no"]` is not used in the `<meta name="viewport">` element and the `[maximum-scale]` attribute is not less than 5.
2026-08-03T17:27:10.562Z LH:status Auditing: `<object>` elements have alternate text
2026-08-03T17:27:10.563Z LH:status Auditing: Select elements have associated label elements.
2026-08-03T17:27:10.564Z LH:status Auditing: Skip links are focusable.
2026-08-03T17:27:10.565Z LH:status Auditing: No element has a `[tabindex]` value greater than 0
2026-08-03T17:27:10.566Z LH:status Auditing: Tables have different content in the summary attribute and `<caption>`.
2026-08-03T17:27:10.567Z LH:status Auditing: Tables use `<caption>` instead of cells with the `[colspan]` attribute to indicate a caption.
2026-08-03T17:27:10.568Z LH:status Auditing: Touch targets have sufficient size and spacing.
2026-08-03T17:27:10.569Z LH:status Auditing: `<td>` elements in a large `<table>` have one or more table headers.
2026-08-03T17:27:10.571Z LH:status Auditing: Cells in a `<table>` element that use the `[headers]` attribute refer to table cells within the same table.
2026-08-03T17:27:10.572Z LH:status Auditing: `<th>` elements and elements with `[role="columnheader"/"rowheader"]` have data cells they describe.
2026-08-03T17:27:10.573Z LH:status Auditing: `[lang]` attributes have a valid value
2026-08-03T17:27:10.574Z LH:status Auditing: `<video>` elements contain a `<track>` element with `[kind="captions"]`
2026-08-03T17:27:10.575Z LH:status Auditing: Custom controls have associated labels
2026-08-03T17:27:10.575Z LH:status Auditing: Custom controls have ARIA roles
2026-08-03T17:27:10.575Z LH:status Auditing: User focus is not accidentally trapped in a region
2026-08-03T17:27:10.575Z LH:status Auditing: Interactive controls are keyboard focusable
2026-08-03T17:27:10.575Z LH:status Auditing: Interactive elements indicate their purpose and state
2026-08-03T17:27:10.575Z LH:status Auditing: The page has a logical tab order
2026-08-03T17:27:10.575Z LH:status Auditing: The user's focus is directed to new content added to the page
2026-08-03T17:27:10.575Z LH:status Auditing: Offscreen content is hidden from assistive technology
2026-08-03T17:27:10.575Z LH:status Auditing: HTML5 landmark elements are used to improve navigation
2026-08-03T17:27:10.575Z LH:status Auditing: Visual order on the page follows DOM order
2026-08-03T17:27:10.576Z LH:status Auditing: `autocomplete` attributes are used correctly
2026-08-03T17:27:10.576Z LH:status Auditing: Elements with `role="none"` or `role="presentation"` do not have conflicts
2026-08-03T17:27:10.577Z LH:status Auditing: SVG elements with an `img` role have an accessible text alternative
2026-08-03T17:27:10.578Z LH:status Auditing: Avoids enormous network payloads
2026-08-03T17:27:10.579Z LH:status Auditing: Minify CSS
2026-08-03T17:27:10.599Z LH:status Auditing: Minify JavaScript
2026-08-03T17:27:10.623Z LH:status Auditing: Reduce unused CSS
2026-08-03T17:27:10.625Z LH:status Auditing: Reduce unused JavaScript
2026-08-03T17:27:10.628Z LH:status Auditing: Page has the HTML doctype
2026-08-03T17:27:10.628Z LH:status Auditing: Properly defines charset
2026-08-03T17:27:10.629Z LH:status Auditing: Avoids requesting the geolocation permission on page load
2026-08-03T17:27:10.630Z LH:status Auditing: No issues in the `Issues` panel in Chrome Devtools
2026-08-03T17:27:10.630Z LH:status Auditing: Detected JavaScript libraries
2026-08-03T17:27:10.630Z LH:status Auditing: Avoids requesting the notification permission on page load
2026-08-03T17:27:10.631Z LH:status Auditing: Allows users to paste into input fields
2026-08-03T17:27:10.631Z LH:status Auditing: Baseline Features
2026-08-03T17:27:10.633Z LH:status Auditing: Document has a meta description
2026-08-03T17:27:10.633Z LH:status Auditing: Page has successful HTTP status code
2026-08-03T17:27:10.634Z LH:status Auditing: Links have descriptive text
2026-08-03T17:27:10.635Z LH:status Auditing: Links are crawlable
2026-08-03T17:27:10.635Z LH:status Auditing: Page isn’t blocked from indexing
2026-08-03T17:27:10.636Z LH:status Auditing: robots.txt is valid
2026-08-03T17:27:10.637Z LH:status Auditing: Document has a valid `hreflang`
2026-08-03T17:27:10.638Z LH:status Auditing: Document has a valid `rel=canonical`
2026-08-03T17:27:10.638Z LH:status Auditing: Structured data is valid
2026-08-03T17:27:10.638Z LH:status Auditing: Page didn't prevent back/forward cache restoration
2026-08-03T17:27:10.639Z LH:status Auditing: Use efficient cache lifetimes
2026-08-03T17:27:10.640Z LH:status Auditing: Layout shift culprits
2026-08-03T17:27:10.640Z LH:status Auditing: Document request latency
2026-08-03T17:27:10.641Z LH:status Auditing: Optimize DOM size
2026-08-03T17:27:10.641Z LH:status Auditing: Duplicated JavaScript
2026-08-03T17:27:10.642Z LH:status Auditing: Font display
2026-08-03T17:27:10.642Z LH:status Auditing: Forced reflow
2026-08-03T17:27:10.643Z LH:status Auditing: Improve image delivery
2026-08-03T17:27:10.644Z LH:status Auditing: INP breakdown
2026-08-03T17:27:10.644Z LH:status Auditing: LCP breakdown
2026-08-03T17:27:10.645Z LH:status Auditing: LCP request discovery
2026-08-03T17:27:10.645Z LH:status Auditing: Legacy JavaScript
2026-08-03T17:27:10.646Z LH:status Auditing: Modern HTTP
2026-08-03T17:27:10.646Z LH:status Auditing: Network dependency tree
2026-08-03T17:27:10.647Z LH:status Auditing: Render-blocking requests
2026-08-03T17:27:10.648Z LH:status Auditing: 3rd parties
2026-08-03T17:27:10.657Z LH:status Auditing: Optimize viewport for mobile
2026-08-03T17:27:10.658Z LH:status Generating results...
2026-08-03T17:27:10.677Z LH:Printer json output written to /home/mihai/ROVEXO/docs/releases/final-owner-acceptance/seo/category-mobile.report.json
2026-08-03T17:27:10.678Z LH:Printer html output written to /home/mihai/ROVEXO/docs/releases/final-owner-acceptance/seo/category-mobile.report.html
2026-08-03T17:27:10.678Z LH:CLI Protip: Run lighthouse with `--view` to immediately open the HTML report in your browser
