npm warn Unknown env config "devdir". This will stop working in the next major version of npm. See `npm help npmrc` for supported config options.
2026-08-03T17:28:07.727Z LH:ChromeLauncher Found existing Chrome already running using port 9226, using that.
2026-08-03T17:28:08.026Z LH:status Connecting to browser
2026-08-03T17:28:08.031Z LH:status Navigating to about:blank
2026-08-03T17:28:08.035Z LH:status Benchmarking machine
2026-08-03T17:28:09.038Z LH:status Host device pixel ratio
2026-08-03T17:28:09.040Z LH:status Preparing target for navigation mode
2026-08-03T17:28:09.052Z LH:status Preparing network conditions
2026-08-03T17:28:09.083Z LH:status Navigating to http://127.0.0.1:3000/categories
2026-08-03T17:28:10.846Z LH:status Getting artifact: DevtoolsLog
2026-08-03T17:28:10.847Z LH:status Getting artifact: Trace
2026-08-03T17:28:10.847Z LH:status Getting artifact: Accessibility
2026-08-03T17:28:10.990Z LH:status Getting artifact: AnchorElements
2026-08-03T17:28:11.007Z LH:status Getting artifact: ConsoleMessages
2026-08-03T17:28:11.007Z LH:status Getting artifact: CSSUsage
2026-08-03T17:28:11.222Z LH:status Getting artifact: Doctype
2026-08-03T17:28:11.223Z LH:status Getting artifact: Inputs
2026-08-03T17:28:11.225Z LH:status Getting artifact: ImageElements
2026-08-03T17:28:11.849Z LH:status Getting artifact: InspectorIssues
2026-08-03T17:28:11.849Z LH:status Getting artifact: JsUsage
2026-08-03T17:28:11.849Z LH:status Getting artifact: LinkElements
2026-08-03T17:28:11.853Z LH:status Getting artifact: MainDocumentContent
2026-08-03T17:28:11.859Z LH:status Getting artifact: MetaElements
2026-08-03T17:28:11.862Z LH:status Getting artifact: NetworkUserAgent
2026-08-03T17:28:11.862Z LH:status Getting artifact: RobotsTxt
2026-08-03T17:28:11.869Z LH:status Getting artifact: Scripts
2026-08-03T17:28:11.869Z LH:status Getting artifact: SourceMaps
2026-08-03T17:28:11.869Z LH:status Getting artifact: Stacks
2026-08-03T17:28:11.870Z LH:status Collect stacks
2026-08-03T17:28:11.876Z LH:status Getting artifact: Stylesheets
2026-08-03T17:28:11.945Z LH:status Getting artifact: TraceElements
2026-08-03T17:28:11.956Z LH:status Trace Engine total
2026-08-03T17:28:11.956Z LH:status Trace Engine parse
2026-08-03T17:28:11.957Z LH:status Trace Engine parse:handleEvent
2026-08-03T17:28:12.004Z LH:status Trace Engine parse:Meta:finalize
2026-08-03T17:28:12.005Z LH:status Trace Engine parse:AnimationFrames:finalize
2026-08-03T17:28:12.006Z LH:status Trace Engine parse:Animations:finalize
2026-08-03T17:28:12.009Z LH:status Trace Engine parse:Samples:finalize
2026-08-03T17:28:12.011Z LH:status Trace Engine parse:AuctionWorklets:finalize
2026-08-03T17:28:12.012Z LH:status Trace Engine parse:NetworkRequests:finalize
2026-08-03T17:28:12.016Z LH:status Trace Engine parse:Renderer:finalize
2026-08-03T17:28:12.023Z LH:status Trace Engine parse:Flows:finalize
2026-08-03T17:28:12.027Z LH:status Trace Engine parse:AsyncJSCalls:finalize
2026-08-03T17:28:12.029Z LH:status Trace Engine parse:DOMStats:finalize
2026-08-03T17:28:12.030Z LH:status Trace Engine parse:UserTimings:finalize
2026-08-03T17:28:12.031Z LH:status Trace Engine parse:ExtensionTraceData:finalize
2026-08-03T17:28:12.033Z LH:status Trace Engine parse:LayerTree:finalize
2026-08-03T17:28:12.034Z LH:status Trace Engine parse:Frames:finalize
2026-08-03T17:28:12.038Z LH:status Trace Engine parse:GPU:finalize
2026-08-03T17:28:12.040Z LH:status Trace Engine parse:ImagePainting:finalize
2026-08-03T17:28:12.041Z LH:status Trace Engine parse:Initiators:finalize
2026-08-03T17:28:12.043Z LH:status Trace Engine parse:Invalidations:finalize
2026-08-03T17:28:12.044Z LH:status Trace Engine parse:PageLoadMetrics:finalize
2026-08-03T17:28:12.046Z LH:status Trace Engine parse:LargestImagePaint:finalize
2026-08-03T17:28:12.047Z LH:status Trace Engine parse:LargestTextPaint:finalize
2026-08-03T17:28:12.048Z LH:status Trace Engine parse:Screenshots:finalize
2026-08-03T17:28:12.050Z LH:status Trace Engine parse:LayoutShifts:finalize
2026-08-03T17:28:12.052Z LH:status Trace Engine parse:Memory:finalize
2026-08-03T17:28:12.053Z LH:status Trace Engine parse:PageFrames:finalize
2026-08-03T17:28:12.054Z LH:status Trace Engine parse:Scripts:finalize
2026-08-03T17:28:12.056Z LH:status Trace Engine parse:SelectorStats:finalize
2026-08-03T17:28:12.057Z LH:status Trace Engine parse:UserInteractions:finalize
2026-08-03T17:28:12.058Z LH:status Trace Engine parse:Workers:finalize
2026-08-03T17:28:12.060Z LH:status Trace Engine parse:Warnings:finalize
2026-08-03T17:28:12.061Z LH:status Trace Engine parse:handler.data()
2026-08-03T17:28:12.061Z LH:status Trace Engine insights
2026-08-03T17:28:12.062Z LH:status Trace Engine insights:CLSCulprits
2026-08-03T17:28:12.062Z LH:status Trace Engine insights:Cache
2026-08-03T17:28:12.062Z LH:status Trace Engine insights:CharacterSet
2026-08-03T17:28:12.062Z LH:status Trace Engine insights:DOMSize
2026-08-03T17:28:12.063Z LH:status Trace Engine insights:DocumentLatency
2026-08-03T17:28:12.063Z LH:status Trace Engine insights:DuplicatedJavaScript
2026-08-03T17:28:12.063Z LH:status Trace Engine insights:FontDisplay
2026-08-03T17:28:12.064Z LH:status Trace Engine insights:ForcedReflow
2026-08-03T17:28:12.064Z LH:status Trace Engine insights:INPBreakdown
2026-08-03T17:28:12.064Z LH:status Trace Engine insights:ImageDelivery
2026-08-03T17:28:12.064Z LH:status Trace Engine insights:LCPBreakdown
2026-08-03T17:28:12.064Z LH:status Trace Engine insights:LCPDiscovery
2026-08-03T17:28:12.065Z LH:status Trace Engine insights:LegacyJavaScript
2026-08-03T17:28:12.065Z LH:status Trace Engine insights:ModernHTTP
2026-08-03T17:28:12.065Z LH:status Trace Engine insights:NetworkDependencyTree
2026-08-03T17:28:12.065Z LH:status Trace Engine insights:RenderBlocking
2026-08-03T17:28:12.065Z LH:status Trace Engine insights:SlowCSSSelector
2026-08-03T17:28:12.066Z LH:status Trace Engine insights:ThirdParties
2026-08-03T17:28:12.068Z LH:status Trace Engine insights:Viewport
2026-08-03T17:28:12.068Z LH:status Trace Engine insights:createLanternContext
2026-08-03T17:28:12.090Z LH:status Trace Engine insights:CLSCulprits
2026-08-03T17:28:12.091Z LH:status Trace Engine insights:Cache
2026-08-03T17:28:12.091Z LH:status Trace Engine insights:CharacterSet
2026-08-03T17:28:12.092Z LH:status Trace Engine insights:DOMSize
2026-08-03T17:28:12.092Z LH:status Trace Engine insights:DocumentLatency
2026-08-03T17:28:12.092Z LH:status Trace Engine insights:DuplicatedJavaScript
2026-08-03T17:28:12.092Z LH:status Trace Engine insights:FontDisplay
2026-08-03T17:28:12.092Z LH:status Trace Engine insights:ForcedReflow
2026-08-03T17:28:12.093Z LH:status Trace Engine insights:INPBreakdown
2026-08-03T17:28:12.093Z LH:status Trace Engine insights:ImageDelivery
2026-08-03T17:28:12.093Z LH:status Trace Engine insights:LCPBreakdown
2026-08-03T17:28:12.093Z LH:status Trace Engine insights:LCPDiscovery
2026-08-03T17:28:12.093Z LH:status Trace Engine insights:LegacyJavaScript
2026-08-03T17:28:12.141Z LH:status Trace Engine insights:ModernHTTP
2026-08-03T17:28:12.142Z LH:status Trace Engine insights:NetworkDependencyTree
2026-08-03T17:28:12.143Z LH:status Trace Engine insights:RenderBlocking
2026-08-03T17:28:12.144Z LH:status Trace Engine insights:SlowCSSSelector
2026-08-03T17:28:12.144Z LH:status Trace Engine insights:ThirdParties
2026-08-03T17:28:12.149Z LH:status Trace Engine insights:Viewport
2026-08-03T17:28:12.196Z LH:method <= browser ERR:error DOM.resolveNode 
2026-08-03T17:28:12.197Z LH:method <= browser ERR:error DOM.resolveNode 
2026-08-03T17:28:12.198Z LH:method <= browser ERR:error DOM.resolveNode 
2026-08-03T17:28:12.198Z LH:method <= browser ERR:error DOM.resolveNode 
2026-08-03T17:28:12.199Z LH:method <= browser ERR:error DOM.resolveNode 
2026-08-03T17:28:12.200Z LH:method <= browser ERR:error DOM.resolveNode 
2026-08-03T17:28:12.200Z LH:method <= browser ERR:error DOM.resolveNode 
2026-08-03T17:28:12.201Z LH:method <= browser ERR:error DOM.resolveNode 
2026-08-03T17:28:12.202Z LH:method <= browser ERR:error DOM.resolveNode 
2026-08-03T17:28:12.202Z LH:method <= browser ERR:error DOM.resolveNode 
2026-08-03T17:28:12.203Z LH:method <= browser ERR:error DOM.resolveNode 
2026-08-03T17:28:12.204Z LH:method <= browser ERR:error DOM.resolveNode 
2026-08-03T17:28:12.205Z LH:method <= browser ERR:error DOM.resolveNode 
2026-08-03T17:28:12.205Z LH:method <= browser ERR:error DOM.resolveNode 
2026-08-03T17:28:12.206Z LH:method <= browser ERR:error DOM.resolveNode 
2026-08-03T17:28:12.207Z LH:method <= browser ERR:error DOM.resolveNode 
2026-08-03T17:28:12.207Z LH:method <= browser ERR:error DOM.resolveNode 
2026-08-03T17:28:12.208Z LH:method <= browser ERR:error DOM.resolveNode 
2026-08-03T17:28:12.209Z LH:method <= browser ERR:error DOM.resolveNode 
2026-08-03T17:28:12.209Z LH:method <= browser ERR:error DOM.resolveNode 
2026-08-03T17:28:12.210Z LH:method <= browser ERR:error DOM.resolveNode 
2026-08-03T17:28:12.211Z LH:method <= browser ERR:error DOM.resolveNode 
2026-08-03T17:28:12.212Z LH:method <= browser ERR:error DOM.resolveNode 
2026-08-03T17:28:12.212Z LH:method <= browser ERR:error DOM.resolveNode 
2026-08-03T17:28:12.213Z LH:method <= browser ERR:error DOM.resolveNode 
2026-08-03T17:28:12.214Z LH:method <= browser ERR:error DOM.resolveNode 
2026-08-03T17:28:12.214Z LH:method <= browser ERR:error DOM.resolveNode 
2026-08-03T17:28:12.215Z LH:method <= browser ERR:error DOM.resolveNode 
2026-08-03T17:28:12.216Z LH:method <= browser ERR:error DOM.resolveNode 
2026-08-03T17:28:12.216Z LH:method <= browser ERR:error DOM.resolveNode 
2026-08-03T17:28:12.217Z LH:method <= browser ERR:error DOM.resolveNode 
2026-08-03T17:28:12.218Z LH:method <= browser ERR:error DOM.resolveNode 
2026-08-03T17:28:12.218Z LH:method <= browser ERR:error DOM.resolveNode 
2026-08-03T17:28:12.219Z LH:method <= browser ERR:error DOM.resolveNode 
2026-08-03T17:28:12.220Z LH:method <= browser ERR:error DOM.resolveNode 
2026-08-03T17:28:12.221Z LH:method <= browser ERR:error DOM.resolveNode 
2026-08-03T17:28:12.221Z LH:method <= browser ERR:error DOM.resolveNode 
2026-08-03T17:28:12.222Z LH:method <= browser ERR:error DOM.resolveNode 
2026-08-03T17:28:12.223Z LH:method <= browser ERR:error DOM.resolveNode 
2026-08-03T17:28:12.223Z LH:method <= browser ERR:error DOM.resolveNode 
2026-08-03T17:28:12.224Z LH:method <= browser ERR:error DOM.resolveNode 
2026-08-03T17:28:12.225Z LH:method <= browser ERR:error DOM.resolveNode 
2026-08-03T17:28:12.225Z LH:method <= browser ERR:error DOM.resolveNode 
2026-08-03T17:28:12.226Z LH:method <= browser ERR:error DOM.resolveNode 
2026-08-03T17:28:12.227Z LH:method <= browser ERR:error DOM.resolveNode 
2026-08-03T17:28:12.227Z LH:method <= browser ERR:error DOM.resolveNode 
2026-08-03T17:28:12.228Z LH:method <= browser ERR:error DOM.resolveNode 
2026-08-03T17:28:12.229Z LH:method <= browser ERR:error DOM.resolveNode 
2026-08-03T17:28:12.229Z LH:method <= browser ERR:error DOM.resolveNode 
2026-08-03T17:28:12.230Z LH:method <= browser ERR:error DOM.resolveNode 
2026-08-03T17:28:12.230Z LH:method <= browser ERR:error DOM.resolveNode 
2026-08-03T17:28:12.231Z LH:method <= browser ERR:error DOM.resolveNode 
2026-08-03T17:28:12.232Z LH:method <= browser ERR:error DOM.resolveNode 
2026-08-03T17:28:12.232Z LH:status Getting artifact: ViewportDimensions
2026-08-03T17:28:12.233Z LH:status Getting artifact: FullPageScreenshot
2026-08-03T17:28:13.331Z LH:status Getting artifact: BFCacheFailures
2026-08-03T17:28:13.575Z LH:status Analyzing and running audits...
2026-08-03T17:28:13.575Z LH:status Auditing: Uses HTTPS
2026-08-03T17:28:13.576Z LH:status Auditing: Redirects HTTP traffic to HTTPS
2026-08-03T17:28:13.577Z LH:status Auditing: First Contentful Paint
2026-08-03T17:28:13.583Z LH:status Auditing: Largest Contentful Paint
2026-08-03T17:28:13.586Z LH:status Auditing: Speed Index
2026-08-03T17:28:13.626Z LH:status Auditing: Screenshot Thumbnails
2026-08-03T17:28:13.626Z LH:status Auditing: Final Screenshot
2026-08-03T17:28:13.627Z LH:status Auditing: Total Blocking Time
2026-08-03T17:28:13.630Z LH:status Auditing: Max Potential First Input Delay
2026-08-03T17:28:13.633Z LH:status Auditing: Cumulative Layout Shift
2026-08-03T17:28:13.634Z LH:status Auditing: No browser errors logged to the console
2026-08-03T17:28:13.635Z LH:status Auditing: Initial server response time was short
2026-08-03T17:28:13.636Z LH:status Auditing: Time to Interactive
2026-08-03T17:28:13.637Z LH:status Auditing: User Timing marks and measures
2026-08-03T17:28:13.638Z LH:status Auditing: Avoid multiple page redirects
2026-08-03T17:28:13.639Z LH:status Auditing: Displays images with correct aspect ratio
2026-08-03T17:28:13.640Z LH:status Auditing: Serves images with appropriate resolution
2026-08-03T17:28:13.641Z LH:status Auditing: Avoids deprecated APIs
2026-08-03T17:28:13.642Z LH:status Auditing: Avoids third-party cookies
2026-08-03T17:28:13.643Z LH:status Auditing: Minimizes main-thread work
2026-08-03T17:28:13.651Z LH:status Auditing: JavaScript execution time
2026-08-03T17:28:13.655Z LH:status Auditing: Diagnostics
2026-08-03T17:28:13.656Z LH:status Auditing: Network Requests
2026-08-03T17:28:13.658Z LH:status Auditing: Network Round Trip Times
2026-08-03T17:28:13.659Z LH:status Auditing: Server Backend Latencies
2026-08-03T17:28:13.659Z LH:status Auditing: Tasks
2026-08-03T17:28:13.659Z LH:status Auditing: Metrics
2026-08-03T17:28:13.661Z LH:status Auditing: Resources Summary
2026-08-03T17:28:13.662Z LH:status Auditing: Avoid large layout shifts
2026-08-03T17:28:13.663Z LH:status Auditing: Avoid long main-thread tasks
2026-08-03T17:28:13.665Z LH:status Auditing: Avoid non-composited animations
2026-08-03T17:28:13.665Z LH:status Auditing: Image elements have explicit `width` and `height`
2026-08-03T17:28:13.666Z LH:status Auditing: Page has valid source maps
2026-08-03T17:28:13.667Z LH:status Auditing: Ensure CSP is effective against XSS attacks
2026-08-03T17:28:13.669Z LH:status Auditing: Use a strong HSTS policy
2026-08-03T17:28:13.669Z LH:status Auditing: Ensure proper origin isolation with COOP
2026-08-03T17:28:13.670Z LH:status Auditing: Mitigate clickjacking with XFO or CSP
2026-08-03T17:28:13.670Z LH:status Auditing: Mitigate DOM-based XSS with Trusted Types
2026-08-03T17:28:13.671Z LH:status Auditing: Script Treemap Data
2026-08-03T17:28:13.688Z LH:status Auditing: `[accesskey]` values are unique
2026-08-03T17:28:13.689Z LH:status Auditing: `[aria-*]` attributes match their roles
2026-08-03T17:28:13.690Z LH:status Auditing: Uses ARIA roles only on compatible elements
2026-08-03T17:28:13.691Z LH:status Auditing: `button`, `link`, and `menuitem` elements have accessible names
2026-08-03T17:28:13.692Z LH:status Auditing: ARIA attributes are used as specified for the element's role
2026-08-03T17:28:13.693Z LH:status Auditing: Deprecated ARIA roles were not used
2026-08-03T17:28:13.694Z LH:status Auditing: Elements with `role="dialog"` or `role="alertdialog"` have accessible names.
2026-08-03T17:28:13.695Z LH:status Auditing: `[aria-hidden="true"]` is not present on the document `<body>`
2026-08-03T17:28:13.696Z LH:status Auditing: `[aria-hidden="true"]` elements do not contain focusable descendents
2026-08-03T17:28:13.698Z LH:status Auditing: ARIA input fields have accessible names
2026-08-03T17:28:13.698Z LH:status Auditing: ARIA `meter` elements have accessible names
2026-08-03T17:28:13.698Z LH:status Auditing: ARIA `progressbar` elements have accessible names
2026-08-03T17:28:13.699Z LH:status Auditing: Elements use only permitted ARIA attributes
2026-08-03T17:28:13.700Z LH:status Auditing: `[role]`s have all required `[aria-*]` attributes
2026-08-03T17:28:13.701Z LH:status Auditing: Elements with an ARIA `[role]` that require children to contain a specific `[role]` have all required children.
2026-08-03T17:28:13.702Z LH:status Auditing: `[role]`s are contained by their required parent element
2026-08-03T17:28:13.702Z LH:status Auditing: `[role]` values are valid
2026-08-03T17:28:13.703Z LH:status Auditing: Elements with the `role=text` attribute do not have focusable descendents.
2026-08-03T17:28:13.704Z LH:status Auditing: ARIA toggle fields have accessible names
2026-08-03T17:28:13.704Z LH:status Auditing: ARIA `tooltip` elements have accessible names
2026-08-03T17:28:13.705Z LH:status Auditing: ARIA `treeitem` elements have accessible names
2026-08-03T17:28:13.705Z LH:status Auditing: `[aria-*]` attributes have valid values
2026-08-03T17:28:13.706Z LH:status Auditing: `[aria-*]` attributes are valid and not misspelled
2026-08-03T17:28:13.708Z LH:status Auditing: Buttons have an accessible name
2026-08-03T17:28:13.713Z LH:status Auditing: The page contains a heading, skip link, or landmark region
2026-08-03T17:28:13.714Z LH:status Auditing: Background and foreground colors have a sufficient contrast ratio
2026-08-03T17:28:13.716Z LH:status Auditing: `<dl>`'s contain only properly-ordered `<dt>` and `<dd>` groups, `<script>`, `<template>` or `<div>` elements.
2026-08-03T17:28:13.716Z LH:status Auditing: Definition list items are wrapped in `<dl>` elements
2026-08-03T17:28:13.717Z LH:status Auditing: Document has a `<title>` element
2026-08-03T17:28:13.718Z LH:status Auditing: ARIA IDs are unique
2026-08-03T17:28:13.719Z LH:status Auditing: All heading elements contain content.
2026-08-03T17:28:13.721Z LH:status Auditing: No form fields have multiple labels
2026-08-03T17:28:13.721Z LH:status Auditing: `<frame>` or `<iframe>` elements have a title
2026-08-03T17:28:13.722Z LH:status Auditing: Heading elements appear in a sequentially-descending order
2026-08-03T17:28:13.723Z LH:status Auditing: `<html>` element has a `[lang]` attribute
2026-08-03T17:28:13.724Z LH:status Auditing: `<html>` element has a valid value for its `[lang]` attribute
2026-08-03T17:28:13.726Z LH:status Auditing: `<html>` element has an `[xml:lang]` attribute with the same base language as the `[lang]` attribute.
2026-08-03T17:28:13.727Z LH:status Auditing: Identical links have the same purpose.
2026-08-03T17:28:13.728Z LH:status Auditing: Image elements have `[alt]` attributes
2026-08-03T17:28:13.729Z LH:status Auditing: Image elements do not have `[alt]` attributes that are redundant text.
2026-08-03T17:28:13.730Z LH:status Auditing: Input buttons have discernible text.
2026-08-03T17:28:13.731Z LH:status Auditing: `<input type="image">` elements have `[alt]` text
2026-08-03T17:28:13.731Z LH:status Auditing: Elements with visible text labels have matching accessible names.
2026-08-03T17:28:13.733Z LH:status Auditing: Form elements have associated labels
2026-08-03T17:28:13.734Z LH:status Auditing: Document has a main landmark.
2026-08-03T17:28:13.735Z LH:status Auditing: Links have a discernible name
2026-08-03T17:28:13.737Z LH:status Auditing: Links are distinguishable without relying on color.
2026-08-03T17:28:13.738Z LH:status Auditing: Lists contain only `<li>` elements and script supporting elements (`<script>` and `<template>`).
2026-08-03T17:28:13.739Z LH:status Auditing: List items (`<li>`) are contained within `<ul>`, `<ol>` or `<menu>` parent elements
2026-08-03T17:28:13.740Z LH:status Auditing: The document does not use `<meta http-equiv="refresh">`
2026-08-03T17:28:13.742Z LH:status Auditing: `[user-scalable="no"]` is not used in the `<meta name="viewport">` element and the `[maximum-scale]` attribute is not less than 5.
2026-08-03T17:28:13.743Z LH:status Auditing: `<object>` elements have alternate text
2026-08-03T17:28:13.744Z LH:status Auditing: Select elements have associated label elements.
2026-08-03T17:28:13.745Z LH:status Auditing: Skip links are focusable.
2026-08-03T17:28:13.746Z LH:status Auditing: No element has a `[tabindex]` value greater than 0
2026-08-03T17:28:13.747Z LH:status Auditing: Tables have different content in the summary attribute and `<caption>`.
2026-08-03T17:28:13.748Z LH:status Auditing: Tables use `<caption>` instead of cells with the `[colspan]` attribute to indicate a caption.
2026-08-03T17:28:13.749Z LH:status Auditing: Touch targets have sufficient size and spacing.
2026-08-03T17:28:13.751Z LH:status Auditing: `<td>` elements in a large `<table>` have one or more table headers.
2026-08-03T17:28:13.752Z LH:status Auditing: Cells in a `<table>` element that use the `[headers]` attribute refer to table cells within the same table.
2026-08-03T17:28:13.753Z LH:status Auditing: `<th>` elements and elements with `[role="columnheader"/"rowheader"]` have data cells they describe.
2026-08-03T17:28:13.754Z LH:status Auditing: `[lang]` attributes have a valid value
2026-08-03T17:28:13.755Z LH:status Auditing: `<video>` elements contain a `<track>` element with `[kind="captions"]`
2026-08-03T17:28:13.757Z LH:status Auditing: Custom controls have associated labels
2026-08-03T17:28:13.757Z LH:status Auditing: Custom controls have ARIA roles
2026-08-03T17:28:13.757Z LH:status Auditing: User focus is not accidentally trapped in a region
2026-08-03T17:28:13.757Z LH:status Auditing: Interactive controls are keyboard focusable
2026-08-03T17:28:13.757Z LH:status Auditing: Interactive elements indicate their purpose and state
2026-08-03T17:28:13.757Z LH:status Auditing: The page has a logical tab order
2026-08-03T17:28:13.757Z LH:status Auditing: The user's focus is directed to new content added to the page
2026-08-03T17:28:13.757Z LH:status Auditing: Offscreen content is hidden from assistive technology
2026-08-03T17:28:13.757Z LH:status Auditing: HTML5 landmark elements are used to improve navigation
2026-08-03T17:28:13.757Z LH:status Auditing: Visual order on the page follows DOM order
2026-08-03T17:28:13.758Z LH:status Auditing: `autocomplete` attributes are used correctly
2026-08-03T17:28:13.758Z LH:status Auditing: Elements with `role="none"` or `role="presentation"` do not have conflicts
2026-08-03T17:28:13.759Z LH:status Auditing: SVG elements with an `img` role have an accessible text alternative
2026-08-03T17:28:13.760Z LH:status Auditing: Avoids enormous network payloads
2026-08-03T17:28:13.761Z LH:status Auditing: Minify CSS
2026-08-03T17:28:13.788Z LH:status Auditing: Minify JavaScript
2026-08-03T17:28:13.818Z LH:status Auditing: Reduce unused CSS
2026-08-03T17:28:13.819Z LH:status Auditing: Reduce unused JavaScript
2026-08-03T17:28:13.822Z LH:status Auditing: Page has the HTML doctype
2026-08-03T17:28:13.822Z LH:status Auditing: Properly defines charset
2026-08-03T17:28:13.823Z LH:status Auditing: Avoids requesting the geolocation permission on page load
2026-08-03T17:28:13.824Z LH:status Auditing: No issues in the `Issues` panel in Chrome Devtools
2026-08-03T17:28:13.824Z LH:status Auditing: Detected JavaScript libraries
2026-08-03T17:28:13.825Z LH:status Auditing: Avoids requesting the notification permission on page load
2026-08-03T17:28:13.825Z LH:status Auditing: Allows users to paste into input fields
2026-08-03T17:28:13.826Z LH:status Auditing: Baseline Features
2026-08-03T17:28:13.828Z LH:status Auditing: Document has a meta description
2026-08-03T17:28:13.828Z LH:status Auditing: Page has successful HTTP status code
2026-08-03T17:28:13.829Z LH:status Auditing: Links have descriptive text
2026-08-03T17:28:13.830Z LH:status Auditing: Links are crawlable
2026-08-03T17:28:13.830Z LH:status Auditing: Page isn’t blocked from indexing
2026-08-03T17:28:13.832Z LH:status Auditing: robots.txt is valid
2026-08-03T17:28:13.832Z LH:status Auditing: Document has a valid `hreflang`
2026-08-03T17:28:13.833Z LH:status Auditing: Document has a valid `rel=canonical`
2026-08-03T17:28:13.833Z LH:status Auditing: Structured data is valid
2026-08-03T17:28:13.834Z LH:status Auditing: Page didn't prevent back/forward cache restoration
2026-08-03T17:28:13.834Z LH:status Auditing: Use efficient cache lifetimes
2026-08-03T17:28:13.836Z LH:status Auditing: Layout shift culprits
2026-08-03T17:28:13.837Z LH:status Auditing: Document request latency
2026-08-03T17:28:13.837Z LH:status Auditing: Optimize DOM size
2026-08-03T17:28:13.838Z LH:status Auditing: Duplicated JavaScript
2026-08-03T17:28:13.838Z LH:status Auditing: Font display
2026-08-03T17:28:13.839Z LH:status Auditing: Forced reflow
2026-08-03T17:28:13.840Z LH:status Auditing: Improve image delivery
2026-08-03T17:28:13.840Z LH:status Auditing: INP breakdown
2026-08-03T17:28:13.841Z LH:status Auditing: LCP breakdown
2026-08-03T17:28:13.841Z LH:status Auditing: LCP request discovery
2026-08-03T17:28:13.842Z LH:status Auditing: Legacy JavaScript
2026-08-03T17:28:13.843Z LH:status Auditing: Modern HTTP
2026-08-03T17:28:13.844Z LH:status Auditing: Network dependency tree
2026-08-03T17:28:13.845Z LH:status Auditing: Render-blocking requests
2026-08-03T17:28:13.845Z LH:status Auditing: 3rd parties
2026-08-03T17:28:13.851Z LH:status Auditing: Optimize viewport for mobile
2026-08-03T17:28:13.851Z LH:status Generating results...
2026-08-03T17:28:13.869Z LH:Printer json output written to /home/mihai/ROVEXO/docs/releases/final-owner-acceptance/seo/categories-desktop.report.json
2026-08-03T17:28:13.870Z LH:Printer html output written to /home/mihai/ROVEXO/docs/releases/final-owner-acceptance/seo/categories-desktop.report.html
2026-08-03T17:28:13.870Z LH:CLI Protip: Run lighthouse with `--view` to immediately open the HTML report in your browser
