npm warn Unknown env config "devdir". This will stop working in the next major version of npm. See `npm help npmrc` for supported config options.
2026-08-03T17:26:39.480Z LH:ChromeLauncher Found existing Chrome already running using port 9226, using that.
2026-08-03T17:26:39.795Z LH:status Connecting to browser
2026-08-03T17:26:39.800Z LH:status Navigating to about:blank
2026-08-03T17:26:39.804Z LH:status Benchmarking machine
2026-08-03T17:26:40.809Z LH:status Host device pixel ratio
2026-08-03T17:26:40.810Z LH:status Preparing target for navigation mode
2026-08-03T17:26:40.823Z LH:status Preparing network conditions
2026-08-03T17:26:40.851Z LH:status Navigating to http://127.0.0.1:3000/search
2026-08-03T17:26:43.861Z LH:status Getting artifact: DevtoolsLog
2026-08-03T17:26:43.861Z LH:status Getting artifact: Trace
2026-08-03T17:26:43.861Z LH:status Getting artifact: Accessibility
2026-08-03T17:26:44.006Z LH:status Getting artifact: AnchorElements
2026-08-03T17:26:44.021Z LH:status Getting artifact: ConsoleMessages
2026-08-03T17:26:44.022Z LH:status Getting artifact: CSSUsage
2026-08-03T17:26:44.226Z LH:status Getting artifact: Doctype
2026-08-03T17:26:44.228Z LH:status Getting artifact: Inputs
2026-08-03T17:26:44.231Z LH:status Getting artifact: ImageElements
2026-08-03T17:26:44.257Z LH:status Getting artifact: InspectorIssues
2026-08-03T17:26:44.257Z LH:status Getting artifact: JsUsage
2026-08-03T17:26:44.257Z LH:status Getting artifact: LinkElements
2026-08-03T17:26:44.262Z LH:status Getting artifact: MainDocumentContent
2026-08-03T17:26:44.265Z LH:status Getting artifact: MetaElements
2026-08-03T17:26:44.268Z LH:status Getting artifact: NetworkUserAgent
2026-08-03T17:26:44.268Z LH:status Getting artifact: RobotsTxt
2026-08-03T17:26:44.278Z LH:status Getting artifact: Scripts
2026-08-03T17:26:44.279Z LH:status Getting artifact: SourceMaps
2026-08-03T17:26:44.279Z LH:status Getting artifact: Stacks
2026-08-03T17:26:44.279Z LH:status Collect stacks
2026-08-03T17:26:44.286Z LH:status Getting artifact: Stylesheets
2026-08-03T17:26:44.355Z LH:status Getting artifact: TraceElements
2026-08-03T17:26:44.365Z LH:status Trace Engine total
2026-08-03T17:26:44.365Z LH:status Trace Engine parse
2026-08-03T17:26:44.366Z LH:status Trace Engine parse:handleEvent
2026-08-03T17:26:44.407Z LH:status Trace Engine parse:Meta:finalize
2026-08-03T17:26:44.408Z LH:status Trace Engine parse:AnimationFrames:finalize
2026-08-03T17:26:44.410Z LH:status Trace Engine parse:Animations:finalize
2026-08-03T17:26:44.412Z LH:status Trace Engine parse:Samples:finalize
2026-08-03T17:26:44.413Z LH:status Trace Engine parse:AuctionWorklets:finalize
2026-08-03T17:26:44.415Z LH:status Trace Engine parse:NetworkRequests:finalize
2026-08-03T17:26:44.418Z LH:status Trace Engine parse:Renderer:finalize
2026-08-03T17:26:44.424Z LH:status Trace Engine parse:Flows:finalize
2026-08-03T17:26:44.427Z LH:status Trace Engine parse:AsyncJSCalls:finalize
2026-08-03T17:26:44.430Z LH:status Trace Engine parse:DOMStats:finalize
2026-08-03T17:26:44.431Z LH:status Trace Engine parse:UserTimings:finalize
2026-08-03T17:26:44.432Z LH:status Trace Engine parse:ExtensionTraceData:finalize
2026-08-03T17:26:44.433Z LH:status Trace Engine parse:LayerTree:finalize
2026-08-03T17:26:44.434Z LH:status Trace Engine parse:Frames:finalize
2026-08-03T17:26:44.437Z LH:status Trace Engine parse:GPU:finalize
2026-08-03T17:26:44.438Z LH:status Trace Engine parse:ImagePainting:finalize
2026-08-03T17:26:44.444Z LH:status Trace Engine parse:Initiators:finalize
2026-08-03T17:26:44.446Z LH:status Trace Engine parse:Invalidations:finalize
2026-08-03T17:26:44.447Z LH:status Trace Engine parse:PageLoadMetrics:finalize
2026-08-03T17:26:44.449Z LH:status Trace Engine parse:LargestImagePaint:finalize
2026-08-03T17:26:44.450Z LH:status Trace Engine parse:LargestTextPaint:finalize
2026-08-03T17:26:44.451Z LH:status Trace Engine parse:Screenshots:finalize
2026-08-03T17:26:44.453Z LH:status Trace Engine parse:LayoutShifts:finalize
2026-08-03T17:26:44.454Z LH:status Trace Engine parse:Memory:finalize
2026-08-03T17:26:44.456Z LH:status Trace Engine parse:PageFrames:finalize
2026-08-03T17:26:44.457Z LH:status Trace Engine parse:Scripts:finalize
2026-08-03T17:26:44.458Z LH:status Trace Engine parse:SelectorStats:finalize
2026-08-03T17:26:44.459Z LH:status Trace Engine parse:UserInteractions:finalize
2026-08-03T17:26:44.461Z LH:status Trace Engine parse:Workers:finalize
2026-08-03T17:26:44.462Z LH:status Trace Engine parse:Warnings:finalize
2026-08-03T17:26:44.464Z LH:status Trace Engine parse:handler.data()
2026-08-03T17:26:44.464Z LH:status Trace Engine insights
2026-08-03T17:26:44.464Z LH:status Trace Engine insights:CLSCulprits
2026-08-03T17:26:44.465Z LH:status Trace Engine insights:Cache
2026-08-03T17:26:44.465Z LH:status Trace Engine insights:CharacterSet
2026-08-03T17:26:44.465Z LH:status Trace Engine insights:DOMSize
2026-08-03T17:26:44.465Z LH:status Trace Engine insights:DocumentLatency
2026-08-03T17:26:44.466Z LH:status Trace Engine insights:DuplicatedJavaScript
2026-08-03T17:26:44.466Z LH:status Trace Engine insights:FontDisplay
2026-08-03T17:26:44.466Z LH:status Trace Engine insights:ForcedReflow
2026-08-03T17:26:44.466Z LH:status Trace Engine insights:INPBreakdown
2026-08-03T17:26:44.466Z LH:status Trace Engine insights:ImageDelivery
2026-08-03T17:26:44.467Z LH:status Trace Engine insights:LCPBreakdown
2026-08-03T17:26:44.467Z LH:status Trace Engine insights:LCPDiscovery
2026-08-03T17:26:44.467Z LH:status Trace Engine insights:LegacyJavaScript
2026-08-03T17:26:44.467Z LH:status Trace Engine insights:ModernHTTP
2026-08-03T17:26:44.468Z LH:status Trace Engine insights:NetworkDependencyTree
2026-08-03T17:26:44.468Z LH:status Trace Engine insights:RenderBlocking
2026-08-03T17:26:44.468Z LH:status Trace Engine insights:SlowCSSSelector
2026-08-03T17:26:44.468Z LH:status Trace Engine insights:ThirdParties
2026-08-03T17:26:44.470Z LH:status Trace Engine insights:Viewport
2026-08-03T17:26:44.470Z LH:status Trace Engine insights:createLanternContext
2026-08-03T17:26:44.488Z LH:status Trace Engine insights:CLSCulprits
2026-08-03T17:26:44.489Z LH:status Trace Engine insights:Cache
2026-08-03T17:26:44.489Z LH:status Trace Engine insights:CharacterSet
2026-08-03T17:26:44.490Z LH:status Trace Engine insights:DOMSize
2026-08-03T17:26:44.490Z LH:status Trace Engine insights:DocumentLatency
2026-08-03T17:26:44.490Z LH:status Trace Engine insights:DuplicatedJavaScript
2026-08-03T17:26:44.490Z LH:status Trace Engine insights:FontDisplay
2026-08-03T17:26:44.490Z LH:status Trace Engine insights:ForcedReflow
2026-08-03T17:26:44.491Z LH:status Trace Engine insights:INPBreakdown
2026-08-03T17:26:44.491Z LH:status Trace Engine insights:ImageDelivery
2026-08-03T17:26:44.491Z LH:status Trace Engine insights:LCPBreakdown
2026-08-03T17:26:44.491Z LH:status Trace Engine insights:LCPDiscovery
2026-08-03T17:26:44.491Z LH:status Trace Engine insights:LegacyJavaScript
2026-08-03T17:26:44.527Z LH:status Trace Engine insights:ModernHTTP
2026-08-03T17:26:44.529Z LH:status Trace Engine insights:NetworkDependencyTree
2026-08-03T17:26:44.530Z LH:status Trace Engine insights:RenderBlocking
2026-08-03T17:26:44.531Z LH:status Trace Engine insights:SlowCSSSelector
2026-08-03T17:26:44.531Z LH:status Trace Engine insights:ThirdParties
2026-08-03T17:26:44.535Z LH:status Trace Engine insights:Viewport
2026-08-03T17:26:44.556Z LH:method <= browser ERR:error DOM.resolveNode 
2026-08-03T17:26:44.557Z LH:method <= browser ERR:error DOM.resolveNode 
2026-08-03T17:26:44.558Z LH:method <= browser ERR:error DOM.resolveNode 
2026-08-03T17:26:44.559Z LH:method <= browser ERR:error DOM.resolveNode 
2026-08-03T17:26:44.559Z LH:method <= browser ERR:error DOM.resolveNode 
2026-08-03T17:26:44.560Z LH:method <= browser ERR:error DOM.resolveNode 
2026-08-03T17:26:44.560Z LH:method <= browser ERR:error DOM.resolveNode 
2026-08-03T17:26:44.561Z LH:method <= browser ERR:error DOM.resolveNode 
2026-08-03T17:26:44.562Z LH:method <= browser ERR:error DOM.resolveNode 
2026-08-03T17:26:44.562Z LH:method <= browser ERR:error DOM.resolveNode 
2026-08-03T17:26:44.563Z LH:method <= browser ERR:error DOM.resolveNode 
2026-08-03T17:26:44.564Z LH:method <= browser ERR:error DOM.resolveNode 
2026-08-03T17:26:44.564Z LH:method <= browser ERR:error DOM.resolveNode 
2026-08-03T17:26:44.565Z LH:method <= browser ERR:error DOM.resolveNode 
2026-08-03T17:26:44.566Z LH:method <= browser ERR:error DOM.resolveNode 
2026-08-03T17:26:44.566Z LH:method <= browser ERR:error DOM.resolveNode 
2026-08-03T17:26:44.567Z LH:method <= browser ERR:error DOM.resolveNode 
2026-08-03T17:26:44.568Z LH:method <= browser ERR:error DOM.resolveNode 
2026-08-03T17:26:44.568Z LH:method <= browser ERR:error DOM.resolveNode 
2026-08-03T17:26:44.569Z LH:method <= browser ERR:error DOM.resolveNode 
2026-08-03T17:26:44.570Z LH:method <= browser ERR:error DOM.resolveNode 
2026-08-03T17:26:44.570Z LH:method <= browser ERR:error DOM.resolveNode 
2026-08-03T17:26:44.571Z LH:method <= browser ERR:error DOM.resolveNode 
2026-08-03T17:26:44.571Z LH:method <= browser ERR:error DOM.resolveNode 
2026-08-03T17:26:44.572Z LH:method <= browser ERR:error DOM.resolveNode 
2026-08-03T17:26:44.573Z LH:method <= browser ERR:error DOM.resolveNode 
2026-08-03T17:26:44.573Z LH:method <= browser ERR:error DOM.resolveNode 
2026-08-03T17:26:44.574Z LH:method <= browser ERR:error DOM.resolveNode 
2026-08-03T17:26:44.575Z LH:method <= browser ERR:error DOM.resolveNode 
2026-08-03T17:26:44.575Z LH:method <= browser ERR:error DOM.resolveNode 
2026-08-03T17:26:44.576Z LH:method <= browser ERR:error DOM.resolveNode 
2026-08-03T17:26:44.577Z LH:method <= browser ERR:error DOM.resolveNode 
2026-08-03T17:26:44.586Z LH:method <= browser ERR:error DOM.resolveNode 
2026-08-03T17:26:44.586Z LH:method <= browser ERR:error DOM.resolveNode 
2026-08-03T17:26:44.587Z LH:method <= browser ERR:error DOM.resolveNode 
2026-08-03T17:26:44.588Z LH:method <= browser ERR:error DOM.resolveNode 
2026-08-03T17:26:44.588Z LH:method <= browser ERR:error DOM.resolveNode 
2026-08-03T17:26:44.589Z LH:method <= browser ERR:error DOM.resolveNode 
2026-08-03T17:26:44.589Z LH:method <= browser ERR:error DOM.resolveNode 
2026-08-03T17:26:44.590Z LH:method <= browser ERR:error DOM.resolveNode 
2026-08-03T17:26:44.591Z LH:method <= browser ERR:error DOM.resolveNode 
2026-08-03T17:26:44.591Z LH:method <= browser ERR:error DOM.resolveNode 
2026-08-03T17:26:44.592Z LH:method <= browser ERR:error DOM.resolveNode 
2026-08-03T17:26:44.593Z LH:method <= browser ERR:error DOM.resolveNode 
2026-08-03T17:26:44.593Z LH:method <= browser ERR:error DOM.resolveNode 
2026-08-03T17:26:44.594Z LH:method <= browser ERR:error DOM.resolveNode 
2026-08-03T17:26:44.595Z LH:method <= browser ERR:error DOM.resolveNode 
2026-08-03T17:26:44.595Z LH:method <= browser ERR:error DOM.resolveNode 
2026-08-03T17:26:44.596Z LH:method <= browser ERR:error DOM.resolveNode 
2026-08-03T17:26:44.596Z LH:method <= browser ERR:error DOM.resolveNode 
2026-08-03T17:26:44.597Z LH:method <= browser ERR:error DOM.resolveNode 
2026-08-03T17:26:44.598Z LH:method <= browser ERR:error DOM.resolveNode 
2026-08-03T17:26:44.598Z LH:method <= browser ERR:error DOM.resolveNode 
2026-08-03T17:26:44.599Z LH:status Getting artifact: ViewportDimensions
2026-08-03T17:26:44.600Z LH:status Getting artifact: FullPageScreenshot
2026-08-03T17:26:45.658Z LH:status Getting artifact: BFCacheFailures
2026-08-03T17:26:45.914Z LH:status Analyzing and running audits...
2026-08-03T17:26:45.915Z LH:status Auditing: Uses HTTPS
2026-08-03T17:26:45.915Z LH:status Auditing: Redirects HTTP traffic to HTTPS
2026-08-03T17:26:45.916Z LH:status Auditing: First Contentful Paint
2026-08-03T17:26:45.924Z LH:status Auditing: Largest Contentful Paint
2026-08-03T17:26:45.927Z LH:status Auditing: Speed Index
2026-08-03T17:26:45.962Z LH:status Auditing: Screenshot Thumbnails
2026-08-03T17:26:45.962Z LH:status Auditing: Final Screenshot
2026-08-03T17:26:45.963Z LH:status Auditing: Total Blocking Time
2026-08-03T17:26:45.965Z LH:status Auditing: Max Potential First Input Delay
2026-08-03T17:26:45.967Z LH:status Auditing: Cumulative Layout Shift
2026-08-03T17:26:45.968Z LH:status Auditing: No browser errors logged to the console
2026-08-03T17:26:45.970Z LH:status Auditing: Initial server response time was short
2026-08-03T17:26:45.970Z LH:status Auditing: Time to Interactive
2026-08-03T17:26:45.971Z LH:status Auditing: User Timing marks and measures
2026-08-03T17:26:45.972Z LH:status Auditing: Avoid multiple page redirects
2026-08-03T17:26:45.973Z LH:status Auditing: Displays images with correct aspect ratio
2026-08-03T17:26:45.974Z LH:status Auditing: Serves images with appropriate resolution
2026-08-03T17:26:45.974Z LH:status Auditing: Avoids deprecated APIs
2026-08-03T17:26:45.975Z LH:status Auditing: Avoids third-party cookies
2026-08-03T17:26:45.976Z LH:status Auditing: Minimizes main-thread work
2026-08-03T17:26:45.984Z LH:status Auditing: JavaScript execution time
2026-08-03T17:26:45.988Z LH:status Auditing: Diagnostics
2026-08-03T17:26:45.988Z LH:status Auditing: Network Requests
2026-08-03T17:26:45.991Z LH:status Auditing: Network Round Trip Times
2026-08-03T17:26:45.992Z LH:status Auditing: Server Backend Latencies
2026-08-03T17:26:45.992Z LH:status Auditing: Tasks
2026-08-03T17:26:45.992Z LH:status Auditing: Metrics
2026-08-03T17:26:45.994Z LH:status Auditing: Resources Summary
2026-08-03T17:26:45.995Z LH:status Auditing: Avoid large layout shifts
2026-08-03T17:26:45.995Z LH:status Auditing: Avoid long main-thread tasks
2026-08-03T17:26:45.999Z LH:status Auditing: Avoid non-composited animations
2026-08-03T17:26:46.000Z LH:status Auditing: Image elements have explicit `width` and `height`
2026-08-03T17:26:46.001Z LH:status Auditing: Page has valid source maps
2026-08-03T17:26:46.001Z LH:status Auditing: Ensure CSP is effective against XSS attacks
2026-08-03T17:26:46.004Z LH:status Auditing: Use a strong HSTS policy
2026-08-03T17:26:46.005Z LH:status Auditing: Ensure proper origin isolation with COOP
2026-08-03T17:26:46.006Z LH:status Auditing: Mitigate clickjacking with XFO or CSP
2026-08-03T17:26:46.006Z LH:status Auditing: Mitigate DOM-based XSS with Trusted Types
2026-08-03T17:26:46.007Z LH:status Auditing: Script Treemap Data
2026-08-03T17:26:46.022Z LH:status Auditing: `[accesskey]` values are unique
2026-08-03T17:26:46.023Z LH:status Auditing: `[aria-*]` attributes match their roles
2026-08-03T17:26:46.024Z LH:status Auditing: Uses ARIA roles only on compatible elements
2026-08-03T17:26:46.025Z LH:status Auditing: `button`, `link`, and `menuitem` elements have accessible names
2026-08-03T17:26:46.026Z LH:status Auditing: ARIA attributes are used as specified for the element's role
2026-08-03T17:26:46.027Z LH:status Auditing: Deprecated ARIA roles were not used
2026-08-03T17:26:46.028Z LH:status Auditing: Elements with `role="dialog"` or `role="alertdialog"` have accessible names.
2026-08-03T17:26:46.030Z LH:status Auditing: `[aria-hidden="true"]` is not present on the document `<body>`
2026-08-03T17:26:46.031Z LH:status Auditing: `[aria-hidden="true"]` elements do not contain focusable descendents
2026-08-03T17:26:46.032Z LH:status Auditing: ARIA input fields have accessible names
2026-08-03T17:26:46.032Z LH:status Auditing: ARIA `meter` elements have accessible names
2026-08-03T17:26:46.033Z LH:status Auditing: ARIA `progressbar` elements have accessible names
2026-08-03T17:26:46.034Z LH:status Auditing: Elements use only permitted ARIA attributes
2026-08-03T17:26:46.035Z LH:status Auditing: `[role]`s have all required `[aria-*]` attributes
2026-08-03T17:26:46.036Z LH:status Auditing: Elements with an ARIA `[role]` that require children to contain a specific `[role]` have all required children.
2026-08-03T17:26:46.037Z LH:status Auditing: `[role]`s are contained by their required parent element
2026-08-03T17:26:46.037Z LH:status Auditing: `[role]` values are valid
2026-08-03T17:26:46.038Z LH:status Auditing: Elements with the `role=text` attribute do not have focusable descendents.
2026-08-03T17:26:46.039Z LH:status Auditing: ARIA toggle fields have accessible names
2026-08-03T17:26:46.039Z LH:status Auditing: ARIA `tooltip` elements have accessible names
2026-08-03T17:26:46.040Z LH:status Auditing: ARIA `treeitem` elements have accessible names
2026-08-03T17:26:46.041Z LH:status Auditing: `[aria-*]` attributes have valid values
2026-08-03T17:26:46.042Z LH:status Auditing: `[aria-*]` attributes are valid and not misspelled
2026-08-03T17:26:46.043Z LH:status Auditing: Buttons have an accessible name
2026-08-03T17:26:46.044Z LH:status Auditing: The page contains a heading, skip link, or landmark region
2026-08-03T17:26:46.045Z LH:status Auditing: Background and foreground colors have a sufficient contrast ratio
2026-08-03T17:26:46.046Z LH:status Auditing: `<dl>`'s contain only properly-ordered `<dt>` and `<dd>` groups, `<script>`, `<template>` or `<div>` elements.
2026-08-03T17:26:46.047Z LH:status Auditing: Definition list items are wrapped in `<dl>` elements
2026-08-03T17:26:46.048Z LH:status Auditing: Document has a `<title>` element
2026-08-03T17:26:46.050Z LH:status Auditing: ARIA IDs are unique
2026-08-03T17:26:46.051Z LH:status Auditing: All heading elements contain content.
2026-08-03T17:26:46.054Z LH:status Auditing: No form fields have multiple labels
2026-08-03T17:26:46.057Z LH:status Auditing: `<frame>` or `<iframe>` elements have a title
2026-08-03T17:26:46.058Z LH:status Auditing: Heading elements appear in a sequentially-descending order
2026-08-03T17:26:46.059Z LH:status Auditing: `<html>` element has a `[lang]` attribute
2026-08-03T17:26:46.060Z LH:status Auditing: `<html>` element has a valid value for its `[lang]` attribute
2026-08-03T17:26:46.061Z LH:status Auditing: `<html>` element has an `[xml:lang]` attribute with the same base language as the `[lang]` attribute.
2026-08-03T17:26:46.062Z LH:status Auditing: Identical links have the same purpose.
2026-08-03T17:26:46.064Z LH:status Auditing: Image elements have `[alt]` attributes
2026-08-03T17:26:46.064Z LH:status Auditing: Image elements do not have `[alt]` attributes that are redundant text.
2026-08-03T17:26:46.067Z LH:status Auditing: Input buttons have discernible text.
2026-08-03T17:26:46.068Z LH:status Auditing: `<input type="image">` elements have `[alt]` text
2026-08-03T17:26:46.068Z LH:status Auditing: Elements with visible text labels have matching accessible names.
2026-08-03T17:26:46.070Z LH:status Auditing: Form elements have associated labels
2026-08-03T17:26:46.071Z LH:status Auditing: Document has a main landmark.
2026-08-03T17:26:46.072Z LH:status Auditing: Links have a discernible name
2026-08-03T17:26:46.073Z LH:status Auditing: Links are distinguishable without relying on color.
2026-08-03T17:26:46.074Z LH:status Auditing: Lists contain only `<li>` elements and script supporting elements (`<script>` and `<template>`).
2026-08-03T17:26:46.075Z LH:status Auditing: List items (`<li>`) are contained within `<ul>`, `<ol>` or `<menu>` parent elements
2026-08-03T17:26:46.076Z LH:status Auditing: The document does not use `<meta http-equiv="refresh">`
2026-08-03T17:26:46.077Z LH:status Auditing: `[user-scalable="no"]` is not used in the `<meta name="viewport">` element and the `[maximum-scale]` attribute is not less than 5.
2026-08-03T17:26:46.078Z LH:status Auditing: `<object>` elements have alternate text
2026-08-03T17:26:46.079Z LH:status Auditing: Select elements have associated label elements.
2026-08-03T17:26:46.080Z LH:status Auditing: Skip links are focusable.
2026-08-03T17:26:46.081Z LH:status Auditing: No element has a `[tabindex]` value greater than 0
2026-08-03T17:26:46.082Z LH:status Auditing: Tables have different content in the summary attribute and `<caption>`.
2026-08-03T17:26:46.083Z LH:status Auditing: Tables use `<caption>` instead of cells with the `[colspan]` attribute to indicate a caption.
2026-08-03T17:26:46.084Z LH:status Auditing: Touch targets have sufficient size and spacing.
2026-08-03T17:26:46.085Z LH:status Auditing: `<td>` elements in a large `<table>` have one or more table headers.
2026-08-03T17:26:46.086Z LH:status Auditing: Cells in a `<table>` element that use the `[headers]` attribute refer to table cells within the same table.
2026-08-03T17:26:46.087Z LH:status Auditing: `<th>` elements and elements with `[role="columnheader"/"rowheader"]` have data cells they describe.
2026-08-03T17:26:46.088Z LH:status Auditing: `[lang]` attributes have a valid value
2026-08-03T17:26:46.089Z LH:status Auditing: `<video>` elements contain a `<track>` element with `[kind="captions"]`
2026-08-03T17:26:46.090Z LH:status Auditing: Custom controls have associated labels
2026-08-03T17:26:46.090Z LH:status Auditing: Custom controls have ARIA roles
2026-08-03T17:26:46.090Z LH:status Auditing: User focus is not accidentally trapped in a region
2026-08-03T17:26:46.090Z LH:status Auditing: Interactive controls are keyboard focusable
2026-08-03T17:26:46.090Z LH:status Auditing: Interactive elements indicate their purpose and state
2026-08-03T17:26:46.091Z LH:status Auditing: The page has a logical tab order
2026-08-03T17:26:46.091Z LH:status Auditing: The user's focus is directed to new content added to the page
2026-08-03T17:26:46.091Z LH:status Auditing: Offscreen content is hidden from assistive technology
2026-08-03T17:26:46.091Z LH:status Auditing: HTML5 landmark elements are used to improve navigation
2026-08-03T17:26:46.091Z LH:status Auditing: Visual order on the page follows DOM order
2026-08-03T17:26:46.091Z LH:status Auditing: `autocomplete` attributes are used correctly
2026-08-03T17:26:46.092Z LH:status Auditing: Elements with `role="none"` or `role="presentation"` do not have conflicts
2026-08-03T17:26:46.093Z LH:status Auditing: SVG elements with an `img` role have an accessible text alternative
2026-08-03T17:26:46.094Z LH:status Auditing: Avoids enormous network payloads
2026-08-03T17:26:46.095Z LH:status Auditing: Minify CSS
2026-08-03T17:26:46.111Z LH:status Auditing: Minify JavaScript
2026-08-03T17:26:46.138Z LH:status Auditing: Reduce unused CSS
2026-08-03T17:26:46.140Z LH:status Auditing: Reduce unused JavaScript
2026-08-03T17:26:46.142Z LH:status Auditing: Page has the HTML doctype
2026-08-03T17:26:46.143Z LH:status Auditing: Properly defines charset
2026-08-03T17:26:46.143Z LH:status Auditing: Avoids requesting the geolocation permission on page load
2026-08-03T17:26:46.144Z LH:status Auditing: No issues in the `Issues` panel in Chrome Devtools
2026-08-03T17:26:46.144Z LH:status Auditing: Detected JavaScript libraries
2026-08-03T17:26:46.145Z LH:status Auditing: Avoids requesting the notification permission on page load
2026-08-03T17:26:46.145Z LH:status Auditing: Allows users to paste into input fields
2026-08-03T17:26:46.146Z LH:status Auditing: Baseline Features
2026-08-03T17:26:46.147Z LH:status Auditing: Document has a meta description
2026-08-03T17:26:46.148Z LH:status Auditing: Page has successful HTTP status code
2026-08-03T17:26:46.148Z LH:status Auditing: Links have descriptive text
2026-08-03T17:26:46.149Z LH:status Auditing: Links are crawlable
2026-08-03T17:26:46.149Z LH:status Auditing: Page isn’t blocked from indexing
2026-08-03T17:26:46.151Z LH:status Auditing: robots.txt is valid
2026-08-03T17:26:46.151Z LH:status Auditing: Document has a valid `hreflang`
2026-08-03T17:26:46.152Z LH:status Auditing: Document has a valid `rel=canonical`
2026-08-03T17:26:46.152Z LH:status Auditing: Structured data is valid
2026-08-03T17:26:46.152Z LH:status Auditing: Page didn't prevent back/forward cache restoration
2026-08-03T17:26:46.153Z LH:status Auditing: Use efficient cache lifetimes
2026-08-03T17:26:46.153Z LH:status Auditing: Layout shift culprits
2026-08-03T17:26:46.154Z LH:status Auditing: Document request latency
2026-08-03T17:26:46.154Z LH:status Auditing: Optimize DOM size
2026-08-03T17:26:46.155Z LH:status Auditing: Duplicated JavaScript
2026-08-03T17:26:46.155Z LH:status Auditing: Font display
2026-08-03T17:26:46.156Z LH:status Auditing: Forced reflow
2026-08-03T17:26:46.156Z LH:status Auditing: Improve image delivery
2026-08-03T17:26:46.157Z LH:status Auditing: INP breakdown
2026-08-03T17:26:46.157Z LH:status Auditing: LCP breakdown
2026-08-03T17:26:46.158Z LH:status Auditing: LCP request discovery
2026-08-03T17:26:46.158Z LH:status Auditing: Legacy JavaScript
2026-08-03T17:26:46.159Z LH:status Auditing: Modern HTTP
2026-08-03T17:26:46.159Z LH:status Auditing: Network dependency tree
2026-08-03T17:26:46.160Z LH:status Auditing: Render-blocking requests
2026-08-03T17:26:46.161Z LH:status Auditing: 3rd parties
2026-08-03T17:26:46.165Z LH:status Auditing: Optimize viewport for mobile
2026-08-03T17:26:46.165Z LH:status Generating results...
2026-08-03T17:26:46.190Z LH:Printer json output written to /home/mihai/ROVEXO/docs/releases/final-owner-acceptance/seo/search-mobile.report.json
2026-08-03T17:26:46.191Z LH:Printer html output written to /home/mihai/ROVEXO/docs/releases/final-owner-acceptance/seo/search-mobile.report.html
2026-08-03T17:26:46.191Z LH:CLI Protip: Run lighthouse with `--view` to immediately open the HTML report in your browser
