npm warn Unknown env config "devdir". This will stop working in the next major version of npm. See `npm help npmrc` for supported config options.
2026-08-03T17:27:54.223Z LH:ChromeLauncher Found existing Chrome already running using port 9226, using that.
2026-08-03T17:27:54.515Z LH:status Connecting to browser
2026-08-03T17:27:54.520Z LH:status Navigating to about:blank
2026-08-03T17:27:54.523Z LH:status Benchmarking machine
2026-08-03T17:27:55.528Z LH:status Host device pixel ratio
2026-08-03T17:27:55.529Z LH:status Preparing target for navigation mode
2026-08-03T17:27:55.541Z LH:status Preparing network conditions
2026-08-03T17:27:55.555Z LH:status Navigating to http://127.0.0.1:3000/search
2026-08-03T17:27:59.801Z LH:status Getting artifact: DevtoolsLog
2026-08-03T17:27:59.801Z LH:status Getting artifact: Trace
2026-08-03T17:27:59.801Z LH:status Getting artifact: Accessibility
2026-08-03T17:27:59.940Z LH:status Getting artifact: AnchorElements
2026-08-03T17:27:59.956Z LH:status Getting artifact: ConsoleMessages
2026-08-03T17:27:59.956Z LH:status Getting artifact: CSSUsage
2026-08-03T17:28:00.164Z LH:status Getting artifact: Doctype
2026-08-03T17:28:00.166Z LH:status Getting artifact: Inputs
2026-08-03T17:28:00.169Z LH:status Getting artifact: ImageElements
2026-08-03T17:28:00.195Z LH:status Getting artifact: InspectorIssues
2026-08-03T17:28:00.195Z LH:status Getting artifact: JsUsage
2026-08-03T17:28:00.195Z LH:status Getting artifact: LinkElements
2026-08-03T17:28:00.200Z LH:status Getting artifact: MainDocumentContent
2026-08-03T17:28:00.203Z LH:status Getting artifact: MetaElements
2026-08-03T17:28:00.206Z LH:status Getting artifact: NetworkUserAgent
2026-08-03T17:28:00.206Z LH:status Getting artifact: RobotsTxt
2026-08-03T17:28:00.213Z LH:status Getting artifact: Scripts
2026-08-03T17:28:00.213Z LH:status Getting artifact: SourceMaps
2026-08-03T17:28:00.214Z LH:status Getting artifact: Stacks
2026-08-03T17:28:00.214Z LH:status Collect stacks
2026-08-03T17:28:00.221Z LH:status Getting artifact: Stylesheets
2026-08-03T17:28:00.287Z LH:status Getting artifact: TraceElements
2026-08-03T17:28:00.307Z LH:status Trace Engine total
2026-08-03T17:28:00.307Z LH:status Trace Engine parse
2026-08-03T17:28:00.308Z LH:status Trace Engine parse:handleEvent
2026-08-03T17:28:00.374Z LH:status Trace Engine parse:Meta:finalize
2026-08-03T17:28:00.375Z LH:status Trace Engine parse:AnimationFrames:finalize
2026-08-03T17:28:00.376Z LH:status Trace Engine parse:Animations:finalize
2026-08-03T17:28:00.378Z LH:status Trace Engine parse:Samples:finalize
2026-08-03T17:28:00.379Z LH:status Trace Engine parse:AuctionWorklets:finalize
2026-08-03T17:28:00.380Z LH:status Trace Engine parse:NetworkRequests:finalize
2026-08-03T17:28:00.383Z LH:status Trace Engine parse:Renderer:finalize
2026-08-03T17:28:00.399Z LH:status Trace Engine parse:Flows:finalize
2026-08-03T17:28:00.404Z LH:status Trace Engine parse:AsyncJSCalls:finalize
2026-08-03T17:28:00.405Z LH:status Trace Engine parse:DOMStats:finalize
2026-08-03T17:28:00.407Z LH:status Trace Engine parse:UserTimings:finalize
2026-08-03T17:28:00.408Z LH:status Trace Engine parse:ExtensionTraceData:finalize
2026-08-03T17:28:00.410Z LH:status Trace Engine parse:LayerTree:finalize
2026-08-03T17:28:00.412Z LH:status Trace Engine parse:Frames:finalize
2026-08-03T17:28:00.417Z LH:status Trace Engine parse:GPU:finalize
2026-08-03T17:28:00.417Z LH:status Trace Engine parse:ImagePainting:finalize
2026-08-03T17:28:00.418Z LH:status Trace Engine parse:Initiators:finalize
2026-08-03T17:28:00.420Z LH:status Trace Engine parse:Invalidations:finalize
2026-08-03T17:28:00.421Z LH:status Trace Engine parse:PageLoadMetrics:finalize
2026-08-03T17:28:00.423Z LH:status Trace Engine parse:LargestImagePaint:finalize
2026-08-03T17:28:00.424Z LH:status Trace Engine parse:LargestTextPaint:finalize
2026-08-03T17:28:00.426Z LH:status Trace Engine parse:Screenshots:finalize
2026-08-03T17:28:00.428Z LH:status Trace Engine parse:LayoutShifts:finalize
2026-08-03T17:28:00.430Z LH:status Trace Engine parse:Memory:finalize
2026-08-03T17:28:00.431Z LH:status Trace Engine parse:PageFrames:finalize
2026-08-03T17:28:00.433Z LH:status Trace Engine parse:Scripts:finalize
2026-08-03T17:28:00.434Z LH:status Trace Engine parse:SelectorStats:finalize
2026-08-03T17:28:00.435Z LH:status Trace Engine parse:UserInteractions:finalize
2026-08-03T17:28:00.437Z LH:status Trace Engine parse:Workers:finalize
2026-08-03T17:28:00.438Z LH:status Trace Engine parse:Warnings:finalize
2026-08-03T17:28:00.439Z LH:status Trace Engine parse:handler.data()
2026-08-03T17:28:00.440Z LH:status Trace Engine insights
2026-08-03T17:28:00.440Z LH:status Trace Engine insights:CLSCulprits
2026-08-03T17:28:00.441Z LH:status Trace Engine insights:Cache
2026-08-03T17:28:00.441Z LH:status Trace Engine insights:CharacterSet
2026-08-03T17:28:00.441Z LH:status Trace Engine insights:DOMSize
2026-08-03T17:28:00.442Z LH:status Trace Engine insights:DocumentLatency
2026-08-03T17:28:00.442Z LH:status Trace Engine insights:DuplicatedJavaScript
2026-08-03T17:28:00.442Z LH:status Trace Engine insights:FontDisplay
2026-08-03T17:28:00.442Z LH:status Trace Engine insights:ForcedReflow
2026-08-03T17:28:00.442Z LH:status Trace Engine insights:INPBreakdown
2026-08-03T17:28:00.443Z LH:status Trace Engine insights:ImageDelivery
2026-08-03T17:28:00.443Z LH:status Trace Engine insights:LCPBreakdown
2026-08-03T17:28:00.443Z LH:status Trace Engine insights:LCPDiscovery
2026-08-03T17:28:00.443Z LH:status Trace Engine insights:LegacyJavaScript
2026-08-03T17:28:00.443Z LH:status Trace Engine insights:ModernHTTP
2026-08-03T17:28:00.444Z LH:status Trace Engine insights:NetworkDependencyTree
2026-08-03T17:28:00.444Z LH:status Trace Engine insights:RenderBlocking
2026-08-03T17:28:00.444Z LH:status Trace Engine insights:SlowCSSSelector
2026-08-03T17:28:00.444Z LH:status Trace Engine insights:ThirdParties
2026-08-03T17:28:00.446Z LH:status Trace Engine insights:Viewport
2026-08-03T17:28:00.446Z LH:status Trace Engine insights:createLanternContext
2026-08-03T17:28:00.466Z LH:status Trace Engine insights:CLSCulprits
2026-08-03T17:28:00.467Z LH:status Trace Engine insights:Cache
2026-08-03T17:28:00.468Z LH:status Trace Engine insights:CharacterSet
2026-08-03T17:28:00.468Z LH:status Trace Engine insights:DOMSize
2026-08-03T17:28:00.468Z LH:status Trace Engine insights:DocumentLatency
2026-08-03T17:28:00.468Z LH:status Trace Engine insights:DuplicatedJavaScript
2026-08-03T17:28:00.469Z LH:status Trace Engine insights:FontDisplay
2026-08-03T17:28:00.469Z LH:status Trace Engine insights:ForcedReflow
2026-08-03T17:28:00.469Z LH:status Trace Engine insights:INPBreakdown
2026-08-03T17:28:00.469Z LH:status Trace Engine insights:ImageDelivery
2026-08-03T17:28:00.469Z LH:status Trace Engine insights:LCPBreakdown
2026-08-03T17:28:00.469Z LH:status Trace Engine insights:LCPDiscovery
2026-08-03T17:28:00.469Z LH:status Trace Engine insights:LegacyJavaScript
2026-08-03T17:28:00.505Z LH:status Trace Engine insights:ModernHTTP
2026-08-03T17:28:00.506Z LH:status Trace Engine insights:NetworkDependencyTree
2026-08-03T17:28:00.508Z LH:status Trace Engine insights:RenderBlocking
2026-08-03T17:28:00.508Z LH:status Trace Engine insights:SlowCSSSelector
2026-08-03T17:28:00.508Z LH:status Trace Engine insights:ThirdParties
2026-08-03T17:28:00.514Z LH:status Trace Engine insights:Viewport
2026-08-03T17:28:00.540Z LH:method <= browser ERR:error DOM.resolveNode 
2026-08-03T17:28:00.541Z LH:method <= browser ERR:error DOM.resolveNode 
2026-08-03T17:28:00.541Z LH:method <= browser ERR:error DOM.resolveNode 
2026-08-03T17:28:00.542Z LH:method <= browser ERR:error DOM.resolveNode 
2026-08-03T17:28:00.543Z LH:method <= browser ERR:error DOM.resolveNode 
2026-08-03T17:28:00.544Z LH:method <= browser ERR:error DOM.resolveNode 
2026-08-03T17:28:00.544Z LH:method <= browser ERR:error DOM.resolveNode 
2026-08-03T17:28:00.545Z LH:method <= browser ERR:error DOM.resolveNode 
2026-08-03T17:28:00.545Z LH:method <= browser ERR:error DOM.resolveNode 
2026-08-03T17:28:00.546Z LH:method <= browser ERR:error DOM.resolveNode 
2026-08-03T17:28:00.547Z LH:method <= browser ERR:error DOM.resolveNode 
2026-08-03T17:28:00.548Z LH:method <= browser ERR:error DOM.resolveNode 
2026-08-03T17:28:00.548Z LH:method <= browser ERR:error DOM.resolveNode 
2026-08-03T17:28:00.549Z LH:method <= browser ERR:error DOM.resolveNode 
2026-08-03T17:28:00.550Z LH:method <= browser ERR:error DOM.resolveNode 
2026-08-03T17:28:00.550Z LH:method <= browser ERR:error DOM.resolveNode 
2026-08-03T17:28:00.551Z LH:method <= browser ERR:error DOM.resolveNode 
2026-08-03T17:28:00.552Z LH:method <= browser ERR:error DOM.resolveNode 
2026-08-03T17:28:00.552Z LH:method <= browser ERR:error DOM.resolveNode 
2026-08-03T17:28:00.553Z LH:method <= browser ERR:error DOM.resolveNode 
2026-08-03T17:28:00.554Z LH:method <= browser ERR:error DOM.resolveNode 
2026-08-03T17:28:00.554Z LH:method <= browser ERR:error DOM.resolveNode 
2026-08-03T17:28:00.555Z LH:method <= browser ERR:error DOM.resolveNode 
2026-08-03T17:28:00.556Z LH:method <= browser ERR:error DOM.resolveNode 
2026-08-03T17:28:00.556Z LH:method <= browser ERR:error DOM.resolveNode 
2026-08-03T17:28:00.557Z LH:method <= browser ERR:error DOM.resolveNode 
2026-08-03T17:28:00.557Z LH:method <= browser ERR:error DOM.resolveNode 
2026-08-03T17:28:00.558Z LH:method <= browser ERR:error DOM.resolveNode 
2026-08-03T17:28:00.559Z LH:method <= browser ERR:error DOM.resolveNode 
2026-08-03T17:28:00.559Z LH:method <= browser ERR:error DOM.resolveNode 
2026-08-03T17:28:00.560Z LH:method <= browser ERR:error DOM.resolveNode 
2026-08-03T17:28:00.561Z LH:method <= browser ERR:error DOM.resolveNode 
2026-08-03T17:28:00.561Z LH:method <= browser ERR:error DOM.resolveNode 
2026-08-03T17:28:00.562Z LH:method <= browser ERR:error DOM.resolveNode 
2026-08-03T17:28:00.563Z LH:method <= browser ERR:error DOM.resolveNode 
2026-08-03T17:28:00.563Z LH:method <= browser ERR:error DOM.resolveNode 
2026-08-03T17:28:00.564Z LH:method <= browser ERR:error DOM.resolveNode 
2026-08-03T17:28:00.564Z LH:method <= browser ERR:error DOM.resolveNode 
2026-08-03T17:28:00.565Z LH:method <= browser ERR:error DOM.resolveNode 
2026-08-03T17:28:00.566Z LH:method <= browser ERR:error DOM.resolveNode 
2026-08-03T17:28:00.566Z LH:method <= browser ERR:error DOM.resolveNode 
2026-08-03T17:28:00.567Z LH:method <= browser ERR:error DOM.resolveNode 
2026-08-03T17:28:00.568Z LH:method <= browser ERR:error DOM.resolveNode 
2026-08-03T17:28:00.569Z LH:method <= browser ERR:error DOM.resolveNode 
2026-08-03T17:28:00.570Z LH:method <= browser ERR:error DOM.resolveNode 
2026-08-03T17:28:00.570Z LH:method <= browser ERR:error DOM.resolveNode 
2026-08-03T17:28:00.571Z LH:method <= browser ERR:error DOM.resolveNode 
2026-08-03T17:28:00.572Z LH:method <= browser ERR:error DOM.resolveNode 
2026-08-03T17:28:00.572Z LH:method <= browser ERR:error DOM.resolveNode 
2026-08-03T17:28:00.573Z LH:method <= browser ERR:error DOM.resolveNode 
2026-08-03T17:28:00.573Z LH:method <= browser ERR:error DOM.resolveNode 
2026-08-03T17:28:00.574Z LH:method <= browser ERR:error DOM.resolveNode 
2026-08-03T17:28:00.575Z LH:method <= browser ERR:error DOM.resolveNode 
2026-08-03T17:28:00.576Z LH:method <= browser ERR:error DOM.resolveNode 
2026-08-03T17:28:00.576Z LH:method <= browser ERR:error DOM.resolveNode 
2026-08-03T17:28:00.577Z LH:method <= browser ERR:error DOM.resolveNode 
2026-08-03T17:28:00.577Z LH:method <= browser ERR:error DOM.resolveNode 
2026-08-03T17:28:00.578Z LH:method <= browser ERR:error DOM.resolveNode 
2026-08-03T17:28:00.579Z LH:method <= browser ERR:error DOM.resolveNode 
2026-08-03T17:28:00.579Z LH:method <= browser ERR:error DOM.resolveNode 
2026-08-03T17:28:00.580Z LH:method <= browser ERR:error DOM.resolveNode 
2026-08-03T17:28:00.581Z LH:method <= browser ERR:error DOM.resolveNode 
2026-08-03T17:28:00.581Z LH:method <= browser ERR:error DOM.resolveNode 
2026-08-03T17:28:00.582Z LH:method <= browser ERR:error DOM.resolveNode 
2026-08-03T17:28:00.592Z LH:method <= browser ERR:error DOM.resolveNode 
2026-08-03T17:28:00.593Z LH:method <= browser ERR:error DOM.resolveNode 
2026-08-03T17:28:00.593Z LH:method <= browser ERR:error DOM.resolveNode 
2026-08-03T17:28:00.594Z LH:method <= browser ERR:error DOM.resolveNode 
2026-08-03T17:28:00.595Z LH:method <= browser ERR:error DOM.resolveNode 
2026-08-03T17:28:00.595Z LH:method <= browser ERR:error DOM.resolveNode 
2026-08-03T17:28:00.596Z LH:method <= browser ERR:error DOM.resolveNode 
2026-08-03T17:28:00.597Z LH:method <= browser ERR:error DOM.resolveNode 
2026-08-03T17:28:00.598Z LH:method <= browser ERR:error DOM.resolveNode 
2026-08-03T17:28:00.598Z LH:method <= browser ERR:error DOM.resolveNode 
2026-08-03T17:28:00.599Z LH:method <= browser ERR:error DOM.resolveNode 
2026-08-03T17:28:00.600Z LH:method <= browser ERR:error DOM.resolveNode 
2026-08-03T17:28:00.600Z LH:method <= browser ERR:error DOM.resolveNode 
2026-08-03T17:28:00.601Z LH:method <= browser ERR:error DOM.resolveNode 
2026-08-03T17:28:00.602Z LH:method <= browser ERR:error DOM.resolveNode 
2026-08-03T17:28:00.602Z LH:method <= browser ERR:error DOM.resolveNode 
2026-08-03T17:28:00.603Z LH:method <= browser ERR:error DOM.resolveNode 
2026-08-03T17:28:00.604Z LH:method <= browser ERR:error DOM.resolveNode 
2026-08-03T17:28:00.604Z LH:method <= browser ERR:error DOM.resolveNode 
2026-08-03T17:28:00.605Z LH:method <= browser ERR:error DOM.resolveNode 
2026-08-03T17:28:00.606Z LH:method <= browser ERR:error DOM.resolveNode 
2026-08-03T17:28:00.606Z LH:status Getting artifact: ViewportDimensions
2026-08-03T17:28:00.607Z LH:status Getting artifact: FullPageScreenshot
2026-08-03T17:28:01.688Z LH:status Getting artifact: BFCacheFailures
2026-08-03T17:28:01.933Z LH:status Analyzing and running audits...
2026-08-03T17:28:01.934Z LH:status Auditing: Uses HTTPS
2026-08-03T17:28:01.934Z LH:status Auditing: Redirects HTTP traffic to HTTPS
2026-08-03T17:28:01.935Z LH:status Auditing: First Contentful Paint
2026-08-03T17:28:01.944Z LH:status Auditing: Largest Contentful Paint
2026-08-03T17:28:01.946Z LH:status Auditing: Speed Index
2026-08-03T17:28:01.981Z LH:status Auditing: Screenshot Thumbnails
2026-08-03T17:28:01.982Z LH:status Auditing: Final Screenshot
2026-08-03T17:28:01.983Z LH:status Auditing: Total Blocking Time
2026-08-03T17:28:01.985Z LH:status Auditing: Max Potential First Input Delay
2026-08-03T17:28:01.987Z LH:status Auditing: Cumulative Layout Shift
2026-08-03T17:28:01.988Z LH:status Auditing: No browser errors logged to the console
2026-08-03T17:28:01.989Z LH:status Auditing: Initial server response time was short
2026-08-03T17:28:01.990Z LH:status Auditing: Time to Interactive
2026-08-03T17:28:01.991Z LH:status Auditing: User Timing marks and measures
2026-08-03T17:28:01.992Z LH:status Auditing: Avoid multiple page redirects
2026-08-03T17:28:01.994Z LH:status Auditing: Displays images with correct aspect ratio
2026-08-03T17:28:01.994Z LH:status Auditing: Serves images with appropriate resolution
2026-08-03T17:28:01.995Z LH:status Auditing: Avoids deprecated APIs
2026-08-03T17:28:01.996Z LH:status Auditing: Avoids third-party cookies
2026-08-03T17:28:01.996Z LH:status Auditing: Minimizes main-thread work
2026-08-03T17:28:02.015Z LH:status Auditing: JavaScript execution time
2026-08-03T17:28:02.021Z LH:status Auditing: Diagnostics
2026-08-03T17:28:02.022Z LH:status Auditing: Network Requests
2026-08-03T17:28:02.024Z LH:status Auditing: Network Round Trip Times
2026-08-03T17:28:02.025Z LH:status Auditing: Server Backend Latencies
2026-08-03T17:28:02.025Z LH:status Auditing: Tasks
2026-08-03T17:28:02.026Z LH:status Auditing: Metrics
2026-08-03T17:28:02.028Z LH:status Auditing: Resources Summary
2026-08-03T17:28:02.029Z LH:status Auditing: Avoid large layout shifts
2026-08-03T17:28:02.029Z LH:status Auditing: Avoid long main-thread tasks
2026-08-03T17:28:02.031Z LH:status Auditing: Avoid non-composited animations
2026-08-03T17:28:02.033Z LH:status Auditing: Image elements have explicit `width` and `height`
2026-08-03T17:28:02.034Z LH:status Auditing: Page has valid source maps
2026-08-03T17:28:02.035Z LH:status Auditing: Ensure CSP is effective against XSS attacks
2026-08-03T17:28:02.037Z LH:status Auditing: Use a strong HSTS policy
2026-08-03T17:28:02.038Z LH:status Auditing: Ensure proper origin isolation with COOP
2026-08-03T17:28:02.038Z LH:status Auditing: Mitigate clickjacking with XFO or CSP
2026-08-03T17:28:02.039Z LH:status Auditing: Mitigate DOM-based XSS with Trusted Types
2026-08-03T17:28:02.039Z LH:status Auditing: Script Treemap Data
2026-08-03T17:28:02.053Z LH:status Auditing: `[accesskey]` values are unique
2026-08-03T17:28:02.053Z LH:status Auditing: `[aria-*]` attributes match their roles
2026-08-03T17:28:02.055Z LH:status Auditing: Uses ARIA roles only on compatible elements
2026-08-03T17:28:02.056Z LH:status Auditing: `button`, `link`, and `menuitem` elements have accessible names
2026-08-03T17:28:02.057Z LH:status Auditing: ARIA attributes are used as specified for the element's role
2026-08-03T17:28:02.058Z LH:status Auditing: Deprecated ARIA roles were not used
2026-08-03T17:28:02.059Z LH:status Auditing: Elements with `role="dialog"` or `role="alertdialog"` have accessible names.
2026-08-03T17:28:02.060Z LH:status Auditing: `[aria-hidden="true"]` is not present on the document `<body>`
2026-08-03T17:28:02.061Z LH:status Auditing: `[aria-hidden="true"]` elements do not contain focusable descendents
2026-08-03T17:28:02.062Z LH:status Auditing: ARIA input fields have accessible names
2026-08-03T17:28:02.063Z LH:status Auditing: ARIA `meter` elements have accessible names
2026-08-03T17:28:02.063Z LH:status Auditing: ARIA `progressbar` elements have accessible names
2026-08-03T17:28:02.064Z LH:status Auditing: Elements use only permitted ARIA attributes
2026-08-03T17:28:02.065Z LH:status Auditing: `[role]`s have all required `[aria-*]` attributes
2026-08-03T17:28:02.066Z LH:status Auditing: Elements with an ARIA `[role]` that require children to contain a specific `[role]` have all required children.
2026-08-03T17:28:02.066Z LH:status Auditing: `[role]`s are contained by their required parent element
2026-08-03T17:28:02.067Z LH:status Auditing: `[role]` values are valid
2026-08-03T17:28:02.068Z LH:status Auditing: Elements with the `role=text` attribute do not have focusable descendents.
2026-08-03T17:28:02.068Z LH:status Auditing: ARIA toggle fields have accessible names
2026-08-03T17:28:02.069Z LH:status Auditing: ARIA `tooltip` elements have accessible names
2026-08-03T17:28:02.070Z LH:status Auditing: ARIA `treeitem` elements have accessible names
2026-08-03T17:28:02.070Z LH:status Auditing: `[aria-*]` attributes have valid values
2026-08-03T17:28:02.071Z LH:status Auditing: `[aria-*]` attributes are valid and not misspelled
2026-08-03T17:28:02.072Z LH:status Auditing: Buttons have an accessible name
2026-08-03T17:28:02.073Z LH:status Auditing: The page contains a heading, skip link, or landmark region
2026-08-03T17:28:02.074Z LH:status Auditing: Background and foreground colors have a sufficient contrast ratio
2026-08-03T17:28:02.076Z LH:status Auditing: `<dl>`'s contain only properly-ordered `<dt>` and `<dd>` groups, `<script>`, `<template>` or `<div>` elements.
2026-08-03T17:28:02.076Z LH:status Auditing: Definition list items are wrapped in `<dl>` elements
2026-08-03T17:28:02.077Z LH:status Auditing: Document has a `<title>` element
2026-08-03T17:28:02.078Z LH:status Auditing: ARIA IDs are unique
2026-08-03T17:28:02.079Z LH:status Auditing: All heading elements contain content.
2026-08-03T17:28:02.080Z LH:status Auditing: No form fields have multiple labels
2026-08-03T17:28:02.084Z LH:status Auditing: `<frame>` or `<iframe>` elements have a title
2026-08-03T17:28:02.084Z LH:status Auditing: Heading elements appear in a sequentially-descending order
2026-08-03T17:28:02.086Z LH:status Auditing: `<html>` element has a `[lang]` attribute
2026-08-03T17:28:02.087Z LH:status Auditing: `<html>` element has a valid value for its `[lang]` attribute
2026-08-03T17:28:02.088Z LH:status Auditing: `<html>` element has an `[xml:lang]` attribute with the same base language as the `[lang]` attribute.
2026-08-03T17:28:02.088Z LH:status Auditing: Identical links have the same purpose.
2026-08-03T17:28:02.090Z LH:status Auditing: Image elements have `[alt]` attributes
2026-08-03T17:28:02.090Z LH:status Auditing: Image elements do not have `[alt]` attributes that are redundant text.
2026-08-03T17:28:02.091Z LH:status Auditing: Input buttons have discernible text.
2026-08-03T17:28:02.092Z LH:status Auditing: `<input type="image">` elements have `[alt]` text
2026-08-03T17:28:02.093Z LH:status Auditing: Elements with visible text labels have matching accessible names.
2026-08-03T17:28:02.094Z LH:status Auditing: Form elements have associated labels
2026-08-03T17:28:02.095Z LH:status Auditing: Document has a main landmark.
2026-08-03T17:28:02.096Z LH:status Auditing: Links have a discernible name
2026-08-03T17:28:02.097Z LH:status Auditing: Links are distinguishable without relying on color.
2026-08-03T17:28:02.098Z LH:status Auditing: Lists contain only `<li>` elements and script supporting elements (`<script>` and `<template>`).
2026-08-03T17:28:02.099Z LH:status Auditing: List items (`<li>`) are contained within `<ul>`, `<ol>` or `<menu>` parent elements
2026-08-03T17:28:02.100Z LH:status Auditing: The document does not use `<meta http-equiv="refresh">`
2026-08-03T17:28:02.101Z LH:status Auditing: `[user-scalable="no"]` is not used in the `<meta name="viewport">` element and the `[maximum-scale]` attribute is not less than 5.
2026-08-03T17:28:02.102Z LH:status Auditing: `<object>` elements have alternate text
2026-08-03T17:28:02.103Z LH:status Auditing: Select elements have associated label elements.
2026-08-03T17:28:02.104Z LH:status Auditing: Skip links are focusable.
2026-08-03T17:28:02.105Z LH:status Auditing: No element has a `[tabindex]` value greater than 0
2026-08-03T17:28:02.106Z LH:status Auditing: Tables have different content in the summary attribute and `<caption>`.
2026-08-03T17:28:02.107Z LH:status Auditing: Tables use `<caption>` instead of cells with the `[colspan]` attribute to indicate a caption.
2026-08-03T17:28:02.108Z LH:status Auditing: Touch targets have sufficient size and spacing.
2026-08-03T17:28:02.109Z LH:status Auditing: `<td>` elements in a large `<table>` have one or more table headers.
2026-08-03T17:28:02.110Z LH:status Auditing: Cells in a `<table>` element that use the `[headers]` attribute refer to table cells within the same table.
2026-08-03T17:28:02.111Z LH:status Auditing: `<th>` elements and elements with `[role="columnheader"/"rowheader"]` have data cells they describe.
2026-08-03T17:28:02.112Z LH:status Auditing: `[lang]` attributes have a valid value
2026-08-03T17:28:02.114Z LH:status Auditing: `<video>` elements contain a `<track>` element with `[kind="captions"]`
2026-08-03T17:28:02.114Z LH:status Auditing: Custom controls have associated labels
2026-08-03T17:28:02.115Z LH:status Auditing: Custom controls have ARIA roles
2026-08-03T17:28:02.115Z LH:status Auditing: User focus is not accidentally trapped in a region
2026-08-03T17:28:02.115Z LH:status Auditing: Interactive controls are keyboard focusable
2026-08-03T17:28:02.115Z LH:status Auditing: Interactive elements indicate their purpose and state
2026-08-03T17:28:02.115Z LH:status Auditing: The page has a logical tab order
2026-08-03T17:28:02.115Z LH:status Auditing: The user's focus is directed to new content added to the page
2026-08-03T17:28:02.115Z LH:status Auditing: Offscreen content is hidden from assistive technology
2026-08-03T17:28:02.115Z LH:status Auditing: HTML5 landmark elements are used to improve navigation
2026-08-03T17:28:02.115Z LH:status Auditing: Visual order on the page follows DOM order
2026-08-03T17:28:02.115Z LH:status Auditing: `autocomplete` attributes are used correctly
2026-08-03T17:28:02.116Z LH:status Auditing: Elements with `role="none"` or `role="presentation"` do not have conflicts
2026-08-03T17:28:02.117Z LH:status Auditing: SVG elements with an `img` role have an accessible text alternative
2026-08-03T17:28:02.118Z LH:status Auditing: Avoids enormous network payloads
2026-08-03T17:28:02.119Z LH:status Auditing: Minify CSS
2026-08-03T17:28:02.140Z LH:status Auditing: Minify JavaScript
2026-08-03T17:28:02.163Z LH:status Auditing: Reduce unused CSS
2026-08-03T17:28:02.164Z LH:status Auditing: Reduce unused JavaScript
2026-08-03T17:28:02.167Z LH:status Auditing: Page has the HTML doctype
2026-08-03T17:28:02.167Z LH:status Auditing: Properly defines charset
2026-08-03T17:28:02.168Z LH:status Auditing: Avoids requesting the geolocation permission on page load
2026-08-03T17:28:02.168Z LH:status Auditing: No issues in the `Issues` panel in Chrome Devtools
2026-08-03T17:28:02.169Z LH:status Auditing: Detected JavaScript libraries
2026-08-03T17:28:02.169Z LH:status Auditing: Avoids requesting the notification permission on page load
2026-08-03T17:28:02.170Z LH:status Auditing: Allows users to paste into input fields
2026-08-03T17:28:02.170Z LH:status Auditing: Baseline Features
2026-08-03T17:28:02.172Z LH:status Auditing: Document has a meta description
2026-08-03T17:28:02.173Z LH:status Auditing: Page has successful HTTP status code
2026-08-03T17:28:02.173Z LH:status Auditing: Links have descriptive text
2026-08-03T17:28:02.174Z LH:status Auditing: Links are crawlable
2026-08-03T17:28:02.174Z LH:status Auditing: Page isn’t blocked from indexing
2026-08-03T17:28:02.176Z LH:status Auditing: robots.txt is valid
2026-08-03T17:28:02.176Z LH:status Auditing: Document has a valid `hreflang`
2026-08-03T17:28:02.177Z LH:status Auditing: Document has a valid `rel=canonical`
2026-08-03T17:28:02.177Z LH:status Auditing: Structured data is valid
2026-08-03T17:28:02.178Z LH:status Auditing: Page didn't prevent back/forward cache restoration
2026-08-03T17:28:02.178Z LH:status Auditing: Use efficient cache lifetimes
2026-08-03T17:28:02.179Z LH:status Auditing: Layout shift culprits
2026-08-03T17:28:02.180Z LH:status Auditing: Document request latency
2026-08-03T17:28:02.180Z LH:status Auditing: Optimize DOM size
2026-08-03T17:28:02.181Z LH:status Auditing: Duplicated JavaScript
2026-08-03T17:28:02.181Z LH:status Auditing: Font display
2026-08-03T17:28:02.182Z LH:status Auditing: Forced reflow
2026-08-03T17:28:02.182Z LH:status Auditing: Improve image delivery
2026-08-03T17:28:02.183Z LH:status Auditing: INP breakdown
2026-08-03T17:28:02.183Z LH:status Auditing: LCP breakdown
2026-08-03T17:28:02.184Z LH:status Auditing: LCP request discovery
2026-08-03T17:28:02.184Z LH:status Auditing: Legacy JavaScript
2026-08-03T17:28:02.185Z LH:status Auditing: Modern HTTP
2026-08-03T17:28:02.186Z LH:status Auditing: Network dependency tree
2026-08-03T17:28:02.186Z LH:status Auditing: Render-blocking requests
2026-08-03T17:28:02.187Z LH:status Auditing: 3rd parties
2026-08-03T17:28:02.194Z LH:status Auditing: Optimize viewport for mobile
2026-08-03T17:28:02.194Z LH:status Generating results...
2026-08-03T17:28:02.215Z LH:Printer json output written to /home/mihai/ROVEXO/docs/releases/final-owner-acceptance/seo/search-desktop.report.json
2026-08-03T17:28:02.216Z LH:Printer html output written to /home/mihai/ROVEXO/docs/releases/final-owner-acceptance/seo/search-desktop.report.html
2026-08-03T17:28:02.216Z LH:CLI Protip: Run lighthouse with `--view` to immediately open the HTML report in your browser
